Archive member included because of file (symbol)

/usr/lib/gcc/avr/4.8.2/../../../avr/lib/avr5/libm.a(addsf3.o)
                              .build/obj_Aaron_iris_rev2_default/quantum/rgblight.o (__subsf3)
/usr/lib/gcc/avr/4.8.2/../../../avr/lib/avr5/libm.a(addsf3x.o)
                              /usr/lib/gcc/avr/4.8.2/../../../avr/lib/avr5/libm.a(addsf3.o) (__addsf3x)
/usr/lib/gcc/avr/4.8.2/../../../avr/lib/avr5/libm.a(divsf3.o)
                              .build/obj_Aaron_iris_rev2_default/quantum/rgblight.o (__divsf3)
/usr/lib/gcc/avr/4.8.2/../../../avr/lib/avr5/libm.a(divsf3x.o)
                              /usr/lib/gcc/avr/4.8.2/../../../avr/lib/avr5/libm.a(divsf3.o) (__divsf3x)
/usr/lib/gcc/avr/4.8.2/../../../avr/lib/avr5/libm.a(exp.o)
                              .build/obj_Aaron_iris_rev2_default/quantum/rgblight.o (exp)
/usr/lib/gcc/avr/4.8.2/../../../avr/lib/avr5/libm.a(fixunssfsi.o)
                              .build/obj_Aaron_iris_rev2_default/quantum/rgblight.o (__fixunssfsi)
/usr/lib/gcc/avr/4.8.2/../../../avr/lib/avr5/libm.a(floatsisf.o)
                              .build/obj_Aaron_iris_rev2_default/quantum/rgblight.o (__floatsisf)
/usr/lib/gcc/avr/4.8.2/../../../avr/lib/avr5/libm.a(fp_inf.o)
                              /usr/lib/gcc/avr/4.8.2/../../../avr/lib/avr5/libm.a(addsf3x.o) (__fp_inf)
/usr/lib/gcc/avr/4.8.2/../../../avr/lib/avr5/libm.a(fp_nan.o)
                              /usr/lib/gcc/avr/4.8.2/../../../avr/lib/avr5/libm.a(addsf3x.o) (__fp_nan)
/usr/lib/gcc/avr/4.8.2/../../../avr/lib/avr5/libm.a(fp_powser.o)
                              /usr/lib/gcc/avr/4.8.2/../../../avr/lib/avr5/libm.a(exp.o) (__fp_powser)
/usr/lib/gcc/avr/4.8.2/../../../avr/lib/avr5/libm.a(fp_pscA.o)
                              /usr/lib/gcc/avr/4.8.2/../../../avr/lib/avr5/libm.a(addsf3x.o) (__fp_pscA)
/usr/lib/gcc/avr/4.8.2/../../../avr/lib/avr5/libm.a(fp_pscB.o)
                              /usr/lib/gcc/avr/4.8.2/../../../avr/lib/avr5/libm.a(addsf3x.o) (__fp_pscB)
/usr/lib/gcc/avr/4.8.2/../../../avr/lib/avr5/libm.a(fp_round.o)
                              /usr/lib/gcc/avr/4.8.2/../../../avr/lib/avr5/libm.a(addsf3.o) (__fp_round)
/usr/lib/gcc/avr/4.8.2/../../../avr/lib/avr5/libm.a(fp_split3.o)
                              /usr/lib/gcc/avr/4.8.2/../../../avr/lib/avr5/libm.a(addsf3x.o) (__fp_split3)
/usr/lib/gcc/avr/4.8.2/../../../avr/lib/avr5/libm.a(fp_zero.o)
                              /usr/lib/gcc/avr/4.8.2/../../../avr/lib/avr5/libm.a(addsf3x.o) (__fp_zero)
/usr/lib/gcc/avr/4.8.2/../../../avr/lib/avr5/libm.a(inverse.o)
                              /usr/lib/gcc/avr/4.8.2/../../../avr/lib/avr5/libm.a(exp.o) (inverse)
/usr/lib/gcc/avr/4.8.2/../../../avr/lib/avr5/libm.a(ldexp.o)
                              /usr/lib/gcc/avr/4.8.2/../../../avr/lib/avr5/libm.a(exp.o) (ldexp)
/usr/lib/gcc/avr/4.8.2/../../../avr/lib/avr5/libm.a(modf.o)
                              /usr/lib/gcc/avr/4.8.2/../../../avr/lib/avr5/libm.a(exp.o) (modf)
/usr/lib/gcc/avr/4.8.2/../../../avr/lib/avr5/libm.a(mulsf3.o)
                              .build/obj_Aaron_iris_rev2_default/quantum/rgblight.o (__mulsf3)
/usr/lib/gcc/avr/4.8.2/../../../avr/lib/avr5/libm.a(mulsf3x.o)
                              /usr/lib/gcc/avr/4.8.2/../../../avr/lib/avr5/libm.a(fp_powser.o) (__mulsf3x)
/usr/lib/gcc/avr/4.8.2/../../../avr/lib/avr5/libm.a(sin.o)
                              .build/obj_Aaron_iris_rev2_default/quantum/rgblight.o (sin)
/usr/lib/gcc/avr/4.8.2/../../../avr/lib/avr5/libm.a(fp_mpack.o)
                              /usr/lib/gcc/avr/4.8.2/../../../avr/lib/avr5/libm.a(ldexp.o) (__fp_mpack)
/usr/lib/gcc/avr/4.8.2/../../../avr/lib/avr5/libm.a(fp_rempio2.o)
                              /usr/lib/gcc/avr/4.8.2/../../../avr/lib/avr5/libm.a(sin.o) (__fp_rempio2)
/usr/lib/gcc/avr/4.8.2/../../../avr/lib/avr5/libm.a(fp_sinus.o)
                              /usr/lib/gcc/avr/4.8.2/../../../avr/lib/avr5/libm.a(sin.o) (__fp_sinus)
/usr/lib/gcc/avr/4.8.2/../../../avr/lib/avr5/libm.a(fp_powsodd.o)
                              /usr/lib/gcc/avr/4.8.2/../../../avr/lib/avr5/libm.a(fp_sinus.o) (__fp_powsodd)
/usr/lib/gcc/avr/4.8.2/avr5/libgcc.a(_umulhisi3.o)
                              .build/obj_Aaron_iris_rev2_default/quantum/quantum.o (__umulhisi3)
/usr/lib/gcc/avr/4.8.2/avr5/libgcc.a(_mulsi3.o)
                              .build/obj_Aaron_iris_rev2_default/quantum/quantum.o (__mulsi3)
/usr/lib/gcc/avr/4.8.2/avr5/libgcc.a(_udivmodhi4.o)
                              .build/obj_Aaron_iris_rev2_default/quantum/quantum.o (__udivmodhi4)
/usr/lib/gcc/avr/4.8.2/avr5/libgcc.a(_divmodhi4.o)
                              .build/obj_Aaron_iris_rev2_default/quantum/rgblight.o (__divmodhi4)
/usr/lib/gcc/avr/4.8.2/avr5/libgcc.a(_udivmodsi4.o)
                              .build/obj_Aaron_iris_rev2_default/quantum/quantum.o (__udivmodsi4)
/usr/lib/gcc/avr/4.8.2/avr5/libgcc.a(_exit.o)
[...]
Memory Configuration

Name             Origin             Length             Attributes
text             0x0000000000000000 0x0000000000020000 xr
data             0x0000000000800060 0x000000000000ffa0 rw !x
eeprom           0x0000000000810000 0x0000000000010000 rw !x
fuse             0x0000000000820000 0x0000000000000400 rw !x
lock             0x0000000000830000 0x0000000000000400 rw !x
signature        0x0000000000840000 0x0000000000000400 rw !x
user_signatures  0x0000000000850000 0x0000000000000400 rw !x
*default*        0x0000000000000000 0xffffffffffffffff

Linker script and memory map

Address of section .data set to 0x800100
LOAD /usr/lib/gcc/avr/4.8.2/../../../avr/lib/avr5/crtm32u4.o
LOAD .build/obj_Aaron_iris_rev2_default/matrix.o
LOAD .build/obj_Aaron_iris_rev2_default/i2c.o
LOAD .build/obj_Aaron_iris_rev2_default/split_util.o
LOAD .build/obj_Aaron_iris_rev2_default/serial.o
LOAD .build/obj_Aaron_iris_rev2_default/keyboards/Aaron/iris/iris.o
LOAD .build/obj_Aaron_iris_rev2_default/keyboards/Aaron/iris/rev2/rev2.o
LOAD .build/obj_Aaron_iris_rev2_default/keyboards/Aaron/iris/keymaps/default/keymap.o
LOAD .build/obj_Aaron_iris_rev2_default/quantum/quantum.o
LOAD .build/obj_Aaron_iris_rev2_default/quantum/keymap_common.o
LOAD .build/obj_Aaron_iris_rev2_default/quantum/keycode_config.o
LOAD .build/obj_Aaron_iris_rev2_default/quantum/process_keycode/process_leader.o
LOAD .build/obj_Aaron_iris_rev2_default/quantum/rgblight.o
LOAD .build/obj_Aaron_iris_rev2_default/ws2812.o
LOAD .build/obj_Aaron_iris_rev2_default/quantum/led_tables.o
LOAD .build/obj_Aaron_iris_rev2_default/common/host.o
LOAD .build/obj_Aaron_iris_rev2_default/common/keyboard.o
LOAD .build/obj_Aaron_iris_rev2_default/common/action.o
LOAD .build/obj_Aaron_iris_rev2_default/common/action_tapping.o
LOAD .build/obj_Aaron_iris_rev2_default/common/action_macro.o
LOAD .build/obj_Aaron_iris_rev2_default/common/action_layer.o
LOAD .build/obj_Aaron_iris_rev2_default/common/action_util.o
LOAD .build/obj_Aaron_iris_rev2_default/common/print.o
LOAD .build/obj_Aaron_iris_rev2_default/common/debug.o
LOAD .build/obj_Aaron_iris_rev2_default/common/util.o
LOAD .build/obj_Aaron_iris_rev2_default/common/eeconfig.o
LOAD .build/obj_Aaron_iris_rev2_default/common/report.o
LOAD .build/obj_Aaron_iris_rev2_default/common/avr/suspend.o
LOAD .build/obj_Aaron_iris_rev2_default/common/avr/timer.o
LOAD .build/obj_Aaron_iris_rev2_default/common/avr/bootloader.o
LOAD .build/obj_Aaron_iris_rev2_default/common/avr/xprintf.o
LOAD .build/obj_Aaron_iris_rev2_default/common/magic.o
LOAD .build/obj_Aaron_iris_rev2_default/common/mousekey.o
LOAD .build/obj_Aaron_iris_rev2_default/common/command.o
LOAD .build/obj_Aaron_iris_rev2_default/common/backlight.o
LOAD .build/obj_Aaron_iris_rev2_default/lufa.o
LOAD .build/obj_Aaron_iris_rev2_default/usb_descriptor.o
LOAD .build/obj_Aaron_iris_rev2_default/outputselect.o
LOAD .build/obj_Aaron_iris_rev2_default/./lib/lufa/LUFA/Drivers/USB/Class/Common/HIDParser.o
LOAD .build/obj_Aaron_iris_rev2_default/./lib/lufa/LUFA/Drivers/USB/Core/AVR8/Device_AVR8.o
LOAD .build/obj_Aaron_iris_rev2_default/./lib/lufa/LUFA/Drivers/USB/Core/AVR8/EndpointStream_AVR8.o
LOAD .build/obj_Aaron_iris_rev2_default/./lib/lufa/LUFA/Drivers/USB/Core/AVR8/Endpoint_AVR8.o
LOAD .build/obj_Aaron_iris_rev2_default/./lib/lufa/LUFA/Drivers/USB/Core/AVR8/Host_AVR8.o
LOAD .build/obj_Aaron_iris_rev2_default/./lib/lufa/LUFA/Drivers/USB/Core/AVR8/PipeStream_AVR8.o
LOAD .build/obj_Aaron_iris_rev2_default/./lib/lufa/LUFA/Drivers/USB/Core/AVR8/Pipe_AVR8.o
LOAD .build/obj_Aaron_iris_rev2_default/./lib/lufa/LUFA/Drivers/USB/Core/AVR8/USBController_AVR8.o
LOAD .build/obj_Aaron_iris_rev2_default/./lib/lufa/LUFA/Drivers/USB/Core/AVR8/USBInterrupt_AVR8.o
LOAD .build/obj_Aaron_iris_rev2_default/./lib/lufa/LUFA/Drivers/USB/Core/ConfigDescriptors.o
LOAD .build/obj_Aaron_iris_rev2_default/./lib/lufa/LUFA/Drivers/USB/Core/DeviceStandardReq.o
LOAD .build/obj_Aaron_iris_rev2_default/./lib/lufa/LUFA/Drivers/USB/Core/Events.o
LOAD .build/obj_Aaron_iris_rev2_default/./lib/lufa/LUFA/Drivers/USB/Core/HostStandardReq.o
LOAD .build/obj_Aaron_iris_rev2_default/./lib/lufa/LUFA/Drivers/USB/Core/USBTask.o
LOAD /usr/lib/gcc/avr/4.8.2/../../../avr/lib/avr5/libm.a
START GROUP
LOAD /usr/lib/gcc/avr/4.8.2/avr5/libgcc.a
LOAD /usr/lib/gcc/avr/4.8.2/../../../avr/lib/avr5/libm.a
LOAD /usr/lib/gcc/avr/4.8.2/../../../avr/lib/avr5/libc.a
END GROUP

.hash
 *(.hash)

.dynsym
 *(.dynsym)

.dynstr
 *(.dynstr)

.gnu.version
 *(.gnu.version)

.gnu.version_d
 *(.gnu.version_d)

.gnu.version_r
 *(.gnu.version_r)

.rel.init
 *(.rel.init)

.rela.init
 *(.rela.init)

.rel.text
 *(.rel.text)
 *(.rel.text.*)
 *(.rel.gnu.linkonce.t*)

.rela.text
 *(.rela.text)
 *(.rela.text.*)
 *(.rela.gnu.linkonce.t*)

.rel.fini
 *(.rel.fini)

.rela.fini
 *(.rela.fini)

.rel.rodata
 *(.rel.rodata)
 *(.rel.rodata.*)
 *(.rel.gnu.linkonce.r*)

.rela.rodata
 *(.rela.rodata)
 *(.rela.rodata.*)
 *(.rela.gnu.linkonce.r*)

.rel.data
 *(.rel.data)
 *(.rel.data.*)
 *(.rel.gnu.linkonce.d*)

.rela.data
 *(.rela.data)
 *(.rela.data.*)
 *(.rela.gnu.linkonce.d*)

.rel.ctors
 *(.rel.ctors)

.rela.ctors
 *(.rela.ctors)

.rel.dtors
 *(.rel.dtors)

.rela.dtors
 *(.rela.dtors)

.rel.got
 *(.rel.got)

.rela.got
 *(.rela.got)

.rel.bss
 *(.rel.bss)

.rela.bss
 *(.rela.bss)

.rel.plt
 *(.rel.plt)

.rela.plt
 *(.rela.plt)

.text           0x0000000000000000     0x69f6
 *(.vectors)
 .vectors       0x0000000000000000       0xac /usr/lib/gcc/avr/4.8.2/../../../avr/lib/avr5/crtm32u4.o
                0x0000000000000000                __vectors
                0x0000000000000000                __vector_default
 *(.vectors)
 *(.progmem.gcc*)
 .progmem.gcc_sw_table.action_get_macro
                0x00000000000000ac       0x1e .build/obj_Aaron_iris_rev2_default/keyboards/Aaron/iris/keymaps/default/keymap.o
 .progmem.gcc_sw_table.process_record_quantum
                0x00000000000000ca       0x24 .build/obj_Aaron_iris_rev2_default/quantum/quantum.o
 .progmem.gcc_sw_table.process_action
                0x00000000000000ee       0x4a .build/obj_Aaron_iris_rev2_default/common/action.o
 .progmem.gcc_sw_table.is_tap_key
                0x0000000000000138       0x1c .build/obj_Aaron_iris_rev2_default/common/action.o
 .progmem.gcc_sw_table.USB_Device_ProcessControlRequest
                0x0000000000000154       0x14 .build/obj_Aaron_iris_rev2_default/./lib/lufa/LUFA/Drivers/USB/Core/DeviceStandardReq.o
 .progmem.gcc_fplib
                0x0000000000000168       0x28 /usr/lib/gcc/avr/4.8.2/../../../avr/lib/avr5/libm.a(exp.o)
 .progmem.gcc_fplib
                0x0000000000000190       0x1e /usr/lib/gcc/avr/4.8.2/../../../avr/lib/avr5/libm.a(fp_sinus.o)
 *(.progmem*)
 .progmem.data.__m.3301
                0x00000000000001ae       0x33 .build/obj_Aaron_iris_rev2_default/keyboards/Aaron/iris/keymaps/default/keymap.o
 .progmem.data.__m.3298
                0x00000000000001e1       0x33 .build/obj_Aaron_iris_rev2_default/keyboards/Aaron/iris/keymaps/default/keymap.o
 .progmem.data.__m.3295
                0x0000000000000214       0x33 .build/obj_Aaron_iris_rev2_default/keyboards/Aaron/iris/keymaps/default/keymap.o
 .progmem.data.__c.3292
                0x0000000000000247        0xe .build/obj_Aaron_iris_rev2_default/keyboards/Aaron/iris/keymaps/default/keymap.o
 .progmem.data.__c.3289
                0x0000000000000255        0xd .build/obj_Aaron_iris_rev2_default/keyboards/Aaron/iris/keymaps/default/keymap.o
 .progmem.data.__m.3286
                0x0000000000000262       0x1b .build/obj_Aaron_iris_rev2_default/keyboards/Aaron/iris/keymaps/default/keymap.o
 .progmem.data.__m.3282
                0x000000000000027d        0x5 .build/obj_Aaron_iris_rev2_default/keyboards/Aaron/iris/keymaps/default/keymap.o
 .progmem.data.__m.3278
                0x0000000000000282       0x13 .build/obj_Aaron_iris_rev2_default/keyboards/Aaron/iris/keymaps/default/keymap.o
 .progmem.data.__c.3275
                0x0000000000000295       0x18 .build/obj_Aaron_iris_rev2_default/keyboards/Aaron/iris/keymaps/default/keymap.o
 .progmem.data.__c.3272
                0x00000000000002ad       0x12 .build/obj_Aaron_iris_rev2_default/keyboards/Aaron/iris/keymaps/default/keymap.o
 .progmem.data.__c.3269
                0x00000000000002bf        0xe .build/obj_Aaron_iris_rev2_default/keyboards/Aaron/iris/keymaps/default/keymap.o
 .progmem.data.__m.3266
                0x00000000000002cd        0x9 .build/obj_Aaron_iris_rev2_default/keyboards/Aaron/iris/keymaps/default/keymap.o
 .progmem.data.keymaps
                0x00000000000002d6      0x7f8 .build/obj_Aaron_iris_rev2_default/keyboards/Aaron/iris/keymaps/default/keymap.o
                0x00000000000002d6                keymaps
 .progmem.data.ascii_to_keycode_lut
                0x0000000000000ace       0x80 .build/obj_Aaron_iris_rev2_default/quantum/quantum.o
                0x0000000000000ace                ascii_to_keycode_lut
 .progmem.data.ascii_to_shift_lut
                0x0000000000000b4e       0x80 .build/obj_Aaron_iris_rev2_default/quantum/quantum.o
                0x0000000000000b4e                ascii_to_shift_lut
 .progmem.data.fn_actions
                0x0000000000000bce        0x0 .build/obj_Aaron_iris_rev2_default/quantum/keymap_common.o
                0x0000000000000bce                fn_actions
 .progmem.data.RGBLED_GRADIENT_RANGES
                0x0000000000000bce        0xa .build/obj_Aaron_iris_rev2_default/quantum/rgblight.o
                0x0000000000000bce                RGBLED_GRADIENT_RANGES
 .progmem.data.RGBLED_KNIGHT_INTERVALS
                0x0000000000000bd8        0x3 .build/obj_Aaron_iris_rev2_default/quantum/rgblight.o
                0x0000000000000bd8                RGBLED_KNIGHT_INTERVALS
 .progmem.data.RGBLED_SNAKE_INTERVALS
                0x0000000000000bdb        0x3 .build/obj_Aaron_iris_rev2_default/quantum/rgblight.o
                0x0000000000000bdb                RGBLED_SNAKE_INTERVALS
 .progmem.data.RGBLED_RAINBOW_SWIRL_INTERVALS
                0x0000000000000bde        0x3 .build/obj_Aaron_iris_rev2_default/quantum/rgblight.o
                0x0000000000000bde                RGBLED_RAINBOW_SWIRL_INTERVALS
 .progmem.data.RGBLED_RAINBOW_MOOD_INTERVALS
                0x0000000000000be1        0x3 .build/obj_Aaron_iris_rev2_default/quantum/rgblight.o
                0x0000000000000be1                RGBLED_RAINBOW_MOOD_INTERVALS
 .progmem.data.RGBLED_BREATHING_INTERVALS
                0x0000000000000be4        0x4 .build/obj_Aaron_iris_rev2_default/quantum/rgblight.o
                0x0000000000000be4                RGBLED_BREATHING_INTERVALS
 .progmem.data.CIE1931_CURVE
                0x0000000000000be8      0x100 .build/obj_Aaron_iris_rev2_default/quantum/led_tables.o
                0x0000000000000be8                CIE1931_CURVE
 .progmem.data.SerialNumberString
                0x0000000000000ce8        0x6 .build/obj_Aaron_iris_rev2_default/usb_descriptor.o
                0x0000000000000ce8                SerialNumberString
 .progmem.data.ProductString
                0x0000000000000cee       0x1e .build/obj_Aaron_iris_rev2_default/usb_descriptor.o
                0x0000000000000cee                ProductString
 .progmem.data.ManufacturerString
                0x0000000000000d0c       0x10 .build/obj_Aaron_iris_rev2_default/usb_descriptor.o
                0x0000000000000d0c                ManufacturerString
 .progmem.data.LanguageString
                0x0000000000000d1c        0x4 .build/obj_Aaron_iris_rev2_default/usb_descriptor.o
                0x0000000000000d1c                LanguageString
 .progmem.data.ConfigurationDescriptor
                0x0000000000000d20       0x54 .build/obj_Aaron_iris_rev2_default/usb_descriptor.o
                0x0000000000000d20                ConfigurationDescriptor
 .progmem.data.DeviceDescriptor
                0x0000000000000d74       0x12 .build/obj_Aaron_iris_rev2_default/usb_descriptor.o
                0x0000000000000d74                DeviceDescriptor
 .progmem.data.ExtrakeyReport
                0x0000000000000d86       0x36 .build/obj_Aaron_iris_rev2_default/usb_descriptor.o
                0x0000000000000d86                ExtrakeyReport
 .progmem.data.MouseReport
                0x0000000000000dbc       0x4d .build/obj_Aaron_iris_rev2_default/usb_descriptor.o
                0x0000000000000dbc                MouseReport
 .progmem.data.KeyboardReport
                0x0000000000000e09       0x40 .build/obj_Aaron_iris_rev2_default/usb_descriptor.o
                0x0000000000000e09                KeyboardReport
                0x0000000000000e4a                . = ALIGN (0x2)
 *fill*         0x0000000000000e49        0x1 
                0x0000000000000e4a                __trampolines_start = .
 *(.trampolines)
 .trampolines   0x0000000000000e4a        0x0 linker stubs
 *(.trampolines*)
                0x0000000000000e4a                __trampolines_end = .
 *(.jumptables)
 *(.jumptables*)
 *(.lowtext)
 *(.lowtext*)
                0x0000000000000e4a                __ctors_start = .
 *(.ctors)
                0x0000000000000e4a                __ctors_end = .
                0x0000000000000e4a                __dtors_start = .
 *(.dtors)
                0x0000000000000e4a                __dtors_end = .
 SORT(*)(.ctors)
 SORT(*)(.dtors)
 *(.init0)
 .init0         0x0000000000000e4a        0x0 /usr/lib/gcc/avr/4.8.2/../../../avr/lib/avr5/crtm32u4.o
                0x0000000000000e4a                __init
 *(.init0)
 *(.init1)
 *(.init1)
 *(.init2)
 .init2         0x0000000000000e4a        0xc /usr/lib/gcc/avr/4.8.2/../../../avr/lib/avr5/crtm32u4.o
 *(.init2)
 *(.init3)
 .init3         0x0000000000000e56       0x4e .build/obj_Aaron_iris_rev2_default/common/avr/bootloader.o
                0x0000000000000e56                bootloader_jump_after_watchdog_reset
 *(.init3)
 *(.init4)
 .init4         0x0000000000000ea4       0x16 /usr/lib/gcc/avr/4.8.2/avr5/libgcc.a(_copy_data.o)
                0x0000000000000ea4                __do_copy_data
 .init4         0x0000000000000eba       0x10 /usr/lib/gcc/avr/4.8.2/avr5/libgcc.a(_clear_bss.o)
                0x0000000000000eba                __do_clear_bss
 *(.init4)
 *(.init5)
 *(.init5)
 *(.init6)
 *(.init6)
 *(.init7)
 *(.init7)
 *(.init8)
 *(.init8)
 *(.init9)
 .init9         0x0000000000000eca        0x8 /usr/lib/gcc/avr/4.8.2/../../../avr/lib/avr5/crtm32u4.o
 *(.init9)
 *(.text)
 .text          0x0000000000000ed2        0x4 /usr/lib/gcc/avr/4.8.2/../../../avr/lib/avr5/crtm32u4.o
                0x0000000000000ed2                __vector_38
                0x0000000000000ed2                __vector_22
                0x0000000000000ed2                __vector_28
                0x0000000000000ed2                __vector_32
                0x0000000000000ed2                __vector_34
                0x0000000000000ed2                __vector_24
                0x0000000000000ed2                __bad_interrupt
                0x0000000000000ed2                __vector_6
                0x0000000000000ed2                __vector_31
                0x0000000000000ed2                __vector_35
                0x0000000000000ed2                __vector_39
                0x0000000000000ed2                __vector_3
                0x0000000000000ed2                __vector_23
                0x0000000000000ed2                __vector_30
                0x0000000000000ed2                __vector_25
                0x0000000000000ed2                __vector_13
                0x0000000000000ed2                __vector_17
                0x0000000000000ed2                __vector_19
                0x0000000000000ed2                __vector_7
                0x0000000000000ed2                __vector_41
                0x0000000000000ed2                __vector_27
                0x0000000000000ed2                __vector_5
                0x0000000000000ed2                __vector_33
                0x0000000000000ed2                __vector_37
                0x0000000000000ed2                __vector_4
                0x0000000000000ed2                __vector_9
                0x0000000000000ed2                __vector_2
                0x0000000000000ed2                __vector_15
                0x0000000000000ed2                __vector_36
                0x0000000000000ed2                __vector_29
                0x0000000000000ed2                __vector_40
                0x0000000000000ed2                __vector_8
                0x0000000000000ed2                __vector_26
                0x0000000000000ed2                __vector_14
                0x0000000000000ed2                __vector_16
                0x0000000000000ed2                __vector_18
                0x0000000000000ed2                __vector_20
                0x0000000000000ed2                __vector_42
                0x0000000000000ed6                . = ALIGN (0x2)
 *(.text.*)
 .text.matrix_init_user
                0x0000000000000ed6        0x2 .build/obj_Aaron_iris_rev2_default/matrix.o
                0x0000000000000ed6                matrix_init_user
 .text.matrix_scan_user
                0x0000000000000ed8        0x2 .build/obj_Aaron_iris_rev2_default/matrix.o
                0x0000000000000ed8                matrix_scan_user
 .text.matrix_scan_kb
                0x0000000000000eda        0x4 .build/obj_Aaron_iris_rev2_default/matrix.o
                0x0000000000000eda                matrix_scan_kb
 .text.matrix_init
                0x0000000000000ede       0x9c .build/obj_Aaron_iris_rev2_default/matrix.o
                0x0000000000000ede                matrix_init
 .text._matrix_scan
                0x0000000000000f7a      0x17c .build/obj_Aaron_iris_rev2_default/matrix.o
                0x0000000000000f7a                _matrix_scan
 .text.serial_transaction
                0x00000000000010f6       0x60 .build/obj_Aaron_iris_rev2_default/matrix.o
                0x00000000000010f6                serial_transaction
 .text.matrix_scan
                0x0000000000001156       0x5e .build/obj_Aaron_iris_rev2_default/matrix.o
                0x0000000000001156                matrix_scan
 .text.matrix_slave_scan
                0x00000000000011b4       0x3e .build/obj_Aaron_iris_rev2_default/matrix.o
                0x00000000000011b4                matrix_slave_scan
 .text.matrix_get_row
                0x00000000000011f2        0xc .build/obj_Aaron_iris_rev2_default/matrix.o
                0x00000000000011f2                matrix_get_row
 .text.matrix_print
                0x00000000000011fe        0x2 .build/obj_Aaron_iris_rev2_default/matrix.o
                0x00000000000011fe                matrix_print
 .text.has_usb  0x0000000000001200       0x1a .build/obj_Aaron_iris_rev2_default/split_util.o
                0x0000000000001200                has_usb
 .text.split_keyboard_setup
                0x000000000000121a       0x2e .build/obj_Aaron_iris_rev2_default/split_util.o
                0x000000000000121a                split_keyboard_setup
 .text.keyboard_slave_loop
                0x0000000000001248        0xa .build/obj_Aaron_iris_rev2_default/split_util.o
                0x0000000000001248                keyboard_slave_loop
 .text.matrix_setup
                0x0000000000001252       0x12 .build/obj_Aaron_iris_rev2_default/split_util.o
                0x0000000000001252                matrix_setup
 .text.serial_output
                0x0000000000001264        0x4 .build/obj_Aaron_iris_rev2_default/serial.o
 .text.serial_input
                0x0000000000001268        0x6 .build/obj_Aaron_iris_rev2_default/serial.o
 .text.serial_high
                0x000000000000126e        0x4 .build/obj_Aaron_iris_rev2_default/serial.o
 .text.serial_write_byte
                0x0000000000001272       0x3e .build/obj_Aaron_iris_rev2_default/serial.o
 .text.sync_recv
                0x00000000000012b0       0x10 .build/obj_Aaron_iris_rev2_default/serial.o
 .text.serial_read_byte
                0x00000000000012c0       0x24 .build/obj_Aaron_iris_rev2_default/serial.o
 .text.sync_send
                0x00000000000012e4       0x10 .build/obj_Aaron_iris_rev2_default/serial.o
 .text.serial_master_init
                0x00000000000012f4        0x8 .build/obj_Aaron_iris_rev2_default/serial.o
                0x00000000000012f4                serial_master_init
 .text.serial_slave_init
                0x00000000000012fc       0x12 .build/obj_Aaron_iris_rev2_default/serial.o
                0x00000000000012fc                serial_slave_init
 .text.__vector_1
                0x000000000000130e       0xe4 .build/obj_Aaron_iris_rev2_default/serial.o
                0x000000000000130e                __vector_1
 .text.serial_update_buffers
                0x00000000000013f2       0xb6 .build/obj_Aaron_iris_rev2_default/serial.o
                0x00000000000013f2                serial_update_buffers
 .text.matrix_init_kb
                0x00000000000014a8        0x4 .build/obj_Aaron_iris_rev2_default/keyboards/Aaron/iris/rev2/rev2.o
                0x00000000000014a8                matrix_init_kb
 .text.persistent_default_layer_set
                0x00000000000014ac       0x18 .build/obj_Aaron_iris_rev2_default/keyboards/Aaron/iris/keymaps/default/keymap.o
                0x00000000000014ac                persistent_default_layer_set
 .text.action_get_macro
                0x00000000000014c4      0x10a .build/obj_Aaron_iris_rev2_default/keyboards/Aaron/iris/keymaps/default/keymap.o
                0x00000000000014c4                action_get_macro
 .text.process_record_user
                0x00000000000015ce       0x82 .build/obj_Aaron_iris_rev2_default/keyboards/Aaron/iris/keymaps/default/keymap.o
                0x00000000000015ce                process_record_user
 .text.process_action_kb
                0x0000000000001650        0x4 .build/obj_Aaron_iris_rev2_default/quantum/quantum.o
                0x0000000000001650                process_action_kb
 .text.process_record_kb
                0x0000000000001654        0x4 .build/obj_Aaron_iris_rev2_default/quantum/quantum.o
                0x0000000000001654                process_record_kb
 .text.reset_keyboard
                0x0000000000001658       0x26 .build/obj_Aaron_iris_rev2_default/quantum/quantum.o
                0x0000000000001658                reset_keyboard
 .text.process_record_quantum
                0x000000000000167e      0x558 .build/obj_Aaron_iris_rev2_default/quantum/quantum.o
                0x000000000000167e                process_record_quantum
 .text.send_char
                0x0000000000001bd6       0x3e .build/obj_Aaron_iris_rev2_default/quantum/quantum.o
                0x0000000000001bd6                send_char
 .text.send_string_with_delay_P
                0x0000000000001c14       0x74 .build/obj_Aaron_iris_rev2_default/quantum/quantum.o
                0x0000000000001c14                send_string_with_delay_P
 .text.send_string_P
                0x0000000000001c88        0x6 .build/obj_Aaron_iris_rev2_default/quantum/quantum.o
                0x0000000000001c88                send_string_P
 .text.update_tri_layer_state
                0x0000000000001c8e       0xc0 .build/obj_Aaron_iris_rev2_default/quantum/quantum.o
                0x0000000000001c8e                update_tri_layer_state
 .text.update_tri_layer
                0x0000000000001d4e       0x24 .build/obj_Aaron_iris_rev2_default/quantum/quantum.o
                0x0000000000001d4e                update_tri_layer
 .text.matrix_scan_quantum
                0x0000000000001d72        0x4 .build/obj_Aaron_iris_rev2_default/quantum/quantum.o
                0x0000000000001d72                matrix_scan_quantum
 .text.backlight_set
                0x0000000000001d76       0xb4 .build/obj_Aaron_iris_rev2_default/quantum/quantum.o
                0x0000000000001d76                backlight_set
 .text.backlight_init_ports
                0x0000000000001e2a       0x20 .build/obj_Aaron_iris_rev2_default/quantum/quantum.o
                0x0000000000001e2a                backlight_init_ports
 .text.matrix_init_quantum
                0x0000000000001e4a        0x8 .build/obj_Aaron_iris_rev2_default/quantum/quantum.o
                0x0000000000001e4a                matrix_init_quantum
 .text.led_set_user
                0x0000000000001e52        0x2 .build/obj_Aaron_iris_rev2_default/quantum/quantum.o
                0x0000000000001e52                led_set_user
 .text.led_set_kb
                0x0000000000001e54        0x4 .build/obj_Aaron_iris_rev2_default/quantum/quantum.o
                0x0000000000001e54                led_set_kb
 .text.led_set  0x0000000000001e58        0x4 .build/obj_Aaron_iris_rev2_default/quantum/quantum.o
                0x0000000000001e58                led_set
 .text.action_function
                0x0000000000001e5c        0x2 .build/obj_Aaron_iris_rev2_default/quantum/keymap_common.o
                0x0000000000001e5c                action_function
 .text.keymap_key_to_keycode
                0x0000000000001e5e       0x24 .build/obj_Aaron_iris_rev2_default/quantum/keymap_common.o
                0x0000000000001e5e                keymap_key_to_keycode
 .text.keymap_function_id_to_action
                0x0000000000001e82       0x10 .build/obj_Aaron_iris_rev2_default/quantum/keymap_common.o
                0x0000000000001e82                keymap_function_id_to_action
 .text.action_for_key
                0x0000000000001e92      0x3b8 .build/obj_Aaron_iris_rev2_default/quantum/keymap_common.o
                0x0000000000001e92                action_for_key
 .text.keycode_config
                0x000000000000224a       0xf8 .build/obj_Aaron_iris_rev2_default/quantum/keycode_config.o
                0x000000000000224a                keycode_config
 .text.mod_config
                0x0000000000002342       0x46 .build/obj_Aaron_iris_rev2_default/quantum/keycode_config.o
                0x0000000000002342                mod_config
 .text.leader_start
                0x0000000000002388        0x2 .build/obj_Aaron_iris_rev2_default/quantum/process_keycode/process_leader.o
                0x0000000000002388                leader_start
 .text.process_leader
                0x000000000000238a       0x98 .build/obj_Aaron_iris_rev2_default/quantum/process_keycode/process_leader.o
                0x000000000000238a                process_leader
 .text.sethsv   0x0000000000002422       0xf0 .build/obj_Aaron_iris_rev2_default/quantum/rgblight.o
                0x0000000000002422                sethsv
 .text.eeconfig_read_rgblight
                0x0000000000002512        0x8 .build/obj_Aaron_iris_rev2_default/quantum/rgblight.o
                0x0000000000002512                eeconfig_read_rgblight
 .text.eeconfig_update_rgblight
                0x000000000000251a        0xc .build/obj_Aaron_iris_rev2_default/quantum/rgblight.o
                0x000000000000251a                eeconfig_update_rgblight
 .text.eeconfig_update_rgblight_default
                0x0000000000002526       0x26 .build/obj_Aaron_iris_rev2_default/quantum/rgblight.o
                0x0000000000002526                eeconfig_update_rgblight_default
 .text.rgblight_get_mode
                0x000000000000254c       0x1c .build/obj_Aaron_iris_rev2_default/quantum/rgblight.o
                0x000000000000254c                rgblight_get_mode
 .text.rgblight_increase_speed
                0x0000000000002568       0x2a .build/obj_Aaron_iris_rev2_default/quantum/rgblight.o
                0x0000000000002568                rgblight_increase_speed
 .text.rgblight_decrease_speed
                0x0000000000002592       0x32 .build/obj_Aaron_iris_rev2_default/quantum/rgblight.o
                0x0000000000002592                rgblight_decrease_speed
 .text.rgblight_set
                0x00000000000025c4       0x32 .build/obj_Aaron_iris_rev2_default/quantum/rgblight.o
                0x00000000000025c4                rgblight_set
 .text.rgblight_setrgb
                0x00000000000025f6       0x2a .build/obj_Aaron_iris_rev2_default/quantum/rgblight.o
                0x00000000000025f6                rgblight_setrgb
 .text.rgblight_sethsv_noeeprom
                0x0000000000002620       0x9c .build/obj_Aaron_iris_rev2_default/quantum/rgblight.o
                0x0000000000002620                rgblight_sethsv_noeeprom
 .text.rgblight_sethsv
                0x00000000000026bc      0x150 .build/obj_Aaron_iris_rev2_default/quantum/rgblight.o
                0x00000000000026bc                rgblight_sethsv
 .text.rgblight_increase_hue
                0x000000000000280c       0x32 .build/obj_Aaron_iris_rev2_default/quantum/rgblight.o
                0x000000000000280c                rgblight_increase_hue
 .text.rgblight_decrease_hue
                0x000000000000283e       0x3e .build/obj_Aaron_iris_rev2_default/quantum/rgblight.o
                0x000000000000283e                rgblight_decrease_hue
 .text.rgblight_increase_sat
                0x000000000000287c       0x36 .build/obj_Aaron_iris_rev2_default/quantum/rgblight.o
                0x000000000000287c                rgblight_increase_sat
 .text.rgblight_decrease_sat
                0x00000000000028b2       0x34 .build/obj_Aaron_iris_rev2_default/quantum/rgblight.o
                0x00000000000028b2                rgblight_decrease_sat
 .text.rgblight_increase_val
                0x00000000000028e6       0x36 .build/obj_Aaron_iris_rev2_default/quantum/rgblight.o
                0x00000000000028e6                rgblight_increase_val
 .text.rgblight_decrease_val
                0x000000000000291c       0x34 .build/obj_Aaron_iris_rev2_default/quantum/rgblight.o
                0x000000000000291c                rgblight_decrease_val
 .text.rgblight_mode
                0x0000000000002950       0x92 .build/obj_Aaron_iris_rev2_default/quantum/rgblight.o
                0x0000000000002950                rgblight_mode
 .text.rgblight_init
                0x00000000000029e2       0x68 .build/obj_Aaron_iris_rev2_default/quantum/rgblight.o
                0x00000000000029e2                rgblight_init
 .text.rgblight_step
                0x0000000000002a4a       0x14 .build/obj_Aaron_iris_rev2_default/quantum/rgblight.o
                0x0000000000002a4a                rgblight_step
 .text.rgblight_step_reverse
                0x0000000000002a5e       0x12 .build/obj_Aaron_iris_rev2_default/quantum/rgblight.o
                0x0000000000002a5e                rgblight_step_reverse
 .text.rgblight_enable
                0x0000000000002a70       0x28 .build/obj_Aaron_iris_rev2_default/quantum/rgblight.o
                0x0000000000002a70                rgblight_enable
 .text.rgblight_disable
                0x0000000000002a98       0x30 .build/obj_Aaron_iris_rev2_default/quantum/rgblight.o
                0x0000000000002a98                rgblight_disable
 .text.rgblight_toggle
                0x0000000000002ac8        0xe .build/obj_Aaron_iris_rev2_default/quantum/rgblight.o
                0x0000000000002ac8                rgblight_toggle
 .text.rgblight_effect_breathing
                0x0000000000002ad6       0xac .build/obj_Aaron_iris_rev2_default/quantum/rgblight.o
                0x0000000000002ad6                rgblight_effect_breathing
 .text.rgblight_effect_rainbow_mood
                0x0000000000002b82       0x60 .build/obj_Aaron_iris_rev2_default/quantum/rgblight.o
                0x0000000000002b82                rgblight_effect_rainbow_mood
 .text.rgblight_effect_rainbow_swirl
                0x0000000000002be2       0xba .build/obj_Aaron_iris_rev2_default/quantum/rgblight.o
                0x0000000000002be2                rgblight_effect_rainbow_swirl
 .text.rgblight_effect_snake
                0x0000000000002c9c      0x128 .build/obj_Aaron_iris_rev2_default/quantum/rgblight.o
                0x0000000000002c9c                rgblight_effect_snake
 .text.rgblight_effect_knight
                0x0000000000002dc4      0x104 .build/obj_Aaron_iris_rev2_default/quantum/rgblight.o
                0x0000000000002dc4                rgblight_effect_knight
 .text.rgblight_effect_christmas
                0x0000000000002ec8       0x9e .build/obj_Aaron_iris_rev2_default/quantum/rgblight.o
                0x0000000000002ec8                rgblight_effect_christmas
 .text.rgblight_task
                0x0000000000002f66       0x6e .build/obj_Aaron_iris_rev2_default/quantum/rgblight.o
                0x0000000000002f66                rgblight_task
 .text.ws2812_sendarray_mask
                0x0000000000002fd4       0x42 .build/obj_Aaron_iris_rev2_default/ws2812.o
                0x0000000000002fd4                ws2812_sendarray_mask
 .text.ws2812_setleds_pin
                0x0000000000003016       0x24 .build/obj_Aaron_iris_rev2_default/ws2812.o
                0x0000000000003016                ws2812_setleds_pin
 .text.ws2812_setleds
                0x000000000000303a        0x6 .build/obj_Aaron_iris_rev2_default/ws2812.o
                0x000000000000303a                ws2812_setleds
 .text.host_set_driver
                0x0000000000003040        0xa .build/obj_Aaron_iris_rev2_default/common/host.o
                0x0000000000003040                host_set_driver
 .text.host_keyboard_leds
                0x000000000000304a       0x18 .build/obj_Aaron_iris_rev2_default/common/host.o
                0x000000000000304a                host_keyboard_leds
 .text.host_keyboard_send
                0x0000000000003062       0x16 .build/obj_Aaron_iris_rev2_default/common/host.o
                0x0000000000003062                host_keyboard_send
 .text.host_mouse_send
                0x0000000000003078       0x16 .build/obj_Aaron_iris_rev2_default/common/host.o
                0x0000000000003078                host_mouse_send
 .text.host_system_send
                0x000000000000308e       0x2c .build/obj_Aaron_iris_rev2_default/common/host.o
                0x000000000000308e                host_system_send
 .text.host_consumer_send
                0x00000000000030ba       0x2c .build/obj_Aaron_iris_rev2_default/common/host.o
                0x00000000000030ba                host_consumer_send
 .text.keyboard_setup
                0x00000000000030e6        0x4 .build/obj_Aaron_iris_rev2_default/common/keyboard.o
                0x00000000000030e6                keyboard_setup
 .text.is_keyboard_master
                0x00000000000030ea        0x4 .build/obj_Aaron_iris_rev2_default/common/keyboard.o
                0x00000000000030ea                is_keyboard_master
 .text.keyboard_init
                0x00000000000030ee       0x14 .build/obj_Aaron_iris_rev2_default/common/keyboard.o
                0x00000000000030ee                keyboard_init
 .text.keyboard_task
                0x0000000000003102      0x150 .build/obj_Aaron_iris_rev2_default/common/keyboard.o
                0x0000000000003102                keyboard_task
 .text.action_exec
                0x0000000000003252       0x5c .build/obj_Aaron_iris_rev2_default/common/action.o
                0x0000000000003252                action_exec
 .text.process_record_tap_hint
                0x00000000000032ae        0xc .build/obj_Aaron_iris_rev2_default/common/action.o
                0x00000000000032ae                process_record_tap_hint
 .text.register_code
                0x00000000000032ba      0x21e .build/obj_Aaron_iris_rev2_default/common/action.o
                0x00000000000032ba                register_code
 .text.unregister_code
                0x00000000000034d8       0xc2 .build/obj_Aaron_iris_rev2_default/common/action.o
                0x00000000000034d8                unregister_code
 .text.register_mods
                0x000000000000359a        0xe .build/obj_Aaron_iris_rev2_default/common/action.o
                0x000000000000359a                register_mods
 .text.unregister_mods
                0x00000000000035a8        0xe .build/obj_Aaron_iris_rev2_default/common/action.o
                0x00000000000035a8                unregister_mods
 .text.process_action
                0x00000000000035b6      0x56a .build/obj_Aaron_iris_rev2_default/common/action.o
                0x00000000000035b6                process_action
 .text.process_record
                0x0000000000003b20       0x58 .build/obj_Aaron_iris_rev2_default/common/action.o
                0x0000000000003b20                process_record
 .text.clear_keyboard_but_mods
                0x0000000000003b78       0x30 .build/obj_Aaron_iris_rev2_default/common/action.o
                0x0000000000003b78                clear_keyboard_but_mods
 .text.clear_keyboard
                0x0000000000003ba8        0x8 .build/obj_Aaron_iris_rev2_default/common/action.o
                0x0000000000003ba8                clear_keyboard
 .text.is_tap_key
                0x0000000000003bb0       0x46 .build/obj_Aaron_iris_rev2_default/common/action.o
                0x0000000000003bb0                is_tap_key
 .text.debug_event
                0x0000000000003bf6       0x1e .build/obj_Aaron_iris_rev2_default/common/action.o
                0x0000000000003bf6                debug_event
 .text.debug_record
                0x0000000000003c14       0x20 .build/obj_Aaron_iris_rev2_default/common/action.o
                0x0000000000003c14                debug_record
 .text.debug_waiting_buffer
                0x0000000000003c34       0x42 .build/obj_Aaron_iris_rev2_default/common/action_tapping.o
 .text.debug_tapping_key
                0x0000000000003c76       0x1c .build/obj_Aaron_iris_rev2_default/common/action_tapping.o
 .text.waiting_buffer_scan_tap
                0x0000000000003c92       0xd0 .build/obj_Aaron_iris_rev2_default/common/action_tapping.o
 .text.process_tapping
                0x0000000000003d62      0x3fa .build/obj_Aaron_iris_rev2_default/common/action_tapping.o
 .text.action_tapping_process
                0x000000000000415c      0x15a .build/obj_Aaron_iris_rev2_default/common/action_tapping.o
                0x000000000000415c                action_tapping_process
 .text.action_macro_play
                0x00000000000042b6      0x104 .build/obj_Aaron_iris_rev2_default/common/action_macro.o
                0x00000000000042b6                action_macro_play
 .text.default_layer_state_set_kb
                0x00000000000043ba        0x2 .build/obj_Aaron_iris_rev2_default/common/action_layer.o
                0x00000000000043ba                default_layer_state_set_kb
 .text.default_layer_state_set
                0x00000000000043bc       0x18 .build/obj_Aaron_iris_rev2_default/common/action_layer.o
 .text.default_layer_debug
                0x00000000000043d4        0x2 .build/obj_Aaron_iris_rev2_default/common/action_layer.o
                0x00000000000043d4                default_layer_debug
 .text.default_layer_set
                0x00000000000043d6        0x4 .build/obj_Aaron_iris_rev2_default/common/action_layer.o
                0x00000000000043d6                default_layer_set
 .text.default_layer_or
                0x00000000000043da       0x24 .build/obj_Aaron_iris_rev2_default/common/action_layer.o
                0x00000000000043da                default_layer_or
 .text.default_layer_and
                0x00000000000043fe       0x24 .build/obj_Aaron_iris_rev2_default/common/action_layer.o
                0x00000000000043fe                default_layer_and
 .text.default_layer_xor
                0x0000000000004422       0x24 .build/obj_Aaron_iris_rev2_default/common/action_layer.o
                0x0000000000004422                default_layer_xor
 .text.layer_state_set_user
                0x0000000000004446        0x2 .build/obj_Aaron_iris_rev2_default/common/action_layer.o
                0x0000000000004446                layer_state_set_user
 .text.layer_state_set_kb
                0x0000000000004448        0x4 .build/obj_Aaron_iris_rev2_default/common/action_layer.o
                0x0000000000004448                layer_state_set_kb
 .text.layer_state_set
                0x000000000000444c       0x18 .build/obj_Aaron_iris_rev2_default/common/action_layer.o
                0x000000000000444c                layer_state_set
 .text.layer_clear
                0x0000000000004464        0xa .build/obj_Aaron_iris_rev2_default/common/action_layer.o
                0x0000000000004464                layer_clear
 .text.layer_move
                0x000000000000446e       0x1e .build/obj_Aaron_iris_rev2_default/common/action_layer.o
                0x000000000000446e                layer_move
 .text.layer_on
                0x000000000000448c       0x36 .build/obj_Aaron_iris_rev2_default/common/action_layer.o
                0x000000000000448c                layer_on
 .text.layer_off
                0x00000000000044c2       0x3e .build/obj_Aaron_iris_rev2_default/common/action_layer.o
                0x00000000000044c2                layer_off
 .text.layer_invert
                0x0000000000004500       0x36 .build/obj_Aaron_iris_rev2_default/common/action_layer.o
                0x0000000000004500                layer_invert
 .text.layer_or
                0x0000000000004536       0x24 .build/obj_Aaron_iris_rev2_default/common/action_layer.o
                0x0000000000004536                layer_or
 .text.layer_and
                0x000000000000455a       0x24 .build/obj_Aaron_iris_rev2_default/common/action_layer.o
                0x000000000000455a                layer_and
 .text.layer_xor
                0x000000000000457e       0x24 .build/obj_Aaron_iris_rev2_default/common/action_layer.o
                0x000000000000457e                layer_xor
 .text.layer_debug
                0x00000000000045a2        0x2 .build/obj_Aaron_iris_rev2_default/common/action_layer.o
                0x00000000000045a2                layer_debug
 .text.layer_switch_get_layer
                0x00000000000045a4       0x80 .build/obj_Aaron_iris_rev2_default/common/action_layer.o
                0x00000000000045a4                layer_switch_get_layer
 .text.layer_switch_get_action
                0x0000000000004624       0x16 .build/obj_Aaron_iris_rev2_default/common/action_layer.o
                0x0000000000004624                layer_switch_get_action
 .text.store_or_get_action
                0x000000000000463a        0x8 .build/obj_Aaron_iris_rev2_default/common/action_layer.o
                0x000000000000463a                store_or_get_action
 .text.get_oneshot_layer
                0x0000000000004642        0xc .build/obj_Aaron_iris_rev2_default/common/action_util.o
                0x0000000000004642                get_oneshot_layer
 .text.get_oneshot_layer_state
                0x000000000000464e        0x8 .build/obj_Aaron_iris_rev2_default/common/action_util.o
                0x000000000000464e                get_oneshot_layer_state
 .text.set_oneshot_layer
                0x0000000000004656       0x12 .build/obj_Aaron_iris_rev2_default/common/action_util.o
                0x0000000000004656                set_oneshot_layer
 .text.clear_oneshot_layer_state
                0x0000000000004668       0x2e .build/obj_Aaron_iris_rev2_default/common/action_util.o
                0x0000000000004668                clear_oneshot_layer_state
 .text.is_oneshot_layer_active
                0x0000000000004696        0xe .build/obj_Aaron_iris_rev2_default/common/action_util.o
                0x0000000000004696                is_oneshot_layer_active
 .text.send_keyboard_report
                0x00000000000046a4       0x66 .build/obj_Aaron_iris_rev2_default/common/action_util.o
                0x00000000000046a4                send_keyboard_report
 .text.get_mods
                0x000000000000470a        0x6 .build/obj_Aaron_iris_rev2_default/common/action_util.o
                0x000000000000470a                get_mods
 .text.add_mods
                0x0000000000004710        0xc .build/obj_Aaron_iris_rev2_default/common/action_util.o
                0x0000000000004710                add_mods
 .text.del_mods
                0x000000000000471c        0xe .build/obj_Aaron_iris_rev2_default/common/action_util.o
                0x000000000000471c                del_mods
 .text.clear_mods
                0x000000000000472a        0x6 .build/obj_Aaron_iris_rev2_default/common/action_util.o
                0x000000000000472a                clear_mods
 .text.add_weak_mods
                0x0000000000004730        0xc .build/obj_Aaron_iris_rev2_default/common/action_util.o
                0x0000000000004730                add_weak_mods
 .text.del_weak_mods
                0x000000000000473c        0xe .build/obj_Aaron_iris_rev2_default/common/action_util.o
                0x000000000000473c                del_weak_mods
 .text.clear_weak_mods
                0x000000000000474a        0x6 .build/obj_Aaron_iris_rev2_default/common/action_util.o
                0x000000000000474a                clear_weak_mods
 .text.add_macro_mods
                0x0000000000004750        0xc .build/obj_Aaron_iris_rev2_default/common/action_util.o
                0x0000000000004750                add_macro_mods
 .text.del_macro_mods
                0x000000000000475c        0xe .build/obj_Aaron_iris_rev2_default/common/action_util.o
                0x000000000000475c                del_macro_mods
 .text.clear_macro_mods
                0x000000000000476a        0x6 .build/obj_Aaron_iris_rev2_default/common/action_util.o
                0x000000000000476a                clear_macro_mods
 .text.set_oneshot_mods
                0x0000000000004770        0x6 .build/obj_Aaron_iris_rev2_default/common/action_util.o
                0x0000000000004770                set_oneshot_mods
 .text.clear_oneshot_mods
                0x0000000000004776        0x6 .build/obj_Aaron_iris_rev2_default/common/action_util.o
                0x0000000000004776                clear_oneshot_mods
 .text.get_oneshot_mods
                0x000000000000477c        0x6 .build/obj_Aaron_iris_rev2_default/common/action_util.o
                0x000000000000477c                get_oneshot_mods
 .text.eeconfig_init
                0x0000000000004782       0x4c .build/obj_Aaron_iris_rev2_default/common/eeconfig.o
                0x0000000000004782                eeconfig_init
 .text.eeconfig_is_enabled
                0x00000000000047ce       0x16 .build/obj_Aaron_iris_rev2_default/common/eeconfig.o
                0x00000000000047ce                eeconfig_is_enabled
 .text.eeconfig_read_debug
                0x00000000000047e4        0x8 .build/obj_Aaron_iris_rev2_default/common/eeconfig.o
                0x00000000000047e4                eeconfig_read_debug
 .text.eeconfig_read_default_layer
                0x00000000000047ec        0x8 .build/obj_Aaron_iris_rev2_default/common/eeconfig.o
                0x00000000000047ec                eeconfig_read_default_layer
 .text.eeconfig_update_default_layer
                0x00000000000047f4        0xa .build/obj_Aaron_iris_rev2_default/common/eeconfig.o
                0x00000000000047f4                eeconfig_update_default_layer
 .text.eeconfig_read_keymap
                0x00000000000047fe        0x8 .build/obj_Aaron_iris_rev2_default/common/eeconfig.o
                0x00000000000047fe                eeconfig_read_keymap
 .text.eeconfig_update_keymap
                0x0000000000004806        0xa .build/obj_Aaron_iris_rev2_default/common/eeconfig.o
                0x0000000000004806                eeconfig_update_keymap
 .text.eeconfig_read_backlight
                0x0000000000004810        0x8 .build/obj_Aaron_iris_rev2_default/common/eeconfig.o
                0x0000000000004810                eeconfig_read_backlight
 .text.eeconfig_update_backlight
                0x0000000000004818        0xa .build/obj_Aaron_iris_rev2_default/common/eeconfig.o
                0x0000000000004818                eeconfig_update_backlight
 .text.has_anykey
                0x0000000000004822       0x20 .build/obj_Aaron_iris_rev2_default/common/report.o
                0x0000000000004822                has_anykey
 .text.add_key_byte
                0x0000000000004842       0x3a .build/obj_Aaron_iris_rev2_default/common/report.o
                0x0000000000004842                add_key_byte
 .text.del_key_byte
                0x000000000000487c       0x1e .build/obj_Aaron_iris_rev2_default/common/report.o
                0x000000000000487c                del_key_byte
 .text.add_key_to_report
                0x000000000000489a        0x4 .build/obj_Aaron_iris_rev2_default/common/report.o
                0x000000000000489a                add_key_to_report
 .text.del_key_from_report
                0x000000000000489e        0x4 .build/obj_Aaron_iris_rev2_default/common/report.o
                0x000000000000489e                del_key_from_report
 .text.clear_keys_from_report
                0x00000000000048a2       0x18 .build/obj_Aaron_iris_rev2_default/common/report.o
                0x00000000000048a2                clear_keys_from_report
 .text.suspend_power_down
                0x00000000000048ba       0x58 .build/obj_Aaron_iris_rev2_default/common/avr/suspend.o
                0x00000000000048ba                suspend_power_down
 .text.matrix_power_up
                0x0000000000004912        0x2 .build/obj_Aaron_iris_rev2_default/common/avr/suspend.o
                0x0000000000004912                matrix_power_up
 .text.matrix_power_down
                0x0000000000004914        0x2 .build/obj_Aaron_iris_rev2_default/common/avr/suspend.o
                0x0000000000004914                matrix_power_down
 .text.suspend_wakeup_condition
                0x0000000000004916       0x2a .build/obj_Aaron_iris_rev2_default/common/avr/suspend.o
                0x0000000000004916                suspend_wakeup_condition
 .text.suspend_wakeup_init
                0x0000000000004940       0x10 .build/obj_Aaron_iris_rev2_default/common/avr/suspend.o
                0x0000000000004940                suspend_wakeup_init
 .text.__vector_12
                0x0000000000004950       0x52 .build/obj_Aaron_iris_rev2_default/common/avr/suspend.o
                0x0000000000004950                __vector_12
 .text.timer_init
                0x00000000000049a2       0x12 .build/obj_Aaron_iris_rev2_default/common/avr/timer.o
                0x00000000000049a2                timer_init
 .text.timer_read
                0x00000000000049b4       0x18 .build/obj_Aaron_iris_rev2_default/common/avr/timer.o
                0x00000000000049b4                timer_read
 .text.timer_elapsed
                0x00000000000049cc       0x52 .build/obj_Aaron_iris_rev2_default/common/avr/timer.o
                0x00000000000049cc                timer_elapsed
 .text.__vector_21
                0x0000000000004a1e       0x4c .build/obj_Aaron_iris_rev2_default/common/avr/timer.o
                0x0000000000004a1e                __vector_21
 .text.bootloader_jump
                0x0000000000004a6a       0x24 .build/obj_Aaron_iris_rev2_default/common/avr/bootloader.o
                0x0000000000004a6a                bootloader_jump
 .text.magic    0x0000000000004a8e       0x32 .build/obj_Aaron_iris_rev2_default/common/magic.o
                0x0000000000004a8e                magic
 .text.move_unit
                0x0000000000004ac0       0x90 .build/obj_Aaron_iris_rev2_default/common/mousekey.o
 .text.wheel_unit
                0x0000000000004b50       0x72 .build/obj_Aaron_iris_rev2_default/common/mousekey.o
 .text.mousekey_on
                0x0000000000004bc2       0xd0 .build/obj_Aaron_iris_rev2_default/common/mousekey.o
                0x0000000000004bc2                mousekey_on
 .text.mousekey_off
                0x0000000000004c92      0x10a .build/obj_Aaron_iris_rev2_default/common/mousekey.o
                0x0000000000004c92                mousekey_off
 .text.mousekey_send
                0x0000000000004d9c       0x16 .build/obj_Aaron_iris_rev2_default/common/mousekey.o
                0x0000000000004d9c                mousekey_send
 .text.mousekey_task
                0x0000000000004db2      0x112 .build/obj_Aaron_iris_rev2_default/common/mousekey.o
                0x0000000000004db2                mousekey_task
 .text.mousekey_clear
                0x0000000000004ec4       0x18 .build/obj_Aaron_iris_rev2_default/common/mousekey.o
                0x0000000000004ec4                mousekey_clear
 .text.mousekey_param_inc
                0x0000000000004edc       0xec .build/obj_Aaron_iris_rev2_default/common/command.o
 .text.mousekey_param_dec
                0x0000000000004fc8       0xa0 .build/obj_Aaron_iris_rev2_default/common/command.o
 .text.command_common
                0x0000000000005068      0x144 .build/obj_Aaron_iris_rev2_default/common/command.o
 .text.command_extra
                0x00000000000051ac        0x4 .build/obj_Aaron_iris_rev2_default/common/command.o
                0x00000000000051ac                command_extra
 .text.command_console_extra
                0x00000000000051b0        0x4 .build/obj_Aaron_iris_rev2_default/common/command.o
                0x00000000000051b0                command_console_extra
 .text.numkey2num
                0x00000000000051b4       0x16 .build/obj_Aaron_iris_rev2_default/common/command.o
                0x00000000000051b4                numkey2num
 .text.command_proc
                0x00000000000051ca      0x128 .build/obj_Aaron_iris_rev2_default/common/command.o
                0x00000000000051ca                command_proc
 .text.backlight_init
                0x00000000000052f2       0x3a .build/obj_Aaron_iris_rev2_default/common/backlight.o
                0x00000000000052f2                backlight_init
 .text.backlight_increase
                0x000000000000532c       0x38 .build/obj_Aaron_iris_rev2_default/common/backlight.o
                0x000000000000532c                backlight_increase
 .text.backlight_decrease
                0x0000000000005364       0x38 .build/obj_Aaron_iris_rev2_default/common/backlight.o
                0x0000000000005364                backlight_decrease
 .text.backlight_toggle
                0x000000000000539c       0x34 .build/obj_Aaron_iris_rev2_default/common/backlight.o
                0x000000000000539c                backlight_toggle
 .text.backlight_step
                0x00000000000053d0       0x4a .build/obj_Aaron_iris_rev2_default/common/backlight.o
                0x00000000000053d0                backlight_step
 .text.backlight_level
                0x000000000000541a       0x36 .build/obj_Aaron_iris_rev2_default/common/backlight.o
                0x000000000000541a                backlight_level
 .text.get_backlight_level
                0x0000000000005450        0x8 .build/obj_Aaron_iris_rev2_default/common/backlight.o
                0x0000000000005450                get_backlight_level
 .text.keyboard_leds
                0x0000000000005458        0x6 .build/obj_Aaron_iris_rev2_default/lufa.o
 .text.send_consumer
                0x000000000000545e       0x74 .build/obj_Aaron_iris_rev2_default/lufa.o
 .text.send_system
                0x00000000000054d2       0x6c .build/obj_Aaron_iris_rev2_default/lufa.o
 .text.send_mouse
                0x000000000000553e       0x56 .build/obj_Aaron_iris_rev2_default/lufa.o
 .text.send_keyboard
                0x0000000000005594       0x66 .build/obj_Aaron_iris_rev2_default/lufa.o
 .text.EVENT_USB_Device_Connect
                0x00000000000055fa       0x1c .build/obj_Aaron_iris_rev2_default/lufa.o
                0x00000000000055fa                EVENT_USB_Device_Connect
 .text.EVENT_USB_Device_Disconnect
                0x0000000000005616        0x6 .build/obj_Aaron_iris_rev2_default/lufa.o
                0x0000000000005616                EVENT_USB_Device_Disconnect
 .text.EVENT_USB_Device_Reset
                0x000000000000561c        0x2 .build/obj_Aaron_iris_rev2_default/lufa.o
                0x000000000000561c                EVENT_USB_Device_Reset
 .text.EVENT_USB_Device_Suspend
                0x000000000000561e        0x2 .build/obj_Aaron_iris_rev2_default/lufa.o
                0x000000000000561e                EVENT_USB_Device_Suspend
 .text.EVENT_USB_Device_WakeUp
                0x0000000000005620        0x4 .build/obj_Aaron_iris_rev2_default/lufa.o
                0x0000000000005620                EVENT_USB_Device_WakeUp
 .text.EVENT_USB_Device_ConfigurationChanged
                0x0000000000005624       0x1e .build/obj_Aaron_iris_rev2_default/lufa.o
                0x0000000000005624                EVENT_USB_Device_ConfigurationChanged
 .text.EVENT_USB_Device_ControlRequest
                0x0000000000005642      0x160 .build/obj_Aaron_iris_rev2_default/lufa.o
                0x0000000000005642                EVENT_USB_Device_ControlRequest
 .text.startup.main
                0x00000000000057a2       0x74 .build/obj_Aaron_iris_rev2_default/lufa.o
                0x00000000000057a2                main
 .text.CALLBACK_USB_GetDescriptor
                0x0000000000005816        0x4 .build/obj_Aaron_iris_rev2_default/lufa.o
                0x0000000000005816                CALLBACK_USB_GetDescriptor
 .text.get_usb_descriptor
                0x000000000000581a       0xbe .build/obj_Aaron_iris_rev2_default/usb_descriptor.o
                0x000000000000581a                get_usb_descriptor
 .text.set_output_user
                0x00000000000058d8        0x2 .build/obj_Aaron_iris_rev2_default/outputselect.o
                0x00000000000058d8                set_output_user
 .text.set_output
                0x00000000000058da       0x10 .build/obj_Aaron_iris_rev2_default/outputselect.o
                0x00000000000058da                set_output
 .text.auto_detect_output
                0x00000000000058ea       0x10 .build/obj_Aaron_iris_rev2_default/outputselect.o
                0x00000000000058ea                auto_detect_output
 .text.where_to_send
                0x00000000000058fa        0xe .build/obj_Aaron_iris_rev2_default/outputselect.o
                0x00000000000058fa                where_to_send
 .text.USB_Device_SendRemoteWakeup
                0x0000000000005908       0x2c .build/obj_Aaron_iris_rev2_default/./lib/lufa/LUFA/Drivers/USB/Core/AVR8/Device_AVR8.o
                0x0000000000005908                USB_Device_SendRemoteWakeup
 .text.Endpoint_Write_Stream_LE
                0x0000000000005934       0x92 .build/obj_Aaron_iris_rev2_default/./lib/lufa/LUFA/Drivers/USB/Core/AVR8/EndpointStream_AVR8.o
                0x0000000000005934                Endpoint_Write_Stream_LE
 .text.Endpoint_Write_Control_Stream_LE
                0x00000000000059c6       0xc2 .build/obj_Aaron_iris_rev2_default/./lib/lufa/LUFA/Drivers/USB/Core/AVR8/EndpointStream_AVR8.o
                0x00000000000059c6                Endpoint_Write_Control_Stream_LE
 .text.Endpoint_Write_Control_PStream_LE
                0x0000000000005a88       0xc4 .build/obj_Aaron_iris_rev2_default/./lib/lufa/LUFA/Drivers/USB/Core/AVR8/EndpointStream_AVR8.o
                0x0000000000005a88                Endpoint_Write_Control_PStream_LE
 .text.Endpoint_ConfigureEndpoint_Prv
                0x0000000000005b4c       0x6a .build/obj_Aaron_iris_rev2_default/./lib/lufa/LUFA/Drivers/USB/Core/AVR8/Endpoint_AVR8.o
                0x0000000000005b4c                Endpoint_ConfigureEndpoint_Prv
 .text.Endpoint_ClearStatusStage
                0x0000000000005bb6       0x42 .build/obj_Aaron_iris_rev2_default/./lib/lufa/LUFA/Drivers/USB/Core/AVR8/Endpoint_AVR8.o
                0x0000000000005bb6                Endpoint_ClearStatusStage
 .text.Endpoint_WaitUntilReady
                0x0000000000005bf8       0x60 .build/obj_Aaron_iris_rev2_default/./lib/lufa/LUFA/Drivers/USB/Core/AVR8/Endpoint_AVR8.o
                0x0000000000005bf8                Endpoint_WaitUntilReady
 .text.USB_Disable
                0x0000000000005c58       0x34 .build/obj_Aaron_iris_rev2_default/./lib/lufa/LUFA/Drivers/USB/Core/AVR8/USBController_AVR8.o
                0x0000000000005c58                USB_Disable
 .text.USB_ResetInterface
                0x0000000000005c8c       0x86 .build/obj_Aaron_iris_rev2_default/./lib/lufa/LUFA/Drivers/USB/Core/AVR8/USBController_AVR8.o
                0x0000000000005c8c                USB_ResetInterface
 .text.USB_Init
                0x0000000000005d12       0x22 .build/obj_Aaron_iris_rev2_default/./lib/lufa/LUFA/Drivers/USB/Core/AVR8/USBController_AVR8.o
                0x0000000000005d12                USB_Init
 .text.USB_INT_DisableAllInterrupts
                0x0000000000005d34       0x10 .build/obj_Aaron_iris_rev2_default/./lib/lufa/LUFA/Drivers/USB/Core/AVR8/USBInterrupt_AVR8.o
                0x0000000000005d34                USB_INT_DisableAllInterrupts
 .text.USB_INT_ClearAllInterrupts
                0x0000000000005d44        0xa .build/obj_Aaron_iris_rev2_default/./lib/lufa/LUFA/Drivers/USB/Core/AVR8/USBInterrupt_AVR8.o
                0x0000000000005d44                USB_INT_ClearAllInterrupts
 .text.__vector_10
                0x0000000000005d4e      0x1a4 .build/obj_Aaron_iris_rev2_default/./lib/lufa/LUFA/Drivers/USB/Core/AVR8/USBInterrupt_AVR8.o
                0x0000000000005d4e                __vector_10
 .text.__vector_11
                0x0000000000005ef2       0x78 .build/obj_Aaron_iris_rev2_default/./lib/lufa/LUFA/Drivers/USB/Core/AVR8/USBInterrupt_AVR8.o
                0x0000000000005ef2                __vector_11
 .text.USB_Device_ProcessControlRequest
                0x0000000000005f6a      0x2ac .build/obj_Aaron_iris_rev2_default/./lib/lufa/LUFA/Drivers/USB/Core/DeviceStandardReq.o
                0x0000000000005f6a                USB_Device_ProcessControlRequest
 .text.USB_Event_Stub
                0x0000000000006216        0x2 .build/obj_Aaron_iris_rev2_default/./lib/lufa/LUFA/Drivers/USB/Core/Events.o
                0x0000000000006216                USB_Event_Stub
                0x0000000000006216                EVENT_USB_Device_StartOfFrame
 .text.USB_USBTask
                0x0000000000006218       0x3a .build/obj_Aaron_iris_rev2_default/./lib/lufa/LUFA/Drivers/USB/Core/USBTask.o
                0x0000000000006218                USB_USBTask
 .text.avr-libc.fplib
                0x0000000000006252        0xa /usr/lib/gcc/avr/4.8.2/../../../avr/lib/avr5/libm.a(addsf3.o)
                0x0000000000006252                __subsf3
                0x0000000000006254                __addsf3
 .text.avr-libc.fplib
                0x000000000000625c       0xc0 /usr/lib/gcc/avr/4.8.2/../../../avr/lib/avr5/libm.a(addsf3x.o)
                0x0000000000006276                __addsf3x
 .text.avr-libc.fplib
                0x000000000000631c        0x4 /usr/lib/gcc/avr/4.8.2/../../../avr/lib/avr5/libm.a(divsf3.o)
                0x000000000000631c                __divsf3
 .text.avr-libc.fplib
                0x0000000000006320       0xcc /usr/lib/gcc/avr/4.8.2/../../../avr/lib/avr5/libm.a(divsf3x.o)
                0x0000000000006336                __divsf3x
                0x000000000000633a                __divsf3_pse
 .text.avr-libc.fplib
                0x00000000000063ec       0x62 /usr/lib/gcc/avr/4.8.2/../../../avr/lib/avr5/libm.a(exp.o)
                0x00000000000063f6                exp
 .text.avr-libc.fplib
                0x000000000000644e       0x58 /usr/lib/gcc/avr/4.8.2/../../../avr/lib/avr5/libm.a(fixunssfsi.o)
                0x000000000000644e                __fixunssfsi
 .text.avr-libc.fplib
                0x00000000000064a6       0x7a /usr/lib/gcc/avr/4.8.2/../../../avr/lib/avr5/libm.a(floatsisf.o)
                0x00000000000064a6                __floatunsisf
                0x00000000000064aa                __floatsisf
 .text.avr-libc.fplib
                0x0000000000006520        0xc /usr/lib/gcc/avr/4.8.2/../../../avr/lib/avr5/libm.a(fp_inf.o)
                0x0000000000006520                __fp_inf
 .text.avr-libc.fplib
                0x000000000000652c        0x6 /usr/lib/gcc/avr/4.8.2/../../../avr/lib/avr5/libm.a(fp_nan.o)
                0x000000000000652c                __fp_nan
 .text.avr-libc.fplib
                0x0000000000006532       0x4a /usr/lib/gcc/avr/4.8.2/../../../avr/lib/avr5/libm.a(fp_powser.o)
                0x0000000000006532                __fp_powser
 .text.avr-libc.fplib
                0x000000000000657c        0xe /usr/lib/gcc/avr/4.8.2/../../../avr/lib/avr5/libm.a(fp_pscA.o)
                0x000000000000657c                __fp_pscA
 .text.avr-libc.fplib
                0x000000000000658a        0xe /usr/lib/gcc/avr/4.8.2/../../../avr/lib/avr5/libm.a(fp_pscB.o)
                0x000000000000658a                __fp_pscB
 .text.avr-libc.fplib
                0x0000000000006598       0x22 /usr/lib/gcc/avr/4.8.2/../../../avr/lib/avr5/libm.a(fp_round.o)
                0x0000000000006598                __fp_round
 .text.avr-libc.fplib
                0x00000000000065ba       0x44 /usr/lib/gcc/avr/4.8.2/../../../avr/lib/avr5/libm.a(fp_split3.o)
                0x00000000000065ba                __fp_split3
                0x00000000000065ca                __fp_splitA
 .text.avr-libc.fplib
                0x00000000000065fe        0xe /usr/lib/gcc/avr/4.8.2/../../../avr/lib/avr5/libm.a(fp_zero.o)
                0x00000000000065fe                __fp_zero
                0x0000000000006600                __fp_szero
 .text.avr-libc.fplib
                0x000000000000660c        0xe /usr/lib/gcc/avr/4.8.2/../../../avr/lib/avr5/libm.a(inverse.o)
                0x000000000000660c                inverse
 .text.avr-libc.fplib
                0x000000000000661a       0x6c /usr/lib/gcc/avr/4.8.2/../../../avr/lib/avr5/libm.a(ldexp.o)
                0x000000000000661e                ldexp
 .text.avr-libc.fplib
                0x0000000000006686       0x66 /usr/lib/gcc/avr/4.8.2/../../../avr/lib/avr5/libm.a(modf.o)
                0x0000000000006686                modff
                0x0000000000006686                modf
 .text.avr-libc.fplib
                0x00000000000066ec        0x4 /usr/lib/gcc/avr/4.8.2/../../../avr/lib/avr5/libm.a(mulsf3.o)
                0x00000000000066ec                __mulsf3
 .text.avr-libc.fplib
                0x00000000000066f0       0xc2 /usr/lib/gcc/avr/4.8.2/../../../avr/lib/avr5/libm.a(mulsf3x.o)
                0x0000000000006704                __mulsf3x
                0x0000000000006708                __mulsf3_pse
 .text.avr-libc.fplib
                0x00000000000067b2        0xc /usr/lib/gcc/avr/4.8.2/../../../avr/lib/avr5/libm.a(sin.o)
                0x00000000000067b2                sin
 .text.avr-libc.fplib
                0x00000000000067be       0x1c /usr/lib/gcc/avr/4.8.2/../../../avr/lib/avr5/libm.a(fp_mpack.o)
                0x00000000000067be                __fp_mpack
                0x00000000000067c2                __fp_mpack_finite
 .text.avr-libc.fplib
                0x00000000000067da       0x50 /usr/lib/gcc/avr/4.8.2/../../../avr/lib/avr5/libm.a(fp_rempio2.o)
                0x00000000000067dc                __fp_rempio2
 .text.avr-libc.fplib
                0x000000000000682a       0x22 /usr/lib/gcc/avr/4.8.2/../../../avr/lib/avr5/libm.a(fp_sinus.o)
                0x000000000000682a                __fp_sinus
 .text.avr-libc.fplib
                0x000000000000684c       0x22 /usr/lib/gcc/avr/4.8.2/../../../avr/lib/avr5/libm.a(fp_powsodd.o)
                0x000000000000684c                __fp_powsodd
 .text.libgcc.mul
                0x000000000000686e       0x1e /usr/lib/gcc/avr/4.8.2/avr5/libgcc.a(_umulhisi3.o)
                0x000000000000686e                __umulhisi3
 .text.libgcc.mul
                0x000000000000688c       0x20 /usr/lib/gcc/avr/4.8.2/avr5/libgcc.a(_mulsi3.o)
                0x000000000000688c                __mulsi3
 .text.libgcc.div
                0x00000000000068ac       0x28 /usr/lib/gcc/avr/4.8.2/avr5/libgcc.a(_udivmodhi4.o)
                0x00000000000068ac                __udivmodhi4
 .text.libgcc.div
                0x00000000000068d4       0x28 /usr/lib/gcc/avr/4.8.2/avr5/libgcc.a(_divmodhi4.o)
                0x00000000000068d4                __divmodhi4
                0x00000000000068d4                _div
 .text.libgcc.div
                0x00000000000068fc       0x44 /usr/lib/gcc/avr/4.8.2/avr5/libgcc.a(_udivmodsi4.o)
                0x00000000000068fc                __udivmodsi4
 .text.libgcc   0x0000000000006940        0xc /usr/lib/gcc/avr/4.8.2/avr5/libgcc.a(_tablejump.o)
                0x0000000000006940                __tablejump2__
                0x0000000000006944                __tablejump__
 .text.libgcc.mul
                0x000000000000694c       0x16 /usr/lib/gcc/avr/4.8.2/avr5/libgcc.a(_muluhisi3.o)
                0x000000000000694c                __muluhisi3
 .text.avr-libc
                0x0000000000006962       0x10 /usr/lib/gcc/avr/4.8.2/../../../avr/lib/avr5/libc.a(eerd_byte_atmega32u4.o)
                0x0000000000006962                __eerd_byte_m32u4
 .text.avr-libc
                0x0000000000006972        0xc /usr/lib/gcc/avr/4.8.2/../../../avr/lib/avr5/libc.a(eerd_dword_atmega32u4.o)
                0x0000000000006972                __eerd_dword_m32u4
                0x0000000000006972                __eerd_float_m32u4
 .text.avr-libc
                0x000000000000697e        0xc /usr/lib/gcc/avr/4.8.2/../../../avr/lib/avr5/libc.a(eerd_word_atmega32u4.o)
                0x000000000000697e                __eerd_word_m32u4
 .text.avr-libc
                0x000000000000698a       0x24 /usr/lib/gcc/avr/4.8.2/../../../avr/lib/avr5/libc.a(eeupd_byte_atmega32u4.o)
                0x000000000000698a                __eeupd_byte_m32u4
                0x000000000000698c                __eeupd_r18_m32u4
 .text.avr-libc
                0x00000000000069ae       0x18 /usr/lib/gcc/avr/4.8.2/../../../avr/lib/avr5/libc.a(eeupd_dword_atmega32u4.o)
                0x00000000000069ae                __eeupd_float_m32u4
                0x00000000000069ae                __eeupd_dword_m32u4
 .text.avr-libc
                0x00000000000069c6        0xc /usr/lib/gcc/avr/4.8.2/../../../avr/lib/avr5/libc.a(eeupd_word_atmega32u4.o)
                0x00000000000069c6                __eeupd_word_m32u4
 .text.avr-libc
                0x00000000000069d2       0x20 /usr/lib/gcc/avr/4.8.2/../../../avr/lib/avr5/libc.a(eerd_block_atmega32u4.o)
                0x00000000000069d2                __eerd_block_m32u4
                0x00000000000069d6                __eerd_blraw_m32u4
                0x00000000000069f2                . = ALIGN (0x2)
 *(.fini9)
 .fini9         0x00000000000069f2        0x0 /usr/lib/gcc/avr/4.8.2/avr5/libgcc.a(_exit.o)
                0x00000000000069f2                exit
                0x00000000000069f2                _exit
 *(.fini9)
 *(.fini8)
 *(.fini8)
 *(.fini7)
 *(.fini7)
 *(.fini6)
 *(.fini6)
 *(.fini5)
 *(.fini5)
 *(.fini4)
 *(.fini4)
 *(.fini3)
 *(.fini3)
 *(.fini2)
 *(.fini2)
 *(.fini1)
 *(.fini1)
 *(.fini0)
 .fini0         0x00000000000069f2        0x4 /usr/lib/gcc/avr/4.8.2/avr5/libgcc.a(_exit.o)
 *(.fini0)
                0x00000000000069f6                _etext = .

.data           0x0000000000800100       0x40 load address 0x00000000000069f6
                0x0000000000800100                PROVIDE (__data_start, .)
 *(.data)
 .data          0x0000000000800100        0x0 /usr/lib/gcc/avr/4.8.2/../../../avr/lib/avr5/crtm32u4.o
 .data          0x0000000000800100        0x0 .build/obj_Aaron_iris_rev2_default/matrix.o
 .data          0x0000000000800100        0x0 .build/obj_Aaron_iris_rev2_default/i2c.o
 .data          0x0000000000800100        0x0 .build/obj_Aaron_iris_rev2_default/split_util.o
 .data          0x0000000000800100        0x0 .build/obj_Aaron_iris_rev2_default/serial.o
 .data          0x0000000000800100        0x0 .build/obj_Aaron_iris_rev2_default/keyboards/Aaron/iris/iris.o
 .data          0x0000000000800100        0x0 .build/obj_Aaron_iris_rev2_default/keyboards/Aaron/iris/rev2/rev2.o
 .data          0x0000000000800100        0x0 .build/obj_Aaron_iris_rev2_default/keyboards/Aaron/iris/keymaps/default/keymap.o
 .data          0x0000000000800100        0x0 .build/obj_Aaron_iris_rev2_default/quantum/quantum.o
 .data          0x0000000000800100        0x0 .build/obj_Aaron_iris_rev2_default/quantum/keymap_common.o
 .data          0x0000000000800100        0x0 .build/obj_Aaron_iris_rev2_default/quantum/keycode_config.o
 .data          0x0000000000800100        0x0 .build/obj_Aaron_iris_rev2_default/quantum/process_keycode/process_leader.o
 .data          0x0000000000800100        0x0 .build/obj_Aaron_iris_rev2_default/quantum/rgblight.o
 .data          0x0000000000800100        0x0 .build/obj_Aaron_iris_rev2_default/ws2812.o
 .data          0x0000000000800100        0x0 .build/obj_Aaron_iris_rev2_default/quantum/led_tables.o
 .data          0x0000000000800100        0x0 .build/obj_Aaron_iris_rev2_default/common/host.o
 .data          0x0000000000800100        0x0 .build/obj_Aaron_iris_rev2_default/common/keyboard.o
 .data          0x0000000000800100        0x0 .build/obj_Aaron_iris_rev2_default/common/action.o
 .data          0x0000000000800100        0x0 .build/obj_Aaron_iris_rev2_default/common/action_tapping.o
 .data          0x0000000000800100        0x0 .build/obj_Aaron_iris_rev2_default/common/action_macro.o
 .data          0x0000000000800100        0x0 .build/obj_Aaron_iris_rev2_default/common/action_layer.o
 .data          0x0000000000800100        0x0 .build/obj_Aaron_iris_rev2_default/common/action_util.o
 .data          0x0000000000800100        0x0 .build/obj_Aaron_iris_rev2_default/common/print.o
 .data          0x0000000000800100        0x0 .build/obj_Aaron_iris_rev2_default/common/debug.o
 .data          0x0000000000800100        0x0 .build/obj_Aaron_iris_rev2_default/common/util.o
 .data          0x0000000000800100        0x0 .build/obj_Aaron_iris_rev2_default/common/eeconfig.o
 .data          0x0000000000800100        0x0 .build/obj_Aaron_iris_rev2_default/common/report.o
 .data          0x0000000000800100        0x0 .build/obj_Aaron_iris_rev2_default/common/avr/suspend.o
 .data          0x0000000000800100        0x0 .build/obj_Aaron_iris_rev2_default/common/avr/timer.o
 .data          0x0000000000800100        0x0 .build/obj_Aaron_iris_rev2_default/common/avr/bootloader.o
 .data          0x0000000000800100        0x0 .build/obj_Aaron_iris_rev2_default/common/avr/xprintf.o
 .data          0x0000000000800100        0x0 .build/obj_Aaron_iris_rev2_default/common/magic.o
 .data          0x0000000000800100        0x0 .build/obj_Aaron_iris_rev2_default/common/mousekey.o
 .data          0x0000000000800100        0x0 .build/obj_Aaron_iris_rev2_default/common/command.o
 .data          0x0000000000800100        0x0 .build/obj_Aaron_iris_rev2_default/common/backlight.o
 .data          0x0000000000800100        0x0 .build/obj_Aaron_iris_rev2_default/lufa.o
 .data          0x0000000000800100        0x0 .build/obj_Aaron_iris_rev2_default/usb_descriptor.o
 .data          0x0000000000800100        0x0 .build/obj_Aaron_iris_rev2_default/outputselect.o
 .data          0x0000000000800100        0x0 .build/obj_Aaron_iris_rev2_default/./lib/lufa/LUFA/Drivers/USB/Class/Common/HIDParser.o
 .data          0x0000000000800100        0x0 .build/obj_Aaron_iris_rev2_default/./lib/lufa/LUFA/Drivers/USB/Core/AVR8/Device_AVR8.o
 .data          0x0000000000800100        0x0 .build/obj_Aaron_iris_rev2_default/./lib/lufa/LUFA/Drivers/USB/Core/AVR8/EndpointStream_AVR8.o
 .data          0x0000000000800100        0x0 .build/obj_Aaron_iris_rev2_default/./lib/lufa/LUFA/Drivers/USB/Core/AVR8/Endpoint_AVR8.o
 .data          0x0000000000800100        0x0 .build/obj_Aaron_iris_rev2_default/./lib/lufa/LUFA/Drivers/USB/Core/AVR8/Host_AVR8.o
 .data          0x0000000000800100        0x0 .build/obj_Aaron_iris_rev2_default/./lib/lufa/LUFA/Drivers/USB/Core/AVR8/PipeStream_AVR8.o
 .data          0x0000000000800100        0x0 .build/obj_Aaron_iris_rev2_default/./lib/lufa/LUFA/Drivers/USB/Core/AVR8/Pipe_AVR8.o
 .data          0x0000000000800100        0x0 .build/obj_Aaron_iris_rev2_default/./lib/lufa/LUFA/Drivers/USB/Core/AVR8/USBController_AVR8.o
 .data          0x0000000000800100        0x0 .build/obj_Aaron_iris_rev2_default/./lib/lufa/LUFA/Drivers/USB/Core/AVR8/USBInterrupt_AVR8.o
 .data          0x0000000000800100        0x0 .build/obj_Aaron_iris_rev2_default/./lib/lufa/LUFA/Drivers/USB/Core/ConfigDescriptors.o
 .data          0x0000000000800100        0x0 .build/obj_Aaron_iris_rev2_default/./lib/lufa/LUFA/Drivers/USB/Core/DeviceStandardReq.o
 .data          0x0000000000800100        0x0 .build/obj_Aaron_iris_rev2_default/./lib/lufa/LUFA/Drivers/USB/Core/Events.o
 .data          0x0000000000800100        0x0 .build/obj_Aaron_iris_rev2_default/./lib/lufa/LUFA/Drivers/USB/Core/HostStandardReq.o
 .data          0x0000000000800100        0x0 .build/obj_Aaron_iris_rev2_default/./lib/lufa/LUFA/Drivers/USB/Core/USBTask.o
 .data          0x0000000000800100        0x0 /usr/lib/gcc/avr/4.8.2/../../../avr/lib/avr5/libm.a(addsf3.o)
 .data          0x0000000000800100        0x0 /usr/lib/gcc/avr/4.8.2/../../../avr/lib/avr5/libm.a(addsf3x.o)
 .data          0x0000000000800100        0x0 /usr/lib/gcc/avr/4.8.2/../../../avr/lib/avr5/libm.a(divsf3.o)
 .data          0x0000000000800100        0x0 /usr/lib/gcc/avr/4.8.2/../../../avr/lib/avr5/libm.a(divsf3x.o)
 .data          0x0000000000800100        0x0 /usr/lib/gcc/avr/4.8.2/../../../avr/lib/avr5/libm.a(exp.o)
 .data          0x0000000000800100        0x0 /usr/lib/gcc/avr/4.8.2/../../../avr/lib/avr5/libm.a(fixunssfsi.o)
 .data          0x0000000000800100        0x0 /usr/lib/gcc/avr/4.8.2/../../../avr/lib/avr5/libm.a(floatsisf.o)
 .data          0x0000000000800100        0x0 /usr/lib/gcc/avr/4.8.2/../../../avr/lib/avr5/libm.a(fp_inf.o)
 .data          0x0000000000800100        0x0 /usr/lib/gcc/avr/4.8.2/../../../avr/lib/avr5/libm.a(fp_nan.o)
 .data          0x0000000000800100        0x0 /usr/lib/gcc/avr/4.8.2/../../../avr/lib/avr5/libm.a(fp_powser.o)
 .data          0x0000000000800100        0x0 /usr/lib/gcc/avr/4.8.2/../../../avr/lib/avr5/libm.a(fp_pscA.o)
 .data          0x0000000000800100        0x0 /usr/lib/gcc/avr/4.8.2/../../../avr/lib/avr5/libm.a(fp_pscB.o)
 .data          0x0000000000800100        0x0 /usr/lib/gcc/avr/4.8.2/../../../avr/lib/avr5/libm.a(fp_round.o)
 .data          0x0000000000800100        0x0 /usr/lib/gcc/avr/4.8.2/../../../avr/lib/avr5/libm.a(fp_split3.o)
 .data          0x0000000000800100        0x0 /usr/lib/gcc/avr/4.8.2/../../../avr/lib/avr5/libm.a(fp_zero.o)
 .data          0x0000000000800100        0x0 /usr/lib/gcc/avr/4.8.2/../../../avr/lib/avr5/libm.a(inverse.o)
 .data          0x0000000000800100        0x0 /usr/lib/gcc/avr/4.8.2/../../../avr/lib/avr5/libm.a(ldexp.o)
 .data          0x0000000000800100        0x0 /usr/lib/gcc/avr/4.8.2/../../../avr/lib/avr5/libm.a(modf.o)
 .data          0x0000000000800100        0x0 /usr/lib/gcc/avr/4.8.2/../../../avr/lib/avr5/libm.a(mulsf3.o)
 .data          0x0000000000800100        0x0 /usr/lib/gcc/avr/4.8.2/../../../avr/lib/avr5/libm.a(mulsf3x.o)
 .data          0x0000000000800100        0x0 /usr/lib/gcc/avr/4.8.2/../../../avr/lib/avr5/libm.a(sin.o)
 .data          0x0000000000800100        0x0 /usr/lib/gcc/avr/4.8.2/../../../avr/lib/avr5/libm.a(fp_mpack.o)
 .data          0x0000000000800100        0x0 /usr/lib/gcc/avr/4.8.2/../../../avr/lib/avr5/libm.a(fp_rempio2.o)
 .data          0x0000000000800100        0x0 /usr/lib/gcc/avr/4.8.2/../../../avr/lib/avr5/libm.a(fp_sinus.o)
 .data          0x0000000000800100        0x0 /usr/lib/gcc/avr/4.8.2/../../../avr/lib/avr5/libm.a(fp_powsodd.o)
 .data          0x0000000000800100        0x0 /usr/lib/gcc/avr/4.8.2/avr5/libgcc.a(_umulhisi3.o)
 .data          0x0000000000800100        0x0 /usr/lib/gcc/avr/4.8.2/avr5/libgcc.a(_mulsi3.o)
 .data          0x0000000000800100        0x0 /usr/lib/gcc/avr/4.8.2/avr5/libgcc.a(_udivmodhi4.o)
 .data          0x0000000000800100        0x0 /usr/lib/gcc/avr/4.8.2/avr5/libgcc.a(_divmodhi4.o)
 .data          0x0000000000800100        0x0 /usr/lib/gcc/avr/4.8.2/avr5/libgcc.a(_udivmodsi4.o)
 .data          0x0000000000800100        0x0 /usr/lib/gcc/avr/4.8.2/avr5/libgcc.a(_exit.o)
 .data          0x0000000000800100        0x0 /usr/lib/gcc/avr/4.8.2/avr5/libgcc.a(_tablejump.o)
 .data          0x0000000000800100        0x0 /usr/lib/gcc/avr/4.8.2/avr5/libgcc.a(_copy_data.o)
 .data          0x0000000000800100        0x0 /usr/lib/gcc/avr/4.8.2/avr5/libgcc.a(_clear_bss.o)
 .data          0x0000000000800100        0x0 /usr/lib/gcc/avr/4.8.2/avr5/libgcc.a(_muluhisi3.o)
 .data          0x0000000000800100        0x0 /usr/lib/gcc/avr/4.8.2/../../../avr/lib/avr5/libc.a(memmove.o)
 .data          0x0000000000800100        0x0 /usr/lib/gcc/avr/4.8.2/../../../avr/lib/avr5/libc.a(eerd_byte_atmega32u4.o)
 .data          0x0000000000800100        0x0 /usr/lib/gcc/avr/4.8.2/../../../avr/lib/avr5/libc.a(eerd_dword_atmega32u4.o)
 .data          0x0000000000800100        0x0 /usr/lib/gcc/avr/4.8.2/../../../avr/lib/avr5/libc.a(eerd_word_atmega32u4.o)
 .data          0x0000000000800100        0x0 /usr/lib/gcc/avr/4.8.2/../../../avr/lib/avr5/libc.a(eeupd_byte_atmega32u4.o)
 .data          0x0000000000800100        0x0 /usr/lib/gcc/avr/4.8.2/../../../avr/lib/avr5/libc.a(eeupd_dword_atmega32u4.o)
 .data          0x0000000000800100        0x0 /usr/lib/gcc/avr/4.8.2/../../../avr/lib/avr5/libc.a(eeupd_word_atmega32u4.o)
 .data          0x0000000000800100        0x0 /usr/lib/gcc/avr/4.8.2/../../../avr/lib/avr5/libc.a(memcpy.o)
 .data          0x0000000000800100        0x0 /usr/lib/gcc/avr/4.8.2/../../../avr/lib/avr5/libc.a(eerd_block_atmega32u4.o)
 *(.data*)
 .data.isLeftHand
                0x0000000000800100        0x1 .build/obj_Aaron_iris_rev2_default/split_util.o
                0x0000000000800100                isLeftHand
 .data.increment.2329
                0x0000000000800101        0x1 .build/obj_Aaron_iris_rev2_default/quantum/rgblight.o
 .data.high_bound.2328
                0x0000000000800102        0x1 .build/obj_Aaron_iris_rev2_default/quantum/rgblight.o
 .data.keyboard_report
                0x0000000000800103        0x2 .build/obj_Aaron_iris_rev2_default/common/action_util.o
                0x0000000000800103                keyboard_report
 .data.mk_wheel_time_to_max
                0x0000000000800105        0x1 .build/obj_Aaron_iris_rev2_default/common/mousekey.o
                0x0000000000800105                mk_wheel_time_to_max
 .data.mk_wheel_max_speed
                0x0000000000800106        0x1 .build/obj_Aaron_iris_rev2_default/common/mousekey.o
                0x0000000000800106                mk_wheel_max_speed
 .data.mk_time_to_max
                0x0000000000800107        0x1 .build/obj_Aaron_iris_rev2_default/common/mousekey.o
                0x0000000000800107                mk_time_to_max
 .data.mk_max_speed
                0x0000000000800108        0x1 .build/obj_Aaron_iris_rev2_default/common/mousekey.o
                0x0000000000800108                mk_max_speed
 .data.mk_interval
                0x0000000000800109        0x1 .build/obj_Aaron_iris_rev2_default/common/mousekey.o
                0x0000000000800109                mk_interval
 .data.mk_delay
                0x000000000080010a        0x1 .build/obj_Aaron_iris_rev2_default/common/mousekey.o
                0x000000000080010a                mk_delay
 .data.lufa_driver
                0x000000000080010b        0xa .build/obj_Aaron_iris_rev2_default/lufa.o
                0x000000000080010b                lufa_driver
 .data.keyboard_protocol
                0x0000000000800115        0x1 .build/obj_Aaron_iris_rev2_default/lufa.o
                0x0000000000800115                keyboard_protocol
 *(.rodata)
 *(.rodata*)
 .rodata.col_pins
                0x0000000000800116        0x6 .build/obj_Aaron_iris_rev2_default/matrix.o
 .rodata.row_pins
                0x000000000080011c        0xa .build/obj_Aaron_iris_rev2_default/matrix.o
 .rodata.CSWTCH.46
                0x0000000000800126        0xa .build/obj_Aaron_iris_rev2_default/common/command.o
 .rodata.CSWTCH.3
                0x0000000000800130        0x3 .build/obj_Aaron_iris_rev2_default/usb_descriptor.o
 .rodata.CSWTCH.2
                0x0000000000800133        0x6 .build/obj_Aaron_iris_rev2_default/usb_descriptor.o
 .rodata.CSWTCH.1
                0x0000000000800139        0x6 .build/obj_Aaron_iris_rev2_default/usb_descriptor.o
 *(.gnu.linkonce.d*)
                0x0000000000800140                . = ALIGN (0x2)
 *fill*         0x000000000080013f        0x1 
                0x0000000000800140                _edata = .
                0x0000000000800140                PROVIDE (__data_end, .)

.bss            0x0000000000800140      0x105
                0x0000000000800140                PROVIDE (__bss_start, .)
 *(.bss)
 *(.bss*)
 .bss.matrix    0x0000000000800140        0xa .build/obj_Aaron_iris_rev2_default/matrix.o
 .bss.error_count
                0x000000000080014a        0x1 .build/obj_Aaron_iris_rev2_default/matrix.o
 .bss.matrix_debouncing
                0x000000000080014b        0xa .build/obj_Aaron_iris_rev2_default/matrix.o
 .bss.debouncing
                0x0000000000800155        0x1 .build/obj_Aaron_iris_rev2_default/matrix.o
 .bss.debouncing_time
                0x0000000000800156        0x2 .build/obj_Aaron_iris_rev2_default/matrix.o
 .bss.status    0x0000000000800158        0x1 .build/obj_Aaron_iris_rev2_default/serial.o
                0x0000000000800158                status
 .bss.serial_master_buffer
                0x0000000000800159        0x1 .build/obj_Aaron_iris_rev2_default/serial.o
                0x0000000000800159                serial_master_buffer
 .bss.serial_slave_buffer
                0x000000000080015a        0x5 .build/obj_Aaron_iris_rev2_default/serial.o
                0x000000000080015a                serial_slave_buffer
 .bss.grave_esc_was_shifted
                0x000000000080015f        0x1 .build/obj_Aaron_iris_rev2_default/quantum/quantum.o
 .bss.scs_timer
                0x0000000000800160        0x4 .build/obj_Aaron_iris_rev2_default/quantum/quantum.o
 .bss.shift_interrupted
                0x0000000000800164        0x2 .build/obj_Aaron_iris_rev2_default/quantum/quantum.o
 .bss.leader_sequence_size
                0x0000000000800166        0x1 .build/obj_Aaron_iris_rev2_default/quantum/process_keycode/process_leader.o
                0x0000000000800166                leader_sequence_size
 .bss.leader_sequence
                0x0000000000800167        0xa .build/obj_Aaron_iris_rev2_default/quantum/process_keycode/process_leader.o
                0x0000000000800167                leader_sequence
 .bss.leader_time
                0x0000000000800171        0x2 .build/obj_Aaron_iris_rev2_default/quantum/process_keycode/process_leader.o
                0x0000000000800171                leader_time
 .bss.leading   0x0000000000800173        0x1 .build/obj_Aaron_iris_rev2_default/quantum/process_keycode/process_leader.o
                0x0000000000800173                leading
 .bss.current_offset.2341
                0x0000000000800174        0x2 .build/obj_Aaron_iris_rev2_default/quantum/rgblight.o
 .bss.last_timer.2342
                0x0000000000800176        0x2 .build/obj_Aaron_iris_rev2_default/quantum/rgblight.o
 .bss.low_bound.2327
                0x0000000000800178        0x1 .build/obj_Aaron_iris_rev2_default/quantum/rgblight.o
 .bss.last_timer.2323
                0x0000000000800179        0x2 .build/obj_Aaron_iris_rev2_default/quantum/rgblight.o
 .bss.pos.2305  0x000000000080017b        0x1 .build/obj_Aaron_iris_rev2_default/quantum/rgblight.o
 .bss.last_timer.2306
                0x000000000080017c        0x2 .build/obj_Aaron_iris_rev2_default/quantum/rgblight.o
 .bss.current_hue.2292
                0x000000000080017e        0x2 .build/obj_Aaron_iris_rev2_default/quantum/rgblight.o
 .bss.last_timer.2293
                0x0000000000800180        0x2 .build/obj_Aaron_iris_rev2_default/quantum/rgblight.o
 .bss.current_hue.2284
                0x0000000000800182        0x2 .build/obj_Aaron_iris_rev2_default/quantum/rgblight.o
 .bss.last_timer.2285
                0x0000000000800184        0x2 .build/obj_Aaron_iris_rev2_default/quantum/rgblight.o
 .bss.pos.2275  0x0000000000800186        0x1 .build/obj_Aaron_iris_rev2_default/quantum/rgblight.o
 .bss.last_timer.2276
                0x0000000000800187        0x2 .build/obj_Aaron_iris_rev2_default/quantum/rgblight.o
 .bss.rgblight_timer_enabled
                0x0000000000800189        0x1 .build/obj_Aaron_iris_rev2_default/quantum/rgblight.o
                0x0000000000800189                rgblight_timer_enabled
 .bss.rgblight_inited
                0x000000000080018a        0x1 .build/obj_Aaron_iris_rev2_default/quantum/rgblight.o
                0x000000000080018a                rgblight_inited
 .bss.last_consumer_report
                0x000000000080018b        0x2 .build/obj_Aaron_iris_rev2_default/common/host.o
 .bss.last_system_report
                0x000000000080018d        0x2 .build/obj_Aaron_iris_rev2_default/common/host.o
 .bss.driver    0x000000000080018f        0x2 .build/obj_Aaron_iris_rev2_default/common/host.o
 .bss.led_status.2895
                0x0000000000800191        0x1 .build/obj_Aaron_iris_rev2_default/common/keyboard.o
 .bss.matrix_prev.2894
                0x0000000000800192        0xa .build/obj_Aaron_iris_rev2_default/common/keyboard.o
 .bss.waiting_buffer_tail
                0x000000000080019c        0x1 .build/obj_Aaron_iris_rev2_default/common/action_tapping.o
 .bss.waiting_buffer_head
                0x000000000080019d        0x1 .build/obj_Aaron_iris_rev2_default/common/action_tapping.o
 .bss.waiting_buffer
                0x000000000080019e       0x30 .build/obj_Aaron_iris_rev2_default/common/action_tapping.o
 .bss.tapping_key
                0x00000000008001ce        0x6 .build/obj_Aaron_iris_rev2_default/common/action_tapping.o
 .bss.layer_state
                0x00000000008001d4        0x4 .build/obj_Aaron_iris_rev2_default/common/action_layer.o
                0x00000000008001d4                layer_state
 .bss.default_layer_state
                0x00000000008001d8        0x4 .build/obj_Aaron_iris_rev2_default/common/action_layer.o
                0x00000000008001d8                default_layer_state
 .bss.oneshot_layer_data
                0x00000000008001dc        0x1 .build/obj_Aaron_iris_rev2_default/common/action_util.o
 .bss.oneshot_mods
                0x00000000008001dd        0x1 .build/obj_Aaron_iris_rev2_default/common/action_util.o
 .bss.__compound_literal.0
                0x00000000008001de        0x8 .build/obj_Aaron_iris_rev2_default/common/action_util.o
 .bss.macro_mods
                0x00000000008001e6        0x1 .build/obj_Aaron_iris_rev2_default/common/action_util.o
 .bss.weak_mods
                0x00000000008001e7        0x1 .build/obj_Aaron_iris_rev2_default/common/action_util.o
 .bss.real_mods
                0x00000000008001e8        0x1 .build/obj_Aaron_iris_rev2_default/common/action_util.o
 .bss.debug_config
                0x00000000008001e9        0x1 .build/obj_Aaron_iris_rev2_default/common/debug.o
                0x00000000008001e9                debug_config
 .bss.wdt_timeout
                0x00000000008001ea        0x1 .build/obj_Aaron_iris_rev2_default/common/avr/suspend.o
 .bss.last_timer
                0x00000000008001eb        0x2 .build/obj_Aaron_iris_rev2_default/common/mousekey.o
 .bss.mousekey_accel
                0x00000000008001ed        0x1 .build/obj_Aaron_iris_rev2_default/common/mousekey.o
 .bss.mousekey_repeat
                0x00000000008001ee        0x1 .build/obj_Aaron_iris_rev2_default/common/mousekey.o
 .bss.mouse_report
                0x00000000008001ef        0x5 .build/obj_Aaron_iris_rev2_default/common/mousekey.o
 .bss.mousekey_param
                0x00000000008001f4        0x1 .build/obj_Aaron_iris_rev2_default/common/command.o
 .bss.command_state
                0x00000000008001f5        0x1 .build/obj_Aaron_iris_rev2_default/common/command.o
                0x00000000008001f5                command_state
 .bss.keyboard_report_sent
                0x00000000008001f6        0x8 .build/obj_Aaron_iris_rev2_default/lufa.o
 .bss.keyboard_led_stats
                0x00000000008001fe        0x1 .build/obj_Aaron_iris_rev2_default/lufa.o
 .bss.keyboard_idle
                0x00000000008001ff        0x1 .build/obj_Aaron_iris_rev2_default/lufa.o
                0x00000000008001ff                keyboard_idle
 .bss.desired_output
                0x0000000000800200        0x1 .build/obj_Aaron_iris_rev2_default/outputselect.o
                0x0000000000800200                desired_output
 *(COMMON)
 COMMON         0x0000000000800201       0x2e .build/obj_Aaron_iris_rev2_default/quantum/rgblight.o
                0x0000000000800201                rgblight_config
                0x0000000000800206                inmem_config
                0x000000000080020b                led
 COMMON         0x000000000080022f        0x2 .build/obj_Aaron_iris_rev2_default/common/action.o
                0x000000000080022f                tp_buttons
 COMMON         0x0000000000800231        0x4 .build/obj_Aaron_iris_rev2_default/common/avr/timer.o
                0x0000000000800231                timer_count
 COMMON         0x0000000000800235        0x2 .build/obj_Aaron_iris_rev2_default/common/magic.o
                0x0000000000800235                keymap_config
 COMMON         0x0000000000800237        0x1 .build/obj_Aaron_iris_rev2_default/common/backlight.o
                0x0000000000800237                backlight_config
 COMMON         0x0000000000800238        0x3 .build/obj_Aaron_iris_rev2_default/./lib/lufa/LUFA/Drivers/USB/Core/DeviceStandardReq.o
                0x0000000000800238                USB_Device_ConfigurationNumber
                0x0000000000800239                USB_Device_CurrentlySelfPowered
                0x000000000080023a                USB_Device_RemoteWakeupEnabled
 COMMON         0x000000000080023b        0xa .build/obj_Aaron_iris_rev2_default/./lib/lufa/LUFA/Drivers/USB/Core/USBTask.o
                0x000000000080023b                USB_IsInitialized
                0x000000000080023c                USB_DeviceState
                0x000000000080023d                USB_ControlRequest
                0x0000000000800245                PROVIDE (__bss_end, .)
                0x00000000000069f6                __data_load_start = LOADADDR (.data)
                0x0000000000006a36                __data_load_end = (__data_load_start + SIZEOF (.data))

.noinit         0x0000000000800245        0x4