Archive member included to satisfy reference by file (symbol)

/usr/local/Cellar/avr-gcc@7/7.3.0/lib/avr-gcc/7/gcc/avr/7.3.0/avr5/libgcc.a(_divmodhi4.o)
                              .build/obj_Dactylv2_rev2_Default/common/mousekey.o (__divmodhi4)
/usr/local/Cellar/avr-gcc@7/7.3.0/lib/avr-gcc/7/gcc/avr/7.3.0/avr5/libgcc.a(_exit.o)
                              /usr/local/Cellar/avr-gcc@7/7.3.0/lib/avr-gcc/7/gcc/avr/7.3.0/../../../../../../avr/lib/avr5/crtatmega32u4.o (exit)
/usr/local/Cellar/avr-gcc@7/7.3.0/lib/avr-gcc/7/gcc/avr/7.3.0/avr5/libgcc.a(_tablejump2.o)
                              .build/obj_Dactylv2_rev2_Default/keyboards/Dactylv2/keymaps/Default/keymap.o (__tablejump2__)
/usr/local/Cellar/avr-gcc@7/7.3.0/lib/avr-gcc/7/gcc/avr/7.3.0/avr5/libgcc.a(_copy_data.o)
                              .build/obj_Dactylv2_rev2_Default/matrix.o (__do_copy_data)
/usr/local/Cellar/avr-gcc@7/7.3.0/lib/avr-gcc/7/gcc/avr/7.3.0/avr5/libgcc.a(_clear_bss.o)
                              .build/obj_Dactylv2_rev2_Default/matrix.o (__do_clear_bss)
/usr/local/Cellar/avr-gcc@7/7.3.0/lib/avr-gcc/7/gcc/avr/7.3.0/avr5/libgcc.a(_udivmodhi4.o)
                              /usr/local/Cellar/avr-gcc@7/7.3.0/lib/avr-gcc/7/gcc/avr/7.3.0/avr5/libgcc.a(_divmodhi4.o) (__udivmodhi4)
/usr/local/Cellar/avr-gcc@7/7.3.0/lib/avr-gcc/7/gcc/avr/7.3.0/../../../../../../avr/lib/avr5/libc.a(memmove.o)
                              .build/obj_Dactylv2_rev2_Default/./lib/lufa/LUFA/Drivers/USB/Class/Common/HIDParser.o (memmove)
/usr/local/Cellar/avr-gcc@7/7.3.0/lib/avr-gcc/7/gcc/avr/7.3.0/../../../../../../avr/lib/avr5/libc.a(memcpy.o)
                              /usr/local/Cellar/avr-gcc@7/7.3.0/lib/avr-gcc/7/gcc/avr/7.3.0/../../../../../../avr/lib/avr5/libc.a(memmove.o) (memcpy)
/usr/local/Cellar/avr-gcc@7/7.3.0/lib/avr-gcc/7/gcc/avr/7.3.0/../../../../../../avr/lib/avr5/libatmega32u4.a(eerd_byte.o)
                              .build/obj_Dactylv2_rev2_Default/split_util.o (eeprom_read_byte)
/usr/local/Cellar/avr-gcc@7/7.3.0/lib/avr-gcc/7/gcc/avr/7.3.0/../../../../../../avr/lib/avr5/libatmega32u4.a(eerd_word.o)
                              .build/obj_Dactylv2_rev2_Default/common/eeconfig.o (eeprom_read_word)
/usr/local/Cellar/avr-gcc@7/7.3.0/lib/avr-gcc/7/gcc/avr/7.3.0/../../../../../../avr/lib/avr5/libatmega32u4.a(eeupd_byte.o)
                              .build/obj_Dactylv2_rev2_Default/common/eeconfig.o (eeprom_update_byte)
/usr/local/Cellar/avr-gcc@7/7.3.0/lib/avr-gcc/7/gcc/avr/7.3.0/../../../../../../avr/lib/avr5/libatmega32u4.a(eeupd_word.o)
                              .build/obj_Dactylv2_rev2_Default/common/eeconfig.o (eeprom_update_word)
/usr/local/Cellar/avr-gcc@7/7.3.0/lib/avr-gcc/7/gcc/avr/7.3.0/../../../../../../avr/lib/avr5/libatmega32u4.a(eerd_block.o)
                              /usr/local/Cellar/avr-gcc@7/7.3.0/lib/avr-gcc/7/gcc/avr/7.3.0/../../../../../../avr/lib/avr5/libatmega32u4.a(eerd_word.o) (eeprom_read_blraw)

Allocating common symbols
Common symbol       size              file

USB_IsInitialized   0x1               .build/obj_Dactylv2_rev2_Default/./lib/lufa/LUFA/Drivers/USB/Core/USBTask.o
keymap_config       0x2               .build/obj_Dactylv2_rev2_Default/common/magic.o
USB_DeviceState     0x1               .build/obj_Dactylv2_rev2_Default/./lib/lufa/LUFA/Drivers/USB/Core/USBTask.o
USB_Device_ConfigurationNumber
                    0x1               .build/obj_Dactylv2_rev2_Default/./lib/lufa/LUFA/Drivers/USB/Core/DeviceStandardReq.o
USB_Device_CurrentlySelfPowered
                    0x1               .build/obj_Dactylv2_rev2_Default/./lib/lufa/LUFA/Drivers/USB/Core/DeviceStandardReq.o
USB_ControlRequest  0x8               .build/obj_Dactylv2_rev2_Default/./lib/lufa/LUFA/Drivers/USB/Core/USBTask.o
tp_buttons          0x2               .build/obj_Dactylv2_rev2_Default/common/action.o
USB_Device_RemoteWakeupEnabled
                    0x1               .build/obj_Dactylv2_rev2_Default/./lib/lufa/LUFA/Drivers/USB/Core/DeviceStandardReq.o
timer_count         0x4               .build/obj_Dactylv2_rev2_Default/common/avr/timer.o

Discarded input sections

 .data          0x0000000000000000        0x0 /usr/local/Cellar/avr-gcc@7/7.3.0/lib/avr-gcc/7/gcc/avr/7.3.0/../../../../../../avr/lib/avr5/crtatmega32u4.o
 .bss           0x0000000000000000        0x0 /usr/local/Cellar/avr-gcc@7/7.3.0/lib/avr-gcc/7/gcc/avr/7.3.0/../../../../../../avr/lib/avr5/crtatmega32u4.o
 .text          0x0000000000000000        0x0 .build/obj_Dactylv2_rev2_Default/matrix.o
 .data          0x0000000000000000        0x0 .build/obj_Dactylv2_rev2_Default/matrix.o
 .bss           0x0000000000000000        0x0 .build/obj_Dactylv2_rev2_Default/matrix.o
 .text.matrix_init_user
                0x0000000000000000        0x2 .build/obj_Dactylv2_rev2_Default/matrix.o
 .text.matrix_init_kb
                0x0000000000000000        0x4 .build/obj_Dactylv2_rev2_Default/matrix.o
 .text.matrix_init_quantum
[...]
Memory Configuration

Name             Origin             Length             Attributes
text             0x0000000000000000 0x0000000000020000 xr
data             0x0000000000800060 0x000000000000ffa0 rw !x
eeprom           0x0000000000810000 0x0000000000010000 rw !x
fuse             0x0000000000820000 0x0000000000000400 rw !x
lock             0x0000000000830000 0x0000000000000400 rw !x
signature        0x0000000000840000 0x0000000000000400 rw !x
user_signatures  0x0000000000850000 0x0000000000000400 rw !x
*default*        0x0000000000000000 0xffffffffffffffff

Linker script and memory map

Address of section .data set to 0x800100
LOAD /usr/local/Cellar/avr-gcc@7/7.3.0/lib/avr-gcc/7/gcc/avr/7.3.0/../../../../../../avr/lib/avr5/crtatmega32u4.o
LOAD .build/obj_Dactylv2_rev2_Default/matrix.o
LOAD .build/obj_Dactylv2_rev2_Default/i2c.o
LOAD .build/obj_Dactylv2_rev2_Default/split_util.o
LOAD .build/obj_Dactylv2_rev2_Default/serial.o
LOAD .build/obj_Dactylv2_rev2_Default/ssd1306.o
LOAD .build/obj_Dactylv2_rev2_Default/keyboards/Dactylv2/rev2/rev2.o
LOAD .build/obj_Dactylv2_rev2_Default/keyboards/Dactylv2/keymaps/Default/keymap.o
LOAD .build/obj_Dactylv2_rev2_Default/quantum/quantum.o
LOAD .build/obj_Dactylv2_rev2_Default/quantum/keymap_common.o
LOAD .build/obj_Dactylv2_rev2_Default/quantum/keycode_config.o
LOAD .build/obj_Dactylv2_rev2_Default/quantum/process_keycode/process_leader.o
LOAD .build/obj_Dactylv2_rev2_Default/quantum/process_keycode/process_tap_dance.o
LOAD .build/obj_Dactylv2_rev2_Default/common/host.o
LOAD .build/obj_Dactylv2_rev2_Default/common/keyboard.o
LOAD .build/obj_Dactylv2_rev2_Default/common/action.o
LOAD .build/obj_Dactylv2_rev2_Default/common/action_tapping.o
LOAD .build/obj_Dactylv2_rev2_Default/common/action_macro.o
LOAD .build/obj_Dactylv2_rev2_Default/common/action_layer.o
LOAD .build/obj_Dactylv2_rev2_Default/common/action_util.o
LOAD .build/obj_Dactylv2_rev2_Default/common/print.o
LOAD .build/obj_Dactylv2_rev2_Default/common/debug.o
LOAD .build/obj_Dactylv2_rev2_Default/common/util.o
LOAD .build/obj_Dactylv2_rev2_Default/common/eeconfig.o
LOAD .build/obj_Dactylv2_rev2_Default/common/report.o
LOAD .build/obj_Dactylv2_rev2_Default/common/avr/suspend.o
LOAD .build/obj_Dactylv2_rev2_Default/common/avr/timer.o
LOAD .build/obj_Dactylv2_rev2_Default/common/avr/bootloader.o
LOAD .build/obj_Dactylv2_rev2_Default/common/avr/xprintf.o
LOAD .build/obj_Dactylv2_rev2_Default/common/magic.o
LOAD .build/obj_Dactylv2_rev2_Default/common/mousekey.o
LOAD .build/obj_Dactylv2_rev2_Default/common/command.o
LOAD .build/obj_Dactylv2_rev2_Default/lufa.o
LOAD .build/obj_Dactylv2_rev2_Default/usb_descriptor.o
LOAD .build/obj_Dactylv2_rev2_Default/outputselect.o
LOAD .build/obj_Dactylv2_rev2_Default/./lib/lufa/LUFA/Drivers/USB/Class/Common/HIDParser.o
LOAD .build/obj_Dactylv2_rev2_Default/./lib/lufa/LUFA/Drivers/USB/Core/AVR8/Device_AVR8.o
LOAD .build/obj_Dactylv2_rev2_Default/./lib/lufa/LUFA/Drivers/USB/Core/AVR8/EndpointStream_AVR8.o
LOAD .build/obj_Dactylv2_rev2_Default/./lib/lufa/LUFA/Drivers/USB/Core/AVR8/Endpoint_AVR8.o
LOAD .build/obj_Dactylv2_rev2_Default/./lib/lufa/LUFA/Drivers/USB/Core/AVR8/Host_AVR8.o
LOAD .build/obj_Dactylv2_rev2_Default/./lib/lufa/LUFA/Drivers/USB/Core/AVR8/PipeStream_AVR8.o
LOAD .build/obj_Dactylv2_rev2_Default/./lib/lufa/LUFA/Drivers/USB/Core/AVR8/Pipe_AVR8.o
LOAD .build/obj_Dactylv2_rev2_Default/./lib/lufa/LUFA/Drivers/USB/Core/AVR8/USBController_AVR8.o
LOAD .build/obj_Dactylv2_rev2_Default/./lib/lufa/LUFA/Drivers/USB/Core/AVR8/USBInterrupt_AVR8.o
LOAD .build/obj_Dactylv2_rev2_Default/./lib/lufa/LUFA/Drivers/USB/Core/ConfigDescriptors.o
LOAD .build/obj_Dactylv2_rev2_Default/./lib/lufa/LUFA/Drivers/USB/Core/DeviceStandardReq.o
LOAD .build/obj_Dactylv2_rev2_Default/./lib/lufa/LUFA/Drivers/USB/Core/Events.o
LOAD .build/obj_Dactylv2_rev2_Default/./lib/lufa/LUFA/Drivers/USB/Core/HostStandardReq.o
LOAD .build/obj_Dactylv2_rev2_Default/./lib/lufa/LUFA/Drivers/USB/Core/USBTask.o
LOAD /usr/local/Cellar/avr-gcc@7/7.3.0/lib/avr-gcc/7/gcc/avr/7.3.0/../../../../../../avr/lib/avr5/libm.a
START GROUP
LOAD /usr/local/Cellar/avr-gcc@7/7.3.0/lib/avr-gcc/7/gcc/avr/7.3.0/avr5/libgcc.a
LOAD /usr/local/Cellar/avr-gcc@7/7.3.0/lib/avr-gcc/7/gcc/avr/7.3.0/../../../../../../avr/lib/avr5/libm.a
LOAD /usr/local/Cellar/avr-gcc@7/7.3.0/lib/avr-gcc/7/gcc/avr/7.3.0/../../../../../../avr/lib/avr5/libc.a
LOAD /usr/local/Cellar/avr-gcc@7/7.3.0/lib/avr-gcc/7/gcc/avr/7.3.0/../../../../../../avr/lib/avr5/libatmega32u4.a
END GROUP
                0x0000000000020000                __TEXT_REGION_LENGTH__ = DEFINED (__TEXT_REGION_LENGTH__)?__TEXT_REGION_LENGTH__:0x20000
                0x000000000000ffa0                __DATA_REGION_LENGTH__ = DEFINED (__DATA_REGION_LENGTH__)?__DATA_REGION_LENGTH__:0xffa0
                0x0000000000010000                __EEPROM_REGION_LENGTH__ = DEFINED (__EEPROM_REGION_LENGTH__)?__EEPROM_REGION_LENGTH__:0x10000
                0x0000000000000400                __FUSE_REGION_LENGTH__ = DEFINED (__FUSE_REGION_LENGTH__)?__FUSE_REGION_LENGTH__:0x400
                0x0000000000000400                __LOCK_REGION_LENGTH__ = DEFINED (__LOCK_REGION_LENGTH__)?__LOCK_REGION_LENGTH__:0x400
                0x0000000000000400                __SIGNATURE_REGION_LENGTH__ = DEFINED (__SIGNATURE_REGION_LENGTH__)?__SIGNATURE_REGION_LENGTH__:0x400
                0x0000000000000400                __USER_SIGNATURE_REGION_LENGTH__ = DEFINED (__USER_SIGNATURE_REGION_LENGTH__)?__USER_SIGNATURE_REGION_LENGTH__:0x400

.hash
 *(.hash)

.dynsym
 *(.dynsym)

.dynstr
 *(.dynstr)

.gnu.version
 *(.gnu.version)

.gnu.version_d
 *(.gnu.version_d)

.gnu.version_r
 *(.gnu.version_r)

.rel.init
 *(.rel.init)

.rela.init
 *(.rela.init)

.rel.text
 *(.rel.text)
 *(.rel.text.*)
 *(.rel.gnu.linkonce.t*)

.rela.text
 *(.rela.text)
 *(.rela.text.*)
 *(.rela.gnu.linkonce.t*)

.rel.fini
 *(.rel.fini)

.rela.fini
 *(.rela.fini)

.rel.rodata
 *(.rel.rodata)
 *(.rel.rodata.*)
 *(.rel.gnu.linkonce.r*)

.rela.rodata
 *(.rela.rodata)
 *(.rela.rodata.*)
 *(.rela.gnu.linkonce.r*)

.rel.data
 *(.rel.data)
 *(.rel.data.*)
 *(.rel.gnu.linkonce.d*)

.rela.data
 *(.rela.data)
 *(.rela.data.*)
 *(.rela.gnu.linkonce.d*)

.rel.ctors
 *(.rel.ctors)

.rela.ctors
 *(.rela.ctors)

.rel.dtors
 *(.rel.dtors)

.rela.dtors
 *(.rela.dtors)

.rel.got
 *(.rel.got)

.rela.got
 *(.rela.got)

.rel.bss
 *(.rel.bss)

.rela.bss
 *(.rela.bss)

.rel.plt
 *(.rel.plt)

.rela.plt
 *(.rela.plt)

.text           0x0000000000000000     0x5606
 *(.vectors)
 .vectors       0x0000000000000000       0xac /usr/local/Cellar/avr-gcc@7/7.3.0/lib/avr-gcc/7/gcc/avr/7.3.0/../../../../../../avr/lib/avr5/crtatmega32u4.o
                0x0000000000000000                __vectors
                0x0000000000000000                __vector_default
 *(.vectors)
 *(.progmem.gcc*)
                0x00000000000000ac                . = ALIGN (0x2)
                0x00000000000000ac                __trampolines_start = .
 *(.trampolines)
 .trampolines   0x00000000000000ac        0x0 linker stubs
 *(.trampolines*)
                0x00000000000000ac                __trampolines_end = .
 *libprintf_flt.a:*(.progmem.data)
 *libc.a:*(.progmem.data)
 *(.progmem.*)
 .progmem.data.__m.3298
                0x00000000000000ac        0xd .build/obj_Dactylv2_rev2_Default/keyboards/Dactylv2/keymaps/Default/keymap.o
 .progmem.data.__m.3296
                0x00000000000000b9        0xd .build/obj_Dactylv2_rev2_Default/keyboards/Dactylv2/keymaps/Default/keymap.o
 .progmem.data.__m.3286
                0x00000000000000c6       0x3b .build/obj_Dactylv2_rev2_Default/keyboards/Dactylv2/keymaps/Default/keymap.o
 .progmem.data.__m.3284
                0x0000000000000101       0x55 .build/obj_Dactylv2_rev2_Default/keyboards/Dactylv2/keymaps/Default/keymap.o
 .progmem.data.__m.3282
                0x0000000000000156       0x1d .build/obj_Dactylv2_rev2_Default/keyboards/Dactylv2/keymaps/Default/keymap.o
 .progmem.data.__m.3276
                0x0000000000000173        0xd .build/obj_Dactylv2_rev2_Default/keyboards/Dactylv2/keymaps/Default/keymap.o
 .progmem.data.__m.3274
                0x0000000000000180        0x9 .build/obj_Dactylv2_rev2_Default/keyboards/Dactylv2/keymaps/Default/keymap.o
 .progmem.data.__m.3272
                0x0000000000000189        0x9 .build/obj_Dactylv2_rev2_Default/keyboards/Dactylv2/keymaps/Default/keymap.o
 .progmem.data.__c.3266
                0x0000000000000192       0x13 .build/obj_Dactylv2_rev2_Default/keyboards/Dactylv2/keymaps/Default/keymap.o
 .progmem.data.__m.3263
                0x00000000000001a5       0x33 .build/obj_Dactylv2_rev2_Default/keyboards/Dactylv2/keymaps/Default/keymap.o
 .progmem.data.__m.3260
                0x00000000000001d8       0x33 .build/obj_Dactylv2_rev2_Default/keyboards/Dactylv2/keymaps/Default/keymap.o
 .progmem.data.__m.3257
                0x000000000000020b       0x33 .build/obj_Dactylv2_rev2_Default/keyboards/Dactylv2/keymaps/Default/keymap.o
 .progmem.data.__c.3254
                0x000000000000023e        0xe .build/obj_Dactylv2_rev2_Default/keyboards/Dactylv2/keymaps/Default/keymap.o
 .progmem.data.__c.3251
                0x000000000000024c        0x1 .build/obj_Dactylv2_rev2_Default/keyboards/Dactylv2/keymaps/Default/keymap.o
 .progmem.data.__m.3248
                0x000000000000024d       0x1b .build/obj_Dactylv2_rev2_Default/keyboards/Dactylv2/keymaps/Default/keymap.o
 .progmem.data.__m.3244
                0x0000000000000268        0x5 .build/obj_Dactylv2_rev2_Default/keyboards/Dactylv2/keymaps/Default/keymap.o
 .progmem.data.__m.3240
                0x000000000000026d       0x13 .build/obj_Dactylv2_rev2_Default/keyboards/Dactylv2/keymaps/Default/keymap.o
 .progmem.data.__c.3237
                0x0000000000000280       0x18 .build/obj_Dactylv2_rev2_Default/keyboards/Dactylv2/keymaps/Default/keymap.o
 .progmem.data.__c.3234
                0x0000000000000298        0x6 .build/obj_Dactylv2_rev2_Default/keyboards/Dactylv2/keymaps/Default/keymap.o
 .progmem.data.__m.3231
                0x000000000000029e       0x31 .build/obj_Dactylv2_rev2_Default/keyboards/Dactylv2/keymaps/Default/keymap.o
 .progmem.data.__m.3228
                0x00000000000002cf        0x9 .build/obj_Dactylv2_rev2_Default/keyboards/Dactylv2/keymaps/Default/keymap.o
 .progmem.data.keymaps
                0x00000000000002d8      0xb28 .build/obj_Dactylv2_rev2_Default/keyboards/Dactylv2/keymaps/Default/keymap.o
                0x00000000000002d8                keymaps
 .progmem.data.ascii_to_keycode_lut
                0x0000000000000e00       0x80 .build/obj_Dactylv2_rev2_Default/quantum/quantum.o
                0x0000000000000e00                ascii_to_keycode_lut
 .progmem.data.ascii_to_shift_lut
                0x0000000000000e80       0x80 .build/obj_Dactylv2_rev2_Default/quantum/quantum.o
                0x0000000000000e80                ascii_to_shift_lut
 .progmem.data.fn_actions
                0x0000000000000f00        0x0 .build/obj_Dactylv2_rev2_Default/quantum/keymap_common.o
                0x0000000000000f00                fn_actions
 .progmem.data.SerialNumberString
                0x0000000000000f00        0x6 .build/obj_Dactylv2_rev2_Default/usb_descriptor.o
                0x0000000000000f00                SerialNumberString
 .progmem.data.ProductString
                0x0000000000000f06       0x10 .build/obj_Dactylv2_rev2_Default/usb_descriptor.o
                0x0000000000000f06                ProductString
 .progmem.data.ManufacturerString
                0x0000000000000f16       0x18 .build/obj_Dactylv2_rev2_Default/usb_descriptor.o
                0x0000000000000f16                ManufacturerString
 .progmem.data.LanguageString
                0x0000000000000f2e        0x4 .build/obj_Dactylv2_rev2_Default/usb_descriptor.o
                0x0000000000000f2e                LanguageString
 .progmem.data.ConfigurationDescriptor
                0x0000000000000f32       0x54 .build/obj_Dactylv2_rev2_Default/usb_descriptor.o
                0x0000000000000f32                ConfigurationDescriptor
 .progmem.data.DeviceDescriptor
                0x0000000000000f86       0x12 .build/obj_Dactylv2_rev2_Default/usb_descriptor.o
                0x0000000000000f86                DeviceDescriptor
 .progmem.data.ExtrakeyReport
                0x0000000000000f98       0x36 .build/obj_Dactylv2_rev2_Default/usb_descriptor.o
                0x0000000000000f98                ExtrakeyReport
 .progmem.data.MouseReport
                0x0000000000000fce       0x4d .build/obj_Dactylv2_rev2_Default/usb_descriptor.o
                0x0000000000000fce                MouseReport
 .progmem.data.KeyboardReport
                0x000000000000101b       0x40 .build/obj_Dactylv2_rev2_Default/usb_descriptor.o
                0x000000000000101b                KeyboardReport
                0x000000000000105c                . = ALIGN (0x2)
 *fill*         0x000000000000105b        0x1 
 *(.lowtext)
 *(.lowtext*)
                0x000000000000105c                __ctors_start = .
 *(.ctors)
                0x000000000000105c                __ctors_end = .
                0x000000000000105c                __dtors_start = .
 *(.dtors)
                0x000000000000105c                __dtors_end = .
 SORT_BY_NAME(*)(.ctors)
 SORT_BY_NAME(*)(.dtors)
 *(.init0)
 .init0         0x000000000000105c        0x0 /usr/local/Cellar/avr-gcc@7/7.3.0/lib/avr-gcc/7/gcc/avr/7.3.0/../../../../../../avr/lib/avr5/crtatmega32u4.o
                0x000000000000105c                __init
 *(.init0)
 *(.init1)
 *(.init1)
 *(.init2)
 .init2         0x000000000000105c        0xc /usr/local/Cellar/avr-gcc@7/7.3.0/lib/avr-gcc/7/gcc/avr/7.3.0/../../../../../../avr/lib/avr5/crtatmega32u4.o
 *(.init2)
 *(.init3)
 .init3         0x0000000000001068       0x54 .build/obj_Dactylv2_rev2_Default/common/avr/bootloader.o
                0x0000000000001068                bootloader_jump_after_watchdog_reset
 *(.init3)
 *(.init4)
 .init4         0x00000000000010bc       0x16 /usr/local/Cellar/avr-gcc@7/7.3.0/lib/avr-gcc/7/gcc/avr/7.3.0/avr5/libgcc.a(_copy_data.o)
                0x00000000000010bc                __do_copy_data
 .init4         0x00000000000010d2       0x10 /usr/local/Cellar/avr-gcc@7/7.3.0/lib/avr-gcc/7/gcc/avr/7.3.0/avr5/libgcc.a(_clear_bss.o)
                0x00000000000010d2                __do_clear_bss
 *(.init4)
 *(.init5)
 *(.init5)
 *(.init6)
 *(.init6)
 *(.init7)
 *(.init7)
 *(.init8)
 *(.init8)
 *(.init9)
 .init9         0x00000000000010e2        0x8 /usr/local/Cellar/avr-gcc@7/7.3.0/lib/avr-gcc/7/gcc/avr/7.3.0/../../../../../../avr/lib/avr5/crtatmega32u4.o
 *(.init9)
 *(.text)
 .text          0x00000000000010ea        0x4 /usr/local/Cellar/avr-gcc@7/7.3.0/lib/avr-gcc/7/gcc/avr/7.3.0/../../../../../../avr/lib/avr5/crtatmega32u4.o
                0x00000000000010ea                __vector_42
                0x00000000000010ea                __vector_22
                0x00000000000010ea                __vector_28
                0x00000000000010ea                __vector_32
                0x00000000000010ea                __vector_34
                0x00000000000010ea                __vector_24
                0x00000000000010ea                __bad_interrupt
                0x00000000000010ea                __vector_6
                0x00000000000010ea                __vector_31
                0x00000000000010ea                __vector_35
                0x00000000000010ea                __vector_39
                0x00000000000010ea                __vector_3
                0x00000000000010ea                __vector_23
                0x00000000000010ea                __vector_30
                0x00000000000010ea                __vector_25
                0x00000000000010ea                __vector_13
                0x00000000000010ea                __vector_17
                0x00000000000010ea                __vector_19
                0x00000000000010ea                __vector_7
                0x00000000000010ea                __vector_41
                0x00000000000010ea                __vector_27
                0x00000000000010ea                __vector_5
                0x00000000000010ea                __vector_33
                0x00000000000010ea                __vector_37
                0x00000000000010ea                __vector_4
                0x00000000000010ea                __vector_9
                0x00000000000010ea                __vector_2
                0x00000000000010ea                __vector_15
                0x00000000000010ea                __vector_36
                0x00000000000010ea                __vector_29
                0x00000000000010ea                __vector_40
                0x00000000000010ea                __vector_8
                0x00000000000010ea                __vector_26
                0x00000000000010ea                __vector_14
                0x00000000000010ea                __vector_16
                0x00000000000010ea                __vector_18
                0x00000000000010ea                __vector_20
                0x00000000000010ea                __vector_38
                0x00000000000010ee                . = ALIGN (0x2)
 *(.text.*)
 .text.matrix_scan_kb
                0x00000000000010ee        0x4 .build/obj_Dactylv2_rev2_Default/matrix.o
                0x00000000000010ee                matrix_scan_kb
 .text.matrix_init
                0x00000000000010f2       0x96 .build/obj_Dactylv2_rev2_Default/matrix.o
                0x00000000000010f2                matrix_init
 .text._matrix_scan
                0x0000000000001188      0x160 .build/obj_Dactylv2_rev2_Default/matrix.o
                0x0000000000001188                _matrix_scan
 .text.serial_transaction
                0x00000000000012e8       0x44 .build/obj_Dactylv2_rev2_Default/matrix.o
                0x00000000000012e8                serial_transaction
 .text.matrix_scan
                0x000000000000132c       0x50 .build/obj_Dactylv2_rev2_Default/matrix.o
                0x000000000000132c                matrix_scan
 .text.matrix_slave_scan
                0x000000000000137c       0x30 .build/obj_Dactylv2_rev2_Default/matrix.o
                0x000000000000137c                matrix_slave_scan
 .text.matrix_get_row
                0x00000000000013ac        0xc .build/obj_Dactylv2_rev2_Default/matrix.o
                0x00000000000013ac                matrix_get_row
 .text.matrix_print
                0x00000000000013b8        0x2 .build/obj_Dactylv2_rev2_Default/matrix.o
                0x00000000000013b8                matrix_print
 .text.has_usb  0x00000000000013ba       0x1a .build/obj_Dactylv2_rev2_Default/split_util.o
                0x00000000000013ba                has_usb
 .text.split_keyboard_setup
                0x00000000000013d4       0x2e .build/obj_Dactylv2_rev2_Default/split_util.o
                0x00000000000013d4                split_keyboard_setup
 .text.keyboard_slave_loop
                0x0000000000001402        0xa .build/obj_Dactylv2_rev2_Default/split_util.o
                0x0000000000001402                keyboard_slave_loop
 .text.matrix_setup
                0x000000000000140c       0x12 .build/obj_Dactylv2_rev2_Default/split_util.o
                0x000000000000140c                matrix_setup
 .text.serial_output
                0x000000000000141e        0x4 .build/obj_Dactylv2_rev2_Default/serial.o
 .text.serial_input
                0x0000000000001422        0x6 .build/obj_Dactylv2_rev2_Default/serial.o
 .text.serial_high
                0x0000000000001428        0x4 .build/obj_Dactylv2_rev2_Default/serial.o
 .text.sync_recv
                0x000000000000142c       0x10 .build/obj_Dactylv2_rev2_Default/serial.o
 .text.serial_read_byte
                0x000000000000143c       0x24 .build/obj_Dactylv2_rev2_Default/serial.o
 .text.serial_write_byte
                0x0000000000001460       0x3e .build/obj_Dactylv2_rev2_Default/serial.o
 .text.sync_send
                0x000000000000149e       0x10 .build/obj_Dactylv2_rev2_Default/serial.o
 .text.serial_master_init
                0x00000000000014ae        0x8 .build/obj_Dactylv2_rev2_Default/serial.o
                0x00000000000014ae                serial_master_init
 .text.serial_slave_init
                0x00000000000014b6       0x12 .build/obj_Dactylv2_rev2_Default/serial.o
                0x00000000000014b6                serial_slave_init
 .text.__vector_1
                0x00000000000014c8       0xca .build/obj_Dactylv2_rev2_Default/serial.o
                0x00000000000014c8                __vector_1
 .text.serial_update_buffers
                0x0000000000001592       0x9e .build/obj_Dactylv2_rev2_Default/serial.o
                0x0000000000001592                serial_update_buffers
 .text.matrix_init_kb
                0x0000000000001630        0x4 .build/obj_Dactylv2_rev2_Default/keyboards/Dactylv2/rev2/rev2.o
                0x0000000000001630                matrix_init_kb
 .text.cmd_commands
                0x0000000000001634       0x20 .build/obj_Dactylv2_rev2_Default/keyboards/Dactylv2/keymaps/Default/keymap.o
                0x0000000000001634                cmd_commands
 .text.cmd      0x0000000000001654       0x20 .build/obj_Dactylv2_rev2_Default/keyboards/Dactylv2/keymaps/Default/keymap.o
                0x0000000000001654                cmd
 .text.VirtualDesktop
                0x0000000000001674       0x1c .build/obj_Dactylv2_rev2_Default/keyboards/Dactylv2/keymaps/Default/keymap.o
                0x0000000000001674                VirtualDesktop
 .text.SLSH_BSLSH
                0x0000000000001690       0x1e .build/obj_Dactylv2_rev2_Default/keyboards/Dactylv2/keymaps/Default/keymap.o
                0x0000000000001690                SLSH_BSLSH
 .text.persistent_default_layer_set
                0x00000000000016ae       0x18 .build/obj_Dactylv2_rev2_Default/keyboards/Dactylv2/keymaps/Default/keymap.o
                0x00000000000016ae                persistent_default_layer_set
 .text.action_get_macro
                0x00000000000016c6      0x132 .build/obj_Dactylv2_rev2_Default/keyboards/Dactylv2/keymaps/Default/keymap.o
                0x00000000000016c6                action_get_macro
 .text.matrix_init_user
                0x00000000000017f8        0x2 .build/obj_Dactylv2_rev2_Default/keyboards/Dactylv2/keymaps/Default/keymap.o
                0x00000000000017f8                matrix_init_user
 .text.matrix_scan_user
                0x00000000000017fa        0x2 .build/obj_Dactylv2_rev2_Default/keyboards/Dactylv2/keymaps/Default/keymap.o
                0x00000000000017fa                matrix_scan_user
 .text.process_record_user
                0x00000000000017fc       0xa0 .build/obj_Dactylv2_rev2_Default/keyboards/Dactylv2/keymaps/Default/keymap.o
                0x00000000000017fc                process_record_user
 .text.process_action_kb
                0x000000000000189c        0x4 .build/obj_Dactylv2_rev2_Default/quantum/quantum.o
                0x000000000000189c                process_action_kb
 .text.process_record_kb
                0x00000000000018a0        0x4 .build/obj_Dactylv2_rev2_Default/quantum/quantum.o
                0x00000000000018a0                process_record_kb
 .text.reset_keyboard
                0x00000000000018a4       0x26 .build/obj_Dactylv2_rev2_Default/quantum/quantum.o
                0x00000000000018a4                reset_keyboard
 .text.process_record_quantum
                0x00000000000018ca      0x30a .build/obj_Dactylv2_rev2_Default/quantum/quantum.o
                0x00000000000018ca                process_record_quantum
 .text.send_char
                0x0000000000001bd4       0x3c .build/obj_Dactylv2_rev2_Default/quantum/quantum.o
                0x0000000000001bd4                send_char
 .text.send_string_with_delay_P
                0x0000000000001c10       0x74 .build/obj_Dactylv2_rev2_Default/quantum/quantum.o
                0x0000000000001c10                send_string_with_delay_P
 .text.send_string_P
                0x0000000000001c84        0x6 .build/obj_Dactylv2_rev2_Default/quantum/quantum.o
                0x0000000000001c84                send_string_P
 .text.update_tri_layer_state
                0x0000000000001c8a       0xa8 .build/obj_Dactylv2_rev2_Default/quantum/quantum.o
                0x0000000000001c8a                update_tri_layer_state
 .text.update_tri_layer
                0x0000000000001d32       0x24 .build/obj_Dactylv2_rev2_Default/quantum/quantum.o
                0x0000000000001d32                update_tri_layer
 .text.matrix_init_quantum
                0x0000000000001d56        0x4 .build/obj_Dactylv2_rev2_Default/quantum/quantum.o
                0x0000000000001d56                matrix_init_quantum
 .text.matrix_scan_quantum
                0x0000000000001d5a        0x8 .build/obj_Dactylv2_rev2_Default/quantum/quantum.o
                0x0000000000001d5a                matrix_scan_quantum
 .text.led_set_user
                0x0000000000001d62        0x2 .build/obj_Dactylv2_rev2_Default/quantum/quantum.o
                0x0000000000001d62                led_set_user
 .text.led_set_kb
                0x0000000000001d64        0x4 .build/obj_Dactylv2_rev2_Default/quantum/quantum.o
                0x0000000000001d64                led_set_kb
 .text.led_set  0x0000000000001d68        0x4 .build/obj_Dactylv2_rev2_Default/quantum/quantum.o
                0x0000000000001d68                led_set
 .text.action_function
                0x0000000000001d6c        0x2 .build/obj_Dactylv2_rev2_Default/quantum/keymap_common.o
                0x0000000000001d6c                action_function
 .text.keymap_key_to_keycode
                0x0000000000001d6e       0x28 .build/obj_Dactylv2_rev2_Default/quantum/keymap_common.o
                0x0000000000001d6e                keymap_key_to_keycode
 .text.keymap_function_id_to_action
                0x0000000000001d96       0x10 .build/obj_Dactylv2_rev2_Default/quantum/keymap_common.o
                0x0000000000001d96                keymap_function_id_to_action
 .text.action_for_key
                0x0000000000001da6      0x348 .build/obj_Dactylv2_rev2_Default/quantum/keymap_common.o
                0x0000000000001da6                action_for_key
 .text.keycode_config
                0x00000000000020ee      0x100 .build/obj_Dactylv2_rev2_Default/quantum/keycode_config.o
                0x00000000000020ee                keycode_config
 .text.mod_config
                0x00000000000021ee       0x46 .build/obj_Dactylv2_rev2_Default/quantum/keycode_config.o
                0x00000000000021ee                mod_config
 .text.leader_start
                0x0000000000002234        0x2 .build/obj_Dactylv2_rev2_Default/quantum/process_keycode/process_leader.o
                0x0000000000002234                leader_start
 .text.process_leader
                0x0000000000002236       0x9e .build/obj_Dactylv2_rev2_Default/quantum/process_keycode/process_leader.o
                0x0000000000002236                process_leader
 .text.process_tap_dance_action_on_dance_finished.part.0
                0x00000000000022d4       0x36 .build/obj_Dactylv2_rev2_Default/quantum/process_keycode/process_tap_dance.o
 .text.reset_tap_dance
                0x000000000000230a       0x86 .build/obj_Dactylv2_rev2_Default/quantum/process_keycode/process_tap_dance.o
                0x000000000000230a                reset_tap_dance
 .text.preprocess_tap_dance
                0x0000000000002390       0x88 .build/obj_Dactylv2_rev2_Default/quantum/process_keycode/process_tap_dance.o
                0x0000000000002390                preprocess_tap_dance
 .text.process_tap_dance
                0x0000000000002418       0xb4 .build/obj_Dactylv2_rev2_Default/quantum/process_keycode/process_tap_dance.o
                0x0000000000002418                process_tap_dance
 .text.matrix_scan_tap_dance
                0x00000000000024cc       0x9e .build/obj_Dactylv2_rev2_Default/quantum/process_keycode/process_tap_dance.o
                0x00000000000024cc                matrix_scan_tap_dance
 .text.host_set_driver
                0x000000000000256a        0xa .build/obj_Dactylv2_rev2_Default/common/host.o
                0x000000000000256a                host_set_driver
 .text.host_keyboard_leds
                0x0000000000002574       0x18 .build/obj_Dactylv2_rev2_Default/common/host.o
                0x0000000000002574                host_keyboard_leds
 .text.host_keyboard_send
                0x000000000000258c       0x16 .build/obj_Dactylv2_rev2_Default/common/host.o
                0x000000000000258c                host_keyboard_send
 .text.host_mouse_send
                0x00000000000025a2       0x16 .build/obj_Dactylv2_rev2_Default/common/host.o
                0x00000000000025a2                host_mouse_send
 .text.host_system_send
                0x00000000000025b8       0x2c .build/obj_Dactylv2_rev2_Default/common/host.o
                0x00000000000025b8                host_system_send
 .text.host_consumer_send
                0x00000000000025e4       0x2c .build/obj_Dactylv2_rev2_Default/common/host.o
                0x00000000000025e4                host_consumer_send
 .text.keyboard_setup
                0x0000000000002610        0x4 .build/obj_Dactylv2_rev2_Default/common/keyboard.o
                0x0000000000002610                keyboard_setup
 .text.is_keyboard_master
                0x0000000000002614        0x4 .build/obj_Dactylv2_rev2_Default/common/keyboard.o
                0x0000000000002614                is_keyboard_master
 .text.keyboard_init
                0x0000000000002618        0xc .build/obj_Dactylv2_rev2_Default/common/keyboard.o
                0x0000000000002618                keyboard_init
 .text.keyboard_task
                0x0000000000002624      0x154 .build/obj_Dactylv2_rev2_Default/common/keyboard.o
                0x0000000000002624                keyboard_task
 .text.action_exec
                0x0000000000002778       0x54 .build/obj_Dactylv2_rev2_Default/common/action.o
                0x0000000000002778                action_exec
 .text.process_record_tap_hint
                0x00000000000027cc        0xa .build/obj_Dactylv2_rev2_Default/common/action.o
                0x00000000000027cc                process_record_tap_hint
 .text.register_code
                0x00000000000027d6      0x1b6 .build/obj_Dactylv2_rev2_Default/common/action.o
                0x00000000000027d6                register_code
 .text.unregister_code
                0x000000000000298c       0x9e .build/obj_Dactylv2_rev2_Default/common/action.o
                0x000000000000298c                unregister_code
 .text.register_mods
                0x0000000000002a2a        0xe .build/obj_Dactylv2_rev2_Default/common/action.o
                0x0000000000002a2a                register_mods
 .text.unregister_mods
                0x0000000000002a38        0xe .build/obj_Dactylv2_rev2_Default/common/action.o
                0x0000000000002a38                unregister_mods
 .text.process_action
                0x0000000000002a46      0x50e .build/obj_Dactylv2_rev2_Default/common/action.o
                0x0000000000002a46                process_action
 .text.process_record
                0x0000000000002f54       0x62 .build/obj_Dactylv2_rev2_Default/common/action.o
                0x0000000000002f54                process_record
 .text.clear_keyboard_but_mods
                0x0000000000002fb6       0x28 .build/obj_Dactylv2_rev2_Default/common/action.o
                0x0000000000002fb6                clear_keyboard_but_mods
 .text.clear_keyboard
                0x0000000000002fde        0x8 .build/obj_Dactylv2_rev2_Default/common/action.o
                0x0000000000002fde                clear_keyboard
 .text.is_tap_key
                0x0000000000002fe6       0x5e .build/obj_Dactylv2_rev2_Default/common/action.o
                0x0000000000002fe6                is_tap_key
 .text.debug_event
                0x0000000000003044       0x1e .build/obj_Dactylv2_rev2_Default/common/action.o
                0x0000000000003044                debug_event
 .text.debug_record
                0x0000000000003062       0x20 .build/obj_Dactylv2_rev2_Default/common/action.o
                0x0000000000003062                debug_record
 .text.debug_waiting_buffer
                0x0000000000003082       0x42 .build/obj_Dactylv2_rev2_Default/common/action_tapping.o
 .text.debug_tapping_key
                0x00000000000030c4       0x1c .build/obj_Dactylv2_rev2_Default/common/action_tapping.o
 .text.waiting_buffer_typed.isra.1
                0x00000000000030e0       0x40 .build/obj_Dactylv2_rev2_Default/common/action_tapping.o
 .text.waiting_buffer_scan_tap
                0x0000000000003120       0xd6 .build/obj_Dactylv2_rev2_Default/common/action_tapping.o
 .text.process_tapping
                0x00000000000031f6      0x3d8 .build/obj_Dactylv2_rev2_Default/common/action_tapping.o
 .text.action_tapping_process
                0x00000000000035ce      0x152 .build/obj_Dactylv2_rev2_Default/common/action_tapping.o
                0x00000000000035ce                action_tapping_process
 .text.action_macro_play
                0x0000000000003720       0xf0 .build/obj_Dactylv2_rev2_Default/common/action_macro.o
                0x0000000000003720                action_macro_play
 .text.default_layer_state_set_kb
                0x0000000000003810        0x2 .build/obj_Dactylv2_rev2_Default/common/action_layer.o
                0x0000000000003810                default_layer_state_set_kb
 .text.default_layer_state_set
                0x0000000000003812       0x18 .build/obj_Dactylv2_rev2_Default/common/action_layer.o
 .text.default_layer_debug
                0x000000000000382a        0x2 .build/obj_Dactylv2_rev2_Default/common/action_layer.o
                0x000000000000382a                default_layer_debug
 .text.default_layer_set
                0x000000000000382c        0x4 .build/obj_Dactylv2_rev2_Default/common/action_layer.o
                0x000000000000382c                default_layer_set
 .text.default_layer_or
                0x0000000000003830       0x24 .build/obj_Dactylv2_rev2_Default/common/action_layer.o
                0x0000000000003830                default_layer_or
 .text.default_layer_and
                0x0000000000003854       0x24 .build/obj_Dactylv2_rev2_Default/common/action_layer.o
                0x0000000000003854                default_layer_and
 .text.default_layer_xor
                0x0000000000003878       0x24 .build/obj_Dactylv2_rev2_Default/common/action_layer.o
                0x0000000000003878                default_layer_xor
 .text.layer_state_set_user
                0x000000000000389c        0x4 .build/obj_Dactylv2_rev2_Default/common/action_layer.o
                0x000000000000389c                layer_state_set_user
 .text.layer_state_set_kb
                0x00000000000038a0        0x4 .build/obj_Dactylv2_rev2_Default/common/action_layer.o
                0x00000000000038a0                layer_state_set_kb
 .text.layer_state_set
                0x00000000000038a4       0x18 .build/obj_Dactylv2_rev2_Default/common/action_layer.o
                0x00000000000038a4                layer_state_set
 .text.layer_clear
                0x00000000000038bc        0xa .build/obj_Dactylv2_rev2_Default/common/action_layer.o
                0x00000000000038bc                layer_clear
 .text.layer_move
                0x00000000000038c6       0x2a .build/obj_Dactylv2_rev2_Default/common/action_layer.o
                0x00000000000038c6                layer_move
 .text.layer_on
                0x00000000000038f0       0x42 .build/obj_Dactylv2_rev2_Default/common/action_layer.o
                0x00000000000038f0                layer_on
 .text.layer_off
                0x0000000000003932       0x46 .build/obj_Dactylv2_rev2_Default/common/action_layer.o
                0x0000000000003932                layer_off
 .text.layer_invert
                0x0000000000003978       0x42 .build/obj_Dactylv2_rev2_Default/common/action_layer.o
                0x0000000000003978                layer_invert
 .text.layer_or
                0x00000000000039ba       0x24 .build/obj_Dactylv2_rev2_Default/common/action_layer.o
                0x00000000000039ba                layer_or
 .text.layer_and
                0x00000000000039de       0x24 .build/obj_Dactylv2_rev2_Default/common/action_layer.o
                0x00000000000039de                layer_and
 .text.layer_xor
                0x0000000000003a02       0x24 .build/obj_Dactylv2_rev2_Default/common/action_layer.o
                0x0000000000003a02                layer_xor
 .text.layer_debug
                0x0000000000003a26        0x2 .build/obj_Dactylv2_rev2_Default/common/action_layer.o
                0x0000000000003a26                layer_debug
 .text.layer_switch_get_layer
                0x0000000000003a28       0x84 .build/obj_Dactylv2_rev2_Default/common/action_layer.o
                0x0000000000003a28                layer_switch_get_layer
 .text.layer_switch_get_action
                0x0000000000003aac       0x14 .build/obj_Dactylv2_rev2_Default/common/action_layer.o
                0x0000000000003aac                layer_switch_get_action
 .text.store_or_get_action
                0x0000000000003ac0        0x6 .build/obj_Dactylv2_rev2_Default/common/action_layer.o
                0x0000000000003ac0                store_or_get_action
 .text.add_key  0x0000000000003ac6        0xe .build/obj_Dactylv2_rev2_Default/common/action_util.o
                0x0000000000003ac6                add_key
 .text.del_key  0x0000000000003ad4        0xe .build/obj_Dactylv2_rev2_Default/common/action_util.o
                0x0000000000003ad4                del_key
 .text.clear_keys
                0x0000000000003ae2        0xc .build/obj_Dactylv2_rev2_Default/common/action_util.o
                0x0000000000003ae2                clear_keys
 .text.get_oneshot_layer
                0x0000000000003aee        0xc .build/obj_Dactylv2_rev2_Default/common/action_util.o
                0x0000000000003aee                get_oneshot_layer
 .text.get_oneshot_layer_state
                0x0000000000003afa        0x8 .build/obj_Dactylv2_rev2_Default/common/action_util.o
                0x0000000000003afa                get_oneshot_layer_state
 .text.set_oneshot_layer
                0x0000000000003b02       0x12 .build/obj_Dactylv2_rev2_Default/common/action_util.o
                0x0000000000003b02                set_oneshot_layer
 .text.clear_oneshot_layer_state
                0x0000000000003b14       0x2c .build/obj_Dactylv2_rev2_Default/common/action_util.o
                0x0000000000003b14                clear_oneshot_layer_state
 .text.is_oneshot_layer_active
                0x0000000000003b40        0xe .build/obj_Dactylv2_rev2_Default/common/action_util.o
                0x0000000000003b40                is_oneshot_layer_active
 .text.send_keyboard_report
                0x0000000000003b4e       0x66 .build/obj_Dactylv2_rev2_Default/common/action_util.o
                0x0000000000003b4e                send_keyboard_report
 .text.get_mods
                0x0000000000003bb4        0x6 .build/obj_Dactylv2_rev2_Default/common/action_util.o
                0x0000000000003bb4                get_mods
 .text.add_mods
                0x0000000000003bba        0xc .build/obj_Dactylv2_rev2_Default/common/action_util.o
                0x0000000000003bba                add_mods
 .text.del_mods
                0x0000000000003bc6       0x10 .build/obj_Dactylv2_rev2_Default/common/action_util.o
                0x0000000000003bc6                del_mods
 .text.clear_mods
                0x0000000000003bd6        0x6 .build/obj_Dactylv2_rev2_Default/common/action_util.o
                0x0000000000003bd6                clear_mods
 .text.get_weak_mods
                0x0000000000003bdc        0x6 .build/obj_Dactylv2_rev2_Default/common/action_util.o
                0x0000000000003bdc                get_weak_mods
 .text.add_weak_mods
                0x0000000000003be2        0xc .build/obj_Dactylv2_rev2_Default/common/action_util.o
                0x0000000000003be2                add_weak_mods
 .text.del_weak_mods
                0x0000000000003bee       0x10 .build/obj_Dactylv2_rev2_Default/common/action_util.o
                0x0000000000003bee                del_weak_mods
 .text.clear_weak_mods
                0x0000000000003bfe        0x6 .build/obj_Dactylv2_rev2_Default/common/action_util.o
                0x0000000000003bfe                clear_weak_mods
 .text.add_macro_mods
                0x0000000000003c04        0xc .build/obj_Dactylv2_rev2_Default/common/action_util.o
                0x0000000000003c04                add_macro_mods
 .text.del_macro_mods
                0x0000000000003c10       0x10 .build/obj_Dactylv2_rev2_Default/common/action_util.o
                0x0000000000003c10                del_macro_mods
 .text.clear_macro_mods
                0x0000000000003c20        0x6 .build/obj_Dactylv2_rev2_Default/common/action_util.o
                0x0000000000003c20                clear_macro_mods
 .text.set_oneshot_mods
                0x0000000000003c26        0x6 .build/obj_Dactylv2_rev2_Default/common/action_util.o
                0x0000000000003c26                set_oneshot_mods
 .text.clear_oneshot_mods
                0x0000000000003c2c        0x6 .build/obj_Dactylv2_rev2_Default/common/action_util.o
                0x0000000000003c2c                clear_oneshot_mods
 .text.get_oneshot_mods
                0x0000000000003c32        0x6 .build/obj_Dactylv2_rev2_Default/common/action_util.o
                0x0000000000003c32                get_oneshot_mods
 .text.eeconfig_init
                0x0000000000003c38       0x34 .build/obj_Dactylv2_rev2_Default/common/eeconfig.o
                0x0000000000003c38                eeconfig_init
 .text.eeconfig_is_enabled
                0x0000000000003c6c       0x16 .build/obj_Dactylv2_rev2_Default/common/eeconfig.o
                0x0000000000003c6c                eeconfig_is_enabled
 .text.eeconfig_read_debug
                0x0000000000003c82        0x8 .build/obj_Dactylv2_rev2_Default/common/eeconfig.o
                0x0000000000003c82                eeconfig_read_debug
 .text.eeconfig_read_default_layer
                0x0000000000003c8a        0x8 .build/obj_Dactylv2_rev2_Default/common/eeconfig.o
                0x0000000000003c8a                eeconfig_read_default_layer
 .text.eeconfig_update_default_layer
                0x0000000000003c92        0xa .build/obj_Dactylv2_rev2_Default/common/eeconfig.o
                0x0000000000003c92                eeconfig_update_default_layer
 .text.eeconfig_read_keymap
                0x0000000000003c9c        0x8 .build/obj_Dactylv2_rev2_Default/common/eeconfig.o
                0x0000000000003c9c                eeconfig_read_keymap
 .text.eeconfig_update_keymap
                0x0000000000003ca4        0xa .build/obj_Dactylv2_rev2_Default/common/eeconfig.o
                0x0000000000003ca4                eeconfig_update_keymap
 .text.has_anykey
                0x0000000000003cae       0x1a .build/obj_Dactylv2_rev2_Default/common/report.o
                0x0000000000003cae                has_anykey
 .text.add_key_byte
                0x0000000000003cc8       0x34 .build/obj_Dactylv2_rev2_Default/common/report.o
                0x0000000000003cc8                add_key_byte
 .text.del_key_byte
                0x0000000000003cfc       0x1a .build/obj_Dactylv2_rev2_Default/common/report.o
                0x0000000000003cfc                del_key_byte
 .text.add_key_to_report
                0x0000000000003d16        0x4 .build/obj_Dactylv2_rev2_Default/common/report.o
                0x0000000000003d16                add_key_to_report
 .text.del_key_from_report
                0x0000000000003d1a        0x4 .build/obj_Dactylv2_rev2_Default/common/report.o
                0x0000000000003d1a                del_key_from_report
 .text.clear_keys_from_report
                0x0000000000003d1e       0x12 .build/obj_Dactylv2_rev2_Default/common/report.o
                0x0000000000003d1e                clear_keys_from_report
 .text.suspend_power_down
                0x0000000000003d30       0x58 .build/obj_Dactylv2_rev2_Default/common/avr/suspend.o
                0x0000000000003d30                suspend_power_down
 .text.matrix_power_up
                0x0000000000003d88        0x2 .build/obj_Dactylv2_rev2_Default/common/avr/suspend.o
                0x0000000000003d88                matrix_power_up
 .text.matrix_power_down
                0x0000000000003d8a        0x2 .build/obj_Dactylv2_rev2_Default/common/avr/suspend.o
                0x0000000000003d8a                matrix_power_down
 .text.suspend_wakeup_condition
                0x0000000000003d8c       0x28 .build/obj_Dactylv2_rev2_Default/common/avr/suspend.o
                0x0000000000003d8c                suspend_wakeup_condition
 .text.suspend_wakeup_init
                0x0000000000003db4        0xc .build/obj_Dactylv2_rev2_Default/common/avr/suspend.o
                0x0000000000003db4                suspend_wakeup_init
 .text.__vector_12
                0x0000000000003dc0       0x52 .build/obj_Dactylv2_rev2_Default/common/avr/suspend.o
                0x0000000000003dc0                __vector_12
 .text.timer_init
                0x0000000000003e12       0x12 .build/obj_Dactylv2_rev2_Default/common/avr/timer.o
                0x0000000000003e12                timer_init
 .text.timer_read
                0x0000000000003e24       0x18 .build/obj_Dactylv2_rev2_Default/common/avr/timer.o
                0x0000000000003e24                timer_read
 .text.timer_elapsed
                0x0000000000003e3c       0x54 .build/obj_Dactylv2_rev2_Default/common/avr/timer.o
                0x0000000000003e3c                timer_elapsed
 .text.__vector_21
                0x0000000000003e90       0x4c .build/obj_Dactylv2_rev2_Default/common/avr/timer.o
                0x0000000000003e90                __vector_21
 .text.bootloader_jump
                0x0000000000003edc       0x22 .build/obj_Dactylv2_rev2_Default/common/avr/bootloader.o
                0x0000000000003edc                bootloader_jump
 .text.magic    0x0000000000003efe       0x32 .build/obj_Dactylv2_rev2_Default/common/magic.o
                0x0000000000003efe                magic
 .text.move_unit
                0x0000000000003f30       0x94 .build/obj_Dactylv2_rev2_Default/common/mousekey.o
 .text.wheel_unit
                0x0000000000003fc4       0x72 .build/obj_Dactylv2_rev2_Default/common/mousekey.o
 .text.mousekey_on
                0x0000000000004036       0xd0 .build/obj_Dactylv2_rev2_Default/common/mousekey.o
                0x0000000000004036                mousekey_on
 .text.mousekey_off
                0x0000000000004106      0x108 .build/obj_Dactylv2_rev2_Default/common/mousekey.o
                0x0000000000004106                mousekey_off
 .text.mousekey_send
                0x000000000000420e       0x16 .build/obj_Dactylv2_rev2_Default/common/mousekey.o
                0x000000000000420e                mousekey_send
 .text.mousekey_task
                0x0000000000004224      0x116 .build/obj_Dactylv2_rev2_Default/common/mousekey.o
                0x0000000000004224                mousekey_task
 .text.mousekey_clear
                0x000000000000433a       0x18 .build/obj_Dactylv2_rev2_Default/common/mousekey.o
                0x000000000000433a                mousekey_clear
 .text.mousekey_param_inc
                0x0000000000004352       0xec .build/obj_Dactylv2_rev2_Default/common/command.o
 .text.mousekey_param_dec
                0x000000000000443e       0xa0 .build/obj_Dactylv2_rev2_Default/common/command.o
 .text.switch_default_layer
                0x00000000000044de       0x2e .build/obj_Dactylv2_rev2_Default/common/command.o
 .text.command_common
                0x000000000000450c      0x104 .build/obj_Dactylv2_rev2_Default/common/command.o
 .text.command_extra
                0x0000000000004610        0x4 .build/obj_Dactylv2_rev2_Default/common/command.o
                0x0000000000004610                command_extra
 .text.command_console_extra
                0x0000000000004614        0x4 .build/obj_Dactylv2_rev2_Default/common/command.o
                0x0000000000004614                command_console_extra
 .text.numkey2num
                0x0000000000004618       0x16 .build/obj_Dactylv2_rev2_Default/common/command.o
                0x0000000000004618                numkey2num
 .text.command_proc
                0x000000000000462e      0x11e .build/obj_Dactylv2_rev2_Default/common/command.o
                0x000000000000462e                command_proc
 .text.keyboard_leds
                0x000000000000474c        0x6 .build/obj_Dactylv2_rev2_Default/lufa.o
 .text.send_consumer
                0x0000000000004752       0x74 .build/obj_Dactylv2_rev2_Default/lufa.o
 .text.send_system
                0x00000000000047c6       0x6c .build/obj_Dactylv2_rev2_Default/lufa.o
 .text.send_mouse
                0x0000000000004832       0x56 .build/obj_Dactylv2_rev2_Default/lufa.o
 .text.send_keyboard
                0x0000000000004888       0x66 .build/obj_Dactylv2_rev2_Default/lufa.o
 .text.EVENT_USB_Device_Connect
                0x00000000000048ee       0x1c .build/obj_Dactylv2_rev2_Default/lufa.o
                0x00000000000048ee                EVENT_USB_Device_Connect
 .text.EVENT_USB_Device_Disconnect
                0x000000000000490a        0x6 .build/obj_Dactylv2_rev2_Default/lufa.o
                0x000000000000490a                EVENT_USB_Device_Disconnect
 .text.EVENT_USB_Device_Reset
                0x0000000000004910        0x2 .build/obj_Dactylv2_rev2_Default/lufa.o
                0x0000000000004910                EVENT_USB_Device_Reset
 .text.EVENT_USB_Device_Suspend
                0x0000000000004912        0x2 .build/obj_Dactylv2_rev2_Default/lufa.o
                0x0000000000004912                EVENT_USB_Device_Suspend
 .text.EVENT_USB_Device_WakeUp
                0x0000000000004914        0x4 .build/obj_Dactylv2_rev2_Default/lufa.o
                0x0000000000004914                EVENT_USB_Device_WakeUp
 .text.EVENT_USB_Device_ConfigurationChanged
                0x0000000000004918       0x1e .build/obj_Dactylv2_rev2_Default/lufa.o
                0x0000000000004918                EVENT_USB_Device_ConfigurationChanged
 .text.EVENT_USB_Device_ControlRequest
                0x0000000000004936      0x154 .build/obj_Dactylv2_rev2_Default/lufa.o
                0x0000000000004936                EVENT_USB_Device_ControlRequest
 .text.startup.main
                0x0000000000004a8a       0x76 .build/obj_Dactylv2_rev2_Default/lufa.o
                0x0000000000004a8a                main
 .text.CALLBACK_USB_GetDescriptor
                0x0000000000004b00        0x4 .build/obj_Dactylv2_rev2_Default/lufa.o
                0x0000000000004b00                CALLBACK_USB_GetDescriptor
 .text.get_usb_descriptor
                0x0000000000004b04       0xb6 .build/obj_Dactylv2_rev2_Default/usb_descriptor.o
                0x0000000000004b04                get_usb_descriptor
 .text.set_output_user
                0x0000000000004bba        0x2 .build/obj_Dactylv2_rev2_Default/outputselect.o
                0x0000000000004bba                set_output_user
 .text.set_output
                0x0000000000004bbc       0x10 .build/obj_Dactylv2_rev2_Default/outputselect.o
                0x0000000000004bbc                set_output
 .text.auto_detect_output
                0x0000000000004bcc       0x10 .build/obj_Dactylv2_rev2_Default/outputselect.o
                0x0000000000004bcc                auto_detect_output
 .text.where_to_send
                0x0000000000004bdc        0xe .build/obj_Dactylv2_rev2_Default/outputselect.o
                0x0000000000004bdc                where_to_send
 .text.USB_Device_SendRemoteWakeup
                0x0000000000004bea       0x2c .build/obj_Dactylv2_rev2_Default/./lib/lufa/LUFA/Drivers/USB/Core/AVR8/Device_AVR8.o
                0x0000000000004bea                USB_Device_SendRemoteWakeup
 .text.Endpoint_Write_Stream_LE
                0x0000000000004c16       0x9e .build/obj_Dactylv2_rev2_Default/./lib/lufa/LUFA/Drivers/USB/Core/AVR8/EndpointStream_AVR8.o
                0x0000000000004c16                Endpoint_Write_Stream_LE
 .text.Endpoint_Write_Control_Stream_LE
                0x0000000000004cb4       0xbe .build/obj_Dactylv2_rev2_Default/./lib/lufa/LUFA/Drivers/USB/Core/AVR8/EndpointStream_AVR8.o
                0x0000000000004cb4                Endpoint_Write_Control_Stream_LE
 .text.Endpoint_Write_Control_PStream_LE
                0x0000000000004d72       0xc0 .build/obj_Dactylv2_rev2_Default/./lib/lufa/LUFA/Drivers/USB/Core/AVR8/EndpointStream_AVR8.o
                0x0000000000004d72                Endpoint_Write_Control_PStream_LE
 .text.Endpoint_ConfigureEndpoint_Prv
                0x0000000000004e32       0x68 .build/obj_Dactylv2_rev2_Default/./lib/lufa/LUFA/Drivers/USB/Core/AVR8/Endpoint_AVR8.o
                0x0000000000004e32                Endpoint_ConfigureEndpoint_Prv
 .text.Endpoint_ClearStatusStage
                0x0000000000004e9a       0x3e .build/obj_Dactylv2_rev2_Default/./lib/lufa/LUFA/Drivers/USB/Core/AVR8/Endpoint_AVR8.o
                0x0000000000004e9a                Endpoint_ClearStatusStage
 .text.Endpoint_WaitUntilReady
                0x0000000000004ed8       0x5e .build/obj_Dactylv2_rev2_Default/./lib/lufa/LUFA/Drivers/USB/Core/AVR8/Endpoint_AVR8.o
                0x0000000000004ed8                Endpoint_WaitUntilReady
 .text.USB_Disable
                0x0000000000004f36       0x34 .build/obj_Dactylv2_rev2_Default/./lib/lufa/LUFA/Drivers/USB/Core/AVR8/USBController_AVR8.o
                0x0000000000004f36                USB_Disable
 .text.USB_ResetInterface
                0x0000000000004f6a       0x86 .build/obj_Dactylv2_rev2_Default/./lib/lufa/LUFA/Drivers/USB/Core/AVR8/USBController_AVR8.o
                0x0000000000004f6a                USB_ResetInterface
 .text.USB_Init
                0x0000000000004ff0       0x22 .build/obj_Dactylv2_rev2_Default/./lib/lufa/LUFA/Drivers/USB/Core/AVR8/USBController_AVR8.o
                0x0000000000004ff0                USB_Init
 .text.USB_INT_DisableAllInterrupts
                0x0000000000005012       0x10 .build/obj_Dactylv2_rev2_Default/./lib/lufa/LUFA/Drivers/USB/Core/AVR8/USBInterrupt_AVR8.o
                0x0000000000005012                USB_INT_DisableAllInterrupts
 .text.USB_INT_ClearAllInterrupts
                0x0000000000005022        0xa .build/obj_Dactylv2_rev2_Default/./lib/lufa/LUFA/Drivers/USB/Core/AVR8/USBInterrupt_AVR8.o
                0x0000000000005022                USB_INT_ClearAllInterrupts
 .text.__vector_10
                0x000000000000502c      0x1a6 .build/obj_Dactylv2_rev2_Default/./lib/lufa/LUFA/Drivers/USB/Core/AVR8/USBInterrupt_AVR8.o
                0x000000000000502c                __vector_10
 .text.__vector_11
                0x00000000000051d2       0x78 .build/obj_Dactylv2_rev2_Default/./lib/lufa/LUFA/Drivers/USB/Core/AVR8/USBInterrupt_AVR8.o
                0x00000000000051d2                __vector_11
 .text.USB_Device_ProcessControlRequest
                0x000000000000524a      0x2b6 .build/obj_Dactylv2_rev2_Default/./lib/lufa/LUFA/Drivers/USB/Core/DeviceStandardReq.o
                0x000000000000524a                USB_Device_ProcessControlRequest
 .text.USB_Event_Stub
                0x0000000000005500        0x2 .build/obj_Dactylv2_rev2_Default/./lib/lufa/LUFA/Drivers/USB/Core/Events.o
                0x0000000000005500                USB_Event_Stub
                0x0000000000005500                EVENT_USB_Device_StartOfFrame
 .text.USB_USBTask
                0x0000000000005502       0x38 .build/obj_Dactylv2_rev2_Default/./lib/lufa/LUFA/Drivers/USB/Core/USBTask.o
                0x0000000000005502                USB_USBTask
 .text.libgcc.div
                0x000000000000553a       0x28 /usr/local/Cellar/avr-gcc@7/7.3.0/lib/avr-gcc/7/gcc/avr/7.3.0/avr5/libgcc.a(_divmodhi4.o)
                0x000000000000553a                __divmodhi4
                0x000000000000553a                _div
 .text.libgcc   0x0000000000005562        0xc /usr/local/Cellar/avr-gcc@7/7.3.0/lib/avr-gcc/7/gcc/avr/7.3.0/avr5/libgcc.a(_tablejump2.o)
                0x0000000000005562                __tablejump2__
 .text.libgcc.div
                0x000000000000556e       0x28 /usr/local/Cellar/avr-gcc@7/7.3.0/lib/avr-gcc/7/gcc/avr/7.3.0/avr5/libgcc.a(_udivmodhi4.o)
                0x000000000000556e                __udivmodhi4
 .text.avr-libc
                0x0000000000005596       0x10 /usr/local/Cellar/avr-gcc@7/7.3.0/lib/avr-gcc/7/gcc/avr/7.3.0/../../../../../../avr/lib/avr5/libatmega32u4.a(eerd_byte.o)
                0x0000000000005596                eeprom_read_byte
 .text.avr-libc
                0x00000000000055a6        0xc /usr/local/Cellar/avr-gcc@7/7.3.0/lib/avr-gcc/7/gcc/avr/7.3.0/../../../../../../avr/lib/avr5/libatmega32u4.a(eerd_word.o)
                0x00000000000055a6                eeprom_read_word
 .text.avr-libc
                0x00000000000055b2       0x24 /usr/local/Cellar/avr-gcc@7/7.3.0/lib/avr-gcc/7/gcc/avr/7.3.0/../../../../../../avr/lib/avr5/libatmega32u4.a(eeupd_byte.o)
                0x00000000000055b2                eeprom_update_byte
                0x00000000000055b4                eeprom_update_r18
 .text.avr-libc
                0x00000000000055d6        0xc /usr/local/Cellar/avr-gcc@7/7.3.0/lib/avr-gcc/7/gcc/avr/7.3.0/../../../../../../avr/lib/avr5/libatmega32u4.a(eeupd_word.o)
                0x00000000000055d6                eeprom_update_word
 .text.avr-libc
                0x00000000000055e2       0x20 /usr/local/Cellar/avr-gcc@7/7.3.0/lib/avr-gcc/7/gcc/avr/7.3.0/../../../../../../avr/lib/avr5/libatmega32u4.a(eerd_block.o)
                0x00000000000055e2                eeprom_read_block
                0x00000000000055e6                eeprom_read_blraw
                0x0000000000005602                . = ALIGN (0x2)
 *(.fini9)
 .fini9         0x0000000000005602        0x0 /usr/local/Cellar/avr-gcc@7/7.3.0/lib/avr-gcc/7/gcc/avr/7.3.0/avr5/libgcc.a(_exit.o)
                0x0000000000005602                exit
                0x0000000000005602                _exit
 *(.fini9)
 *(.fini8)
 *(.fini8)
 *(.fini7)
 *(.fini7)
 *(.fini6)
 *(.fini6)
 *(.fini5)
 *(.fini5)
 *(.fini4)
 *(.fini4)
 *(.fini3)
 *(.fini3)
 *(.fini2)
 *(.fini2)
 *(.fini1)
 *(.fini1)
 *(.fini0)
 .fini0         0x0000000000005602        0x4 /usr/local/Cellar/avr-gcc@7/7.3.0/lib/avr-gcc/7/gcc/avr/7.3.0/avr5/libgcc.a(_exit.o)
 *(.fini0)
 *(.hightext)
 *(.hightext*)
 *(.progmemx.*)
                0x0000000000005606                . = ALIGN (0x2)
 *(.jumptables)
 *(.jumptables*)
                0x0000000000005606                _etext = .

.data           0x0000000000800100       0x92 load address 0x0000000000005606
                0x0000000000800100                PROVIDE (__data_start = .)
 *(.data)
 *(.data*)
 .data.isLeftHand
                0x0000000000800100        0x1 .build/obj_Dactylv2_rev2_Default/split_util.o
                0x0000000000800100                isLeftHand
 .data.tap_dance_actions
                0x0000000000800101       0x50 .build/obj_Dactylv2_rev2_Default/keyboards/Dactylv2/keymaps/Default/keymap.o
                0x0000000000800101                tap_dance_actions
 .data.highest_td
                0x0000000000800151        0x1 .build/obj_Dactylv2_rev2_Default/quantum/process_keycode/process_tap_dance.o
 .data.keyboard_report
                0x0000000000800152        0x2 .build/obj_Dactylv2_rev2_Default/common/action_util.o
                0x0000000000800152                keyboard_report
 .data.mk_wheel_time_to_max
                0x0000000000800154        0x1 .build/obj_Dactylv2_rev2_Default/common/mousekey.o
                0x0000000000800154                mk_wheel_time_to_max
 .data.mk_wheel_max_speed
                0x0000000000800155        0x1 .build/obj_Dactylv2_rev2_Default/common/mousekey.o
                0x0000000000800155                mk_wheel_max_speed
 .data.mk_time_to_max
                0x0000000000800156        0x1 .build/obj_Dactylv2_rev2_Default/common/mousekey.o
                0x0000000000800156                mk_time_to_max
 .data.mk_max_speed
                0x0000000000800157        0x1 .build/obj_Dactylv2_rev2_Default/common/mousekey.o
                0x0000000000800157                mk_max_speed
 .data.mk_interval
                0x0000000000800158        0x1 .build/obj_Dactylv2_rev2_Default/common/mousekey.o
                0x0000000000800158                mk_interval
 .data.mk_delay
                0x0000000000800159        0x1 .build/obj_Dactylv2_rev2_Default/common/mousekey.o
                0x0000000000800159                mk_delay
 .data.lufa_driver
                0x000000000080015a        0xa .build/obj_Dactylv2_rev2_Default/lufa.o
                0x000000000080015a                lufa_driver
 .data.keyboard_protocol
                0x0000000000800164        0x1 .build/obj_Dactylv2_rev2_Default/lufa.o
                0x0000000000800164                keyboard_protocol
 *(.gnu.linkonce.d*)
 *(.rodata)
 *(.rodata*)
 .rodata.col_pins
                0x0000000000800165        0x6 .build/obj_Dactylv2_rev2_Default/matrix.o
 .rodata.row_pins
                0x000000000080016b        0xe .build/obj_Dactylv2_rev2_Default/matrix.o
 .rodata.CSWTCH.62
                0x0000000000800179        0xa .build/obj_Dactylv2_rev2_Default/common/command.o
 .rodata.CSWTCH.3
                0x0000000000800183        0x3 .build/obj_Dactylv2_rev2_Default/usb_descriptor.o
 .rodata.CSWTCH.2
                0x0000000000800186        0x6 .build/obj_Dactylv2_rev2_Default/usb_descriptor.o
 .rodata.CSWTCH.1
                0x000000000080018c        0x6 .build/obj_Dactylv2_rev2_Default/usb_descriptor.o
 *(.gnu.linkonce.r*)
                0x0000000000800192                . = ALIGN (0x2)
                0x0000000000800192                _edata = .
                0x0000000000800192                PROVIDE (__data_end = .)

.bss            0x0000000000800192       0xcf
                0x0000000000800192                PROVIDE (__bss_start = .)
 *(.bss)
 *(.bss*)
 .bss.matrix    0x0000000000800192        0xe .build/obj_Dactylv2_rev2_Default/matrix.o
 .bss.error_count
                0x00000000008001a0        0x1 .build/obj_Dactylv2_rev2_Default/matrix.o
 .bss.matrix_debouncing
                0x00000000008001a1        0xe .build/obj_Dactylv2_rev2_Default/matrix.o
 .bss.debouncing
                0x00000000008001af        0x1 .build/obj_Dactylv2_rev2_Default/matrix.o
 .bss.debouncing_time
                0x00000000008001b0        0x2 .build/obj_Dactylv2_rev2_Default/matrix.o
 .bss.status    0x00000000008001b2        0x1 .build/obj_Dactylv2_rev2_Default/serial.o
                0x00000000008001b2                status
 .bss.serial_master_buffer
                0x00000000008001b3        0x1 .build/obj_Dactylv2_rev2_Default/serial.o
                0x00000000008001b3                serial_master_buffer
 .bss.serial_slave_buffer
                0x00000000008001b4        0x7 .build/obj_Dactylv2_rev2_Default/serial.o
                0x00000000008001b4                serial_slave_buffer
 .bss.grave_esc_was_shifted
                0x00000000008001bb        0x1 .build/obj_Dactylv2_rev2_Default/quantum/quantum.o
 .bss.scs_timer
                0x00000000008001bc        0x4 .build/obj_Dactylv2_rev2_Default/quantum/quantum.o
 .bss.shift_interrupted
                0x00000000008001c0        0x2 .build/obj_Dactylv2_rev2_Default/quantum/quantum.o
 .bss.leader_sequence_size
                0x00000000008001c2        0x1 .build/obj_Dactylv2_rev2_Default/quantum/process_keycode/process_leader.o
                0x00000000008001c2                leader_sequence_size
 .bss.leader_sequence
                0x00000000008001c3        0xa .build/obj_Dactylv2_rev2_Default/quantum/process_keycode/process_leader.o
                0x00000000008001c3                leader_sequence
 .bss.leader_time
                0x00000000008001cd        0x2 .build/obj_Dactylv2_rev2_Default/quantum/process_keycode/process_leader.o
                0x00000000008001cd                leader_time
 .bss.leading   0x00000000008001cf        0x1 .build/obj_Dactylv2_rev2_Default/quantum/process_keycode/process_leader.o
                0x00000000008001cf                leading
 .bss.last_td   0x00000000008001d0        0x2 .build/obj_Dactylv2_rev2_Default/quantum/process_keycode/process_tap_dance.o
 .bss.last_consumer_report
                0x00000000008001d2        0x2 .build/obj_Dactylv2_rev2_Default/common/host.o
 .bss.last_system_report
                0x00000000008001d4        0x2 .build/obj_Dactylv2_rev2_Default/common/host.o
 .bss.driver    0x00000000008001d6        0x2 .build/obj_Dactylv2_rev2_Default/common/host.o
 .bss.led_status.2733
                0x00000000008001d8        0x1 .build/obj_Dactylv2_rev2_Default/common/keyboard.o
 .bss.matrix_prev.2732
                0x00000000008001d9        0xe .build/obj_Dactylv2_rev2_Default/common/keyboard.o
 .bss.waiting_buffer_tail
                0x00000000008001e7        0x1 .build/obj_Dactylv2_rev2_Default/common/action_tapping.o
 .bss.waiting_buffer_head
                0x00000000008001e8        0x1 .build/obj_Dactylv2_rev2_Default/common/action_tapping.o
 .bss.waiting_buffer
                0x00000000008001e9       0x30 .build/obj_Dactylv2_rev2_Default/common/action_tapping.o
 .bss.tapping_key
                0x0000000000800219        0x6 .build/obj_Dactylv2_rev2_Default/common/action_tapping.o
 .bss.layer_state
                0x000000000080021f        0x4 .build/obj_Dactylv2_rev2_Default/common/action_layer.o
                0x000000000080021f                layer_state
 .bss.default_layer_state
                0x0000000000800223        0x4 .build/obj_Dactylv2_rev2_Default/common/action_layer.o
                0x0000000000800223                default_layer_state
 .bss.oneshot_layer_data
                0x0000000000800227        0x1 .build/obj_Dactylv2_rev2_Default/common/action_util.o
 .bss.oneshot_mods
                0x0000000000800228        0x1 .build/obj_Dactylv2_rev2_Default/common/action_util.o
 .bss.__compound_literal.0
                0x0000000000800229        0x8 .build/obj_Dactylv2_rev2_Default/common/action_util.o
 .bss.macro_mods
                0x0000000000800231        0x1 .build/obj_Dactylv2_rev2_Default/common/action_util.o
 .bss.weak_mods
                0x0000000000800232        0x1 .build/obj_Dactylv2_rev2_Default/common/action_util.o
 .bss.real_mods
                0x0000000000800233        0x1 .build/obj_Dactylv2_rev2_Default/common/action_util.o
 .bss.debug_config
                0x0000000000800234        0x1 .build/obj_Dactylv2_rev2_Default/common/debug.o
                0x0000000000800234                debug_config
 .bss.wdt_timeout
                0x0000000000800235        0x1 .build/obj_Dactylv2_rev2_Default/common/avr/suspend.o
 .bss.last_timer
                0x0000000000800236        0x2 .build/obj_Dactylv2_rev2_Default/common/mousekey.o
 .bss.mousekey_accel
                0x0000000000800238        0x1 .build/obj_Dactylv2_rev2_Default/common/mousekey.o
 .bss.mousekey_repeat
                0x0000000000800239        0x1 .build/obj_Dactylv2_rev2_Default/common/mousekey.o
 .bss.mouse_report
                0x000000000080023a        0x5 .build/obj_Dactylv2_rev2_Default/common/mousekey.o
 .bss.mousekey_param
                0x000000000080023f        0x1 .build/obj_Dactylv2_rev2_Default/common/command.o
 .bss.command_state
                0x0000000000800240        0x1 .build/obj_Dactylv2_rev2_Default/common/command.o
                0x0000000000800240                command_state
 .bss.keyboard_report_sent
                0x0000000000800241        0x8 .build/obj_Dactylv2_rev2_Default/lufa.o
 .bss.keyboard_led_stats
                0x0000000000800249        0x1 .build/obj_Dactylv2_rev2_Default/lufa.o
 .bss.keyboard_idle
                0x000000000080024a        0x1 .build/obj_Dactylv2_rev2_Default/lufa.o
                0x000000000080024a                keyboard_idle
 .bss.desired_output
                0x000000000080024b        0x1 .build/obj_Dactylv2_rev2_Default/outputselect.o
                0x000000000080024b                desired_output
 *(COMMON)
 COMMON         0x000000000080024c        0x2 .build/obj_Dactylv2_rev2_Default/common/action.o
                0x000000000080024c                tp_buttons
 COMMON         0x000000000080024e        0x4 .build/obj_Dactylv2_rev2_Default/common/avr/timer.o
                0x000000000080024e                timer_count
 COMMON         0x0000000000800252        0x2 .build/obj_Dactylv2_rev2_Default/common/magic.o
                0x0000000000800252                keymap_config
 COMMON         0x0000000000800254        0x3 .build/obj_Dactylv2_rev2_Default/./lib/lufa/LUFA/Drivers/USB/Core/DeviceStandardReq.o
                0x0000000000800254                USB_Device_ConfigurationNumber
                0x0000000000800255                USB_Device_CurrentlySelfPowered
                0x0000000000800256                USB_Device_RemoteWakeupEnabled
 COMMON         0x0000000000800257        0xa .build/obj_Dactylv2_rev2_Default/./lib/lufa/LUFA/Drivers/USB/Core/USBTask.o
                0x0000000000800257                USB_IsInitialized
                0x0000000000800258                USB_DeviceState
                0x0000000000800259                USB_ControlRequest
                0x0000000000800261                PROVIDE (__bss_end = .)
                0x0000000000005606                __data_load_start = LOADADDR (.data)
                0x0000000000005698                __data_load_end = (__data_load_start + SIZEOF (.data))

.noinit         0x0000000000800261        0x4
                [!provide]                        PROVIDE (__noinit_start = .)
 *(.noinit*)
 .noinit        0x0000000000800261        0x4 .build/obj_Dactylv2_rev2_Default/common/avr/bootloader.o
                0x0000000000800261                reset_key
                [!provide]                        PROVIDE (__noinit_end = .)
                0x0000000000800265                _end = .
                [!provide]                        PROVIDE (__heap_start = .)

.eeprom         0x0000000000810000        0x0
 *(.eeprom*)
                0x0000000000810000                __eeprom_end = .

.fuse
 *(.fuse)
 *(.lfuse)
 *(.hfuse)
 *(.efuse)

.lock
 *(.lock*)

.signature
 *(.signature*)

.stab
 *(.stab)

.stabstr        0x0000000000000000       0x9c
 *(.stabstr)
 .stabstr       0x0000000000000000       0x9c .build/obj_Dactylv2_rev2_Default/common/avr/xprintf.o

.stab.excl
 *(.stab.excl)

.stab.exclstr
 *(.stab.exclstr)

.stab.index
 *(.stab.index)

.stab.indexstr
 *(.stab.indexstr)

.comment        0x0000000000000000       0x11
 *(.comment)
 .comment       0x0000000000000000       0x11 .build/obj_Dactylv2_rev2_Default/matrix.o
                                         0x12 (size before relaxing)
 .comment       0x0000000000000011       0x12 .build/obj_Dactylv2_rev2_Default/split_util.o
 .comment       0x0000000000000011       0x12 .build/obj_Dactylv2_rev2_Default/serial.o
 .comment       0x0000000000000011       0x12 .build/obj_Dactylv2_rev2_Default/keyboards/Dactylv2/rev2/rev2.o
 .comment       0x0000000000000011       0x12 .build/obj_Dactylv2_rev2_Default/keyboards/Dactylv2/keymaps/Default/keymap.o
 .comment       0x0000000000000011       0x12 .build/obj_Dactylv2_rev2_Default/quantum/quantum.o
 .comment       0x0000000000000011       0x12 .build/obj_Dactylv2_rev2_Default/quantum/keymap_common.o
 .comment       0x0000000000000011       0x12 .build/obj_Dactylv2_rev2_Default/quantum/keycode_config.o
 .comment       0x0000000000000011       0x12 .build/obj_Dactylv2_rev2_Default/quantum/process_keycode/process_leader.o
 .comment       0x0000000000000011       0x12 .build/obj_Dactylv2_rev2_Default/quantum/process_keycode/process_tap_dance.o
 .comment       0x0000000000000011       0x12 .build/obj_Dactylv2_rev2_Default/common/host.o
 .comment       0x0000000000000011       0x12 .build/obj_Dactylv2_rev2_Default/common/keyboard.o
 .comment       0x0000000000000011       0x12 .build/obj_Dactylv2_rev2_Default/common/action.o
 .comment       0x0000000000000011       0x12 .build/obj_Dactylv2_rev2_Default/common/action_tapping.o
 .comment       0x0000000000000011       0x12 .build/obj_Dactylv2_rev2_Default/common/action_macro.o
 .comment       0x0000000000000011       0x12 .build/obj_Dactylv2_rev2_Default/common/action_layer.o
 .comment       0x0000000000000011       0x12 .build/obj_Dactylv2_rev2_Default/common/action_util.o
 .comment       0x0000000000000011       0x12 .build/obj_Dactylv2_rev2_Default/common/debug.o
 .comment       0x0000000000000011       0x12 .build/obj_Dactylv2_rev2_Default/common/eeconfig.o
 .comment       0x0000000000000011       0x12 .build/obj_Dactylv2_rev2_Default/common/report.o
 .comment       0x0000000000000011       0x12 .build/obj_Dactylv2_rev2_Default/common/avr/suspend.o
 .comment       0x0000000000000011       0x12 .build/obj_Dactylv2_rev2_Default/common/avr/timer.o
 .comment       0x0000000000000011       0x12 .build/obj_Dactylv2_rev2_Default/common/avr/bootloader.o
 .comment       0x0000000000000011       0x12 .build/obj_Dactylv2_rev2_Default/common/magic.o
 .comment       0x0000000000000011       0x12 .build/obj_Dactylv2_rev2_Default/common/mousekey.o
 .comment       0x0000000000000011       0x12 .build/obj_Dactylv2_rev2_Default/common/command.o
 .comment       0x0000000000000011       0x12 .build/obj_Dactylv2_rev2_Default/lufa.o
 .comment       0x0000000000000011       0x12 .build/obj_Dactylv2_rev2_Default/usb_descriptor.o
 .comment       0x0000000000000011       0x12 .build/obj_Dactylv2_rev2_Default/outputselect.o
 .comment       0x0000000000000011       0x12 .build/obj_Dactylv2_rev2_Default/./lib/lufa/LUFA/Drivers/USB/Core/AVR8/Device_AVR8.o
 .comment       0x0000000000000011       0x12 .build/obj_Dactylv2_rev2_Default/./lib/lufa/LUFA/Drivers/USB/Core/AVR8/EndpointStream_AVR8.o
 .comment       0x0000000000000011       0x12 .build/obj_Dactylv2_rev2_Default/./lib/lufa/LUFA/Drivers/USB/Core/AVR8/Endpoint_AVR8.o
 .comment       0x0000000000000011       0x12 .build/obj_Dactylv2_rev2_Default/./lib/lufa/LUFA/Drivers/USB/Core/AVR8/USBController_AVR8.o
 .comment       0x0000000000000011       0x12 .build/obj_Dactylv2_rev2_Default/./lib/lufa/LUFA/Drivers/USB/Core/AVR8/USBInterrupt_AVR8.o
 .comment       0x0000000000000011       0x12 .build/obj_Dactylv2_rev2_Default/./lib/lufa/LUFA/Drivers/USB/Core/DeviceStandardReq.o
 .comment       0x0000000000000011       0x12 .build/obj_Dactylv2_rev2_Default/./lib/lufa/LUFA/Drivers/USB/Core/Events.o
 .comment       0x0000000000000011       0x12 .build/obj_Dactylv2_rev2_Default/./lib/lufa/LUFA/Drivers/USB/Core/USBTask.o

.note.gnu.avr.deviceinfo
                0x0000000000000000       0x40
 .note.gnu.avr.deviceinfo
                0x0000000000000000       0x40 /usr/local/Cellar/avr-gcc@7/7.3.0/lib/avr-gcc/7/gcc/avr/7.3.0/../../../../../../avr/lib/avr5/crtatmega32u4.o

.note.gnu.build-id
 *(.note.gnu.build-id)

.debug
 *(.debug)

.line
 *(.line)

.debug_srcinfo
 *(.debug_srcinfo)

.debug_sfnames
 *(.debug_sfnames)

.debug_aranges  0x0000000000000000      0xd78
 *(.debug_aranges)
 .debug_aranges
                0x0000000000000000       0xa0 .build/obj_Dactylv2_rev2_Default/matrix.o
 .debug_aranges
                0x00000000000000a0       0x38 .build/obj_Dactylv2_rev2_Default/split_util.o
 .debug_aranges
                0x00000000000000d8       0x70 .build/obj_Dactylv2_rev2_Default/serial.o
 .debug_aranges
                0x0000000000000148       0x30 .build/obj_Dactylv2_rev2_Default/keyboards/Dactylv2/rev2/rev2.o
 .debug_aranges
                0x0000000000000178       0x60 .build/obj_Dactylv2_rev2_Default/keyboards/Dactylv2/keymaps/Default/keymap.o
 .debug_aranges
                0x00000000000001d8      0x110 .build/obj_Dactylv2_rev2_Default/quantum/quantum.o
 .debug_aranges
                0x00000000000002e8       0x48 .build/obj_Dactylv2_rev2_Default/quantum/keymap_common.o
 .debug_aranges
                0x0000000000000330       0x28 .build/obj_Dactylv2_rev2_Default/quantum/keycode_config.o
 .debug_aranges
                0x0000000000000358       0x28 .build/obj_Dactylv2_rev2_Default/quantum/process_keycode/process_leader.o
 .debug_aranges
                0x0000000000000380       0x78 .build/obj_Dactylv2_rev2_Default/quantum/process_keycode/process_tap_dance.o
 .debug_aranges
                0x00000000000003f8       0x60 .build/obj_Dactylv2_rev2_Default/common/host.o
 .debug_aranges
                0x0000000000000458       0x48 .build/obj_Dactylv2_rev2_Default/common/keyboard.o
 .debug_aranges
                0x00000000000004a0       0x98 .build/obj_Dactylv2_rev2_Default/common/action.o
 .debug_aranges
                0x0000000000000538       0x48 .build/obj_Dactylv2_rev2_Default/common/action_tapping.o
 .debug_aranges
                0x0000000000000580       0x20 .build/obj_Dactylv2_rev2_Default/common/action_macro.o
 .debug_aranges
                0x00000000000005a0       0xc8 .build/obj_Dactylv2_rev2_Default/common/action_layer.o
 .debug_aranges
                0x0000000000000668      0x120 .build/obj_Dactylv2_rev2_Default/common/action_util.o
 .debug_aranges
                0x0000000000000788       0x18 .build/obj_Dactylv2_rev2_Default/common/debug.o
 .debug_aranges
                0x00000000000007a0       0x68 .build/obj_Dactylv2_rev2_Default/common/eeconfig.o
 .debug_aranges
                0x0000000000000808       0x50 .build/obj_Dactylv2_rev2_Default/common/report.o
 .debug_aranges
                0x0000000000000858       0x48 .build/obj_Dactylv2_rev2_Default/common/avr/suspend.o
 .debug_aranges
                0x00000000000008a0       0x50 .build/obj_Dactylv2_rev2_Default/common/avr/timer.o
 .debug_aranges
                0x00000000000008f0       0x28 .build/obj_Dactylv2_rev2_Default/common/avr/bootloader.o
 .debug_aranges
                0x0000000000000918       0x20 .build/obj_Dactylv2_rev2_Default/common/magic.o
 .debug_aranges
                0x0000000000000938       0x50 .build/obj_Dactylv2_rev2_Default/common/mousekey.o
 .debug_aranges
                0x0000000000000988       0x58 .build/obj_Dactylv2_rev2_Default/common/command.o
 .debug_aranges
                0x00000000000009e0       0x90 .build/obj_Dactylv2_rev2_Default/lufa.o
 .debug_aranges
                0x0000000000000a70       0x20 .build/obj_Dactylv2_rev2_Default/usb_descriptor.o
 .debug_aranges
                0x0000000000000a90       0x38 .build/obj_Dactylv2_rev2_Default/outputselect.o
 .debug_aranges
                0x0000000000000ac8       0x20 .build/obj_Dactylv2_rev2_Default/./lib/lufa/LUFA/Drivers/USB/Core/AVR8/Device_AVR8.o
 .debug_aranges
                0x0000000000000ae8       0xc8 .build/obj_Dactylv2_rev2_Default/./lib/lufa/LUFA/Drivers/USB/Core/AVR8/EndpointStream_AVR8.o
 .debug_aranges
                0x0000000000000bb0       0x40 .build/obj_Dactylv2_rev2_Default/./lib/lufa/LUFA/Drivers/USB/Core/AVR8/Endpoint_AVR8.o
 .debug_aranges
                0x0000000000000bf0       0x30 .build/obj_Dactylv2_rev2_Default/./lib/lufa/LUFA/Drivers/USB/Core/AVR8/USBController_AVR8.o
 .debug_aranges
                0x0000000000000c20       0x38 .build/obj_Dactylv2_rev2_Default/./lib/lufa/LUFA/Drivers/USB/Core/AVR8/USBInterrupt_AVR8.o
 .debug_aranges
                0x0000000000000c58       0x20 .build/obj_Dactylv2_rev2_Default/./lib/lufa/LUFA/Drivers/USB/Core/DeviceStandardReq.o
 .debug_aranges
                0x0000000000000c78       0x20 .build/obj_Dactylv2_rev2_Default/./lib/lufa/LUFA/Drivers/USB/Core/Events.o
 .debug_aranges
                0x0000000000000c98       0x20 .build/obj_Dactylv2_rev2_Default/./lib/lufa/LUFA/Drivers/USB/Core/USBTask.o
 .debug_aranges
                0x0000000000000cb8       0x20 /usr/local/Cellar/avr-gcc@7/7.3.0/lib/avr-gcc/7/gcc/avr/7.3.0/avr5/libgcc.a(_divmodhi4.o)
 .debug_aranges
                0x0000000000000cd8       0x20 /usr/local/Cellar/avr-gcc@7/7.3.0/lib/avr-gcc/7/gcc/avr/7.3.0/avr5/libgcc.a(_exit.o)
 .debug_aranges
                0x0000000000000cf8       0x20 /usr/local/Cellar/avr-gcc@7/7.3.0/lib/avr-gcc/7/gcc/avr/7.3.0/avr5/libgcc.a(_tablejump2.o)
 .debug_aranges
                0x0000000000000d18       0x20 /usr/local/Cellar/avr-gcc@7/7.3.0/lib/avr-gcc/7/gcc/avr/7.3.0/avr5/libgcc.a(_copy_data.o)
 .debug_aranges
                0x0000000000000d38       0x20 /usr/local/Cellar/avr-gcc@7/7.3.0/lib/avr-gcc/7/gcc/avr/7.3.0/avr5/libgcc.a(_clear_bss.o)
 .debug_aranges
                0x0000000000000d58       0x20 /usr/local/Cellar/avr-gcc@7/7.3.0/lib/avr-gcc/7/gcc/avr/7.3.0/avr5/libgcc.a(_udivmodhi4.o)

.debug_pubnames
 *(.debug_pubnames)

.debug_info     0x0000000000000000    0x18596
 *(.debug_info .gnu.linkonce.wi.*)
 .debug_info    0x0000000000000000      0x9f4 /usr/local/Cellar/avr-gcc@7/7.3.0/lib/avr-gcc/7/gcc/avr/7.3.0/../../../../../../avr/lib/avr5/crtatmega32u4.o
 .debug_info    0x00000000000009f4      0x9f7 .build/obj_Dactylv2_rev2_Default/matrix.o
 .debug_info    0x00000000000013eb      0x2f1 .build/obj_Dactylv2_rev2_Default/split_util.o
 .debug_info    0x00000000000016dc      0x733 .build/obj_Dactylv2_rev2_Default/serial.o
 .debug_info    0x0000000000001e0f      0x588 .build/obj_Dactylv2_rev2_Default/keyboards/Dactylv2/rev2/rev2.o
 .debug_info    0x0000000000002397     0x1a3e .build/obj_Dactylv2_rev2_Default/keyboards/Dactylv2/keymaps/Default/keymap.o
 .debug_info    0x0000000000003dd5     0x253c .build/obj_Dactylv2_rev2_Default/quantum/quantum.o
 .debug_info    0x0000000000006311     0x1bbe .build/obj_Dactylv2_rev2_Default/quantum/keymap_common.o
 .debug_info    0x0000000000007ecf      0x5fb .build/obj_Dactylv2_rev2_Default/quantum/keycode_config.o
 .debug_info    0x00000000000084ca      0xf6d .build/obj_Dactylv2_rev2_Default/quantum/process_keycode/process_leader.o
 .debug_info    0x0000000000009437     0x1545 .build/obj_Dactylv2_rev2_Default/quantum/process_keycode/process_tap_dance.o
 .debug_info    0x000000000000a97c      0x46e .build/obj_Dactylv2_rev2_Default/common/host.o
 .debug_info    0x000000000000adea      0x60f .build/obj_Dactylv2_rev2_Default/common/keyboard.o
 .debug_info    0x000000000000b3f9     0x1b4c .build/obj_Dactylv2_rev2_Default/common/action.o
 .debug_info    0x000000000000cf45      0xf63 .build/obj_Dactylv2_rev2_Default/common/action_tapping.o
 .debug_info    0x000000000000dea8      0x88d .build/obj_Dactylv2_rev2_Default/common/action_macro.o
 .debug_info    0x000000000000e735      0xa01 .build/obj_Dactylv2_rev2_Default/common/action_layer.o
 .debug_info    0x000000000000f136      0x8bd .build/obj_Dactylv2_rev2_Default/common/action_util.o
 .debug_info    0x000000000000f9f3      0x104 .build/obj_Dactylv2_rev2_Default/common/debug.o
 .debug_info    0x000000000000faf7      0x352 .build/obj_Dactylv2_rev2_Default/common/eeconfig.o
 .debug_info    0x000000000000fe49      0x483 .build/obj_Dactylv2_rev2_Default/common/report.o
 .debug_info    0x00000000000102cc      0x610 .build/obj_Dactylv2_rev2_Default/common/avr/suspend.o
 .debug_info    0x00000000000108dc      0x3aa .build/obj_Dactylv2_rev2_Default/common/avr/timer.o
 .debug_info    0x0000000000010c86      0x328 .build/obj_Dactylv2_rev2_Default/common/avr/bootloader.o
 .debug_info    0x0000000000010fae      0x316 .build/obj_Dactylv2_rev2_Default/common/magic.o
 .debug_info    0x00000000000112c4      0x684 .build/obj_Dactylv2_rev2_Default/common/mousekey.o
 .debug_info    0x0000000000011948      0xd58 .build/obj_Dactylv2_rev2_Default/common/command.o
 .debug_info    0x00000000000126a0     0x1508 .build/obj_Dactylv2_rev2_Default/lufa.o
 .debug_info    0x0000000000013ba8      0x934 .build/obj_Dactylv2_rev2_Default/usb_descriptor.o
 .debug_info    0x00000000000144dc      0x4db .build/obj_Dactylv2_rev2_Default/outputselect.o
 .debug_info    0x00000000000149b7      0x18c .build/obj_Dactylv2_rev2_Default/./lib/lufa/LUFA/Drivers/USB/Core/AVR8/Device_AVR8.o
 .debug_info    0x0000000000014b43     0x17d8 .build/obj_Dactylv2_rev2_Default/./lib/lufa/LUFA/Drivers/USB/Core/AVR8/EndpointStream_AVR8.o
 .debug_info    0x000000000001631b      0x64a .build/obj_Dactylv2_rev2_Default/./lib/lufa/LUFA/Drivers/USB/Core/AVR8/Endpoint_AVR8.o
 .debug_info    0x0000000000016965      0x54a .build/obj_Dactylv2_rev2_Default/./lib/lufa/LUFA/Drivers/USB/Core/AVR8/USBController_AVR8.o
 .debug_info    0x0000000000016eaf      0x875 .build/obj_Dactylv2_rev2_Default/./lib/lufa/LUFA/Drivers/USB/Core/AVR8/USBInterrupt_AVR8.o
 .debug_info    0x0000000000017724      0xa6f .build/obj_Dactylv2_rev2_Default/./lib/lufa/LUFA/Drivers/USB/Core/DeviceStandardReq.o
 .debug_info    0x0000000000018193       0x78 .build/obj_Dactylv2_rev2_Default/./lib/lufa/LUFA/Drivers/USB/Core/Events.o
 .debug_info    0x000000000001820b      0x2a7 .build/obj_Dactylv2_rev2_Default/./lib/lufa/LUFA/Drivers/USB/Core/USBTask.o
 .debug_info    0x00000000000184b2       0x26 /usr/local/Cellar/avr-gcc@7/7.3.0/lib/avr-gcc/7/gcc/avr/7.3.0/avr5/libgcc.a(_divmodhi4.o)
 .debug_info    0x00000000000184d8       0x26 /usr/local/Cellar/avr-gcc@7/7.3.0/lib/avr-gcc/7/gcc/avr/7.3.0/avr5/libgcc.a(_exit.o)
 .debug_info    0x00000000000184fe       0x26 /usr/local/Cellar/avr-gcc@7/7.3.0/lib/avr-gcc/7/gcc/avr/7.3.0/avr5/libgcc.a(_tablejump2.o)
 .debug_info    0x0000000000018524       0x26 /usr/local/Cellar/avr-gcc@7/7.3.0/lib/avr-gcc/7/gcc/avr/7.3.0/avr5/libgcc.a(_copy_data.o)
 .debug_info    0x000000000001854a       0x26 /usr/local/Cellar/avr-gcc@7/7.3.0/lib/avr-gcc/7/gcc/avr/7.3.0/avr5/libgcc.a(_clear_bss.o)
 .debug_info    0x0000000000018570       0x26 /usr/local/Cellar/avr-gcc@7/7.3.0/lib/avr-gcc/7/gcc/avr/7.3.0/avr5/libgcc.a(_udivmodhi4.o)

.debug_abbrev   0x0000000000000000     0x58be
 *(.debug_abbrev)
 .debug_abbrev  0x0000000000000000      0x96a /usr/local/Cellar/avr-gcc@7/7.3.0/lib/avr-gcc/7/gcc/avr/7.3.0/../../../../../../avr/lib/avr5/crtatmega32u4.o
 .debug_abbrev  0x000000000000096a      0x3a6 .build/obj_Dactylv2_rev2_Default/matrix.o
 .debug_abbrev  0x0000000000000d10      0x167 .build/obj_Dactylv2_rev2_Default/split_util.o
 .debug_abbrev  0x0000000000000e77      0x251 .build/obj_Dactylv2_rev2_Default/serial.o
 .debug_abbrev  0x00000000000010c8      0x183 .build/obj_Dactylv2_rev2_Default/keyboards/Dactylv2/rev2/rev2.o
 .debug_abbrev  0x000000000000124b      0x2bc .build/obj_Dactylv2_rev2_Default/keyboards/Dactylv2/keymaps/Default/keymap.o
 .debug_abbrev  0x0000000000001507      0x4ac .build/obj_Dactylv2_rev2_Default/quantum/quantum.o
 .debug_abbrev  0x00000000000019b3      0x2d5 .build/obj_Dactylv2_rev2_Default/quantum/keymap_common.o
 .debug_abbrev  0x0000000000001c88       0xfd .build/obj_Dactylv2_rev2_Default/quantum/keycode_config.o
 .debug_abbrev  0x0000000000001d85      0x1af .build/obj_Dactylv2_rev2_Default/quantum/process_keycode/process_leader.o
 .debug_abbrev  0x0000000000001f34      0x2eb .build/obj_Dactylv2_rev2_Default/quantum/process_keycode/process_tap_dance.o
 .debug_abbrev  0x000000000000221f      0x19b .build/obj_Dactylv2_rev2_Default/common/host.o
 .debug_abbrev  0x00000000000023ba      0x231 .build/obj_Dactylv2_rev2_Default/common/keyboard.o
 .debug_abbrev  0x00000000000025eb      0x38d .build/obj_Dactylv2_rev2_Default/common/action.o
 .debug_abbrev  0x0000000000002978      0x305 .build/obj_Dactylv2_rev2_Default/common/action_tapping.o
 .debug_abbrev  0x0000000000002c7d      0x1c8 .build/obj_Dactylv2_rev2_Default/common/action_macro.o
 .debug_abbrev  0x0000000000002e45      0x288 .build/obj_Dactylv2_rev2_Default/common/action_layer.o
 .debug_abbrev  0x00000000000030cd      0x256 .build/obj_Dactylv2_rev2_Default/common/action_util.o
 .debug_abbrev  0x0000000000003323       0x94 .build/obj_Dactylv2_rev2_Default/common/debug.o
 .debug_abbrev  0x00000000000033b7       0xc2 .build/obj_Dactylv2_rev2_Default/common/eeconfig.o
 .debug_abbrev  0x0000000000003479      0x175 .build/obj_Dactylv2_rev2_Default/common/report.o
 .debug_abbrev  0x00000000000035ee      0x2b2 .build/obj_Dactylv2_rev2_Default/common/avr/suspend.o
 .debug_abbrev  0x00000000000038a0      0x182 .build/obj_Dactylv2_rev2_Default/common/avr/timer.o
 .debug_abbrev  0x0000000000003a22      0x1b8 .build/obj_Dactylv2_rev2_Default/common/avr/bootloader.o
 .debug_abbrev  0x0000000000003bda      0x10c .build/obj_Dactylv2_rev2_Default/common/magic.o
 .debug_abbrev  0x0000000000003ce6      0x1f9 .build/obj_Dactylv2_rev2_Default/common/mousekey.o
 .debug_abbrev  0x0000000000003edf      0x372 .build/obj_Dactylv2_rev2_Default/common/command.o
 .debug_abbrev  0x0000000000004251      0x455 .build/obj_Dactylv2_rev2_Default/lufa.o
 .debug_abbrev  0x00000000000046a6      0x1d9 .build/obj_Dactylv2_rev2_Default/usb_descriptor.o
 .debug_abbrev  0x000000000000487f      0x1fe .build/obj_Dactylv2_rev2_Default/outputselect.o
 .debug_abbrev  0x0000000000004a7d       0xb6 .build/obj_Dactylv2_rev2_Default/./lib/lufa/LUFA/Drivers/USB/Core/AVR8/Device_AVR8.o
 .debug_abbrev  0x0000000000004b33      0x20a .build/obj_Dactylv2_rev2_Default/./lib/lufa/LUFA/Drivers/USB/Core/AVR8/EndpointStream_AVR8.o
 .debug_abbrev  0x0000000000004d3d      0x251 .build/obj_Dactylv2_rev2_Default/./lib/lufa/LUFA/Drivers/USB/Core/AVR8/Endpoint_AVR8.o
 .debug_abbrev  0x0000000000004f8e      0x1af .build/obj_Dactylv2_rev2_Default/./lib/lufa/LUFA/Drivers/USB/Core/AVR8/USBController_AVR8.o
 .debug_abbrev  0x000000000000513d      0x231 .build/obj_Dactylv2_rev2_Default/./lib/lufa/LUFA/Drivers/USB/Core/AVR8/USBInterrupt_AVR8.o
 .debug_abbrev  0x000000000000536e      0x2fc .build/obj_Dactylv2_rev2_Default/./lib/lufa/LUFA/Drivers/USB/Core/DeviceStandardReq.o
 .debug_abbrev  0x000000000000566a       0x44 .build/obj_Dactylv2_rev2_Default/./lib/lufa/LUFA/Drivers/USB/Core/Events.o
 .debug_abbrev  0x00000000000056ae      0x198 .build/obj_Dactylv2_rev2_Default/./lib/lufa/LUFA/Drivers/USB/Core/USBTask.o
 .debug_abbrev  0x0000000000005846       0x14 /usr/local/Cellar/avr-gcc@7/7.3.0/lib/avr-gcc/7/gcc/avr/7.3.0/avr5/libgcc.a(_divmodhi4.o)
 .debug_abbrev  0x000000000000585a       0x14 /usr/local/Cellar/avr-gcc@7/7.3.0/lib/avr-gcc/7/gcc/avr/7.3.0/avr5/libgcc.a(_exit.o)
 .debug_abbrev  0x000000000000586e       0x14 /usr/local/Cellar/avr-gcc@7/7.3.0/lib/avr-gcc/7/gcc/avr/7.3.0/avr5/libgcc.a(_tablejump2.o)
 .debug_abbrev  0x0000000000005882       0x14 /usr/local/Cellar/avr-gcc@7/7.3.0/lib/avr-gcc/7/gcc/avr/7.3.0/avr5/libgcc.a(_copy_data.o)
 .debug_abbrev  0x0000000000005896       0x14 /usr/local/Cellar/avr-gcc@7/7.3.0/lib/avr-gcc/7/gcc/avr/7.3.0/avr5/libgcc.a(_clear_bss.o)
 .debug_abbrev  0x00000000000058aa       0x14 /usr/local/Cellar/avr-gcc@7/7.3.0/lib/avr-gcc/7/gcc/avr/7.3.0/avr5/libgcc.a(_udivmodhi4.o)

.debug_line     0x0000000000000000     0x9bc3
 *(.debug_line .debug_line.* .debug_line_end)
 .debug_line    0x0000000000000000       0x1d /usr/local/Cellar/avr-gcc@7/7.3.0/lib/avr-gcc/7/gcc/avr/7.3.0/../../../../../../avr/lib/avr5/crtatmega32u4.o
 .debug_line    0x000000000000001d      0x4e5 .build/obj_Dactylv2_rev2_Default/matrix.o
 .debug_line    0x0000000000000502      0x1ed .build/obj_Dactylv2_rev2_Default/split_util.o
 .debug_line    0x00000000000006ef      0x40f .build/obj_Dactylv2_rev2_Default/serial.o
 .debug_line    0x0000000000000afe      0x1ef .build/obj_Dactylv2_rev2_Default/keyboards/Dactylv2/rev2/rev2.o
 .debug_line    0x0000000000000ced      0x512 .build/obj_Dactylv2_rev2_Default/keyboards/Dactylv2/keymaps/Default/keymap.o
 .debug_line    0x00000000000011ff      0xb20 .build/obj_Dactylv2_rev2_Default/quantum/quantum.o
 .debug_line    0x0000000000001d1f      0x4b8 .build/obj_Dactylv2_rev2_Default/quantum/keymap_common.o
 .debug_line    0x00000000000021d7      0x1da .build/obj_Dactylv2_rev2_Default/quantum/keycode_config.o
 .debug_line    0x00000000000023b1      0x28d .build/obj_Dactylv2_rev2_Default/quantum/process_keycode/process_leader.o
 .debug_line    0x000000000000263e      0x51c .build/obj_Dactylv2_rev2_Default/quantum/process_keycode/process_tap_dance.o
 .debug_line    0x0000000000002b5a      0x1c9 .build/obj_Dactylv2_rev2_Default/common/host.o
 .debug_line    0x0000000000002d23      0x259 .build/obj_Dactylv2_rev2_Default/common/keyboard.o
 .debug_line    0x0000000000002f7c      0x9d4 .build/obj_Dactylv2_rev2_Default/common/action.o
 .debug_line    0x0000000000003950      0x5e6 .build/obj_Dactylv2_rev2_Default/common/action_tapping.o
 .debug_line    0x0000000000003f36      0x1d4 .build/obj_Dactylv2_rev2_Default/common/action_macro.o
 .debug_line    0x000000000000410a      0x391 .build/obj_Dactylv2_rev2_Default/common/action_layer.o
 .debug_line    0x000000000000449b      0x497 .build/obj_Dactylv2_rev2_Default/common/action_util.o
 .debug_line    0x0000000000004932       0x7f .build/obj_Dactylv2_rev2_Default/common/debug.o
 .debug_line    0x00000000000049b1      0x1b4 .build/obj_Dactylv2_rev2_Default/common/eeconfig.o
 .debug_line    0x0000000000004b65      0x1cd .build/obj_Dactylv2_rev2_Default/common/report.o
 .debug_line    0x0000000000004d32      0x320 .build/obj_Dactylv2_rev2_Default/common/avr/suspend.o
 .debug_line    0x0000000000005052      0x296 .build/obj_Dactylv2_rev2_Default/common/avr/timer.o
 .debug_line    0x00000000000052e8      0x1c2 .build/obj_Dactylv2_rev2_Default/common/avr/bootloader.o
 .debug_line    0x00000000000054aa      0x107 .build/obj_Dactylv2_rev2_Default/common/magic.o
 .debug_line    0x00000000000055b1      0x62a .build/obj_Dactylv2_rev2_Default/common/mousekey.o
 .debug_line    0x0000000000005bdb      0x588 .build/obj_Dactylv2_rev2_Default/common/command.o
 .debug_line    0x0000000000006163      0x948 .build/obj_Dactylv2_rev2_Default/lufa.o
 .debug_line    0x0000000000006aab      0x26d .build/obj_Dactylv2_rev2_Default/usb_descriptor.o
 .debug_line    0x0000000000006d18      0x208 .build/obj_Dactylv2_rev2_Default/outputselect.o
 .debug_line    0x0000000000006f20      0x195 .build/obj_Dactylv2_rev2_Default/./lib/lufa/LUFA/Drivers/USB/Core/AVR8/Device_AVR8.o
 .debug_line    0x00000000000070b5     0x13c3 .build/obj_Dactylv2_rev2_Default/./lib/lufa/LUFA/Drivers/USB/Core/AVR8/EndpointStream_AVR8.o
 .debug_line    0x0000000000008478      0x4c8 .build/obj_Dactylv2_rev2_Default/./lib/lufa/LUFA/Drivers/USB/Core/AVR8/Endpoint_AVR8.o
 .debug_line    0x0000000000008940      0x310 .build/obj_Dactylv2_rev2_Default/./lib/lufa/LUFA/Drivers/USB/Core/AVR8/USBController_AVR8.o