Archive member included because of file (symbol)

/usr/lib/gcc/avr/4.8.2/avr5/libgcc.a(_divmodhi4.o)
                              .build/obj_Dactylv2_rev2_Matt/common/mousekey.o (__divmodhi4)
/usr/lib/gcc/avr/4.8.2/avr5/libgcc.a(_exit.o)
                              /usr/lib/gcc/avr/4.8.2/../../../avr/lib/avr5/crtm32u4.o (exit)
/usr/lib/gcc/avr/4.8.2/avr5/libgcc.a(_tablejump.o)
                              .build/obj_Dactylv2_rev2_Matt/keyboards/Dactylv2/keymaps/Matt/keymap.o (__tablejump2__)
/usr/lib/gcc/avr/4.8.2/avr5/libgcc.a(_copy_data.o)
                              .build/obj_Dactylv2_rev2_Matt/matrix.o (__do_copy_data)
/usr/lib/gcc/avr/4.8.2/avr5/libgcc.a(_clear_bss.o)
                              .build/obj_Dactylv2_rev2_Matt/matrix.o (__do_clear_bss)
/usr/lib/gcc/avr/4.8.2/avr5/libgcc.a(_udivmodhi4.o)
                              /usr/lib/gcc/avr/4.8.2/avr5/libgcc.a(_divmodhi4.o) (__udivmodhi4)
/usr/lib/gcc/avr/4.8.2/../../../avr/lib/avr5/libc.a(memmove.o)
                              .build/obj_Dactylv2_rev2_Matt/./lib/lufa/LUFA/Drivers/USB/Class/Common/HIDParser.o (memmove)
/usr/lib/gcc/avr/4.8.2/../../../avr/lib/avr5/libc.a(eerd_byte_atmega32u4.o)
                              .build/obj_Dactylv2_rev2_Matt/split_util.o (__eerd_byte_m32u4)
/usr/lib/gcc/avr/4.8.2/../../../avr/lib/avr5/libc.a(eerd_word_atmega32u4.o)
                              .build/obj_Dactylv2_rev2_Matt/common/eeconfig.o (__eerd_word_m32u4)
/usr/lib/gcc/avr/4.8.2/../../../avr/lib/avr5/libc.a(eeupd_byte_atmega32u4.o)
                              .build/obj_Dactylv2_rev2_Matt/common/eeconfig.o (__eeupd_byte_m32u4)
/usr/lib/gcc/avr/4.8.2/../../../avr/lib/avr5/libc.a(eeupd_word_atmega32u4.o)
                              .build/obj_Dactylv2_rev2_Matt/common/eeconfig.o (__eeupd_word_m32u4)
/usr/lib/gcc/avr/4.8.2/../../../avr/lib/avr5/libc.a(memcpy.o)
                              /usr/lib/gcc/avr/4.8.2/../../../avr/lib/avr5/libc.a(memmove.o) (memcpy)
/usr/lib/gcc/avr/4.8.2/../../../avr/lib/avr5/libc.a(eerd_block_atmega32u4.o)
                              /usr/lib/gcc/avr/4.8.2/../../../avr/lib/avr5/libc.a(eerd_word_atmega32u4.o) (__eerd_blraw_m32u4)

Allocating common symbols
Common symbol       size              file

USB_IsInitialized   0x1               .build/obj_Dactylv2_rev2_Matt/./lib/lufa/LUFA/Drivers/USB/Core/USBTask.o
keymap_config       0x2               .build/obj_Dactylv2_rev2_Matt/common/magic.o
USB_DeviceState     0x1               .build/obj_Dactylv2_rev2_Matt/./lib/lufa/LUFA/Drivers/USB/Core/USBTask.o
USB_Device_ConfigurationNumber
                    0x1               .build/obj_Dactylv2_rev2_Matt/./lib/lufa/LUFA/Drivers/USB/Core/DeviceStandardReq.o
USB_Device_CurrentlySelfPowered
                    0x1               .build/obj_Dactylv2_rev2_Matt/./lib/lufa/LUFA/Drivers/USB/Core/DeviceStandardReq.o
USB_ControlRequest  0x8               .build/obj_Dactylv2_rev2_Matt/./lib/lufa/LUFA/Drivers/USB/Core/USBTask.o
tp_buttons          0x2               .build/obj_Dactylv2_rev2_Matt/common/action.o
USB_Device_RemoteWakeupEnabled
                    0x1               .build/obj_Dactylv2_rev2_Matt/./lib/lufa/LUFA/Drivers/USB/Core/DeviceStandardReq.o
timer_count         0x4               .build/obj_Dactylv2_rev2_Matt/common/avr/timer.o

Discarded input sections

 .bss           0x0000000000000000        0x0 /usr/lib/gcc/avr/4.8.2/../../../avr/lib/avr5/crtm32u4.o
 .text          0x0000000000000000        0x0 .build/obj_Dactylv2_rev2_Matt/matrix.o
 .bss           0x0000000000000000        0x0 .build/obj_Dactylv2_rev2_Matt/matrix.o
 .text.matrix_init_user
                0x0000000000000000        0x2 .build/obj_Dactylv2_rev2_Matt/matrix.o
 .text.matrix_init_kb
                0x0000000000000000        0x4 .build/obj_Dactylv2_rev2_Matt/matrix.o
 .text.matrix_init_quantum
                0x0000000000000000        0x4 .build/obj_Dactylv2_rev2_Matt/matrix.o
 .text.matrix_scan_user
                0x0000000000000000        0x2 .build/obj_Dactylv2_rev2_Matt/matrix.o
 .text.matrix_scan_quantum
                0x0000000000000000        0x4 .build/obj_Dactylv2_rev2_Matt/matrix.o
 .text.matrix_rows
                0x0000000000000000        0x4 .build/obj_Dactylv2_rev2_Matt/matrix.o
 .text.matrix_cols
                0x0000000000000000        0x4 .build/obj_Dactylv2_rev2_Matt/matrix.o
 .text.matrix_is_modified
                0x0000000000000000        0xa .build/obj_Dactylv2_rev2_Matt/matrix.o
 .text.matrix_is_on
                0x0000000000000000       0x28 .build/obj_Dactylv2_rev2_Matt/matrix.o
 .text.matrix_key_count
                0x0000000000000000       0x28 .build/obj_Dactylv2_rev2_Matt/matrix.o
 .text          0x0000000000000000        0x0 .build/obj_Dactylv2_rev2_Matt/i2c.o
 .bss           0x0000000000000000        0x0 .build/obj_Dactylv2_rev2_Matt/i2c.o
 .text          0x0000000000000000        0x0 .build/obj_Dactylv2_rev2_Matt/split_util.o
[...]
Memory Configuration

Name             Origin             Length             Attributes
text             0x0000000000000000 0x0000000000020000 xr
data             0x0000000000800060 0x000000000000ffa0 rw !x
eeprom           0x0000000000810000 0x0000000000010000 rw !x
fuse             0x0000000000820000 0x0000000000000400 rw !x
lock             0x0000000000830000 0x0000000000000400 rw !x
signature        0x0000000000840000 0x0000000000000400 rw !x
user_signatures  0x0000000000850000 0x0000000000000400 rw !x
*default*        0x0000000000000000 0xffffffffffffffff

Linker script and memory map

Address of section .data set to 0x800100
LOAD /usr/lib/gcc/avr/4.8.2/../../../avr/lib/avr5/crtm32u4.o
LOAD .build/obj_Dactylv2_rev2_Matt/matrix.o
LOAD .build/obj_Dactylv2_rev2_Matt/i2c.o
LOAD .build/obj_Dactylv2_rev2_Matt/split_util.o
LOAD .build/obj_Dactylv2_rev2_Matt/serial.o
LOAD .build/obj_Dactylv2_rev2_Matt/ssd1306.o
LOAD .build/obj_Dactylv2_rev2_Matt/keyboards/Dactylv2/rev2/rev2.o
LOAD .build/obj_Dactylv2_rev2_Matt/keyboards/Dactylv2/keymaps/Matt/keymap.o
LOAD .build/obj_Dactylv2_rev2_Matt/quantum/quantum.o
LOAD .build/obj_Dactylv2_rev2_Matt/quantum/keymap_common.o
LOAD .build/obj_Dactylv2_rev2_Matt/quantum/keycode_config.o
LOAD .build/obj_Dactylv2_rev2_Matt/quantum/process_keycode/process_leader.o
LOAD .build/obj_Dactylv2_rev2_Matt/quantum/process_keycode/process_tap_dance.o
LOAD .build/obj_Dactylv2_rev2_Matt/common/host.o
LOAD .build/obj_Dactylv2_rev2_Matt/common/keyboard.o
LOAD .build/obj_Dactylv2_rev2_Matt/common/action.o
LOAD .build/obj_Dactylv2_rev2_Matt/common/action_tapping.o
LOAD .build/obj_Dactylv2_rev2_Matt/common/action_macro.o
LOAD .build/obj_Dactylv2_rev2_Matt/common/action_layer.o
LOAD .build/obj_Dactylv2_rev2_Matt/common/action_util.o
LOAD .build/obj_Dactylv2_rev2_Matt/common/print.o
LOAD .build/obj_Dactylv2_rev2_Matt/common/debug.o
LOAD .build/obj_Dactylv2_rev2_Matt/common/util.o
LOAD .build/obj_Dactylv2_rev2_Matt/common/eeconfig.o
LOAD .build/obj_Dactylv2_rev2_Matt/common/report.o
LOAD .build/obj_Dactylv2_rev2_Matt/common/avr/suspend.o
LOAD .build/obj_Dactylv2_rev2_Matt/common/avr/timer.o
LOAD .build/obj_Dactylv2_rev2_Matt/common/avr/bootloader.o
LOAD .build/obj_Dactylv2_rev2_Matt/common/avr/xprintf.o
LOAD .build/obj_Dactylv2_rev2_Matt/common/magic.o
LOAD .build/obj_Dactylv2_rev2_Matt/common/mousekey.o
LOAD .build/obj_Dactylv2_rev2_Matt/common/command.o
LOAD .build/obj_Dactylv2_rev2_Matt/lufa.o
LOAD .build/obj_Dactylv2_rev2_Matt/usb_descriptor.o
LOAD .build/obj_Dactylv2_rev2_Matt/outputselect.o
LOAD .build/obj_Dactylv2_rev2_Matt/./lib/lufa/LUFA/Drivers/USB/Class/Common/HIDParser.o
LOAD .build/obj_Dactylv2_rev2_Matt/./lib/lufa/LUFA/Drivers/USB/Core/AVR8/Device_AVR8.o
LOAD .build/obj_Dactylv2_rev2_Matt/./lib/lufa/LUFA/Drivers/USB/Core/AVR8/EndpointStream_AVR8.o
LOAD .build/obj_Dactylv2_rev2_Matt/./lib/lufa/LUFA/Drivers/USB/Core/AVR8/Endpoint_AVR8.o
LOAD .build/obj_Dactylv2_rev2_Matt/./lib/lufa/LUFA/Drivers/USB/Core/AVR8/Host_AVR8.o
LOAD .build/obj_Dactylv2_rev2_Matt/./lib/lufa/LUFA/Drivers/USB/Core/AVR8/PipeStream_AVR8.o
LOAD .build/obj_Dactylv2_rev2_Matt/./lib/lufa/LUFA/Drivers/USB/Core/AVR8/Pipe_AVR8.o
LOAD .build/obj_Dactylv2_rev2_Matt/./lib/lufa/LUFA/Drivers/USB/Core/AVR8/USBController_AVR8.o
LOAD .build/obj_Dactylv2_rev2_Matt/./lib/lufa/LUFA/Drivers/USB/Core/AVR8/USBInterrupt_AVR8.o
LOAD .build/obj_Dactylv2_rev2_Matt/./lib/lufa/LUFA/Drivers/USB/Core/ConfigDescriptors.o
LOAD .build/obj_Dactylv2_rev2_Matt/./lib/lufa/LUFA/Drivers/USB/Core/DeviceStandardReq.o
LOAD .build/obj_Dactylv2_rev2_Matt/./lib/lufa/LUFA/Drivers/USB/Core/Events.o
LOAD .build/obj_Dactylv2_rev2_Matt/./lib/lufa/LUFA/Drivers/USB/Core/HostStandardReq.o
LOAD .build/obj_Dactylv2_rev2_Matt/./lib/lufa/LUFA/Drivers/USB/Core/USBTask.o
LOAD /usr/lib/gcc/avr/4.8.2/../../../avr/lib/avr5/libm.a
START GROUP
LOAD /usr/lib/gcc/avr/4.8.2/avr5/libgcc.a
LOAD /usr/lib/gcc/avr/4.8.2/../../../avr/lib/avr5/libm.a
LOAD /usr/lib/gcc/avr/4.8.2/../../../avr/lib/avr5/libc.a
END GROUP

.hash
 *(.hash)

.dynsym
 *(.dynsym)

.dynstr
 *(.dynstr)

.gnu.version
 *(.gnu.version)

.gnu.version_d
 *(.gnu.version_d)

.gnu.version_r
 *(.gnu.version_r)

.rel.init
 *(.rel.init)

.rela.init
 *(.rela.init)

.rel.text
 *(.rel.text)
 *(.rel.text.*)
 *(.rel.gnu.linkonce.t*)

.rela.text
 *(.rela.text)
 *(.rela.text.*)
 *(.rela.gnu.linkonce.t*)

.rel.fini
 *(.rel.fini)

.rela.fini
 *(.rela.fini)

.rel.rodata
 *(.rel.rodata)
 *(.rel.rodata.*)
 *(.rel.gnu.linkonce.r*)

.rela.rodata
 *(.rela.rodata)
 *(.rela.rodata.*)
 *(.rela.gnu.linkonce.r*)

.rel.data
 *(.rel.data)
 *(.rel.data.*)
 *(.rel.gnu.linkonce.d*)

.rela.data
 *(.rela.data)
 *(.rela.data.*)
 *(.rela.gnu.linkonce.d*)

.rel.ctors
 *(.rel.ctors)

.rela.ctors
 *(.rela.ctors)

.rel.dtors
 *(.rel.dtors)

.rela.dtors
 *(.rela.dtors)

.rel.got
 *(.rel.got)

.rela.got
 *(.rela.got)

.rel.bss
 *(.rel.bss)

.rela.bss
 *(.rela.bss)

.rel.plt
 *(.rel.plt)

.rela.plt
 *(.rela.plt)

.text           0x0000000000000000     0x5796
 *(.vectors)
 .vectors       0x0000000000000000       0xac /usr/lib/gcc/avr/4.8.2/../../../avr/lib/avr5/crtm32u4.o
                0x0000000000000000                __vectors
                0x0000000000000000                __vector_default
 *(.vectors)
 *(.progmem.gcc*)
 .progmem.gcc_sw_table.action_get_macro
                0x00000000000000ac       0x20 .build/obj_Dactylv2_rev2_Matt/keyboards/Dactylv2/keymaps/Matt/keymap.o
 .progmem.gcc_sw_table.process_record_quantum
                0x00000000000000cc       0x24 .build/obj_Dactylv2_rev2_Matt/quantum/quantum.o
 .progmem.gcc_sw_table.process_action
                0x00000000000000f0       0x4a .build/obj_Dactylv2_rev2_Matt/common/action.o
 .progmem.gcc_sw_table.is_tap_key
                0x000000000000013a       0x1c .build/obj_Dactylv2_rev2_Matt/common/action.o
 .progmem.gcc_sw_table.USB_Device_ProcessControlRequest
                0x0000000000000156       0x14 .build/obj_Dactylv2_rev2_Matt/./lib/lufa/LUFA/Drivers/USB/Core/DeviceStandardReq.o
 *(.progmem*)
 .progmem.data.__m.3245
                0x000000000000016a        0xd .build/obj_Dactylv2_rev2_Matt/keyboards/Dactylv2/keymaps/Matt/keymap.o
 .progmem.data.__m.3243
                0x0000000000000177        0xd .build/obj_Dactylv2_rev2_Matt/keyboards/Dactylv2/keymaps/Matt/keymap.o
 .progmem.data.__m.3233
                0x0000000000000184       0x3b .build/obj_Dactylv2_rev2_Matt/keyboards/Dactylv2/keymaps/Matt/keymap.o
 .progmem.data.__m.3231
                0x00000000000001bf       0x55 .build/obj_Dactylv2_rev2_Matt/keyboards/Dactylv2/keymaps/Matt/keymap.o
 .progmem.data.__m.3229
                0x0000000000000214       0x1d .build/obj_Dactylv2_rev2_Matt/keyboards/Dactylv2/keymaps/Matt/keymap.o
 .progmem.data.__m.3223
                0x0000000000000231        0xd .build/obj_Dactylv2_rev2_Matt/keyboards/Dactylv2/keymaps/Matt/keymap.o
 .progmem.data.__m.3221
                0x000000000000023e        0x9 .build/obj_Dactylv2_rev2_Matt/keyboards/Dactylv2/keymaps/Matt/keymap.o
 .progmem.data.__m.3219
                0x0000000000000247        0x9 .build/obj_Dactylv2_rev2_Matt/keyboards/Dactylv2/keymaps/Matt/keymap.o
 .progmem.data.__c.3213
                0x0000000000000250       0x13 .build/obj_Dactylv2_rev2_Matt/keyboards/Dactylv2/keymaps/Matt/keymap.o
 .progmem.data.__m.3210
                0x0000000000000263       0x33 .build/obj_Dactylv2_rev2_Matt/keyboards/Dactylv2/keymaps/Matt/keymap.o
 .progmem.data.__m.3207
                0x0000000000000296       0x33 .build/obj_Dactylv2_rev2_Matt/keyboards/Dactylv2/keymaps/Matt/keymap.o
 .progmem.data.__m.3204
                0x00000000000002c9       0x33 .build/obj_Dactylv2_rev2_Matt/keyboards/Dactylv2/keymaps/Matt/keymap.o
 .progmem.data.__c.3201
                0x00000000000002fc        0xe .build/obj_Dactylv2_rev2_Matt/keyboards/Dactylv2/keymaps/Matt/keymap.o
 .progmem.data.__c.3198
                0x000000000000030a        0x1 .build/obj_Dactylv2_rev2_Matt/keyboards/Dactylv2/keymaps/Matt/keymap.o
 .progmem.data.__m.3195
                0x000000000000030b       0x1b .build/obj_Dactylv2_rev2_Matt/keyboards/Dactylv2/keymaps/Matt/keymap.o
 .progmem.data.__m.3191
                0x0000000000000326        0x5 .build/obj_Dactylv2_rev2_Matt/keyboards/Dactylv2/keymaps/Matt/keymap.o
 .progmem.data.__m.3187
                0x000000000000032b       0x13 .build/obj_Dactylv2_rev2_Matt/keyboards/Dactylv2/keymaps/Matt/keymap.o
 .progmem.data.__c.3184
                0x000000000000033e       0x18 .build/obj_Dactylv2_rev2_Matt/keyboards/Dactylv2/keymaps/Matt/keymap.o
 .progmem.data.__c.3181
                0x0000000000000356        0x6 .build/obj_Dactylv2_rev2_Matt/keyboards/Dactylv2/keymaps/Matt/keymap.o
 .progmem.data.__m.3178
                0x000000000000035c       0x31 .build/obj_Dactylv2_rev2_Matt/keyboards/Dactylv2/keymaps/Matt/keymap.o
 .progmem.data.__m.3175
                0x000000000000038d        0x9 .build/obj_Dactylv2_rev2_Matt/keyboards/Dactylv2/keymaps/Matt/keymap.o
 .progmem.data.keymaps
                0x0000000000000396      0xb28 .build/obj_Dactylv2_rev2_Matt/keyboards/Dactylv2/keymaps/Matt/keymap.o
                0x0000000000000396                keymaps
 .progmem.data.ascii_to_keycode_lut
                0x0000000000000ebe       0x80 .build/obj_Dactylv2_rev2_Matt/quantum/quantum.o
                0x0000000000000ebe                ascii_to_keycode_lut
 .progmem.data.ascii_to_shift_lut
                0x0000000000000f3e       0x80 .build/obj_Dactylv2_rev2_Matt/quantum/quantum.o
                0x0000000000000f3e                ascii_to_shift_lut
 .progmem.data.fn_actions
                0x0000000000000fbe        0x0 .build/obj_Dactylv2_rev2_Matt/quantum/keymap_common.o
                0x0000000000000fbe                fn_actions
 .progmem.data.SerialNumberString
                0x0000000000000fbe        0x6 .build/obj_Dactylv2_rev2_Matt/usb_descriptor.o
                0x0000000000000fbe                SerialNumberString
 .progmem.data.ProductString
                0x0000000000000fc4       0x10 .build/obj_Dactylv2_rev2_Matt/usb_descriptor.o
                0x0000000000000fc4                ProductString
 .progmem.data.ManufacturerString
                0x0000000000000fd4       0x18 .build/obj_Dactylv2_rev2_Matt/usb_descriptor.o
                0x0000000000000fd4                ManufacturerString
 .progmem.data.LanguageString
                0x0000000000000fec        0x4 .build/obj_Dactylv2_rev2_Matt/usb_descriptor.o
                0x0000000000000fec                LanguageString
 .progmem.data.ConfigurationDescriptor
                0x0000000000000ff0       0x54 .build/obj_Dactylv2_rev2_Matt/usb_descriptor.o
                0x0000000000000ff0                ConfigurationDescriptor
 .progmem.data.DeviceDescriptor
                0x0000000000001044       0x12 .build/obj_Dactylv2_rev2_Matt/usb_descriptor.o
                0x0000000000001044                DeviceDescriptor
 .progmem.data.ExtrakeyReport
                0x0000000000001056       0x36 .build/obj_Dactylv2_rev2_Matt/usb_descriptor.o
                0x0000000000001056                ExtrakeyReport
 .progmem.data.MouseReport
                0x000000000000108c       0x4d .build/obj_Dactylv2_rev2_Matt/usb_descriptor.o
                0x000000000000108c                MouseReport
 .progmem.data.KeyboardReport
                0x00000000000010d9       0x40 .build/obj_Dactylv2_rev2_Matt/usb_descriptor.o
                0x00000000000010d9                KeyboardReport
                0x000000000000111a                . = ALIGN (0x2)
 *fill*         0x0000000000001119        0x1 
                0x000000000000111a                __trampolines_start = .
 *(.trampolines)
 .trampolines   0x000000000000111a        0x0 linker stubs
 *(.trampolines*)
                0x000000000000111a                __trampolines_end = .
 *(.jumptables)
 *(.jumptables*)
 *(.lowtext)
 *(.lowtext*)
                0x000000000000111a                __ctors_start = .
 *(.ctors)
                0x000000000000111a                __ctors_end = .
                0x000000000000111a                __dtors_start = .
 *(.dtors)
                0x000000000000111a                __dtors_end = .
 SORT(*)(.ctors)
 SORT(*)(.dtors)
 *(.init0)
 .init0         0x000000000000111a        0x0 /usr/lib/gcc/avr/4.8.2/../../../avr/lib/avr5/crtm32u4.o
                0x000000000000111a                __init
 *(.init0)
 *(.init1)
 *(.init1)
 *(.init2)
 .init2         0x000000000000111a        0xc /usr/lib/gcc/avr/4.8.2/../../../avr/lib/avr5/crtm32u4.o
 *(.init2)
 *(.init3)
 .init3         0x0000000000001126       0x4e .build/obj_Dactylv2_rev2_Matt/common/avr/bootloader.o
                0x0000000000001126                bootloader_jump_after_watchdog_reset
 *(.init3)
 *(.init4)
 .init4         0x0000000000001174       0x16 /usr/lib/gcc/avr/4.8.2/avr5/libgcc.a(_copy_data.o)
                0x0000000000001174                __do_copy_data
 .init4         0x000000000000118a       0x10 /usr/lib/gcc/avr/4.8.2/avr5/libgcc.a(_clear_bss.o)
                0x000000000000118a                __do_clear_bss
 *(.init4)
 *(.init5)
 *(.init5)
 *(.init6)
 *(.init6)
 *(.init7)
 *(.init7)
 *(.init8)
 *(.init8)
 *(.init9)
 .init9         0x000000000000119a        0x8 /usr/lib/gcc/avr/4.8.2/../../../avr/lib/avr5/crtm32u4.o
 *(.init9)
 *(.text)
 .text          0x00000000000011a2        0x4 /usr/lib/gcc/avr/4.8.2/../../../avr/lib/avr5/crtm32u4.o
                0x00000000000011a2                __vector_38
                0x00000000000011a2                __vector_22
                0x00000000000011a2                __vector_28
                0x00000000000011a2                __vector_32
                0x00000000000011a2                __vector_34
                0x00000000000011a2                __vector_24
                0x00000000000011a2                __bad_interrupt
                0x00000000000011a2                __vector_6
                0x00000000000011a2                __vector_31
                0x00000000000011a2                __vector_35
                0x00000000000011a2                __vector_39
                0x00000000000011a2                __vector_3
                0x00000000000011a2                __vector_23
                0x00000000000011a2                __vector_30
                0x00000000000011a2                __vector_25
                0x00000000000011a2                __vector_13
                0x00000000000011a2                __vector_17
                0x00000000000011a2                __vector_19
                0x00000000000011a2                __vector_7
                0x00000000000011a2                __vector_41
                0x00000000000011a2                __vector_27
                0x00000000000011a2                __vector_5
                0x00000000000011a2                __vector_33
                0x00000000000011a2                __vector_37
                0x00000000000011a2                __vector_4
                0x00000000000011a2                __vector_9
                0x00000000000011a2                __vector_2
                0x00000000000011a2                __vector_15
                0x00000000000011a2                __vector_36
                0x00000000000011a2                __vector_29
                0x00000000000011a2                __vector_40
                0x00000000000011a2                __vector_8
                0x00000000000011a2                __vector_26
                0x00000000000011a2                __vector_14
                0x00000000000011a2                __vector_16
                0x00000000000011a2                __vector_18
                0x00000000000011a2                __vector_20
                0x00000000000011a2                __vector_42
                0x00000000000011a6                . = ALIGN (0x2)
 *(.text.*)
 .text.matrix_scan_kb
                0x00000000000011a6        0x4 .build/obj_Dactylv2_rev2_Matt/matrix.o
                0x00000000000011a6                matrix_scan_kb
 .text.matrix_init
                0x00000000000011aa       0x9c .build/obj_Dactylv2_rev2_Matt/matrix.o
                0x00000000000011aa                matrix_init
 .text._matrix_scan
                0x0000000000001246      0x17c .build/obj_Dactylv2_rev2_Matt/matrix.o
                0x0000000000001246                _matrix_scan
 .text.serial_transaction
                0x00000000000013c2       0x4c .build/obj_Dactylv2_rev2_Matt/matrix.o
                0x00000000000013c2                serial_transaction
 .text.matrix_scan
                0x000000000000140e       0x5e .build/obj_Dactylv2_rev2_Matt/matrix.o
                0x000000000000140e                matrix_scan
 .text.matrix_slave_scan
                0x000000000000146c       0x38 .build/obj_Dactylv2_rev2_Matt/matrix.o
                0x000000000000146c                matrix_slave_scan
 .text.matrix_get_row
                0x00000000000014a4        0xc .build/obj_Dactylv2_rev2_Matt/matrix.o
                0x00000000000014a4                matrix_get_row
 .text.matrix_print
                0x00000000000014b0        0x2 .build/obj_Dactylv2_rev2_Matt/matrix.o
                0x00000000000014b0                matrix_print
 .text.has_usb  0x00000000000014b2       0x1a .build/obj_Dactylv2_rev2_Matt/split_util.o
                0x00000000000014b2                has_usb
 .text.split_keyboard_setup
                0x00000000000014cc       0x2e .build/obj_Dactylv2_rev2_Matt/split_util.o
                0x00000000000014cc                split_keyboard_setup
 .text.keyboard_slave_loop
                0x00000000000014fa        0xa .build/obj_Dactylv2_rev2_Matt/split_util.o
                0x00000000000014fa                keyboard_slave_loop
 .text.matrix_setup
                0x0000000000001504       0x12 .build/obj_Dactylv2_rev2_Matt/split_util.o
                0x0000000000001504                matrix_setup
 .text.serial_output
                0x0000000000001516        0x4 .build/obj_Dactylv2_rev2_Matt/serial.o
 .text.serial_input
                0x000000000000151a        0x6 .build/obj_Dactylv2_rev2_Matt/serial.o
 .text.serial_high
                0x0000000000001520        0x4 .build/obj_Dactylv2_rev2_Matt/serial.o
 .text.serial_write_byte
                0x0000000000001524       0x3e .build/obj_Dactylv2_rev2_Matt/serial.o
 .text.sync_recv
                0x0000000000001562       0x10 .build/obj_Dactylv2_rev2_Matt/serial.o
 .text.serial_read_byte
                0x0000000000001572       0x24 .build/obj_Dactylv2_rev2_Matt/serial.o
 .text.sync_send
                0x0000000000001596       0x10 .build/obj_Dactylv2_rev2_Matt/serial.o
 .text.serial_master_init
                0x00000000000015a6        0x8 .build/obj_Dactylv2_rev2_Matt/serial.o
                0x00000000000015a6                serial_master_init
 .text.serial_slave_init
                0x00000000000015ae       0x12 .build/obj_Dactylv2_rev2_Matt/serial.o
                0x00000000000015ae                serial_slave_init
 .text.__vector_1
                0x00000000000015c0       0xe4 .build/obj_Dactylv2_rev2_Matt/serial.o
                0x00000000000015c0                __vector_1
 .text.serial_update_buffers
                0x00000000000016a4       0xb6 .build/obj_Dactylv2_rev2_Matt/serial.o
                0x00000000000016a4                serial_update_buffers
 .text.matrix_init_kb
                0x000000000000175a        0x4 .build/obj_Dactylv2_rev2_Matt/keyboards/Dactylv2/rev2/rev2.o
                0x000000000000175a                matrix_init_kb
 .text.cmd_commands
                0x000000000000175e       0x20 .build/obj_Dactylv2_rev2_Matt/keyboards/Dactylv2/keymaps/Matt/keymap.o
                0x000000000000175e                cmd_commands
 .text.cmd      0x000000000000177e       0x20 .build/obj_Dactylv2_rev2_Matt/keyboards/Dactylv2/keymaps/Matt/keymap.o
                0x000000000000177e                cmd
 .text.VirtualDesktop
                0x000000000000179e       0x1c .build/obj_Dactylv2_rev2_Matt/keyboards/Dactylv2/keymaps/Matt/keymap.o
                0x000000000000179e                VirtualDesktop
 .text.SLSH_BSLSH
                0x00000000000017ba       0x1e .build/obj_Dactylv2_rev2_Matt/keyboards/Dactylv2/keymaps/Matt/keymap.o
                0x00000000000017ba                SLSH_BSLSH
 .text.persistent_default_layer_set
                0x00000000000017d8       0x18 .build/obj_Dactylv2_rev2_Matt/keyboards/Dactylv2/keymaps/Matt/keymap.o
                0x00000000000017d8                persistent_default_layer_set
 .text.action_get_macro
                0x00000000000017f0      0x11c .build/obj_Dactylv2_rev2_Matt/keyboards/Dactylv2/keymaps/Matt/keymap.o
                0x00000000000017f0                action_get_macro
 .text.matrix_init_user
                0x000000000000190c        0x2 .build/obj_Dactylv2_rev2_Matt/keyboards/Dactylv2/keymaps/Matt/keymap.o
                0x000000000000190c                matrix_init_user
 .text.matrix_scan_user
                0x000000000000190e        0x2 .build/obj_Dactylv2_rev2_Matt/keyboards/Dactylv2/keymaps/Matt/keymap.o
                0x000000000000190e                matrix_scan_user
 .text.process_record_user
                0x0000000000001910       0xa4 .build/obj_Dactylv2_rev2_Matt/keyboards/Dactylv2/keymaps/Matt/keymap.o
                0x0000000000001910                process_record_user
 .text.process_action_kb
                0x00000000000019b4        0x4 .build/obj_Dactylv2_rev2_Matt/quantum/quantum.o
                0x00000000000019b4                process_action_kb
 .text.process_record_kb
                0x00000000000019b8        0x4 .build/obj_Dactylv2_rev2_Matt/quantum/quantum.o
                0x00000000000019b8                process_record_kb
 .text.reset_keyboard
                0x00000000000019bc       0x26 .build/obj_Dactylv2_rev2_Matt/quantum/quantum.o
                0x00000000000019bc                reset_keyboard
 .text.process_record_quantum
                0x00000000000019e2      0x316 .build/obj_Dactylv2_rev2_Matt/quantum/quantum.o
                0x00000000000019e2                process_record_quantum
 .text.send_char
                0x0000000000001cf8       0x3e .build/obj_Dactylv2_rev2_Matt/quantum/quantum.o
                0x0000000000001cf8                send_char
 .text.send_string_with_delay_P
                0x0000000000001d36       0x74 .build/obj_Dactylv2_rev2_Matt/quantum/quantum.o
                0x0000000000001d36                send_string_with_delay_P
 .text.send_string_P
                0x0000000000001daa        0x6 .build/obj_Dactylv2_rev2_Matt/quantum/quantum.o
                0x0000000000001daa                send_string_P
 .text.update_tri_layer_state
                0x0000000000001db0       0xc0 .build/obj_Dactylv2_rev2_Matt/quantum/quantum.o
                0x0000000000001db0                update_tri_layer_state
 .text.update_tri_layer
                0x0000000000001e70       0x24 .build/obj_Dactylv2_rev2_Matt/quantum/quantum.o
                0x0000000000001e70                update_tri_layer
 .text.matrix_init_quantum
                0x0000000000001e94        0x4 .build/obj_Dactylv2_rev2_Matt/quantum/quantum.o
                0x0000000000001e94                matrix_init_quantum
 .text.matrix_scan_quantum
                0x0000000000001e98        0x8 .build/obj_Dactylv2_rev2_Matt/quantum/quantum.o
                0x0000000000001e98                matrix_scan_quantum
 .text.led_set_user
                0x0000000000001ea0        0x2 .build/obj_Dactylv2_rev2_Matt/quantum/quantum.o
                0x0000000000001ea0                led_set_user
 .text.led_set_kb
                0x0000000000001ea2        0x4 .build/obj_Dactylv2_rev2_Matt/quantum/quantum.o
                0x0000000000001ea2                led_set_kb
 .text.led_set  0x0000000000001ea6        0x4 .build/obj_Dactylv2_rev2_Matt/quantum/quantum.o
                0x0000000000001ea6                led_set
 .text.action_function
                0x0000000000001eaa        0x2 .build/obj_Dactylv2_rev2_Matt/quantum/keymap_common.o
                0x0000000000001eaa                action_function
 .text.keymap_key_to_keycode
                0x0000000000001eac       0x24 .build/obj_Dactylv2_rev2_Matt/quantum/keymap_common.o
                0x0000000000001eac                keymap_key_to_keycode
 .text.keymap_function_id_to_action
                0x0000000000001ed0       0x10 .build/obj_Dactylv2_rev2_Matt/quantum/keymap_common.o
                0x0000000000001ed0                keymap_function_id_to_action
 .text.action_for_key
                0x0000000000001ee0      0x34e .build/obj_Dactylv2_rev2_Matt/quantum/keymap_common.o
                0x0000000000001ee0                action_for_key
 .text.keycode_config
                0x000000000000222e       0xf8 .build/obj_Dactylv2_rev2_Matt/quantum/keycode_config.o
                0x000000000000222e                keycode_config
 .text.mod_config
                0x0000000000002326       0x46 .build/obj_Dactylv2_rev2_Matt/quantum/keycode_config.o
                0x0000000000002326                mod_config
 .text.leader_start
                0x000000000000236c        0x2 .build/obj_Dactylv2_rev2_Matt/quantum/process_keycode/process_leader.o
                0x000000000000236c                leader_start
 .text.process_leader
                0x000000000000236e       0x98 .build/obj_Dactylv2_rev2_Matt/quantum/process_keycode/process_leader.o
                0x000000000000236e                process_leader
 .text.process_tap_dance_action_on_dance_finished
                0x0000000000002406       0x3c .build/obj_Dactylv2_rev2_Matt/quantum/process_keycode/process_tap_dance.o
 .text.reset_tap_dance
                0x0000000000002442       0x64 .build/obj_Dactylv2_rev2_Matt/quantum/process_keycode/process_tap_dance.o
                0x0000000000002442                reset_tap_dance
 .text.preprocess_tap_dance
                0x00000000000024a6       0x82 .build/obj_Dactylv2_rev2_Matt/quantum/process_keycode/process_tap_dance.o
                0x00000000000024a6                preprocess_tap_dance
 .text.process_tap_dance
                0x0000000000002528       0xae .build/obj_Dactylv2_rev2_Matt/quantum/process_keycode/process_tap_dance.o
                0x0000000000002528                process_tap_dance
 .text.matrix_scan_tap_dance
                0x00000000000025d6       0x7e .build/obj_Dactylv2_rev2_Matt/quantum/process_keycode/process_tap_dance.o
                0x00000000000025d6                matrix_scan_tap_dance
 .text.host_set_driver
                0x0000000000002654        0xa .build/obj_Dactylv2_rev2_Matt/common/host.o
                0x0000000000002654                host_set_driver
 .text.host_keyboard_leds
                0x000000000000265e       0x18 .build/obj_Dactylv2_rev2_Matt/common/host.o
                0x000000000000265e                host_keyboard_leds
 .text.host_keyboard_send
                0x0000000000002676       0x16 .build/obj_Dactylv2_rev2_Matt/common/host.o
                0x0000000000002676                host_keyboard_send
 .text.host_mouse_send
                0x000000000000268c       0x16 .build/obj_Dactylv2_rev2_Matt/common/host.o
                0x000000000000268c                host_mouse_send
 .text.host_system_send
                0x00000000000026a2       0x2c .build/obj_Dactylv2_rev2_Matt/common/host.o
                0x00000000000026a2                host_system_send
 .text.host_consumer_send
                0x00000000000026ce       0x2c .build/obj_Dactylv2_rev2_Matt/common/host.o
                0x00000000000026ce                host_consumer_send
 .text.keyboard_setup
                0x00000000000026fa        0x4 .build/obj_Dactylv2_rev2_Matt/common/keyboard.o
                0x00000000000026fa                keyboard_setup
 .text.is_keyboard_master
                0x00000000000026fe        0x4 .build/obj_Dactylv2_rev2_Matt/common/keyboard.o
                0x00000000000026fe                is_keyboard_master
 .text.keyboard_init
                0x0000000000002702        0xc .build/obj_Dactylv2_rev2_Matt/common/keyboard.o
                0x0000000000002702                keyboard_init
 .text.keyboard_task
                0x000000000000270e      0x150 .build/obj_Dactylv2_rev2_Matt/common/keyboard.o
                0x000000000000270e                keyboard_task
 .text.action_exec
                0x000000000000285e       0x5c .build/obj_Dactylv2_rev2_Matt/common/action.o
                0x000000000000285e                action_exec
 .text.process_record_tap_hint
                0x00000000000028ba        0xc .build/obj_Dactylv2_rev2_Matt/common/action.o
                0x00000000000028ba                process_record_tap_hint
 .text.register_code
                0x00000000000028c6      0x21e .build/obj_Dactylv2_rev2_Matt/common/action.o
                0x00000000000028c6                register_code
 .text.unregister_code
                0x0000000000002ae4       0xc2 .build/obj_Dactylv2_rev2_Matt/common/action.o
                0x0000000000002ae4                unregister_code
 .text.register_mods
                0x0000000000002ba6        0xe .build/obj_Dactylv2_rev2_Matt/common/action.o
                0x0000000000002ba6                register_mods
 .text.unregister_mods
                0x0000000000002bb4        0xe .build/obj_Dactylv2_rev2_Matt/common/action.o
                0x0000000000002bb4                unregister_mods
 .text.process_action
                0x0000000000002bc2      0x51c .build/obj_Dactylv2_rev2_Matt/common/action.o
                0x0000000000002bc2                process_action
 .text.process_record
                0x00000000000030de       0x58 .build/obj_Dactylv2_rev2_Matt/common/action.o
                0x00000000000030de                process_record
 .text.clear_keyboard_but_mods
                0x0000000000003136       0x30 .build/obj_Dactylv2_rev2_Matt/common/action.o
                0x0000000000003136                clear_keyboard_but_mods
 .text.clear_keyboard
                0x0000000000003166        0x8 .build/obj_Dactylv2_rev2_Matt/common/action.o
                0x0000000000003166                clear_keyboard
 .text.is_tap_key
                0x000000000000316e       0x46 .build/obj_Dactylv2_rev2_Matt/common/action.o
                0x000000000000316e                is_tap_key
 .text.debug_event
                0x00000000000031b4       0x1e .build/obj_Dactylv2_rev2_Matt/common/action.o
                0x00000000000031b4                debug_event
 .text.debug_record
                0x00000000000031d2       0x20 .build/obj_Dactylv2_rev2_Matt/common/action.o
                0x00000000000031d2                debug_record
 .text.debug_waiting_buffer
                0x00000000000031f2       0x42 .build/obj_Dactylv2_rev2_Matt/common/action_tapping.o
 .text.debug_tapping_key
                0x0000000000003234       0x1c .build/obj_Dactylv2_rev2_Matt/common/action_tapping.o
 .text.waiting_buffer_typed.isra.1
                0x0000000000003250       0x40 .build/obj_Dactylv2_rev2_Matt/common/action_tapping.o
 .text.waiting_buffer_scan_tap
                0x0000000000003290       0xd0 .build/obj_Dactylv2_rev2_Matt/common/action_tapping.o
 .text.process_tapping
                0x0000000000003360      0x40c .build/obj_Dactylv2_rev2_Matt/common/action_tapping.o
 .text.action_tapping_process
                0x000000000000376c      0x15a .build/obj_Dactylv2_rev2_Matt/common/action_tapping.o
                0x000000000000376c                action_tapping_process
 .text.action_macro_play
                0x00000000000038c6      0x104 .build/obj_Dactylv2_rev2_Matt/common/action_macro.o
                0x00000000000038c6                action_macro_play
 .text.default_layer_state_set_kb
                0x00000000000039ca        0x2 .build/obj_Dactylv2_rev2_Matt/common/action_layer.o
                0x00000000000039ca                default_layer_state_set_kb
 .text.default_layer_state_set
                0x00000000000039cc       0x18 .build/obj_Dactylv2_rev2_Matt/common/action_layer.o
 .text.default_layer_debug
                0x00000000000039e4        0x2 .build/obj_Dactylv2_rev2_Matt/common/action_layer.o
                0x00000000000039e4                default_layer_debug
 .text.default_layer_set
                0x00000000000039e6        0x4 .build/obj_Dactylv2_rev2_Matt/common/action_layer.o
                0x00000000000039e6                default_layer_set
 .text.default_layer_or
                0x00000000000039ea       0x24 .build/obj_Dactylv2_rev2_Matt/common/action_layer.o
                0x00000000000039ea                default_layer_or
 .text.default_layer_and
                0x0000000000003a0e       0x24 .build/obj_Dactylv2_rev2_Matt/common/action_layer.o
                0x0000000000003a0e                default_layer_and
 .text.default_layer_xor
                0x0000000000003a32       0x24 .build/obj_Dactylv2_rev2_Matt/common/action_layer.o
                0x0000000000003a32                default_layer_xor
 .text.layer_state_set_user
                0x0000000000003a56        0x2 .build/obj_Dactylv2_rev2_Matt/common/action_layer.o
                0x0000000000003a56                layer_state_set_user
 .text.layer_state_set_kb
                0x0000000000003a58        0x4 .build/obj_Dactylv2_rev2_Matt/common/action_layer.o
                0x0000000000003a58                layer_state_set_kb
 .text.layer_state_set
                0x0000000000003a5c       0x18 .build/obj_Dactylv2_rev2_Matt/common/action_layer.o
                0x0000000000003a5c                layer_state_set
 .text.layer_clear
                0x0000000000003a74        0xa .build/obj_Dactylv2_rev2_Matt/common/action_layer.o
                0x0000000000003a74                layer_clear
 .text.layer_move
                0x0000000000003a7e       0x1e .build/obj_Dactylv2_rev2_Matt/common/action_layer.o
                0x0000000000003a7e                layer_move
 .text.layer_on
                0x0000000000003a9c       0x36 .build/obj_Dactylv2_rev2_Matt/common/action_layer.o
                0x0000000000003a9c                layer_on
 .text.layer_off
                0x0000000000003ad2       0x3e .build/obj_Dactylv2_rev2_Matt/common/action_layer.o
                0x0000000000003ad2                layer_off
 .text.layer_invert
                0x0000000000003b10       0x36 .build/obj_Dactylv2_rev2_Matt/common/action_layer.o
                0x0000000000003b10                layer_invert
 .text.layer_or
                0x0000000000003b46       0x24 .build/obj_Dactylv2_rev2_Matt/common/action_layer.o
                0x0000000000003b46                layer_or
 .text.layer_and
                0x0000000000003b6a       0x24 .build/obj_Dactylv2_rev2_Matt/common/action_layer.o
                0x0000000000003b6a                layer_and
 .text.layer_xor
                0x0000000000003b8e       0x24 .build/obj_Dactylv2_rev2_Matt/common/action_layer.o
                0x0000000000003b8e                layer_xor
 .text.layer_debug
                0x0000000000003bb2        0x2 .build/obj_Dactylv2_rev2_Matt/common/action_layer.o
                0x0000000000003bb2                layer_debug
 .text.layer_switch_get_layer
                0x0000000000003bb4       0x80 .build/obj_Dactylv2_rev2_Matt/common/action_layer.o
                0x0000000000003bb4                layer_switch_get_layer
 .text.layer_switch_get_action
                0x0000000000003c34       0x16 .build/obj_Dactylv2_rev2_Matt/common/action_layer.o
                0x0000000000003c34                layer_switch_get_action
 .text.store_or_get_action
                0x0000000000003c4a        0x8 .build/obj_Dactylv2_rev2_Matt/common/action_layer.o
                0x0000000000003c4a                store_or_get_action
 .text.get_oneshot_layer
                0x0000000000003c52        0xc .build/obj_Dactylv2_rev2_Matt/common/action_util.o
                0x0000000000003c52                get_oneshot_layer
 .text.get_oneshot_layer_state
                0x0000000000003c5e        0x8 .build/obj_Dactylv2_rev2_Matt/common/action_util.o
                0x0000000000003c5e                get_oneshot_layer_state
 .text.set_oneshot_layer
                0x0000000000003c66       0x12 .build/obj_Dactylv2_rev2_Matt/common/action_util.o
                0x0000000000003c66                set_oneshot_layer
 .text.clear_oneshot_layer_state
                0x0000000000003c78       0x2e .build/obj_Dactylv2_rev2_Matt/common/action_util.o
                0x0000000000003c78                clear_oneshot_layer_state
 .text.is_oneshot_layer_active
                0x0000000000003ca6        0xe .build/obj_Dactylv2_rev2_Matt/common/action_util.o
                0x0000000000003ca6                is_oneshot_layer_active
 .text.send_keyboard_report
                0x0000000000003cb4       0x66 .build/obj_Dactylv2_rev2_Matt/common/action_util.o
                0x0000000000003cb4                send_keyboard_report
 .text.get_mods
                0x0000000000003d1a        0x6 .build/obj_Dactylv2_rev2_Matt/common/action_util.o
                0x0000000000003d1a                get_mods
 .text.add_mods
                0x0000000000003d20        0xc .build/obj_Dactylv2_rev2_Matt/common/action_util.o
                0x0000000000003d20                add_mods
 .text.del_mods
                0x0000000000003d2c        0xe .build/obj_Dactylv2_rev2_Matt/common/action_util.o
                0x0000000000003d2c                del_mods
 .text.clear_mods
                0x0000000000003d3a        0x6 .build/obj_Dactylv2_rev2_Matt/common/action_util.o
                0x0000000000003d3a                clear_mods
 .text.get_weak_mods
                0x0000000000003d40        0x6 .build/obj_Dactylv2_rev2_Matt/common/action_util.o
                0x0000000000003d40                get_weak_mods
 .text.add_weak_mods
                0x0000000000003d46        0xc .build/obj_Dactylv2_rev2_Matt/common/action_util.o
                0x0000000000003d46                add_weak_mods
 .text.del_weak_mods
                0x0000000000003d52        0xe .build/obj_Dactylv2_rev2_Matt/common/action_util.o
                0x0000000000003d52                del_weak_mods
 .text.clear_weak_mods
                0x0000000000003d60        0x6 .build/obj_Dactylv2_rev2_Matt/common/action_util.o
                0x0000000000003d60                clear_weak_mods
 .text.add_macro_mods
                0x0000000000003d66        0xc .build/obj_Dactylv2_rev2_Matt/common/action_util.o
                0x0000000000003d66                add_macro_mods
 .text.del_macro_mods
                0x0000000000003d72        0xe .build/obj_Dactylv2_rev2_Matt/common/action_util.o
                0x0000000000003d72                del_macro_mods
 .text.clear_macro_mods
                0x0000000000003d80        0x6 .build/obj_Dactylv2_rev2_Matt/common/action_util.o
                0x0000000000003d80                clear_macro_mods
 .text.set_oneshot_mods
                0x0000000000003d86        0x6 .build/obj_Dactylv2_rev2_Matt/common/action_util.o
                0x0000000000003d86                set_oneshot_mods
 .text.clear_oneshot_mods
                0x0000000000003d8c        0x6 .build/obj_Dactylv2_rev2_Matt/common/action_util.o
                0x0000000000003d8c                clear_oneshot_mods
 .text.get_oneshot_mods
                0x0000000000003d92        0x6 .build/obj_Dactylv2_rev2_Matt/common/action_util.o
                0x0000000000003d92                get_oneshot_mods
 .text.eeconfig_init
                0x0000000000003d98       0x34 .build/obj_Dactylv2_rev2_Matt/common/eeconfig.o
                0x0000000000003d98                eeconfig_init
 .text.eeconfig_is_enabled
                0x0000000000003dcc       0x16 .build/obj_Dactylv2_rev2_Matt/common/eeconfig.o
                0x0000000000003dcc                eeconfig_is_enabled
 .text.eeconfig_read_debug
                0x0000000000003de2        0x8 .build/obj_Dactylv2_rev2_Matt/common/eeconfig.o
                0x0000000000003de2                eeconfig_read_debug
 .text.eeconfig_read_default_layer
                0x0000000000003dea        0x8 .build/obj_Dactylv2_rev2_Matt/common/eeconfig.o
                0x0000000000003dea                eeconfig_read_default_layer
 .text.eeconfig_update_default_layer
                0x0000000000003df2        0xa .build/obj_Dactylv2_rev2_Matt/common/eeconfig.o
                0x0000000000003df2                eeconfig_update_default_layer
 .text.eeconfig_read_keymap
                0x0000000000003dfc        0x8 .build/obj_Dactylv2_rev2_Matt/common/eeconfig.o
                0x0000000000003dfc                eeconfig_read_keymap
 .text.eeconfig_update_keymap
                0x0000000000003e04        0xa .build/obj_Dactylv2_rev2_Matt/common/eeconfig.o
                0x0000000000003e04                eeconfig_update_keymap
 .text.has_anykey
                0x0000000000003e0e       0x20 .build/obj_Dactylv2_rev2_Matt/common/report.o
                0x0000000000003e0e                has_anykey
 .text.add_key_byte
                0x0000000000003e2e       0x3a .build/obj_Dactylv2_rev2_Matt/common/report.o
                0x0000000000003e2e                add_key_byte
 .text.del_key_byte
                0x0000000000003e68       0x1e .build/obj_Dactylv2_rev2_Matt/common/report.o
                0x0000000000003e68                del_key_byte
 .text.add_key_to_report
                0x0000000000003e86        0x4 .build/obj_Dactylv2_rev2_Matt/common/report.o
                0x0000000000003e86                add_key_to_report
 .text.del_key_from_report
                0x0000000000003e8a        0x4 .build/obj_Dactylv2_rev2_Matt/common/report.o
                0x0000000000003e8a                del_key_from_report
 .text.clear_keys_from_report
                0x0000000000003e8e       0x18 .build/obj_Dactylv2_rev2_Matt/common/report.o
                0x0000000000003e8e                clear_keys_from_report
 .text.suspend_power_down
                0x0000000000003ea6       0x52 .build/obj_Dactylv2_rev2_Matt/common/avr/suspend.o
                0x0000000000003ea6                suspend_power_down
 .text.matrix_power_up
                0x0000000000003ef8        0x2 .build/obj_Dactylv2_rev2_Matt/common/avr/suspend.o
                0x0000000000003ef8                matrix_power_up
 .text.matrix_power_down
                0x0000000000003efa        0x2 .build/obj_Dactylv2_rev2_Matt/common/avr/suspend.o
                0x0000000000003efa                matrix_power_down
 .text.suspend_wakeup_condition
                0x0000000000003efc       0x2a .build/obj_Dactylv2_rev2_Matt/common/avr/suspend.o
                0x0000000000003efc                suspend_wakeup_condition
 .text.suspend_wakeup_init
                0x0000000000003f26        0xc .build/obj_Dactylv2_rev2_Matt/common/avr/suspend.o
                0x0000000000003f26                suspend_wakeup_init
 .text.__vector_12
                0x0000000000003f32       0x52 .build/obj_Dactylv2_rev2_Matt/common/avr/suspend.o
                0x0000000000003f32                __vector_12
 .text.timer_init
                0x0000000000003f84       0x12 .build/obj_Dactylv2_rev2_Matt/common/avr/timer.o
                0x0000000000003f84                timer_init
 .text.timer_read
                0x0000000000003f96       0x18 .build/obj_Dactylv2_rev2_Matt/common/avr/timer.o
                0x0000000000003f96                timer_read
 .text.timer_elapsed
                0x0000000000003fae       0x52 .build/obj_Dactylv2_rev2_Matt/common/avr/timer.o
                0x0000000000003fae                timer_elapsed
 .text.__vector_21
                0x0000000000004000       0x4c .build/obj_Dactylv2_rev2_Matt/common/avr/timer.o
                0x0000000000004000                __vector_21
 .text.bootloader_jump
                0x000000000000404c       0x24 .build/obj_Dactylv2_rev2_Matt/common/avr/bootloader.o
                0x000000000000404c                bootloader_jump
 .text.magic    0x0000000000004070       0x32 .build/obj_Dactylv2_rev2_Matt/common/magic.o
                0x0000000000004070                magic
 .text.move_unit
                0x00000000000040a2       0x90 .build/obj_Dactylv2_rev2_Matt/common/mousekey.o
 .text.wheel_unit
                0x0000000000004132       0x72 .build/obj_Dactylv2_rev2_Matt/common/mousekey.o
 .text.mousekey_on
                0x00000000000041a4       0xd0 .build/obj_Dactylv2_rev2_Matt/common/mousekey.o
                0x00000000000041a4                mousekey_on
 .text.mousekey_off
                0x0000000000004274      0x10a .build/obj_Dactylv2_rev2_Matt/common/mousekey.o
                0x0000000000004274                mousekey_off
 .text.mousekey_send
                0x000000000000437e       0x16 .build/obj_Dactylv2_rev2_Matt/common/mousekey.o
                0x000000000000437e                mousekey_send
 .text.mousekey_task
                0x0000000000004394      0x112 .build/obj_Dactylv2_rev2_Matt/common/mousekey.o
                0x0000000000004394                mousekey_task
 .text.mousekey_clear
                0x00000000000044a6       0x18 .build/obj_Dactylv2_rev2_Matt/common/mousekey.o
                0x00000000000044a6                mousekey_clear
 .text.mousekey_param_inc
                0x00000000000044be       0xec .build/obj_Dactylv2_rev2_Matt/common/command.o
 .text.mousekey_param_dec
                0x00000000000045aa       0xa0 .build/obj_Dactylv2_rev2_Matt/common/command.o
 .text.command_common
                0x000000000000464a      0x144 .build/obj_Dactylv2_rev2_Matt/common/command.o
 .text.command_extra
                0x000000000000478e        0x4 .build/obj_Dactylv2_rev2_Matt/common/command.o
                0x000000000000478e                command_extra
 .text.command_console_extra
                0x0000000000004792        0x4 .build/obj_Dactylv2_rev2_Matt/common/command.o
                0x0000000000004792                command_console_extra
 .text.numkey2num
                0x0000000000004796       0x16 .build/obj_Dactylv2_rev2_Matt/common/command.o
                0x0000000000004796                numkey2num
 .text.command_proc
                0x00000000000047ac      0x128 .build/obj_Dactylv2_rev2_Matt/common/command.o
                0x00000000000047ac                command_proc
 .text.keyboard_leds
                0x00000000000048d4        0x6 .build/obj_Dactylv2_rev2_Matt/lufa.o
 .text.send_consumer
                0x00000000000048da       0x74 .build/obj_Dactylv2_rev2_Matt/lufa.o
 .text.send_system
                0x000000000000494e       0x6c .build/obj_Dactylv2_rev2_Matt/lufa.o
 .text.send_mouse
                0x00000000000049ba       0x56 .build/obj_Dactylv2_rev2_Matt/lufa.o
 .text.send_keyboard
                0x0000000000004a10       0x66 .build/obj_Dactylv2_rev2_Matt/lufa.o
 .text.EVENT_USB_Device_Connect
                0x0000000000004a76       0x1c .build/obj_Dactylv2_rev2_Matt/lufa.o
                0x0000000000004a76                EVENT_USB_Device_Connect
 .text.EVENT_USB_Device_Disconnect
                0x0000000000004a92        0x6 .build/obj_Dactylv2_rev2_Matt/lufa.o
                0x0000000000004a92                EVENT_USB_Device_Disconnect
 .text.EVENT_USB_Device_Reset
                0x0000000000004a98        0x2 .build/obj_Dactylv2_rev2_Matt/lufa.o
                0x0000000000004a98                EVENT_USB_Device_Reset
 .text.EVENT_USB_Device_Suspend
                0x0000000000004a9a        0x2 .build/obj_Dactylv2_rev2_Matt/lufa.o
                0x0000000000004a9a                EVENT_USB_Device_Suspend
 .text.EVENT_USB_Device_WakeUp
                0x0000000000004a9c        0x4 .build/obj_Dactylv2_rev2_Matt/lufa.o
                0x0000000000004a9c                EVENT_USB_Device_WakeUp
 .text.EVENT_USB_Device_ConfigurationChanged
                0x0000000000004aa0       0x1e .build/obj_Dactylv2_rev2_Matt/lufa.o
                0x0000000000004aa0                EVENT_USB_Device_ConfigurationChanged
 .text.EVENT_USB_Device_ControlRequest
                0x0000000000004abe      0x160 .build/obj_Dactylv2_rev2_Matt/lufa.o
                0x0000000000004abe                EVENT_USB_Device_ControlRequest
 .text.startup.main
                0x0000000000004c1e       0x70 .build/obj_Dactylv2_rev2_Matt/lufa.o
                0x0000000000004c1e                main
 .text.CALLBACK_USB_GetDescriptor
                0x0000000000004c8e        0x4 .build/obj_Dactylv2_rev2_Matt/lufa.o
                0x0000000000004c8e                CALLBACK_USB_GetDescriptor
 .text.get_usb_descriptor
                0x0000000000004c92       0xbe .build/obj_Dactylv2_rev2_Matt/usb_descriptor.o
                0x0000000000004c92                get_usb_descriptor
 .text.set_output_user
                0x0000000000004d50        0x2 .build/obj_Dactylv2_rev2_Matt/outputselect.o
                0x0000000000004d50                set_output_user
 .text.set_output
                0x0000000000004d52       0x10 .build/obj_Dactylv2_rev2_Matt/outputselect.o
                0x0000000000004d52                set_output
 .text.auto_detect_output
                0x0000000000004d62       0x10 .build/obj_Dactylv2_rev2_Matt/outputselect.o
                0x0000000000004d62                auto_detect_output
 .text.where_to_send
                0x0000000000004d72        0xe .build/obj_Dactylv2_rev2_Matt/outputselect.o
                0x0000000000004d72                where_to_send
 .text.USB_Device_SendRemoteWakeup
                0x0000000000004d80       0x2c .build/obj_Dactylv2_rev2_Matt/./lib/lufa/LUFA/Drivers/USB/Core/AVR8/Device_AVR8.o
                0x0000000000004d80                USB_Device_SendRemoteWakeup
 .text.Endpoint_Write_Stream_LE
                0x0000000000004dac       0x92 .build/obj_Dactylv2_rev2_Matt/./lib/lufa/LUFA/Drivers/USB/Core/AVR8/EndpointStream_AVR8.o
                0x0000000000004dac                Endpoint_Write_Stream_LE
 .text.Endpoint_Write_Control_Stream_LE
                0x0000000000004e3e       0xc2 .build/obj_Dactylv2_rev2_Matt/./lib/lufa/LUFA/Drivers/USB/Core/AVR8/EndpointStream_AVR8.o
                0x0000000000004e3e                Endpoint_Write_Control_Stream_LE
 .text.Endpoint_Write_Control_PStream_LE
                0x0000000000004f00       0xc4 .build/obj_Dactylv2_rev2_Matt/./lib/lufa/LUFA/Drivers/USB/Core/AVR8/EndpointStream_AVR8.o
                0x0000000000004f00                Endpoint_Write_Control_PStream_LE
 .text.Endpoint_ConfigureEndpoint_Prv
                0x0000000000004fc4       0x6a .build/obj_Dactylv2_rev2_Matt/./lib/lufa/LUFA/Drivers/USB/Core/AVR8/Endpoint_AVR8.o
                0x0000000000004fc4                Endpoint_ConfigureEndpoint_Prv
 .text.Endpoint_ClearStatusStage
                0x000000000000502e       0x42 .build/obj_Dactylv2_rev2_Matt/./lib/lufa/LUFA/Drivers/USB/Core/AVR8/Endpoint_AVR8.o
                0x000000000000502e                Endpoint_ClearStatusStage
 .text.Endpoint_WaitUntilReady
                0x0000000000005070       0x60 .build/obj_Dactylv2_rev2_Matt/./lib/lufa/LUFA/Drivers/USB/Core/AVR8/Endpoint_AVR8.o
                0x0000000000005070                Endpoint_WaitUntilReady
 .text.USB_Disable
                0x00000000000050d0       0x34 .build/obj_Dactylv2_rev2_Matt/./lib/lufa/LUFA/Drivers/USB/Core/AVR8/USBController_AVR8.o
                0x00000000000050d0                USB_Disable
 .text.USB_ResetInterface
                0x0000000000005104       0x86 .build/obj_Dactylv2_rev2_Matt/./lib/lufa/LUFA/Drivers/USB/Core/AVR8/USBController_AVR8.o
                0x0000000000005104                USB_ResetInterface
 .text.USB_Init
                0x000000000000518a       0x22 .build/obj_Dactylv2_rev2_Matt/./lib/lufa/LUFA/Drivers/USB/Core/AVR8/USBController_AVR8.o
                0x000000000000518a                USB_Init
 .text.USB_INT_DisableAllInterrupts
                0x00000000000051ac       0x10 .build/obj_Dactylv2_rev2_Matt/./lib/lufa/LUFA/Drivers/USB/Core/AVR8/USBInterrupt_AVR8.o
                0x00000000000051ac                USB_INT_DisableAllInterrupts
 .text.USB_INT_ClearAllInterrupts
                0x00000000000051bc        0xa .build/obj_Dactylv2_rev2_Matt/./lib/lufa/LUFA/Drivers/USB/Core/AVR8/USBInterrupt_AVR8.o
                0x00000000000051bc                USB_INT_ClearAllInterrupts
 .text.__vector_10
                0x00000000000051c6      0x1a4 .build/obj_Dactylv2_rev2_Matt/./lib/lufa/LUFA/Drivers/USB/Core/AVR8/USBInterrupt_AVR8.o
                0x00000000000051c6                __vector_10
 .text.__vector_11
                0x000000000000536a       0x78 .build/obj_Dactylv2_rev2_Matt/./lib/lufa/LUFA/Drivers/USB/Core/AVR8/USBInterrupt_AVR8.o
                0x000000000000536a                __vector_11
 .text.USB_Device_ProcessControlRequest
                0x00000000000053e2      0x2ac .build/obj_Dactylv2_rev2_Matt/./lib/lufa/LUFA/Drivers/USB/Core/DeviceStandardReq.o
                0x00000000000053e2                USB_Device_ProcessControlRequest
 .text.USB_Event_Stub
                0x000000000000568e        0x2 .build/obj_Dactylv2_rev2_Matt/./lib/lufa/LUFA/Drivers/USB/Core/Events.o
                0x000000000000568e                USB_Event_Stub
                0x000000000000568e                EVENT_USB_Device_StartOfFrame
 .text.USB_USBTask
                0x0000000000005690       0x3a .build/obj_Dactylv2_rev2_Matt/./lib/lufa/LUFA/Drivers/USB/Core/USBTask.o
                0x0000000000005690                USB_USBTask
 .text.libgcc.div
                0x00000000000056ca       0x28 /usr/lib/gcc/avr/4.8.2/avr5/libgcc.a(_divmodhi4.o)
                0x00000000000056ca                __divmodhi4
                0x00000000000056ca                _div
 .text.libgcc   0x00000000000056f2        0xc /usr/lib/gcc/avr/4.8.2/avr5/libgcc.a(_tablejump.o)
                0x00000000000056f2                __tablejump2__
                0x00000000000056f6                __tablejump__
 .text.libgcc.div
                0x00000000000056fe       0x28 /usr/lib/gcc/avr/4.8.2/avr5/libgcc.a(_udivmodhi4.o)
                0x00000000000056fe                __udivmodhi4
 .text.avr-libc
                0x0000000000005726       0x10 /usr/lib/gcc/avr/4.8.2/../../../avr/lib/avr5/libc.a(eerd_byte_atmega32u4.o)
                0x0000000000005726                __eerd_byte_m32u4
 .text.avr-libc
                0x0000000000005736        0xc /usr/lib/gcc/avr/4.8.2/../../../avr/lib/avr5/libc.a(eerd_word_atmega32u4.o)
                0x0000000000005736                __eerd_word_m32u4
 .text.avr-libc
                0x0000000000005742       0x24 /usr/lib/gcc/avr/4.8.2/../../../avr/lib/avr5/libc.a(eeupd_byte_atmega32u4.o)
                0x0000000000005742                __eeupd_byte_m32u4
                0x0000000000005744                __eeupd_r18_m32u4
 .text.avr-libc
                0x0000000000005766        0xc /usr/lib/gcc/avr/4.8.2/../../../avr/lib/avr5/libc.a(eeupd_word_atmega32u4.o)
                0x0000000000005766                __eeupd_word_m32u4
 .text.avr-libc
                0x0000000000005772       0x20 /usr/lib/gcc/avr/4.8.2/../../../avr/lib/avr5/libc.a(eerd_block_atmega32u4.o)
                0x0000000000005772                __eerd_block_m32u4
                0x0000000000005776                __eerd_blraw_m32u4
                0x0000000000005792                . = ALIGN (0x2)
 *(.fini9)
 .fini9         0x0000000000005792        0x0 /usr/lib/gcc/avr/4.8.2/avr5/libgcc.a(_exit.o)
                0x0000000000005792                exit
                0x0000000000005792                _exit
 *(.fini9)
 *(.fini8)
 *(.fini8)
 *(.fini7)
 *(.fini7)
 *(.fini6)
 *(.fini6)
 *(.fini5)
 *(.fini5)
 *(.fini4)
 *(.fini4)
 *(.fini3)
 *(.fini3)
 *(.fini2)
 *(.fini2)
 *(.fini1)
 *(.fini1)
 *(.fini0)
 .fini0         0x0000000000005792        0x4 /usr/lib/gcc/avr/4.8.2/avr5/libgcc.a(_exit.o)
 *(.fini0)
                0x0000000000005796                _etext = .

.data           0x0000000000800100       0x92 load address 0x0000000000005796
                0x0000000000800100                PROVIDE (__data_start, .)
 *(.data)
 .data          0x0000000000800100        0x0 /usr/lib/gcc/avr/4.8.2/../../../avr/lib/avr5/crtm32u4.o
 .data          0x0000000000800100        0x0 .build/obj_Dactylv2_rev2_Matt/matrix.o
 .data          0x0000000000800100        0x0 .build/obj_Dactylv2_rev2_Matt/i2c.o
 .data          0x0000000000800100        0x0 .build/obj_Dactylv2_rev2_Matt/split_util.o
 .data          0x0000000000800100        0x0 .build/obj_Dactylv2_rev2_Matt/serial.o
 .data          0x0000000000800100        0x0 .build/obj_Dactylv2_rev2_Matt/ssd1306.o
 .data          0x0000000000800100        0x0 .build/obj_Dactylv2_rev2_Matt/keyboards/Dactylv2/rev2/rev2.o
 .data          0x0000000000800100        0x0 .build/obj_Dactylv2_rev2_Matt/keyboards/Dactylv2/keymaps/Matt/keymap.o
 .data          0x0000000000800100        0x0 .build/obj_Dactylv2_rev2_Matt/quantum/quantum.o
 .data          0x0000000000800100        0x0 .build/obj_Dactylv2_rev2_Matt/quantum/keymap_common.o
 .data          0x0000000000800100        0x0 .build/obj_Dactylv2_rev2_Matt/quantum/keycode_config.o
 .data          0x0000000000800100        0x0 .build/obj_Dactylv2_rev2_Matt/quantum/process_keycode/process_leader.o
 .data          0x0000000000800100        0x0 .build/obj_Dactylv2_rev2_Matt/quantum/process_keycode/process_tap_dance.o
 .data          0x0000000000800100        0x0 .build/obj_Dactylv2_rev2_Matt/common/host.o
 .data          0x0000000000800100        0x0 .build/obj_Dactylv2_rev2_Matt/common/keyboard.o
 .data          0x0000000000800100        0x0 .build/obj_Dactylv2_rev2_Matt/common/action.o
 .data          0x0000000000800100        0x0 .build/obj_Dactylv2_rev2_Matt/common/action_tapping.o
 .data          0x0000000000800100        0x0 .build/obj_Dactylv2_rev2_Matt/common/action_macro.o
 .data          0x0000000000800100        0x0 .build/obj_Dactylv2_rev2_Matt/common/action_layer.o
 .data          0x0000000000800100        0x0 .build/obj_Dactylv2_rev2_Matt/common/action_util.o
 .data          0x0000000000800100        0x0 .build/obj_Dactylv2_rev2_Matt/common/print.o
 .data          0x0000000000800100        0x0 .build/obj_Dactylv2_rev2_Matt/common/debug.o
 .data          0x0000000000800100        0x0 .build/obj_Dactylv2_rev2_Matt/common/util.o
 .data          0x0000000000800100        0x0 .build/obj_Dactylv2_rev2_Matt/common/eeconfig.o
 .data          0x0000000000800100        0x0 .build/obj_Dactylv2_rev2_Matt/common/report.o
 .data          0x0000000000800100        0x0 .build/obj_Dactylv2_rev2_Matt/common/avr/suspend.o
 .data          0x0000000000800100        0x0 .build/obj_Dactylv2_rev2_Matt/common/avr/timer.o
 .data          0x0000000000800100        0x0 .build/obj_Dactylv2_rev2_Matt/common/avr/bootloader.o
 .data          0x0000000000800100        0x0 .build/obj_Dactylv2_rev2_Matt/common/avr/xprintf.o
 .data          0x0000000000800100        0x0 .build/obj_Dactylv2_rev2_Matt/common/magic.o
 .data          0x0000000000800100        0x0 .build/obj_Dactylv2_rev2_Matt/common/mousekey.o
 .data          0x0000000000800100        0x0 .build/obj_Dactylv2_rev2_Matt/common/command.o
 .data          0x0000000000800100        0x0 .build/obj_Dactylv2_rev2_Matt/lufa.o
 .data          0x0000000000800100        0x0 .build/obj_Dactylv2_rev2_Matt/usb_descriptor.o
 .data          0x0000000000800100        0x0 .build/obj_Dactylv2_rev2_Matt/outputselect.o
 .data          0x0000000000800100        0x0 .build/obj_Dactylv2_rev2_Matt/./lib/lufa/LUFA/Drivers/USB/Class/Common/HIDParser.o
 .data          0x0000000000800100        0x0 .build/obj_Dactylv2_rev2_Matt/./lib/lufa/LUFA/Drivers/USB/Core/AVR8/Device_AVR8.o
 .data          0x0000000000800100        0x0 .build/obj_Dactylv2_rev2_Matt/./lib/lufa/LUFA/Drivers/USB/Core/AVR8/EndpointStream_AVR8.o
 .data          0x0000000000800100        0x0 .build/obj_Dactylv2_rev2_Matt/./lib/lufa/LUFA/Drivers/USB/Core/AVR8/Endpoint_AVR8.o
 .data          0x0000000000800100        0x0 .build/obj_Dactylv2_rev2_Matt/./lib/lufa/LUFA/Drivers/USB/Core/AVR8/Host_AVR8.o
 .data          0x0000000000800100        0x0 .build/obj_Dactylv2_rev2_Matt/./lib/lufa/LUFA/Drivers/USB/Core/AVR8/PipeStream_AVR8.o
 .data          0x0000000000800100        0x0 .build/obj_Dactylv2_rev2_Matt/./lib/lufa/LUFA/Drivers/USB/Core/AVR8/Pipe_AVR8.o
 .data          0x0000000000800100        0x0 .build/obj_Dactylv2_rev2_Matt/./lib/lufa/LUFA/Drivers/USB/Core/AVR8/USBController_AVR8.o
 .data          0x0000000000800100        0x0 .build/obj_Dactylv2_rev2_Matt/./lib/lufa/LUFA/Drivers/USB/Core/AVR8/USBInterrupt_AVR8.o
 .data          0x0000000000800100        0x0 .build/obj_Dactylv2_rev2_Matt/./lib/lufa/LUFA/Drivers/USB/Core/ConfigDescriptors.o
 .data          0x0000000000800100        0x0 .build/obj_Dactylv2_rev2_Matt/./lib/lufa/LUFA/Drivers/USB/Core/DeviceStandardReq.o
 .data          0x0000000000800100        0x0 .build/obj_Dactylv2_rev2_Matt/./lib/lufa/LUFA/Drivers/USB/Core/Events.o
 .data          0x0000000000800100        0x0 .build/obj_Dactylv2_rev2_Matt/./lib/lufa/LUFA/Drivers/USB/Core/HostStandardReq.o
 .data          0x0000000000800100        0x0 .build/obj_Dactylv2_rev2_Matt/./lib/lufa/LUFA/Drivers/USB/Core/USBTask.o
 .data          0x0000000000800100        0x0 /usr/lib/gcc/avr/4.8.2/avr5/libgcc.a(_divmodhi4.o)
 .data          0x0000000000800100        0x0 /usr/lib/gcc/avr/4.8.2/avr5/libgcc.a(_exit.o)
 .data          0x0000000000800100        0x0 /usr/lib/gcc/avr/4.8.2/avr5/libgcc.a(_tablejump.o)
 .data          0x0000000000800100        0x0 /usr/lib/gcc/avr/4.8.2/avr5/libgcc.a(_copy_data.o)
 .data          0x0000000000800100        0x0 /usr/lib/gcc/avr/4.8.2/avr5/libgcc.a(_clear_bss.o)
 .data          0x0000000000800100        0x0 /usr/lib/gcc/avr/4.8.2/avr5/libgcc.a(_udivmodhi4.o)
 .data          0x0000000000800100        0x0 /usr/lib/gcc/avr/4.8.2/../../../avr/lib/avr5/libc.a(memmove.o)
 .data          0x0000000000800100        0x0 /usr/lib/gcc/avr/4.8.2/../../../avr/lib/avr5/libc.a(eerd_byte_atmega32u4.o)
 .data          0x0000000000800100        0x0 /usr/lib/gcc/avr/4.8.2/../../../avr/lib/avr5/libc.a(eerd_word_atmega32u4.o)
 .data          0x0000000000800100        0x0 /usr/lib/gcc/avr/4.8.2/../../../avr/lib/avr5/libc.a(eeupd_byte_atmega32u4.o)
 .data          0x0000000000800100        0x0 /usr/lib/gcc/avr/4.8.2/../../../avr/lib/avr5/libc.a(eeupd_word_atmega32u4.o)
 .data          0x0000000000800100        0x0 /usr/lib/gcc/avr/4.8.2/../../../avr/lib/avr5/libc.a(memcpy.o)
 .data          0x0000000000800100        0x0 /usr/lib/gcc/avr/4.8.2/../../../avr/lib/avr5/libc.a(eerd_block_atmega32u4.o)
 *(.data*)
 .data.isLeftHand
                0x0000000000800100        0x1 .build/obj_Dactylv2_rev2_Matt/split_util.o
                0x0000000000800100                isLeftHand
 .data.tap_dance_actions
                0x0000000000800101       0x50 .build/obj_Dactylv2_rev2_Matt/keyboards/Dactylv2/keymaps/Matt/keymap.o
                0x0000000000800101                tap_dance_actions
 .data.highest_td
                0x0000000000800151        0x1 .build/obj_Dactylv2_rev2_Matt/quantum/process_keycode/process_tap_dance.o
 .data.keyboard_report
                0x0000000000800152        0x2 .build/obj_Dactylv2_rev2_Matt/common/action_util.o
                0x0000000000800152                keyboard_report
 .data.mk_wheel_time_to_max
                0x0000000000800154        0x1 .build/obj_Dactylv2_rev2_Matt/common/mousekey.o
                0x0000000000800154                mk_wheel_time_to_max
 .data.mk_wheel_max_speed
                0x0000000000800155        0x1 .build/obj_Dactylv2_rev2_Matt/common/mousekey.o
                0x0000000000800155                mk_wheel_max_speed
 .data.mk_time_to_max
                0x0000000000800156        0x1 .build/obj_Dactylv2_rev2_Matt/common/mousekey.o
                0x0000000000800156                mk_time_to_max
 .data.mk_max_speed
                0x0000000000800157        0x1 .build/obj_Dactylv2_rev2_Matt/common/mousekey.o
                0x0000000000800157                mk_max_speed
 .data.mk_interval
                0x0000000000800158        0x1 .build/obj_Dactylv2_rev2_Matt/common/mousekey.o
                0x0000000000800158                mk_interval
 .data.mk_delay
                0x0000000000800159        0x1 .build/obj_Dactylv2_rev2_Matt/common/mousekey.o
                0x0000000000800159                mk_delay
 .data.lufa_driver
                0x000000000080015a        0xa .build/obj_Dactylv2_rev2_Matt/lufa.o
                0x000000000080015a                lufa_driver
 .data.keyboard_protocol
                0x0000000000800164        0x1 .build/obj_Dactylv2_rev2_Matt/lufa.o
                0x0000000000800164                keyboard_protocol
 *(.rodata)
 *(.rodata*)
 .rodata.col_pins
                0x0000000000800165        0x6 .build/obj_Dactylv2_rev2_Matt/matrix.o
 .rodata.row_pins
                0x000000000080016b        0xe .build/obj_Dactylv2_rev2_Matt/matrix.o
 .rodata.CSWTCH.57
                0x0000000000800179        0xa .build/obj_Dactylv2_rev2_Matt/common/command.o
 .rodata.CSWTCH.3
                0x0000000000800183        0x3 .build/obj_Dactylv2_rev2_Matt/usb_descriptor.o
 .rodata.CSWTCH.2
                0x0000000000800186        0x6 .build/obj_Dactylv2_rev2_Matt/usb_descriptor.o
 .rodata.CSWTCH.1
                0x000000000080018c        0x6 .build/obj_Dactylv2_rev2_Matt/usb_descriptor.o
 *(.gnu.linkonce.d*)
                0x0000000000800192                . = ALIGN (0x2)
                0x0000000000800192                _edata = .
                0x0000000000800192                PROVIDE (__data_end, .)

.bss            0x0000000000800192       0xcf
                0x0000000000800192                PROVIDE (__bss_start, .)
 *(.bss)
 *(.bss*)
 .bss.matrix    0x0000000000800192        0xe .build/obj_Dactylv2_rev2_Matt/matrix.o
 .bss.error_count
                0x00000000008001a0        0x1 .build/obj_Dactylv2_rev2_Matt/matrix.o
 .bss.matrix_debouncing
                0x00000000008001a1        0xe .build/obj_Dactylv2_rev2_Matt/matrix.o
 .bss.debouncing
                0x00000000008001af        0x1 .build/obj_Dactylv2_rev2_Matt/matrix.o
 .bss.debouncing_time
                0x00000000008001b0        0x2 .build/obj_Dactylv2_rev2_Matt/matrix.o
 .bss.status    0x00000000008001b2        0x1 .build/obj_Dactylv2_rev2_Matt/serial.o
                0x00000000008001b2                status
 .bss.serial_master_buffer
                0x00000000008001b3        0x1 .build/obj_Dactylv2_rev2_Matt/serial.o
                0x00000000008001b3                serial_master_buffer
 .bss.serial_slave_buffer
                0x00000000008001b4        0x7 .build/obj_Dactylv2_rev2_Matt/serial.o
                0x00000000008001b4                serial_slave_buffer
 .bss.grave_esc_was_shifted
                0x00000000008001bb        0x1 .build/obj_Dactylv2_rev2_Matt/quantum/quantum.o
 .bss.scs_timer
                0x00000000008001bc        0x4 .build/obj_Dactylv2_rev2_Matt/quantum/quantum.o
 .bss.shift_interrupted
                0x00000000008001c0        0x2 .build/obj_Dactylv2_rev2_Matt/quantum/quantum.o
 .bss.leader_sequence_size
                0x00000000008001c2        0x1 .build/obj_Dactylv2_rev2_Matt/quantum/process_keycode/process_leader.o
                0x00000000008001c2                leader_sequence_size
 .bss.leader_sequence
                0x00000000008001c3        0xa .build/obj_Dactylv2_rev2_Matt/quantum/process_keycode/process_leader.o
                0x00000000008001c3                leader_sequence
 .bss.leader_time
                0x00000000008001cd        0x2 .build/obj_Dactylv2_rev2_Matt/quantum/process_keycode/process_leader.o
                0x00000000008001cd                leader_time
 .bss.leading   0x00000000008001cf        0x1 .build/obj_Dactylv2_rev2_Matt/quantum/process_keycode/process_leader.o
                0x00000000008001cf                leading
 .bss.last_td   0x00000000008001d0        0x2 .build/obj_Dactylv2_rev2_Matt/quantum/process_keycode/process_tap_dance.o
 .bss.last_consumer_report
                0x00000000008001d2        0x2 .build/obj_Dactylv2_rev2_Matt/common/host.o
 .bss.last_system_report
                0x00000000008001d4        0x2 .build/obj_Dactylv2_rev2_Matt/common/host.o
 .bss.driver    0x00000000008001d6        0x2 .build/obj_Dactylv2_rev2_Matt/common/host.o
 .bss.led_status.2731
                0x00000000008001d8        0x1 .build/obj_Dactylv2_rev2_Matt/common/keyboard.o
 .bss.matrix_prev.2730
                0x00000000008001d9        0xe .build/obj_Dactylv2_rev2_Matt/common/keyboard.o
 .bss.waiting_buffer_tail
                0x00000000008001e7        0x1 .build/obj_Dactylv2_rev2_Matt/common/action_tapping.o
 .bss.waiting_buffer_head
                0x00000000008001e8        0x1 .build/obj_Dactylv2_rev2_Matt/common/action_tapping.o
 .bss.waiting_buffer
                0x00000000008001e9       0x30 .build/obj_Dactylv2_rev2_Matt/common/action_tapping.o
 .bss.tapping_key
                0x0000000000800219        0x6 .build/obj_Dactylv2_rev2_Matt/common/action_tapping.o
 .bss.layer_state
                0x000000000080021f        0x4 .build/obj_Dactylv2_rev2_Matt/common/action_layer.o
                0x000000000080021f                layer_state
 .bss.default_layer_state
                0x0000000000800223        0x4 .build/obj_Dactylv2_rev2_Matt/common/action_layer.o
                0x0000000000800223                default_layer_state
 .bss.oneshot_layer_data
                0x0000000000800227        0x1 .build/obj_Dactylv2_rev2_Matt/common/action_util.o
 .bss.oneshot_mods
                0x0000000000800228        0x1 .build/obj_Dactylv2_rev2_Matt/common/action_util.o
 .bss.__compound_literal.0
                0x0000000000800229        0x8 .build/obj_Dactylv2_rev2_Matt/common/action_util.o
 .bss.macro_mods
                0x0000000000800231        0x1 .build/obj_Dactylv2_rev2_Matt/common/action_util.o
 .bss.weak_mods
                0x0000000000800232        0x1 .build/obj_Dactylv2_rev2_Matt/common/action_util.o
 .bss.real_mods
                0x0000000000800233        0x1 .build/obj_Dactylv2_rev2_Matt/common/action_util.o
 .bss.debug_config
                0x0000000000800234        0x1 .build/obj_Dactylv2_rev2_Matt/common/debug.o
                0x0000000000800234                debug_config
 .bss.wdt_timeout
                0x0000000000800235        0x1 .build/obj_Dactylv2_rev2_Matt/common/avr/suspend.o
 .bss.last_timer
                0x0000000000800236        0x2 .build/obj_Dactylv2_rev2_Matt/common/mousekey.o
 .bss.mousekey_accel
                0x0000000000800238        0x1 .build/obj_Dactylv2_rev2_Matt/common/mousekey.o
 .bss.mousekey_repeat
                0x0000000000800239        0x1 .build/obj_Dactylv2_rev2_Matt/common/mousekey.o
 .bss.mouse_report
                0x000000000080023a        0x5 .build/obj_Dactylv2_rev2_Matt/common/mousekey.o
 .bss.mousekey_param
                0x000000000080023f        0x1 .build/obj_Dactylv2_rev2_Matt/common/command.o
 .bss.command_state
                0x0000000000800240        0x1 .build/obj_Dactylv2_rev2_Matt/common/command.o
                0x0000000000800240                command_state
 .bss.keyboard_report_sent
                0x0000000000800241        0x8 .build/obj_Dactylv2_rev2_Matt/lufa.o
 .bss.keyboard_led_stats
                0x0000000000800249        0x1 .build/obj_Dactylv2_rev2_Matt/lufa.o
 .bss.keyboard_idle
                0x000000000080024a        0x1 .build/obj_Dactylv2_rev2_Matt/lufa.o
                0x000000000080024a                keyboard_idle
 .bss.desired_output
                0x000000000080024b        0x1 .build/obj_Dactylv2_rev2_Matt/outputselect.o
                0x000000000080024b                desired_output
 *(COMMON)
 COMMON         0x000000000080024c        0x2 .build/obj_Dactylv2_rev2_Matt/common/action.o
                0x000000000080024c                tp_buttons
 COMMON         0x000000000080024e        0x4 .build/obj_Dactylv2_rev2_Matt/common/avr/timer.o
                0x000000000080024e                timer_count
 COMMON         0x0000000000800252        0x2 .build/obj_Dactylv2_rev2_Matt/common/magic.o
                0x0000000000800252                keymap_config
 COMMON         0x0000000000800254        0x3 .build/obj_Dactylv2_rev2_Matt/./lib/lufa/LUFA/Drivers/USB/Core/DeviceStandardReq.o
                0x0000000000800254                USB_Device_ConfigurationNumber
                0x0000000000800255                USB_Device_CurrentlySelfPowered
                0x0000000000800256                USB_Device_RemoteWakeupEnabled
 COMMON         0x0000000000800257        0xa .build/obj_Dactylv2_rev2_Matt/./lib/lufa/LUFA/Drivers/USB/Core/USBTask.o
                0x0000000000800257                USB_IsInitialized
                0x0000000000800258                USB_DeviceState
                0x0000000000800259                USB_ControlRequest
                0x0000000000800261                PROVIDE (__bss_end, .)
                0x0000000000005796                __data_load_start = LOADADDR (.data)
                0x0000000000005828                __data_load_end = (__data_load_start + SIZEOF (.data))

.noinit         0x0000000000800261        0x4
                0x0000000000800261                PROVIDE (__noinit_start, .)
 *(.noinit*)
 .noinit        0x0000000000800261        0x4 .build/obj_Dactylv2_rev2_Matt/common/avr/bootloader.o
                0x0000000000800261                reset_key
                0x0000000000800265                PROVIDE (__noinit_end, .)
                0x0000000000800265                _end = .
                0x0000000000800265                PROVIDE (__heap_start, .)

.eeprom         0x0000000000810000        0x0
 *(.eeprom*)
                0x0000000000810000                __eeprom_end = .

.fuse
 *(.fuse)
 *(.lfuse)
 *(.hfuse)
 *(.efuse)

.lock
 *(.lock*)

.signature
 *(.signature*)

.user_signatures
 *(.user_signatures*)

.stab           0x0000000000000000      0xbc4
 *(.stab)
 .stab          0x0000000000000000      0x6cc /usr/lib/gcc/avr/4.8.2/../../../avr/lib/avr5/crtm32u4.o
 .stab          0x00000000000006cc       0x18 .build/obj_Dactylv2_rev2_Matt/common/avr/xprintf.o
                                        0x8b8 (size before relaxing)
 .stab          0x00000000000006e4       0xe4 /usr/lib/gcc/avr/4.8.2/../../../avr/lib/avr5/libc.a(memmove.o)
                                         0xf0 (size before relaxing)
 .stab          0x00000000000007c8       0x90 /usr/lib/gcc/avr/4.8.2/../../../avr/lib/avr5/libc.a(eerd_byte_atmega32u4.o)
                                         0x9c (size before relaxing)
 .stab          0x0000000000000858       0x6c /usr/lib/gcc/avr/4.8.2/../../../avr/lib/avr5/libc.a(eerd_word_atmega32u4.o)
                                         0x78 (size before relaxing)
 .stab          0x00000000000008c4      0x114 /usr/lib/gcc/avr/4.8.2/../../../avr/lib/avr5/libc.a(eeupd_byte_atmega32u4.o)
                                        0x120 (size before relaxing)
 .stab          0x00000000000009d8       0x60 /usr/lib/gcc/avr/4.8.2/../../../avr/lib/avr5/libc.a(eeupd_word_atmega32u4.o)
                                         0x6c (size before relaxing)
 .stab          0x0000000000000a38       0x84 /usr/lib/gcc/avr/4.8.2/../../../avr/lib/avr5/libc.a(memcpy.o)
                                         0x90 (size before relaxing)
 .stab          0x0000000000000abc      0x108 /usr/lib/gcc/avr/4.8.2/../../../avr/lib/avr5/libc.a(eerd_block_atmega32u4.o)
                                        0x114 (size before relaxing)

.stabstr        0x0000000000000000      0x203
 *(.stabstr)
 .stabstr       0x0000000000000000      0x203 /usr/lib/gcc/avr/4.8.2/../../../avr/lib/avr5/crtm32u4.o

.stab.excl
 *(.stab.excl)

.stab.exclstr
 *(.stab.exclstr)

.stab.index
 *(.stab.index)

.stab.indexstr
 *(.stab.indexstr)

.comment        0x0000000000000000       0x11
 *(.comment)
 .comment       0x0000000000000000       0x11 .build/obj_Dactylv2_rev2_Matt/matrix.o
                                         0x12 (size before relaxing)
 .comment       0x0000000000000000       0x12 .build/obj_Dactylv2_rev2_Matt/i2c.o
 .comment       0x0000000000000000       0x12 .build/obj_Dactylv2_rev2_Matt/split_util.o
 .comment       0x0000000000000000       0x12 .build/obj_Dactylv2_rev2_Matt/serial.o
 .comment       0x0000000000000000       0x12 .build/obj_Dactylv2_rev2_Matt/ssd1306.o
 .comment       0x0000000000000000       0x12 .build/obj_Dactylv2_rev2_Matt/keyboards/Dactylv2/rev2/rev2.o
 .comment       0x0000000000000000       0x12 .build/obj_Dactylv2_rev2_Matt/keyboards/Dactylv2/keymaps/Matt/keymap.o
 .comment       0x0000000000000000       0x12 .build/obj_Dactylv2_rev2_Matt/quantum/quantum.o
 .comment       0x0000000000000000       0x12 .build/obj_Dactylv2_rev2_Matt/quantum/keymap_common.o
 .comment       0x0000000000000000       0x12 .build/obj_Dactylv2_rev2_Matt/quantum/keycode_config.o
 .comment       0x0000000000000000       0x12 .build/obj_Dactylv2_rev2_Matt/quantum/process_keycode/process_leader.o
 .comment       0x0000000000000000       0x12 .build/obj_Dactylv2_rev2_Matt/quantum/process_keycode/process_tap_dance.o
 .comment       0x0000000000000000       0x12 .build/obj_Dactylv2_rev2_Matt/common/host.o
 .comment       0x0000000000000000       0x12 .build/obj_Dactylv2_rev2_Matt/common/keyboard.o
 .comment       0x0000000000000000       0x12 .build/obj_Dactylv2_rev2_Matt/common/action.o
 .comment       0x0000000000000000       0x12 .build/obj_Dactylv2_rev2_Matt/common/action_tapping.o
 .comment       0x0000000000000000       0x12 .build/obj_Dactylv2_rev2_Matt/common/action_macro.o
 .comment       0x0000000000000000       0x12 .build/obj_Dactylv2_rev2_Matt/common/action_layer.o
 .comment       0x0000000000000000       0x12 .build/obj_Dactylv2_rev2_Matt/common/action_util.o
 .comment       0x0000000000000000       0x12 .build/obj_Dactylv2_rev2_Matt/common/print.o
 .comment       0x0000000000000000       0x12 .build/obj_Dactylv2_rev2_Matt/common/debug.o
 .comment       0x0000000000000000       0x12 .build/obj_Dactylv2_rev2_Matt/common/util.o
 .comment       0x0000000000000000       0x12 .build/obj_Dactylv2_rev2_Matt/common/eeconfig.o
 .comment       0x0000000000000000       0x12 .build/obj_Dactylv2_rev2_Matt/common/report.o
 .comment       0x0000000000000000       0x12 .build/obj_Dactylv2_rev2_Matt/common/avr/suspend.o
 .comment       0x0000000000000000       0x12 .build/obj_Dactylv2_rev2_Matt/common/avr/timer.o
 .comment       0x0000000000000000       0x12 .build/obj_Dactylv2_rev2_Matt/common/avr/bootloader.o
 .comment       0x0000000000000000       0x12 .build/obj_Dactylv2_rev2_Matt/common/magic.o
 .comment       0x0000000000000000       0x12 .build/obj_Dactylv2_rev2_Matt/common/mousekey.o
 .comment       0x0000000000000000       0x12 .build/obj_Dactylv2_rev2_Matt/common/command.o
 .comment       0x0000000000000000       0x12 .build/obj_Dactylv2_rev2_Matt/lufa.o
 .comment       0x0000000000000000       0x12 .build/obj_Dactylv2_rev2_Matt/usb_descriptor.o
 .comment       0x0000000000000000       0x12 .build/obj_Dactylv2_rev2_Matt/outputselect.o
 .comment       0x0000000000000000       0x12 .build/obj_Dactylv2_rev2_Matt/./lib/lufa/LUFA/Drivers/USB/Class/Common/HIDParser.o
 .comment       0x0000000000000000       0x12 .build/obj_Dactylv2_rev2_Matt/./lib/lufa/LUFA/Drivers/USB/Core/AVR8/Device_AVR8.o
 .comment       0x0000000000000000       0x12 .build/obj_Dactylv2_rev2_Matt/./lib/lufa/LUFA/Drivers/USB/Core/AVR8/EndpointStream_AVR8.o
 .comment       0x0000000000000000       0x12 .build/obj_Dactylv2_rev2_Matt/./lib/lufa/LUFA/Drivers/USB/Core/AVR8/Endpoint_AVR8.o
 .comment       0x0000000000000000       0x12 .build/obj_Dactylv2_rev2_Matt/./lib/lufa/LUFA/Drivers/USB/Core/AVR8/Host_AVR8.o
 .comment       0x0000000000000000       0x12 .build/obj_Dactylv2_rev2_Matt/./lib/lufa/LUFA/Drivers/USB/Core/AVR8/PipeStream_AVR8.o
 .comment       0x0000000000000000       0x12 .build/obj_Dactylv2_rev2_Matt/./lib/lufa/LUFA/Drivers/USB/Core/AVR8/Pipe_AVR8.o
 .comment       0x0000000000000000       0x12 .build/obj_Dactylv2_rev2_Matt/./lib/lufa/LUFA/Drivers/USB/Core/AVR8/USBController_AVR8.o
 .comment       0x0000000000000000       0x12 .build/obj_Dactylv2_rev2_Matt/./lib/lufa/LUFA/Drivers/USB/Core/AVR8/USBInterrupt_AVR8.o
 .comment       0x0000000000000000       0x12 .build/obj_Dactylv2_rev2_Matt/./lib/lufa/LUFA/Drivers/USB/Core/ConfigDescriptors.o
 .comment       0x0000000000000000       0x12 .build/obj_Dactylv2_rev2_Matt/./lib/lufa/LUFA/Drivers/USB/Core/DeviceStandardReq.o
 .comment       0x0000000000000000       0x12 .build/obj_Dactylv2_rev2_Matt/./lib/lufa/LUFA/Drivers/USB/Core/Events.o
 .comment       0x0000000000000000       0x12 .build/obj_Dactylv2_rev2_Matt/./lib/lufa/LUFA/Drivers/USB/Core/HostStandardReq.o
 .comment       0x0000000000000000       0x12 .build/obj_Dactylv2_rev2_Matt/./lib/lufa/LUFA/Drivers/USB/Core/USBTask.o

.debug
 *(.debug)

.line
 *(.line)

.debug_srcinfo
 *(.debug_srcinfo)

.debug_sfnames
 *(.debug_sfnames)

.debug_aranges  0x0000000000000000     0x1118
 *(.debug_aranges)
 .debug_aranges
                0x0000000000000000       0xa8 .build/obj_Dactylv2_rev2_Matt/matrix.o
 .debug_aranges
                0x00000000000000a8       0x18 .build/obj_Dactylv2_rev2_Matt/i2c.o
 .debug_aranges
                0x00000000000000c0       0x38 .build/obj_Dactylv2_rev2_Matt/split_util.o
 .debug_aranges
                0x00000000000000f8       0x70 .build/obj_Dactylv2_rev2_Matt/serial.o
 .debug_aranges
                0x0000000000000168       0x80 .build/obj_Dactylv2_rev2_Matt/keyboards/Dactylv2/rev2/rev2.o
 .debug_aranges
                0x00000000000001e8       0xb8 .build/obj_Dactylv2_rev2_Matt/keyboards/Dactylv2/keymaps/Matt/keymap.o
 .debug_aranges
                0x00000000000002a0      0x198 .build/obj_Dactylv2_rev2_Matt/quantum/quantum.o
 .debug_aranges
                0x0000000000000438       0x98 .build/obj_Dactylv2_rev2_Matt/quantum/keymap_common.o
 .debug_aranges
                0x00000000000004d0       0x28 .build/obj_Dactylv2_rev2_Matt/quantum/keycode_config.o
 .debug_aranges
                0x00000000000004f8       0x88 .build/obj_Dactylv2_rev2_Matt/quantum/process_keycode/process_leader.o
 .debug_aranges
                0x0000000000000580       0xc8 .build/obj_Dactylv2_rev2_Matt/quantum/process_keycode/process_tap_dance.o
 .debug_aranges
                0x0000000000000648       0x60 .build/obj_Dactylv2_rev2_Matt/common/host.o
 .debug_aranges
                0x00000000000006a8       0x48 .build/obj_Dactylv2_rev2_Matt/common/keyboard.o
 .debug_aranges
                0x00000000000006f0       0x98 .build/obj_Dactylv2_rev2_Matt/common/action.o
 .debug_aranges
                0x0000000000000788       0x48 .build/obj_Dactylv2_rev2_Matt/common/action_tapping.o
 .debug_aranges
                0x00000000000007d0       0x20 .build/obj_Dactylv2_rev2_Matt/common/action_macro.o
 .debug_aranges
                0x00000000000007f0       0xd8 .build/obj_Dactylv2_rev2_Matt/common/action_layer.o
 .debug_aranges
                0x00000000000008c8      0x120 .build/obj_Dactylv2_rev2_Matt/common/action_util.o
 .debug_aranges
                0x00000000000009e8       0x18 .build/obj_Dactylv2_rev2_Matt/common/print.o
 .debug_aranges
                0x0000000000000a00       0x18 .build/obj_Dactylv2_rev2_Matt/common/debug.o
 .debug_aranges
                0x0000000000000a18       0x60 .build/obj_Dactylv2_rev2_Matt/common/util.o
 .debug_aranges
                0x0000000000000a78       0x68 .build/obj_Dactylv2_rev2_Matt/common/eeconfig.o
 .debug_aranges
                0x0000000000000ae0       0x50 .build/obj_Dactylv2_rev2_Matt/common/report.o
 .debug_aranges
                0x0000000000000b30       0x50 .build/obj_Dactylv2_rev2_Matt/common/avr/suspend.o
 .debug_aranges
                0x0000000000000b80       0x50 .build/obj_Dactylv2_rev2_Matt/common/avr/timer.o
 .debug_aranges
                0x0000000000000bd0       0x28 .build/obj_Dactylv2_rev2_Matt/common/avr/bootloader.o
 .debug_aranges
                0x0000000000000bf8       0x20 .build/obj_Dactylv2_rev2_Matt/common/magic.o
 .debug_aranges
                0x0000000000000c18       0x50 .build/obj_Dactylv2_rev2_Matt/common/mousekey.o
 .debug_aranges
                0x0000000000000c68       0xa8 .build/obj_Dactylv2_rev2_Matt/common/command.o
 .debug_aranges
                0x0000000000000d10       0xe8 .build/obj_Dactylv2_rev2_Matt/lufa.o
 .debug_aranges
                0x0000000000000df8       0x20 .build/obj_Dactylv2_rev2_Matt/usb_descriptor.o
 .debug_aranges
                0x0000000000000e18       0x38 .build/obj_Dactylv2_rev2_Matt/outputselect.o
 .debug_aranges
                0x0000000000000e50       0x38 .build/obj_Dactylv2_rev2_Matt/./lib/lufa/LUFA/Drivers/USB/Class/Common/HIDParser.o
 .debug_aranges
                0x0000000000000e88       0x20 .build/obj_Dactylv2_rev2_Matt/./lib/lufa/LUFA/Drivers/USB/Core/AVR8/Device_AVR8.o
 .debug_aranges
                0x0000000000000ea8       0xc8 .build/obj_Dactylv2_rev2_Matt/./lib/lufa/LUFA/Drivers/USB/Core/AVR8/EndpointStream_AVR8.o
 .debug_aranges
                0x0000000000000f70       0x40 .build/obj_Dactylv2_rev2_Matt/./lib/lufa/LUFA/Drivers/USB/Core/AVR8/Endpoint_AVR8.o
 .debug_aranges
                0x0000000000000fb0       0x18 .build/obj_Dactylv2_rev2_Matt/./lib/lufa/LUFA/Drivers/USB/Core/AVR8/Host_AVR8.o
 .debug_aranges
                0x0000000000000fc8       0x18 .build/obj_Dactylv2_rev2_Matt/./lib/lufa/LUFA/Drivers/USB/Core/AVR8/PipeStream_AVR8.o
 .debug_aranges
                0x0000000000000fe0       0x18 .build/obj_Dactylv2_rev2_Matt/./lib/lufa/LUFA/Drivers/USB/Core/AVR8/Pipe_AVR8.o
 .debug_aranges
                0x0000000000000ff8       0x30 .build/obj_Dactylv2_rev2_Matt/./lib/lufa/LUFA/Drivers/USB/Core/AVR8/USBController_AVR8.o
 .debug_aranges
                0x0000000000001028       0x38 .build/obj_Dactylv2_rev2_Matt/./lib/lufa/LUFA/Drivers/USB/Core/AVR8/USBInterrupt_AVR8.o
 .debug_aranges
                0x0000000000001060       0x40 .build/obj_Dactylv2_rev2_Matt/./lib/lufa/LUFA/Drivers/USB/Core/ConfigDescriptors.o
 .debug_aranges
                0x00000000000010a0       0x20 .build/obj_Dactylv2_rev2_Matt/./lib/lufa/LUFA/Drivers/USB/Core/DeviceStandardReq.o
 .debug_aranges
                0x00000000000010c0       0x20 .build/obj_Dactylv2_rev2_Matt/./lib/lufa/LUFA/Drivers/USB/Core/Events.o
 .debug_aranges
                0x00000000000010e0       0x18 .build/obj_Dactylv2_rev2_Matt/./lib/lufa/LUFA/Drivers/USB/Core/HostStandardReq.o
 .debug_aranges
                0x00000000000010f8       0x20 .build/obj_Dactylv2_rev2_Matt/./lib/lufa/LUFA/Drivers/USB/Core/USBTask.o

.debug_pubnames
 *(.debug_pubnames)

.debug_info     0x0000000000000000    0x16ab2
 *(.debug_info)
 .debug_info    0x0000000000000000      0x9b5 .build/obj_Dactylv2_rev2_Matt/matrix.o
 .debug_info    0x00000000000009b5       0x56 .build/obj_Dactylv2_rev2_Matt/i2c.o
 .debug_info    0x0000000000000a0b      0x29c .build/obj_Dactylv2_rev2_Matt/split_util.o
 .debug_info    0x0000000000000ca7      0x756 .build/obj_Dactylv2_rev2_Matt/serial.o
 .debug_info    0x00000000000013fd      0x23c .build/obj_Dactylv2_rev2_Matt/keyboards/Dactylv2/rev2/rev2.o
 .debug_info    0x0000000000001639     0x1719 .build/obj_Dactylv2_rev2_Matt/keyboards/Dactylv2/keymaps/Matt/keymap.o
 .debug_info    0x0000000000002d52     0x26bd .build/obj_Dactylv2_rev2_Matt/quantum/quantum.o
 .debug_info    0x000000000000540f     0x19a4 .build/obj_Dactylv2_rev2_Matt/quantum/keymap_common.o
 .debug_info    0x0000000000006db3      0x662 .build/obj_Dactylv2_rev2_Matt/quantum/keycode_config.o
 .debug_info    0x0000000000007415      0xd6c .build/obj_Dactylv2_rev2_Matt/quantum/process_keycode/process_leader.o
 .debug_info    0x0000000000008181     0x14dc .build/obj_Dactylv2_rev2_Matt/quantum/process_keycode/process_tap_dance.o
 .debug_info    0x000000000000965d      0x450 .build/obj_Dactylv2_rev2_Matt/common/host.o
 .debug_info    0x0000000000009aad      0x443 .build/obj_Dactylv2_rev2_Matt/common/keyboard.o
 .debug_info    0x0000000000009ef0     0x1d19 .build/obj_Dactylv2_rev2_Matt/common/action.o
 .debug_info    0x000000000000bc09      0xf12 .build/obj_Dactylv2_rev2_Matt/common/action_tapping.o
 .debug_info    0x000000000000cb1b      0x88e .build/obj_Dactylv2_rev2_Matt/common/action_macro.o
 .debug_info    0x000000000000d3a9      0x9be .build/obj_Dactylv2_rev2_Matt/common/action_layer.o
 .debug_info    0x000000000000dd67      0x74a .build/obj_Dactylv2_rev2_Matt/common/action_util.o
 .debug_info    0x000000000000e4b1       0x56 .build/obj_Dactylv2_rev2_Matt/common/print.o
 .debug_info    0x000000000000e507       0xfc .build/obj_Dactylv2_rev2_Matt/common/debug.o
 .debug_info    0x000000000000e603      0x29b .build/obj_Dactylv2_rev2_Matt/common/util.o
 .debug_info    0x000000000000e89e      0x3cf .build/obj_Dactylv2_rev2_Matt/common/eeconfig.o
 .debug_info    0x000000000000ec6d      0x31a .build/obj_Dactylv2_rev2_Matt/common/report.o
 .debug_info    0x000000000000ef87      0x2b8 .build/obj_Dactylv2_rev2_Matt/common/avr/suspend.o
 .debug_info    0x000000000000f23f      0x39a .build/obj_Dactylv2_rev2_Matt/common/avr/timer.o
 .debug_info    0x000000000000f5d9      0x120 .build/obj_Dactylv2_rev2_Matt/common/avr/bootloader.o
 .debug_info    0x000000000000f6f9      0x29a .build/obj_Dactylv2_rev2_Matt/common/magic.o
 .debug_info    0x000000000000f993      0x67c .build/obj_Dactylv2_rev2_Matt/common/mousekey.o
 .debug_info    0x000000000001000f      0xb1c .build/obj_Dactylv2_rev2_Matt/common/command.o
 .debug_info    0x0000000000010b2b     0x10f2 .build/obj_Dactylv2_rev2_Matt/lufa.o
 .debug_info    0x0000000000011c1d      0x7a2 .build/obj_Dactylv2_rev2_Matt/usb_descriptor.o
 .debug_info    0x00000000000123bf      0x1a7 .build/obj_Dactylv2_rev2_Matt/outputselect.o
 .debug_info    0x0000000000012566      0x7a3 .build/obj_Dactylv2_rev2_Matt/./lib/lufa/LUFA/Drivers/USB/Class/Common/HIDParser.o
 .debug_info    0x0000000000012d09       0xd2 .build/obj_Dactylv2_rev2_Matt/./lib/lufa/LUFA/Drivers/USB/Core/AVR8/Device_AVR8.o
 .debug_info    0x0000000000012ddb     0x17b4 .build/obj_Dactylv2_rev2_Matt/./lib/lufa/LUFA/Drivers/USB/Core/AVR8/EndpointStream_AVR8.o
 .debug_info    0x000000000001458f      0x614 .build/obj_Dactylv2_rev2_Matt/./lib/lufa/LUFA/Drivers/USB/Core/AVR8/Endpoint_AVR8.o
 .debug_info    0x0000000000014ba3       0x56 .build/obj_Dactylv2_rev2_Matt/./lib/lufa/LUFA/Drivers/USB/Core/AVR8/Host_AVR8.o
 .debug_info    0x0000000000014bf9       0x56 .build/obj_Dactylv2_rev2_Matt/./lib/lufa/LUFA/Drivers/USB/Core/AVR8/PipeStream_AVR8.o
 .debug_info    0x0000000000014c4f       0x56 .build/obj_Dactylv2_rev2_Matt/./lib/lufa/LUFA/Drivers/USB/Core/AVR8/Pipe_AVR8.o
 .debug_info    0x0000000000014ca5      0x4cb .build/obj_Dactylv2_rev2_Matt/./lib/lufa/LUFA/Drivers/USB/Core/AVR8/USBController_AVR8.o
 .debug_info    0x0000000000015170      0x7c4 .build/obj_Dactylv2_rev2_Matt/./lib/lufa/LUFA/Drivers/USB/Core/AVR8/USBInterrupt_AVR8.o
 .debug_info    0x0000000000015934      0x3cd .build/obj_Dactylv2_rev2_Matt/./lib/lufa/LUFA/Drivers/USB/Core/ConfigDescriptors.o
 .debug_info    0x0000000000015d01      0xa78 .build/obj_Dactylv2_rev2_Matt/./lib/lufa/LUFA/Drivers/USB/Core/DeviceStandardReq.o
 .debug_info    0x0000000000016779       0x78 .build/obj_Dactylv2_rev2_Matt/./lib/lufa/LUFA/Drivers/USB/Core/Events.o
 .debug_info    0x00000000000167f1       0x56 .build/obj_Dactylv2_rev2_Matt/./lib/lufa/LUFA/Drivers/USB/Core/HostStandardReq.o
 .debug_info    0x0000000000016847      0x26b .build/obj_Dactylv2_rev2_Matt/./lib/lufa/LUFA/Drivers/USB/Core/USBTask.o
 *(.gnu.linkonce.wi.*)

.debug_abbrev   0x0000000000000000     0x4daa
 *(.debug_abbrev)
 .debug_abbrev  0x0000000000000000      0x3c6 .build/obj_Dactylv2_rev2_Matt/matrix.o
 .debug_abbrev  0x00000000000003c6       0x26 .build/obj_Dactylv2_rev2_Matt/i2c.o
 .debug_abbrev  0x00000000000003ec      0x17c .build/obj_Dactylv2_rev2_Matt/split_util.o
 .debug_abbrev  0x0000000000000568      0x257 .build/obj_Dactylv2_rev2_Matt/serial.o
 .debug_abbrev  0x00000000000007bf       0xf3 .build/obj_Dactylv2_rev2_Matt/keyboards/Dactylv2/rev2/rev2.o
 .debug_abbrev  0x00000000000008b2      0x25e .build/obj_Dactylv2_rev2_Matt/keyboards/Dactylv2/keymaps/Matt/keymap.o
 .debug_abbrev  0x0000000000000b10      0x48b .build/obj_Dactylv2_rev2_Matt/quantum/quantum.o
 .debug_abbrev  0x0000000000000f9b      0x271 .build/obj_Dactylv2_rev2_Matt/quantum/keymap_common.o
 .debug_abbrev  0x000000000000120c       0xdf .build/obj_Dactylv2_rev2_Matt/quantum/keycode_config.o
 .debug_abbrev  0x00000000000012eb      0x16a .build/obj_Dactylv2_rev2_Matt/quantum/process_keycode/process_leader.o
 .debug_abbrev  0x0000000000001455      0x2c1 .build/obj_Dactylv2_rev2_Matt/quantum/process_keycode/process_tap_dance.o
 .debug_abbrev  0x0000000000001716      0x16f .build/obj_Dactylv2_rev2_Matt/common/host.o
 .debug_abbrev  0x0000000000001885      0x250 .build/obj_Dactylv2_rev2_Matt/common/keyboard.o
 .debug_abbrev  0x0000000000001ad5      0x3c3 .build/obj_Dactylv2_rev2_Matt/common/action.o
 .debug_abbrev  0x0000000000001e98      0x301 .build/obj_Dactylv2_rev2_Matt/common/action_tapping.o
 .debug_abbrev  0x0000000000002199      0x1c8 .build/obj_Dactylv2_rev2_Matt/common/action_macro.o
 .debug_abbrev  0x0000000000002361      0x255 .build/obj_Dactylv2_rev2_Matt/common/action_layer.o
 .debug_abbrev  0x00000000000025b6      0x259 .build/obj_Dactylv2_rev2_Matt/common/action_util.o
 .debug_abbrev  0x000000000000280f       0x26 .build/obj_Dactylv2_rev2_Matt/common/print.o
 .debug_abbrev  0x0000000000002835       0x87 .build/obj_Dactylv2_rev2_Matt/common/debug.o
 .debug_abbrev  0x00000000000028bc       0xcb .build/obj_Dactylv2_rev2_Matt/common/util.o
 .debug_abbrev  0x0000000000002987       0xef .build/obj_Dactylv2_rev2_Matt/common/eeconfig.o
 .debug_abbrev  0x0000000000002a76      0x14d .build/obj_Dactylv2_rev2_Matt/common/report.o
 .debug_abbrev  0x0000000000002bc3      0x1be .build/obj_Dactylv2_rev2_Matt/common/avr/suspend.o
 .debug_abbrev  0x0000000000002d81      0x184 .build/obj_Dactylv2_rev2_Matt/common/avr/timer.o
 .debug_abbrev  0x0000000000002f05       0xa7 .build/obj_Dactylv2_rev2_Matt/common/avr/bootloader.o
 .debug_abbrev  0x0000000000002fac      0x11c .build/obj_Dactylv2_rev2_Matt/common/magic.o
 .debug_abbrev  0x00000000000030c8      0x21e .build/obj_Dactylv2_rev2_Matt/common/mousekey.o
 .debug_abbrev  0x00000000000032e6      0x2e1 .build/obj_Dactylv2_rev2_Matt/common/command.o
 .debug_abbrev  0x00000000000035c7      0x3dd .build/obj_Dactylv2_rev2_Matt/lufa.o
 .debug_abbrev  0x00000000000039a4      0x180 .build/obj_Dactylv2_rev2_Matt/usb_descriptor.o
 .debug_abbrev  0x0000000000003b24      0x127 .build/obj_Dactylv2_rev2_Matt/outputselect.o