Archive member included to satisfy reference by file (symbol)

/usr/lib/gcc/avr/5.4.0/avr5/libgcc.a(_divmodhi4.o)
                              .build/obj_Dactylv2_rev2_Noah/common/mousekey.o (__divmodhi4)
/usr/lib/gcc/avr/5.4.0/avr5/libgcc.a(_exit.o)
                              /usr/lib/gcc/avr/5.4.0/../../../avr/lib/avr5/crtatmega32u4.o (exit)
/usr/lib/gcc/avr/5.4.0/avr5/libgcc.a(_tablejump2.o)
                              .build/obj_Dactylv2_rev2_Noah/keyboards/Dactylv2/keymaps/Noah/keymap.o (__tablejump2__)
/usr/lib/gcc/avr/5.4.0/avr5/libgcc.a(_copy_data.o)
                              .build/obj_Dactylv2_rev2_Noah/matrix.o (__do_copy_data)
/usr/lib/gcc/avr/5.4.0/avr5/libgcc.a(_clear_bss.o)
                              .build/obj_Dactylv2_rev2_Noah/matrix.o (__do_clear_bss)
/usr/lib/gcc/avr/5.4.0/avr5/libgcc.a(_udivmodhi4.o)
                              /usr/lib/gcc/avr/5.4.0/avr5/libgcc.a(_divmodhi4.o) (__udivmodhi4)
/usr/lib/gcc/avr/5.4.0/../../../avr/lib/avr5/libc.a(memmove.o)
                              .build/obj_Dactylv2_rev2_Noah/./lib/lufa/LUFA/Drivers/USB/Class/Common/HIDParser.o (memmove)
/usr/lib/gcc/avr/5.4.0/../../../avr/lib/avr5/libc.a(memcpy.o)
                              /usr/lib/gcc/avr/5.4.0/../../../avr/lib/avr5/libc.a(memmove.o) (memcpy)
/usr/lib/gcc/avr/5.4.0/../../../avr/lib/avr5/libatmega32u4.a(eerd_byte.o)
                              .build/obj_Dactylv2_rev2_Noah/common/eeconfig.o (eeprom_read_byte)
/usr/lib/gcc/avr/5.4.0/../../../avr/lib/avr5/libatmega32u4.a(eerd_word.o)
                              .build/obj_Dactylv2_rev2_Noah/common/eeconfig.o (eeprom_read_word)
/usr/lib/gcc/avr/5.4.0/../../../avr/lib/avr5/libatmega32u4.a(eeupd_byte.o)
                              .build/obj_Dactylv2_rev2_Noah/common/eeconfig.o (eeprom_update_byte)
/usr/lib/gcc/avr/5.4.0/../../../avr/lib/avr5/libatmega32u4.a(eeupd_word.o)
                              .build/obj_Dactylv2_rev2_Noah/common/eeconfig.o (eeprom_update_word)
/usr/lib/gcc/avr/5.4.0/../../../avr/lib/avr5/libatmega32u4.a(eerd_block.o)
                              /usr/lib/gcc/avr/5.4.0/../../../avr/lib/avr5/libatmega32u4.a(eerd_word.o) (eeprom_read_blraw)

Allocating common symbols
Common symbol       size              file

USB_IsInitialized   0x1               .build/obj_Dactylv2_rev2_Noah/./lib/lufa/LUFA/Drivers/USB/Core/USBTask.o
keymap_config       0x2               .build/obj_Dactylv2_rev2_Noah/common/magic.o
USB_DeviceState     0x1               .build/obj_Dactylv2_rev2_Noah/./lib/lufa/LUFA/Drivers/USB/Core/USBTask.o
USB_Device_ConfigurationNumber
                    0x1               .build/obj_Dactylv2_rev2_Noah/./lib/lufa/LUFA/Drivers/USB/Core/DeviceStandardReq.o
USB_Device_CurrentlySelfPowered
                    0x1               .build/obj_Dactylv2_rev2_Noah/./lib/lufa/LUFA/Drivers/USB/Core/DeviceStandardReq.o
USB_ControlRequest  0x8               .build/obj_Dactylv2_rev2_Noah/./lib/lufa/LUFA/Drivers/USB/Core/USBTask.o
tp_buttons          0x2               .build/obj_Dactylv2_rev2_Noah/common/action.o
USB_Device_RemoteWakeupEnabled
                    0x1               .build/obj_Dactylv2_rev2_Noah/./lib/lufa/LUFA/Drivers/USB/Core/DeviceStandardReq.o
timer_count         0x4               .build/obj_Dactylv2_rev2_Noah/common/avr/timer.o

Discarded input sections

 .data          0x0000000000000000        0x0 /usr/lib/gcc/avr/5.4.0/../../../avr/lib/avr5/crtatmega32u4.o
 .bss           0x0000000000000000        0x0 /usr/lib/gcc/avr/5.4.0/../../../avr/lib/avr5/crtatmega32u4.o
 .text          0x0000000000000000        0x0 .build/obj_Dactylv2_rev2_Noah/matrix.o
 .data          0x0000000000000000        0x0 .build/obj_Dactylv2_rev2_Noah/matrix.o
 .bss           0x0000000000000000        0x0 .build/obj_Dactylv2_rev2_Noah/matrix.o
 .text.matrix_init_kb
                0x0000000000000000        0x4 .build/obj_Dactylv2_rev2_Noah/matrix.o
 .text.matrix_init_quantum
                0x0000000000000000        0x4 .build/obj_Dactylv2_rev2_Noah/matrix.o
 .text.matrix_scan_quantum
                0x0000000000000000        0x4 .build/obj_Dactylv2_rev2_Noah/matrix.o
 .text.matrix_rows
                0x0000000000000000        0x4 .build/obj_Dactylv2_rev2_Noah/matrix.o
 .text.matrix_cols
                0x0000000000000000        0x4 .build/obj_Dactylv2_rev2_Noah/matrix.o
 .text.matrix_is_modified
                0x0000000000000000        0xa .build/obj_Dactylv2_rev2_Noah/matrix.o
 .text.matrix_is_on
                0x0000000000000000       0x2a .build/obj_Dactylv2_rev2_Noah/matrix.o
 .text.matrix_key_count
                0x0000000000000000       0x2c .build/obj_Dactylv2_rev2_Noah/matrix.o
 .text          0x0000000000000000        0x0 .build/obj_Dactylv2_rev2_Noah/i2c.o
 .data          0x0000000000000000        0x0 .build/obj_Dactylv2_rev2_Noah/i2c.o
 .bss           0x0000000000000000        0x0 .build/obj_Dactylv2_rev2_Noah/i2c.o
 .debug_info    0x0000000000000000       0x56 .build/obj_Dactylv2_rev2_Noah/i2c.o
[...]
Memory Configuration

Name             Origin             Length             Attributes
text             0x0000000000000000 0x0000000000020000 xr
data             0x0000000000800060 0x000000000000ffa0 rw !x
eeprom           0x0000000000810000 0x0000000000010000 rw !x
fuse             0x0000000000820000 0x0000000000000003 rw !x
lock             0x0000000000830000 0x0000000000000400 rw !x
signature        0x0000000000840000 0x0000000000000400 rw !x
user_signatures  0x0000000000850000 0x0000000000000400 rw !x
*default*        0x0000000000000000 0xffffffffffffffff

Linker script and memory map

Address of section .data set to 0x800100
LOAD /usr/lib/gcc/avr/5.4.0/../../../avr/lib/avr5/crtatmega32u4.o
LOAD .build/obj_Dactylv2_rev2_Noah/matrix.o
LOAD .build/obj_Dactylv2_rev2_Noah/i2c.o
LOAD .build/obj_Dactylv2_rev2_Noah/split_util.o
LOAD .build/obj_Dactylv2_rev2_Noah/serial.o
LOAD .build/obj_Dactylv2_rev2_Noah/ssd1306.o
LOAD .build/obj_Dactylv2_rev2_Noah/keyboards/Dactylv2/rev2/rev2.o
LOAD .build/obj_Dactylv2_rev2_Noah/keyboards/Dactylv2/keymaps/Noah/keymap.o
LOAD .build/obj_Dactylv2_rev2_Noah/quantum/quantum.o
LOAD .build/obj_Dactylv2_rev2_Noah/quantum/keymap_common.o
LOAD .build/obj_Dactylv2_rev2_Noah/quantum/keycode_config.o
LOAD .build/obj_Dactylv2_rev2_Noah/quantum/process_keycode/process_leader.o
LOAD .build/obj_Dactylv2_rev2_Noah/quantum/process_keycode/process_tap_dance.o
LOAD .build/obj_Dactylv2_rev2_Noah/common/host.o
LOAD .build/obj_Dactylv2_rev2_Noah/common/keyboard.o
LOAD .build/obj_Dactylv2_rev2_Noah/common/action.o
LOAD .build/obj_Dactylv2_rev2_Noah/common/action_tapping.o
LOAD .build/obj_Dactylv2_rev2_Noah/common/action_macro.o
LOAD .build/obj_Dactylv2_rev2_Noah/common/action_layer.o
LOAD .build/obj_Dactylv2_rev2_Noah/common/action_util.o
LOAD .build/obj_Dactylv2_rev2_Noah/common/print.o
LOAD .build/obj_Dactylv2_rev2_Noah/common/debug.o
LOAD .build/obj_Dactylv2_rev2_Noah/common/util.o
LOAD .build/obj_Dactylv2_rev2_Noah/common/eeconfig.o
LOAD .build/obj_Dactylv2_rev2_Noah/common/report.o
LOAD .build/obj_Dactylv2_rev2_Noah/common/avr/suspend.o
LOAD .build/obj_Dactylv2_rev2_Noah/common/avr/timer.o
LOAD .build/obj_Dactylv2_rev2_Noah/common/avr/bootloader.o
LOAD .build/obj_Dactylv2_rev2_Noah/common/avr/xprintf.o
LOAD .build/obj_Dactylv2_rev2_Noah/common/magic.o
LOAD .build/obj_Dactylv2_rev2_Noah/common/mousekey.o
LOAD .build/obj_Dactylv2_rev2_Noah/common/command.o
LOAD .build/obj_Dactylv2_rev2_Noah/lufa.o
LOAD .build/obj_Dactylv2_rev2_Noah/usb_descriptor.o
LOAD .build/obj_Dactylv2_rev2_Noah/outputselect.o
LOAD .build/obj_Dactylv2_rev2_Noah/./lib/lufa/LUFA/Drivers/USB/Class/Common/HIDParser.o
LOAD .build/obj_Dactylv2_rev2_Noah/./lib/lufa/LUFA/Drivers/USB/Core/AVR8/Device_AVR8.o
LOAD .build/obj_Dactylv2_rev2_Noah/./lib/lufa/LUFA/Drivers/USB/Core/AVR8/EndpointStream_AVR8.o
LOAD .build/obj_Dactylv2_rev2_Noah/./lib/lufa/LUFA/Drivers/USB/Core/AVR8/Endpoint_AVR8.o
LOAD .build/obj_Dactylv2_rev2_Noah/./lib/lufa/LUFA/Drivers/USB/Core/AVR8/Host_AVR8.o
LOAD .build/obj_Dactylv2_rev2_Noah/./lib/lufa/LUFA/Drivers/USB/Core/AVR8/PipeStream_AVR8.o
LOAD .build/obj_Dactylv2_rev2_Noah/./lib/lufa/LUFA/Drivers/USB/Core/AVR8/Pipe_AVR8.o
LOAD .build/obj_Dactylv2_rev2_Noah/./lib/lufa/LUFA/Drivers/USB/Core/AVR8/USBController_AVR8.o
LOAD .build/obj_Dactylv2_rev2_Noah/./lib/lufa/LUFA/Drivers/USB/Core/AVR8/USBInterrupt_AVR8.o
LOAD .build/obj_Dactylv2_rev2_Noah/./lib/lufa/LUFA/Drivers/USB/Core/ConfigDescriptors.o
LOAD .build/obj_Dactylv2_rev2_Noah/./lib/lufa/LUFA/Drivers/USB/Core/DeviceStandardReq.o
LOAD .build/obj_Dactylv2_rev2_Noah/./lib/lufa/LUFA/Drivers/USB/Core/Events.o
LOAD .build/obj_Dactylv2_rev2_Noah/./lib/lufa/LUFA/Drivers/USB/Core/HostStandardReq.o
LOAD .build/obj_Dactylv2_rev2_Noah/./lib/lufa/LUFA/Drivers/USB/Core/USBTask.o
LOAD /usr/lib/gcc/avr/5.4.0/../../../avr/lib/avr5/libm.a
START GROUP
LOAD /usr/lib/gcc/avr/5.4.0/avr5/libgcc.a
LOAD /usr/lib/gcc/avr/5.4.0/../../../avr/lib/avr5/libm.a
LOAD /usr/lib/gcc/avr/5.4.0/../../../avr/lib/avr5/libc.a
LOAD /usr/lib/gcc/avr/5.4.0/../../../avr/lib/avr5/libatmega32u4.a
END GROUP
                0x0000000000020000                __TEXT_REGION_LENGTH__ = DEFINED (__TEXT_REGION_LENGTH__)?__TEXT_REGION_LENGTH__:0x20000
                0x000000000000ffa0                __DATA_REGION_LENGTH__ = DEFINED (__DATA_REGION_LENGTH__)?__DATA_REGION_LENGTH__:0xffa0
                0x0000000000010000                __EEPROM_REGION_LENGTH__ = DEFINED (__EEPROM_REGION_LENGTH__)?__EEPROM_REGION_LENGTH__:0x10000
                [0x0000000000000003]                __FUSE_REGION_LENGTH__ = DEFINED (__FUSE_REGION_LENGTH__)?__FUSE_REGION_LENGTH__:0x400
                0x0000000000000400                __LOCK_REGION_LENGTH__ = DEFINED (__LOCK_REGION_LENGTH__)?__LOCK_REGION_LENGTH__:0x400
                0x0000000000000400                __SIGNATURE_REGION_LENGTH__ = DEFINED (__SIGNATURE_REGION_LENGTH__)?__SIGNATURE_REGION_LENGTH__:0x400
                0x0000000000000400                __USER_SIGNATURE_REGION_LENGTH__ = DEFINED (__USER_SIGNATURE_REGION_LENGTH__)?__USER_SIGNATURE_REGION_LENGTH__:0x400

.hash
 *(.hash)

.dynsym
 *(.dynsym)

.dynstr
 *(.dynstr)

.gnu.version
 *(.gnu.version)

.gnu.version_d
 *(.gnu.version_d)

.gnu.version_r
 *(.gnu.version_r)

.rel.init
 *(.rel.init)

.rela.init
 *(.rela.init)

.rel.text
 *(.rel.text)
 *(.rel.text.*)
 *(.rel.gnu.linkonce.t*)

.rela.text
 *(.rela.text)
 *(.rela.text.*)
 *(.rela.gnu.linkonce.t*)

.rel.fini
 *(.rel.fini)

.rela.fini
 *(.rela.fini)

.rel.rodata
 *(.rel.rodata)
 *(.rel.rodata.*)
 *(.rel.gnu.linkonce.r*)

.rela.rodata
 *(.rela.rodata)
 *(.rela.rodata.*)
 *(.rela.gnu.linkonce.r*)

.rel.data
 *(.rel.data)
 *(.rel.data.*)
 *(.rel.gnu.linkonce.d*)

.rela.data
 *(.rela.data)
 *(.rela.data.*)
 *(.rela.gnu.linkonce.d*)

.rel.ctors
 *(.rel.ctors)

.rela.ctors
 *(.rela.ctors)

.rel.dtors
 *(.rel.dtors)

.rela.dtors
 *(.rela.dtors)

.rel.got
 *(.rel.got)

.rela.got
 *(.rela.got)

.rel.bss
 *(.rel.bss)

.rela.bss
 *(.rela.bss)

.rel.plt
 *(.rel.plt)

.rela.plt
 *(.rela.plt)

.text           0x0000000000000000     0x5180
 *(.vectors)
 .vectors       0x0000000000000000       0xac /usr/lib/gcc/avr/5.4.0/../../../avr/lib/avr5/crtatmega32u4.o
                0x0000000000000000                __vectors
                0x0000000000000000                __vector_default
 *(.vectors)
 *(.progmem.gcc*)
 .progmem.gcc_sw_table.action_get_macro
                0x00000000000000ac       0x34 .build/obj_Dactylv2_rev2_Noah/keyboards/Dactylv2/keymaps/Noah/keymap.o
 .progmem.gcc_sw_table.process_record_quantum
                0x00000000000000e0       0x24 .build/obj_Dactylv2_rev2_Noah/quantum/quantum.o
 .progmem.gcc_sw_table.process_action
                0x0000000000000104       0x4a .build/obj_Dactylv2_rev2_Noah/common/action.o
 .progmem.gcc_sw_table.is_tap_key
                0x000000000000014e       0x1c .build/obj_Dactylv2_rev2_Noah/common/action.o
 .progmem.gcc_sw_table.USB_Device_ProcessControlRequest
                0x000000000000016a       0x14 .build/obj_Dactylv2_rev2_Noah/./lib/lufa/LUFA/Drivers/USB/Core/DeviceStandardReq.o
                0x000000000000017e                . = ALIGN (0x2)
                0x000000000000017e                __trampolines_start = .
 *(.trampolines)
 .trampolines   0x000000000000017e        0x0 linker stubs
 *(.trampolines*)
                0x000000000000017e                __trampolines_end = .
 *libprintf_flt.a:*(.progmem.data)
 *libc.a:*(.progmem.data)
 *(.progmem*)
 .progmem.data.__c.3479
                0x000000000000017e        0x2 .build/obj_Dactylv2_rev2_Noah/keyboards/Dactylv2/keymaps/Noah/keymap.o
 .progmem.data.__c.3477
                0x0000000000000180        0x3 .build/obj_Dactylv2_rev2_Noah/keyboards/Dactylv2/keymaps/Noah/keymap.o
 .progmem.data.__c.3475
                0x0000000000000183        0x3 .build/obj_Dactylv2_rev2_Noah/keyboards/Dactylv2/keymaps/Noah/keymap.o
 .progmem.data.__c.3472
                0x0000000000000186        0xb .build/obj_Dactylv2_rev2_Noah/keyboards/Dactylv2/keymaps/Noah/keymap.o
 .progmem.data.__c.3468
                0x0000000000000191        0x3 .build/obj_Dactylv2_rev2_Noah/keyboards/Dactylv2/keymaps/Noah/keymap.o
 .progmem.data.__c.3466
                0x0000000000000194        0x3 .build/obj_Dactylv2_rev2_Noah/keyboards/Dactylv2/keymaps/Noah/keymap.o
 .progmem.data.__c.3463
                0x0000000000000197        0x3 .build/obj_Dactylv2_rev2_Noah/keyboards/Dactylv2/keymaps/Noah/keymap.o
 .progmem.data.__c.3461
                0x000000000000019a        0x3 .build/obj_Dactylv2_rev2_Noah/keyboards/Dactylv2/keymaps/Noah/keymap.o
 .progmem.data.__c.3458
                0x000000000000019d        0x3 .build/obj_Dactylv2_rev2_Noah/keyboards/Dactylv2/keymaps/Noah/keymap.o
 .progmem.data.__c.3456
                0x00000000000001a0        0x3 .build/obj_Dactylv2_rev2_Noah/keyboards/Dactylv2/keymaps/Noah/keymap.o
 .progmem.data.__c.3453
                0x00000000000001a3        0x7 .build/obj_Dactylv2_rev2_Noah/keyboards/Dactylv2/keymaps/Noah/keymap.o
 .progmem.data.__c.3451
                0x00000000000001aa        0x7 .build/obj_Dactylv2_rev2_Noah/keyboards/Dactylv2/keymaps/Noah/keymap.o
 .progmem.data.__c.3448
                0x00000000000001b1        0x7 .build/obj_Dactylv2_rev2_Noah/keyboards/Dactylv2/keymaps/Noah/keymap.o
 .progmem.data.__c.3446
                0x00000000000001b8        0x7 .build/obj_Dactylv2_rev2_Noah/keyboards/Dactylv2/keymaps/Noah/keymap.o
 .progmem.data.__c.3443
                0x00000000000001bf        0x7 .build/obj_Dactylv2_rev2_Noah/keyboards/Dactylv2/keymaps/Noah/keymap.o
 .progmem.data.__c.3441
                0x00000000000001c6        0x7 .build/obj_Dactylv2_rev2_Noah/keyboards/Dactylv2/keymaps/Noah/keymap.o
 .progmem.data.__c.3438
                0x00000000000001cd        0x7 .build/obj_Dactylv2_rev2_Noah/keyboards/Dactylv2/keymaps/Noah/keymap.o
 .progmem.data.__c.3436
                0x00000000000001d4        0x5 .build/obj_Dactylv2_rev2_Noah/keyboards/Dactylv2/keymaps/Noah/keymap.o
 .progmem.data.__c.3433
                0x00000000000001d9        0x7 .build/obj_Dactylv2_rev2_Noah/keyboards/Dactylv2/keymaps/Noah/keymap.o
 .progmem.data.__c.3431
                0x00000000000001e0        0x5 .build/obj_Dactylv2_rev2_Noah/keyboards/Dactylv2/keymaps/Noah/keymap.o
 .progmem.data.__c.3428
                0x00000000000001e5        0x7 .build/obj_Dactylv2_rev2_Noah/keyboards/Dactylv2/keymaps/Noah/keymap.o
 .progmem.data.__c.3426
                0x00000000000001ec        0x7 .build/obj_Dactylv2_rev2_Noah/keyboards/Dactylv2/keymaps/Noah/keymap.o
 .progmem.data.__c.3423
                0x00000000000001f3        0x7 .build/obj_Dactylv2_rev2_Noah/keyboards/Dactylv2/keymaps/Noah/keymap.o
 .progmem.data.__c.3421
                0x00000000000001fa        0x7 .build/obj_Dactylv2_rev2_Noah/keyboards/Dactylv2/keymaps/Noah/keymap.o
 .progmem.data.__c.3418
                0x0000000000000201        0x5 .build/obj_Dactylv2_rev2_Noah/keyboards/Dactylv2/keymaps/Noah/keymap.o
 .progmem.data.__c.3416
                0x0000000000000206        0x5 .build/obj_Dactylv2_rev2_Noah/keyboards/Dactylv2/keymaps/Noah/keymap.o
 .progmem.data.__c.3413
                0x000000000000020b        0x5 .build/obj_Dactylv2_rev2_Noah/keyboards/Dactylv2/keymaps/Noah/keymap.o
 .progmem.data.__c.3411
                0x0000000000000210        0x5 .build/obj_Dactylv2_rev2_Noah/keyboards/Dactylv2/keymaps/Noah/keymap.o
 .progmem.data.__c.3408
                0x0000000000000215        0x5 .build/obj_Dactylv2_rev2_Noah/keyboards/Dactylv2/keymaps/Noah/keymap.o
 .progmem.data.__c.3406
                0x000000000000021a        0x5 .build/obj_Dactylv2_rev2_Noah/keyboards/Dactylv2/keymaps/Noah/keymap.o
 .progmem.data.__c.3403
                0x000000000000021f        0x5 .build/obj_Dactylv2_rev2_Noah/keyboards/Dactylv2/keymaps/Noah/keymap.o
 .progmem.data.__c.3401
                0x0000000000000224        0x5 .build/obj_Dactylv2_rev2_Noah/keyboards/Dactylv2/keymaps/Noah/keymap.o
 .progmem.data.__c.3398
                0x0000000000000229        0x5 .build/obj_Dactylv2_rev2_Noah/keyboards/Dactylv2/keymaps/Noah/keymap.o
 .progmem.data.__c.3396
                0x000000000000022e        0x5 .build/obj_Dactylv2_rev2_Noah/keyboards/Dactylv2/keymaps/Noah/keymap.o
 .progmem.data.__c.3393
                0x0000000000000233        0x5 .build/obj_Dactylv2_rev2_Noah/keyboards/Dactylv2/keymaps/Noah/keymap.o
 .progmem.data.__c.3391
                0x0000000000000238        0x5 .build/obj_Dactylv2_rev2_Noah/keyboards/Dactylv2/keymaps/Noah/keymap.o
 .progmem.data.__c.3388
                0x000000000000023d        0x5 .build/obj_Dactylv2_rev2_Noah/keyboards/Dactylv2/keymaps/Noah/keymap.o
 .progmem.data.__c.3386
                0x0000000000000242        0x5 .build/obj_Dactylv2_rev2_Noah/keyboards/Dactylv2/keymaps/Noah/keymap.o
 .progmem.data.__c.3383
                0x0000000000000247        0x7 .build/obj_Dactylv2_rev2_Noah/keyboards/Dactylv2/keymaps/Noah/keymap.o
 .progmem.data.__c.3381
                0x000000000000024e        0x7 .build/obj_Dactylv2_rev2_Noah/keyboards/Dactylv2/keymaps/Noah/keymap.o
 .progmem.data.__c.3378
                0x0000000000000255        0x7 .build/obj_Dactylv2_rev2_Noah/keyboards/Dactylv2/keymaps/Noah/keymap.o
 .progmem.data.__c.3376
                0x000000000000025c        0x7 .build/obj_Dactylv2_rev2_Noah/keyboards/Dactylv2/keymaps/Noah/keymap.o
 .progmem.data.__c.3373
                0x0000000000000263        0x5 .build/obj_Dactylv2_rev2_Noah/keyboards/Dactylv2/keymaps/Noah/keymap.o
 .progmem.data.__c.3371
                0x0000000000000268        0x5 .build/obj_Dactylv2_rev2_Noah/keyboards/Dactylv2/keymaps/Noah/keymap.o
 .progmem.data.__c.3368
                0x000000000000026d        0x5 .build/obj_Dactylv2_rev2_Noah/keyboards/Dactylv2/keymaps/Noah/keymap.o
 .progmem.data.__c.3366
                0x0000000000000272        0x5 .build/obj_Dactylv2_rev2_Noah/keyboards/Dactylv2/keymaps/Noah/keymap.o
 .progmem.data.__c.3363
                0x0000000000000277        0x5 .build/obj_Dactylv2_rev2_Noah/keyboards/Dactylv2/keymaps/Noah/keymap.o
 .progmem.data.__c.3361
                0x000000000000027c        0x5 .build/obj_Dactylv2_rev2_Noah/keyboards/Dactylv2/keymaps/Noah/keymap.o
 .progmem.data.__c.3358
                0x0000000000000281        0x5 .build/obj_Dactylv2_rev2_Noah/keyboards/Dactylv2/keymaps/Noah/keymap.o
 .progmem.data.__c.3356
                0x0000000000000286        0x7 .build/obj_Dactylv2_rev2_Noah/keyboards/Dactylv2/keymaps/Noah/keymap.o
 .progmem.data.__c.3347
                0x000000000000028d        0x2 .build/obj_Dactylv2_rev2_Noah/keyboards/Dactylv2/keymaps/Noah/keymap.o
 .progmem.data.__c.3345
                0x000000000000028f        0x3 .build/obj_Dactylv2_rev2_Noah/keyboards/Dactylv2/keymaps/Noah/keymap.o
 .progmem.data.__c.3343
                0x0000000000000292        0x3 .build/obj_Dactylv2_rev2_Noah/keyboards/Dactylv2/keymaps/Noah/keymap.o
 .progmem.data.keymaps
                0x0000000000000295      0x540 .build/obj_Dactylv2_rev2_Noah/keyboards/Dactylv2/keymaps/Noah/keymap.o
                0x0000000000000295                keymaps
 .progmem.data.ascii_to_keycode_lut
                0x00000000000007d5       0x80 .build/obj_Dactylv2_rev2_Noah/quantum/quantum.o
                0x00000000000007d5                ascii_to_keycode_lut
 .progmem.data.ascii_to_shift_lut
                0x0000000000000855       0x80 .build/obj_Dactylv2_rev2_Noah/quantum/quantum.o
                0x0000000000000855                ascii_to_shift_lut
 .progmem.data.fn_actions
                0x00000000000008d5        0x0 .build/obj_Dactylv2_rev2_Noah/quantum/keymap_common.o
                0x00000000000008d5                fn_actions
 .progmem.data.SerialNumberString
                0x00000000000008d5        0x6 .build/obj_Dactylv2_rev2_Noah/usb_descriptor.o
                0x00000000000008d5                SerialNumberString
 .progmem.data.ProductString
                0x00000000000008db       0x10 .build/obj_Dactylv2_rev2_Noah/usb_descriptor.o
                0x00000000000008db                ProductString
 .progmem.data.ManufacturerString
                0x00000000000008eb       0x18 .build/obj_Dactylv2_rev2_Noah/usb_descriptor.o
                0x00000000000008eb                ManufacturerString
 .progmem.data.LanguageString
                0x0000000000000903        0x4 .build/obj_Dactylv2_rev2_Noah/usb_descriptor.o
                0x0000000000000903                LanguageString
 .progmem.data.ConfigurationDescriptor
                0x0000000000000907       0x54 .build/obj_Dactylv2_rev2_Noah/usb_descriptor.o
                0x0000000000000907                ConfigurationDescriptor
 .progmem.data.DeviceDescriptor
                0x000000000000095b       0x12 .build/obj_Dactylv2_rev2_Noah/usb_descriptor.o
                0x000000000000095b                DeviceDescriptor
 .progmem.data.ExtrakeyReport
                0x000000000000096d       0x36 .build/obj_Dactylv2_rev2_Noah/usb_descriptor.o
                0x000000000000096d                ExtrakeyReport
 .progmem.data.MouseReport
                0x00000000000009a3       0x4d .build/obj_Dactylv2_rev2_Noah/usb_descriptor.o
                0x00000000000009a3                MouseReport
 .progmem.data.KeyboardReport
                0x00000000000009f0       0x40 .build/obj_Dactylv2_rev2_Noah/usb_descriptor.o
                0x00000000000009f0                KeyboardReport
                0x0000000000000a30                . = ALIGN (0x2)
 *(.jumptables)
 *(.jumptables*)
 *(.lowtext)
 *(.lowtext*)
                0x0000000000000a30                __ctors_start = .
 *(.ctors)
                0x0000000000000a30                __ctors_end = .
                0x0000000000000a30                __dtors_start = .
 *(.dtors)
                0x0000000000000a30                __dtors_end = .
 SORT(*)(.ctors)
 SORT(*)(.dtors)
 *(.init0)
 .init0         0x0000000000000a30        0x0 /usr/lib/gcc/avr/5.4.0/../../../avr/lib/avr5/crtatmega32u4.o
                0x0000000000000a30                __init
 *(.init0)
 *(.init1)
 *(.init1)
 *(.init2)
 .init2         0x0000000000000a30        0xc /usr/lib/gcc/avr/5.4.0/../../../avr/lib/avr5/crtatmega32u4.o
 *(.init2)
 *(.init3)
 .init3         0x0000000000000a3c       0x54 .build/obj_Dactylv2_rev2_Noah/common/avr/bootloader.o
                0x0000000000000a3c                bootloader_jump_after_watchdog_reset
 *(.init3)
 *(.init4)
 .init4         0x0000000000000a90       0x16 /usr/lib/gcc/avr/5.4.0/avr5/libgcc.a(_copy_data.o)
                0x0000000000000a90                __do_copy_data
 .init4         0x0000000000000aa6       0x10 /usr/lib/gcc/avr/5.4.0/avr5/libgcc.a(_clear_bss.o)
                0x0000000000000aa6                __do_clear_bss
 *(.init4)
 *(.init5)
 *(.init5)
 *(.init6)
 *(.init6)
 *(.init7)
 *(.init7)
 *(.init8)
 *(.init8)
 *(.init9)
 .init9         0x0000000000000ab6        0x8 /usr/lib/gcc/avr/5.4.0/../../../avr/lib/avr5/crtatmega32u4.o
 *(.init9)
 *(.text)
 .text          0x0000000000000abe        0x4 /usr/lib/gcc/avr/5.4.0/../../../avr/lib/avr5/crtatmega32u4.o
                0x0000000000000abe                __vector_38
                0x0000000000000abe                __vector_22
                0x0000000000000abe                __vector_28
                0x0000000000000abe                __vector_32
                0x0000000000000abe                __vector_34
                0x0000000000000abe                __vector_24
                0x0000000000000abe                __bad_interrupt
                0x0000000000000abe                __vector_6
                0x0000000000000abe                __vector_31
                0x0000000000000abe                __vector_35
                0x0000000000000abe                __vector_39
                0x0000000000000abe                __vector_3
                0x0000000000000abe                __vector_23
                0x0000000000000abe                __vector_30
                0x0000000000000abe                __vector_25
                0x0000000000000abe                __vector_13
                0x0000000000000abe                __vector_17
                0x0000000000000abe                __vector_19
                0x0000000000000abe                __vector_7
                0x0000000000000abe                __vector_41
                0x0000000000000abe                __vector_27
                0x0000000000000abe                __vector_5
                0x0000000000000abe                __vector_33
                0x0000000000000abe                __vector_37
                0x0000000000000abe                __vector_4
                0x0000000000000abe                __vector_9
                0x0000000000000abe                __vector_2
                0x0000000000000abe                __vector_15
                0x0000000000000abe                __vector_36
                0x0000000000000abe                __vector_29
                0x0000000000000abe                __vector_40
                0x0000000000000abe                __vector_8
                0x0000000000000abe                __vector_26
                0x0000000000000abe                __vector_14
                0x0000000000000abe                __vector_16
                0x0000000000000abe                __vector_18
                0x0000000000000abe                __vector_20
                0x0000000000000abe                __vector_42
                0x0000000000000ac2                . = ALIGN (0x2)
 *(.text.*)
 .text.matrix_scan_user
                0x0000000000000ac2        0x2 .build/obj_Dactylv2_rev2_Noah/matrix.o
                0x0000000000000ac2                matrix_scan_user
 .text.matrix_init_user
                0x0000000000000ac4        0x4 .build/obj_Dactylv2_rev2_Noah/matrix.o
                0x0000000000000ac4                matrix_init_user
 .text.matrix_scan_kb
                0x0000000000000ac8        0x4 .build/obj_Dactylv2_rev2_Noah/matrix.o
                0x0000000000000ac8                matrix_scan_kb
 .text.matrix_init
                0x0000000000000acc       0xaa .build/obj_Dactylv2_rev2_Noah/matrix.o
                0x0000000000000acc                matrix_init
 .text._matrix_scan
                0x0000000000000b76      0x1a0 .build/obj_Dactylv2_rev2_Noah/matrix.o
                0x0000000000000b76                _matrix_scan
 .text.serial_transaction
                0x0000000000000d16       0x46 .build/obj_Dactylv2_rev2_Noah/matrix.o
                0x0000000000000d16                serial_transaction
 .text.matrix_scan
                0x0000000000000d5c       0x56 .build/obj_Dactylv2_rev2_Noah/matrix.o
                0x0000000000000d5c                matrix_scan
 .text.matrix_slave_scan
                0x0000000000000db2       0x32 .build/obj_Dactylv2_rev2_Noah/matrix.o
                0x0000000000000db2                matrix_slave_scan
 .text.matrix_get_row
                0x0000000000000de4        0xc .build/obj_Dactylv2_rev2_Noah/matrix.o
                0x0000000000000de4                matrix_get_row
 .text.matrix_print
                0x0000000000000df0        0x2 .build/obj_Dactylv2_rev2_Noah/matrix.o
                0x0000000000000df0                matrix_print
 .text.has_usb  0x0000000000000df2       0x1a .build/obj_Dactylv2_rev2_Noah/split_util.o
                0x0000000000000df2                has_usb
 .text.split_keyboard_setup
                0x0000000000000e0c       0x1a .build/obj_Dactylv2_rev2_Noah/split_util.o
                0x0000000000000e0c                split_keyboard_setup
 .text.keyboard_slave_loop
                0x0000000000000e26        0xa .build/obj_Dactylv2_rev2_Noah/split_util.o
                0x0000000000000e26                keyboard_slave_loop
 .text.matrix_setup
                0x0000000000000e30       0x12 .build/obj_Dactylv2_rev2_Noah/split_util.o
                0x0000000000000e30                matrix_setup
 .text.serial_output
                0x0000000000000e42        0x4 .build/obj_Dactylv2_rev2_Noah/serial.o
 .text.serial_input
                0x0000000000000e46        0x6 .build/obj_Dactylv2_rev2_Noah/serial.o
 .text.serial_high
                0x0000000000000e4c        0x4 .build/obj_Dactylv2_rev2_Noah/serial.o
 .text.sync_recv
                0x0000000000000e50       0x10 .build/obj_Dactylv2_rev2_Noah/serial.o
 .text.serial_read_byte
                0x0000000000000e60       0x24 .build/obj_Dactylv2_rev2_Noah/serial.o
 .text.serial_write_byte
                0x0000000000000e84       0x3e .build/obj_Dactylv2_rev2_Noah/serial.o
 .text.sync_send
                0x0000000000000ec2       0x10 .build/obj_Dactylv2_rev2_Noah/serial.o
 .text.serial_master_init
                0x0000000000000ed2        0x8 .build/obj_Dactylv2_rev2_Noah/serial.o
                0x0000000000000ed2                serial_master_init
 .text.serial_slave_init
                0x0000000000000eda       0x12 .build/obj_Dactylv2_rev2_Noah/serial.o
                0x0000000000000eda                serial_slave_init
 .text.__vector_1
                0x0000000000000eec       0xca .build/obj_Dactylv2_rev2_Noah/serial.o
                0x0000000000000eec                __vector_1
 .text.serial_update_buffers
                0x0000000000000fb6       0x9e .build/obj_Dactylv2_rev2_Noah/serial.o
                0x0000000000000fb6                serial_update_buffers
 .text.matrix_init_kb
                0x0000000000001054        0x4 .build/obj_Dactylv2_rev2_Noah/keyboards/Dactylv2/rev2/rev2.o
                0x0000000000001054                matrix_init_kb
 .text.process_record_user
                0x0000000000001058       0x5a .build/obj_Dactylv2_rev2_Noah/keyboards/Dactylv2/keymaps/Noah/keymap.o
                0x0000000000001058                process_record_user
 .text.action_get_macro
                0x00000000000010b2      0x2ca .build/obj_Dactylv2_rev2_Noah/keyboards/Dactylv2/keymaps/Noah/keymap.o
                0x00000000000010b2                action_get_macro
 .text.process_action_kb
                0x000000000000137c        0x4 .build/obj_Dactylv2_rev2_Noah/quantum/quantum.o
                0x000000000000137c                process_action_kb
 .text.process_record_kb
                0x0000000000001380        0x4 .build/obj_Dactylv2_rev2_Noah/quantum/quantum.o
                0x0000000000001380                process_record_kb
 .text.reset_keyboard
                0x0000000000001384       0x26 .build/obj_Dactylv2_rev2_Noah/quantum/quantum.o
                0x0000000000001384                reset_keyboard
 .text.process_record_quantum
                0x00000000000013aa      0x302 .build/obj_Dactylv2_rev2_Noah/quantum/quantum.o
                0x00000000000013aa                process_record_quantum
 .text.send_char
                0x00000000000016ac       0x3c .build/obj_Dactylv2_rev2_Noah/quantum/quantum.o
                0x00000000000016ac                send_char
 .text.send_string_with_delay_P
                0x00000000000016e8       0x74 .build/obj_Dactylv2_rev2_Noah/quantum/quantum.o
                0x00000000000016e8                send_string_with_delay_P
 .text.send_string_P
                0x000000000000175c        0x6 .build/obj_Dactylv2_rev2_Noah/quantum/quantum.o
                0x000000000000175c                send_string_P
 .text.matrix_init_quantum
                0x0000000000001762        0x4 .build/obj_Dactylv2_rev2_Noah/quantum/quantum.o
                0x0000000000001762                matrix_init_quantum
 .text.matrix_scan_quantum
                0x0000000000001766        0x8 .build/obj_Dactylv2_rev2_Noah/quantum/quantum.o
                0x0000000000001766                matrix_scan_quantum
 .text.led_set_user
                0x000000000000176e        0x2 .build/obj_Dactylv2_rev2_Noah/quantum/quantum.o
                0x000000000000176e                led_set_user
 .text.led_set_kb
                0x0000000000001770        0x4 .build/obj_Dactylv2_rev2_Noah/quantum/quantum.o
                0x0000000000001770                led_set_kb
 .text.led_set  0x0000000000001774        0x4 .build/obj_Dactylv2_rev2_Noah/quantum/quantum.o
                0x0000000000001774                led_set
 .text.action_function
                0x0000000000001778        0x2 .build/obj_Dactylv2_rev2_Noah/quantum/keymap_common.o
                0x0000000000001778                action_function
 .text.keymap_key_to_keycode
                0x000000000000177a       0x26 .build/obj_Dactylv2_rev2_Noah/quantum/keymap_common.o
                0x000000000000177a                keymap_key_to_keycode
 .text.keymap_function_id_to_action
                0x00000000000017a0       0x10 .build/obj_Dactylv2_rev2_Noah/quantum/keymap_common.o
                0x00000000000017a0                keymap_function_id_to_action
 .text.action_for_key
                0x00000000000017b0      0x348 .build/obj_Dactylv2_rev2_Noah/quantum/keymap_common.o
                0x00000000000017b0                action_for_key
 .text.keycode_config
                0x0000000000001af8       0xf8 .build/obj_Dactylv2_rev2_Noah/quantum/keycode_config.o
                0x0000000000001af8                keycode_config
 .text.mod_config
                0x0000000000001bf0       0x46 .build/obj_Dactylv2_rev2_Noah/quantum/keycode_config.o
                0x0000000000001bf0                mod_config
 .text.leader_start
                0x0000000000001c36        0x2 .build/obj_Dactylv2_rev2_Noah/quantum/process_keycode/process_leader.o
                0x0000000000001c36                leader_start
 .text.process_leader
                0x0000000000001c38       0x9e .build/obj_Dactylv2_rev2_Noah/quantum/process_keycode/process_leader.o
                0x0000000000001c38                process_leader
 .text.process_tap_dance_action_on_dance_finished.part.0
                0x0000000000001cd6       0x36 .build/obj_Dactylv2_rev2_Noah/quantum/process_keycode/process_tap_dance.o
 .text.reset_tap_dance
                0x0000000000001d0c       0x8a .build/obj_Dactylv2_rev2_Noah/quantum/process_keycode/process_tap_dance.o
                0x0000000000001d0c                reset_tap_dance
 .text.preprocess_tap_dance
                0x0000000000001d96       0x8a .build/obj_Dactylv2_rev2_Noah/quantum/process_keycode/process_tap_dance.o
                0x0000000000001d96                preprocess_tap_dance
 .text.process_tap_dance
                0x0000000000001e20       0xb8 .build/obj_Dactylv2_rev2_Noah/quantum/process_keycode/process_tap_dance.o
                0x0000000000001e20                process_tap_dance
 .text.matrix_scan_tap_dance
                0x0000000000001ed8       0xa6 .build/obj_Dactylv2_rev2_Noah/quantum/process_keycode/process_tap_dance.o
                0x0000000000001ed8                matrix_scan_tap_dance
 .text.host_set_driver
                0x0000000000001f7e        0xa .build/obj_Dactylv2_rev2_Noah/common/host.o
                0x0000000000001f7e                host_set_driver
 .text.host_keyboard_leds
                0x0000000000001f88       0x18 .build/obj_Dactylv2_rev2_Noah/common/host.o
                0x0000000000001f88                host_keyboard_leds
 .text.host_keyboard_send
                0x0000000000001fa0       0x16 .build/obj_Dactylv2_rev2_Noah/common/host.o
                0x0000000000001fa0                host_keyboard_send
 .text.host_mouse_send
                0x0000000000001fb6       0x16 .build/obj_Dactylv2_rev2_Noah/common/host.o
                0x0000000000001fb6                host_mouse_send
 .text.host_system_send
                0x0000000000001fcc       0x2c .build/obj_Dactylv2_rev2_Noah/common/host.o
                0x0000000000001fcc                host_system_send
 .text.host_consumer_send
                0x0000000000001ff8       0x2c .build/obj_Dactylv2_rev2_Noah/common/host.o
                0x0000000000001ff8                host_consumer_send
 .text.keyboard_setup
                0x0000000000002024        0x4 .build/obj_Dactylv2_rev2_Noah/common/keyboard.o
                0x0000000000002024                keyboard_setup
 .text.is_keyboard_master
                0x0000000000002028        0x4 .build/obj_Dactylv2_rev2_Noah/common/keyboard.o
                0x0000000000002028                is_keyboard_master
 .text.keyboard_init
                0x000000000000202c        0xc .build/obj_Dactylv2_rev2_Noah/common/keyboard.o
                0x000000000000202c                keyboard_init
 .text.keyboard_task
                0x0000000000002038      0x152 .build/obj_Dactylv2_rev2_Noah/common/keyboard.o
                0x0000000000002038                keyboard_task
 .text.action_exec
                0x000000000000218a       0x5c .build/obj_Dactylv2_rev2_Noah/common/action.o
                0x000000000000218a                action_exec
 .text.process_record_tap_hint
                0x00000000000021e6        0xc .build/obj_Dactylv2_rev2_Noah/common/action.o
                0x00000000000021e6                process_record_tap_hint
 .text.register_code
                0x00000000000021f2      0x204 .build/obj_Dactylv2_rev2_Noah/common/action.o
                0x00000000000021f2                register_code
 .text.unregister_code
                0x00000000000023f6       0xbe .build/obj_Dactylv2_rev2_Noah/common/action.o
                0x00000000000023f6                unregister_code
 .text.register_mods
                0x00000000000024b4        0xe .build/obj_Dactylv2_rev2_Noah/common/action.o
                0x00000000000024b4                register_mods
 .text.unregister_mods
                0x00000000000024c2        0xe .build/obj_Dactylv2_rev2_Noah/common/action.o
                0x00000000000024c2                unregister_mods
 .text.process_action
                0x00000000000024d0      0x4c0 .build/obj_Dactylv2_rev2_Noah/common/action.o
                0x00000000000024d0                process_action
 .text.process_record
                0x0000000000002990       0x5c .build/obj_Dactylv2_rev2_Noah/common/action.o
                0x0000000000002990                process_record
 .text.clear_keyboard_but_mods
                0x00000000000029ec       0x30 .build/obj_Dactylv2_rev2_Noah/common/action.o
                0x00000000000029ec                clear_keyboard_but_mods
 .text.clear_keyboard
                0x0000000000002a1c        0x8 .build/obj_Dactylv2_rev2_Noah/common/action.o
                0x0000000000002a1c                clear_keyboard
 .text.is_tap_key
                0x0000000000002a24       0x4c .build/obj_Dactylv2_rev2_Noah/common/action.o
                0x0000000000002a24                is_tap_key
 .text.debug_event
                0x0000000000002a70       0x1e .build/obj_Dactylv2_rev2_Noah/common/action.o
                0x0000000000002a70                debug_event
 .text.debug_record
                0x0000000000002a8e       0x20 .build/obj_Dactylv2_rev2_Noah/common/action.o
                0x0000000000002a8e                debug_record
 .text.debug_waiting_buffer
                0x0000000000002aae       0x42 .build/obj_Dactylv2_rev2_Noah/common/action_tapping.o
 .text.debug_tapping_key
                0x0000000000002af0       0x1c .build/obj_Dactylv2_rev2_Noah/common/action_tapping.o
 .text.waiting_buffer_typed.isra.1
                0x0000000000002b0c       0x40 .build/obj_Dactylv2_rev2_Noah/common/action_tapping.o
 .text.waiting_buffer_scan_tap
                0x0000000000002b4c       0xd0 .build/obj_Dactylv2_rev2_Noah/common/action_tapping.o
 .text.process_tapping
                0x0000000000002c1c      0x40e .build/obj_Dactylv2_rev2_Noah/common/action_tapping.o
 .text.action_tapping_process
                0x000000000000302a      0x15c .build/obj_Dactylv2_rev2_Noah/common/action_tapping.o
                0x000000000000302a                action_tapping_process
 .text.action_macro_play
                0x0000000000003186       0xfa .build/obj_Dactylv2_rev2_Noah/common/action_macro.o
                0x0000000000003186                action_macro_play
 .text.default_layer_debug
                0x0000000000003280        0x2 .build/obj_Dactylv2_rev2_Noah/common/action_layer.o
                0x0000000000003280                default_layer_debug
 .text.layer_state_set_user
                0x0000000000003282        0x2 .build/obj_Dactylv2_rev2_Noah/common/action_layer.o
                0x0000000000003282                layer_state_set_user
 .text.default_layer_state_set_kb
                0x0000000000003284        0x4 .build/obj_Dactylv2_rev2_Noah/common/action_layer.o
                0x0000000000003284                default_layer_state_set_kb
 .text.default_layer_state_set
                0x0000000000003288       0x18 .build/obj_Dactylv2_rev2_Noah/common/action_layer.o
 .text.default_layer_set
                0x00000000000032a0        0x4 .build/obj_Dactylv2_rev2_Noah/common/action_layer.o
                0x00000000000032a0                default_layer_set
 .text.default_layer_or
                0x00000000000032a4       0x24 .build/obj_Dactylv2_rev2_Noah/common/action_layer.o
                0x00000000000032a4                default_layer_or
 .text.default_layer_and
                0x00000000000032c8       0x24 .build/obj_Dactylv2_rev2_Noah/common/action_layer.o
                0x00000000000032c8                default_layer_and
 .text.default_layer_xor
                0x00000000000032ec       0x24 .build/obj_Dactylv2_rev2_Noah/common/action_layer.o
                0x00000000000032ec                default_layer_xor
 .text.layer_state_set_kb
                0x0000000000003310        0x4 .build/obj_Dactylv2_rev2_Noah/common/action_layer.o
                0x0000000000003310                layer_state_set_kb
 .text.layer_state_set
                0x0000000000003314       0x18 .build/obj_Dactylv2_rev2_Noah/common/action_layer.o
                0x0000000000003314                layer_state_set
 .text.layer_clear
                0x000000000000332c        0xa .build/obj_Dactylv2_rev2_Noah/common/action_layer.o
                0x000000000000332c                layer_clear
 .text.layer_move
                0x0000000000003336       0x2a .build/obj_Dactylv2_rev2_Noah/common/action_layer.o
                0x0000000000003336                layer_move
 .text.layer_on
                0x0000000000003360       0x42 .build/obj_Dactylv2_rev2_Noah/common/action_layer.o
                0x0000000000003360                layer_on
 .text.layer_off
                0x00000000000033a2       0x4a .build/obj_Dactylv2_rev2_Noah/common/action_layer.o
                0x00000000000033a2                layer_off
 .text.layer_invert
                0x00000000000033ec       0x42 .build/obj_Dactylv2_rev2_Noah/common/action_layer.o
                0x00000000000033ec                layer_invert
 .text.layer_or
                0x000000000000342e       0x24 .build/obj_Dactylv2_rev2_Noah/common/action_layer.o
                0x000000000000342e                layer_or
 .text.layer_and
                0x0000000000003452       0x24 .build/obj_Dactylv2_rev2_Noah/common/action_layer.o
                0x0000000000003452                layer_and
 .text.layer_xor
                0x0000000000003476       0x24 .build/obj_Dactylv2_rev2_Noah/common/action_layer.o
                0x0000000000003476                layer_xor
 .text.layer_debug
                0x000000000000349a        0x2 .build/obj_Dactylv2_rev2_Noah/common/action_layer.o
                0x000000000000349a                layer_debug
 .text.update_source_layers_cache
                0x000000000000349c       0x58 .build/obj_Dactylv2_rev2_Noah/common/action_layer.o
                0x000000000000349c                update_source_layers_cache
 .text.read_source_layers_cache
                0x00000000000034f4       0x5a .build/obj_Dactylv2_rev2_Noah/common/action_layer.o
                0x00000000000034f4                read_source_layers_cache
 .text.layer_switch_get_layer
                0x000000000000354e       0x7e .build/obj_Dactylv2_rev2_Noah/common/action_layer.o
                0x000000000000354e                layer_switch_get_layer
 .text.layer_switch_get_action
                0x00000000000035cc       0x16 .build/obj_Dactylv2_rev2_Noah/common/action_layer.o
                0x00000000000035cc                layer_switch_get_action
 .text.store_or_get_action
                0x00000000000035e2       0x46 .build/obj_Dactylv2_rev2_Noah/common/action_layer.o
                0x00000000000035e2                store_or_get_action
 .text.get_oneshot_layer
                0x0000000000003628        0xc .build/obj_Dactylv2_rev2_Noah/common/action_util.o
                0x0000000000003628                get_oneshot_layer
 .text.get_oneshot_layer_state
                0x0000000000003634        0x8 .build/obj_Dactylv2_rev2_Noah/common/action_util.o
                0x0000000000003634                get_oneshot_layer_state
 .text.set_oneshot_layer
                0x000000000000363c       0x12 .build/obj_Dactylv2_rev2_Noah/common/action_util.o
                0x000000000000363c                set_oneshot_layer
 .text.clear_oneshot_layer_state
                0x000000000000364e       0x2e .build/obj_Dactylv2_rev2_Noah/common/action_util.o
                0x000000000000364e                clear_oneshot_layer_state
 .text.is_oneshot_layer_active
                0x000000000000367c        0xe .build/obj_Dactylv2_rev2_Noah/common/action_util.o
                0x000000000000367c                is_oneshot_layer_active
 .text.send_keyboard_report
                0x000000000000368a       0x66 .build/obj_Dactylv2_rev2_Noah/common/action_util.o
                0x000000000000368a                send_keyboard_report
 .text.get_mods
                0x00000000000036f0        0x6 .build/obj_Dactylv2_rev2_Noah/common/action_util.o
                0x00000000000036f0                get_mods
 .text.add_mods
                0x00000000000036f6        0xc .build/obj_Dactylv2_rev2_Noah/common/action_util.o
                0x00000000000036f6                add_mods
 .text.del_mods
                0x0000000000003702        0xe .build/obj_Dactylv2_rev2_Noah/common/action_util.o
                0x0000000000003702                del_mods
 .text.clear_mods
                0x0000000000003710        0x6 .build/obj_Dactylv2_rev2_Noah/common/action_util.o
                0x0000000000003710                clear_mods
 .text.get_weak_mods
                0x0000000000003716        0x6 .build/obj_Dactylv2_rev2_Noah/common/action_util.o
                0x0000000000003716                get_weak_mods
 .text.add_weak_mods
                0x000000000000371c        0xc .build/obj_Dactylv2_rev2_Noah/common/action_util.o
                0x000000000000371c                add_weak_mods
 .text.del_weak_mods
                0x0000000000003728        0xe .build/obj_Dactylv2_rev2_Noah/common/action_util.o
                0x0000000000003728                del_weak_mods
 .text.clear_weak_mods
                0x0000000000003736        0x6 .build/obj_Dactylv2_rev2_Noah/common/action_util.o
                0x0000000000003736                clear_weak_mods
 .text.add_macro_mods
                0x000000000000373c        0xc .build/obj_Dactylv2_rev2_Noah/common/action_util.o
                0x000000000000373c                add_macro_mods
 .text.del_macro_mods
                0x0000000000003748        0xe .build/obj_Dactylv2_rev2_Noah/common/action_util.o
                0x0000000000003748                del_macro_mods
 .text.clear_macro_mods
                0x0000000000003756        0x6 .build/obj_Dactylv2_rev2_Noah/common/action_util.o
                0x0000000000003756                clear_macro_mods
 .text.set_oneshot_mods
                0x000000000000375c        0x6 .build/obj_Dactylv2_rev2_Noah/common/action_util.o
                0x000000000000375c                set_oneshot_mods
 .text.clear_oneshot_mods
                0x0000000000003762        0x6 .build/obj_Dactylv2_rev2_Noah/common/action_util.o
                0x0000000000003762                clear_oneshot_mods
 .text.get_oneshot_mods
                0x0000000000003768        0x6 .build/obj_Dactylv2_rev2_Noah/common/action_util.o
                0x0000000000003768                get_oneshot_mods
 .text.eeconfig_init
                0x000000000000376e       0x34 .build/obj_Dactylv2_rev2_Noah/common/eeconfig.o
                0x000000000000376e                eeconfig_init
 .text.eeconfig_is_enabled
                0x00000000000037a2       0x16 .build/obj_Dactylv2_rev2_Noah/common/eeconfig.o
                0x00000000000037a2                eeconfig_is_enabled
 .text.eeconfig_read_debug
                0x00000000000037b8        0x8 .build/obj_Dactylv2_rev2_Noah/common/eeconfig.o
                0x00000000000037b8                eeconfig_read_debug
 .text.eeconfig_read_default_layer
                0x00000000000037c0        0x8 .build/obj_Dactylv2_rev2_Noah/common/eeconfig.o
                0x00000000000037c0                eeconfig_read_default_layer
 .text.eeconfig_read_keymap
                0x00000000000037c8        0x8 .build/obj_Dactylv2_rev2_Noah/common/eeconfig.o
                0x00000000000037c8                eeconfig_read_keymap
 .text.eeconfig_update_keymap
                0x00000000000037d0        0xa .build/obj_Dactylv2_rev2_Noah/common/eeconfig.o
                0x00000000000037d0                eeconfig_update_keymap
 .text.has_anykey
                0x00000000000037da       0x1a .build/obj_Dactylv2_rev2_Noah/common/report.o
                0x00000000000037da                has_anykey
 .text.add_key_byte
                0x00000000000037f4       0x34 .build/obj_Dactylv2_rev2_Noah/common/report.o
                0x00000000000037f4                add_key_byte
 .text.del_key_byte
                0x0000000000003828       0x1a .build/obj_Dactylv2_rev2_Noah/common/report.o
                0x0000000000003828                del_key_byte
 .text.add_key_to_report
                0x0000000000003842        0x4 .build/obj_Dactylv2_rev2_Noah/common/report.o
                0x0000000000003842                add_key_to_report
 .text.del_key_from_report
                0x0000000000003846        0x4 .build/obj_Dactylv2_rev2_Noah/common/report.o
                0x0000000000003846                del_key_from_report
 .text.clear_keys_from_report
                0x000000000000384a       0x10 .build/obj_Dactylv2_rev2_Noah/common/report.o
                0x000000000000384a                clear_keys_from_report
 .text.suspend_power_down
                0x000000000000385a       0x58 .build/obj_Dactylv2_rev2_Noah/common/avr/suspend.o
                0x000000000000385a                suspend_power_down
 .text.matrix_power_down
                0x00000000000038b2        0x2 .build/obj_Dactylv2_rev2_Noah/common/avr/suspend.o
                0x00000000000038b2                matrix_power_down
 .text.matrix_power_up
                0x00000000000038b4        0x4 .build/obj_Dactylv2_rev2_Noah/common/avr/suspend.o
                0x00000000000038b4                matrix_power_up
 .text.suspend_wakeup_condition
                0x00000000000038b8       0x28 .build/obj_Dactylv2_rev2_Noah/common/avr/suspend.o
                0x00000000000038b8                suspend_wakeup_condition
 .text.suspend_wakeup_init
                0x00000000000038e0        0xc .build/obj_Dactylv2_rev2_Noah/common/avr/suspend.o
                0x00000000000038e0                suspend_wakeup_init
 .text.__vector_12
                0x00000000000038ec       0x52 .build/obj_Dactylv2_rev2_Noah/common/avr/suspend.o
                0x00000000000038ec                __vector_12
 .text.timer_init
                0x000000000000393e       0x12 .build/obj_Dactylv2_rev2_Noah/common/avr/timer.o
                0x000000000000393e                timer_init
 .text.timer_read
                0x0000000000003950       0x18 .build/obj_Dactylv2_rev2_Noah/common/avr/timer.o
                0x0000000000003950                timer_read
 .text.timer_elapsed
                0x0000000000003968       0x54 .build/obj_Dactylv2_rev2_Noah/common/avr/timer.o
                0x0000000000003968                timer_elapsed
 .text.__vector_21
                0x00000000000039bc       0x4c .build/obj_Dactylv2_rev2_Noah/common/avr/timer.o
                0x00000000000039bc                __vector_21
 .text.bootloader_jump
                0x0000000000003a08       0x22 .build/obj_Dactylv2_rev2_Noah/common/avr/bootloader.o
                0x0000000000003a08                bootloader_jump
 .text.magic    0x0000000000003a2a       0x32 .build/obj_Dactylv2_rev2_Noah/common/magic.o
                0x0000000000003a2a                magic
 .text.move_unit
                0x0000000000003a5c       0x92 .build/obj_Dactylv2_rev2_Noah/common/mousekey.o
 .text.wheel_unit
                0x0000000000003aee       0x72 .build/obj_Dactylv2_rev2_Noah/common/mousekey.o
 .text.mousekey_on
                0x0000000000003b60       0xd0 .build/obj_Dactylv2_rev2_Noah/common/mousekey.o
                0x0000000000003b60                mousekey_on
 .text.mousekey_off
                0x0000000000003c30      0x10a .build/obj_Dactylv2_rev2_Noah/common/mousekey.o
                0x0000000000003c30                mousekey_off
 .text.mousekey_send
                0x0000000000003d3a       0x16 .build/obj_Dactylv2_rev2_Noah/common/mousekey.o
                0x0000000000003d3a                mousekey_send
 .text.mousekey_task
                0x0000000000003d50      0x11c .build/obj_Dactylv2_rev2_Noah/common/mousekey.o
                0x0000000000003d50                mousekey_task
 .text.mousekey_clear
                0x0000000000003e6c       0x18 .build/obj_Dactylv2_rev2_Noah/common/mousekey.o
                0x0000000000003e6c                mousekey_clear
 .text.mousekey_param_inc
                0x0000000000003e84       0xec .build/obj_Dactylv2_rev2_Noah/common/command.o
 .text.mousekey_param_dec
                0x0000000000003f70       0xa0 .build/obj_Dactylv2_rev2_Noah/common/command.o
 .text.switch_default_layer
                0x0000000000004010       0x2e .build/obj_Dactylv2_rev2_Noah/common/command.o
 .text.command_common
                0x000000000000403e      0x116 .build/obj_Dactylv2_rev2_Noah/common/command.o
 .text.command_console_extra
                0x0000000000004154        0x4 .build/obj_Dactylv2_rev2_Noah/common/command.o
                0x0000000000004154                command_console_extra
 .text.command_extra
                0x0000000000004158        0x4 .build/obj_Dactylv2_rev2_Noah/common/command.o
                0x0000000000004158                command_extra
 .text.numkey2num
                0x000000000000415c       0x16 .build/obj_Dactylv2_rev2_Noah/common/command.o
                0x000000000000415c                numkey2num
 .text.command_proc
                0x0000000000004172      0x12e .build/obj_Dactylv2_rev2_Noah/common/command.o
                0x0000000000004172                command_proc
 .text.keyboard_leds
                0x00000000000042a0        0x6 .build/obj_Dactylv2_rev2_Noah/lufa.o
 .text.send_consumer
                0x00000000000042a6       0x74 .build/obj_Dactylv2_rev2_Noah/lufa.o
 .text.send_system
                0x000000000000431a       0x6c .build/obj_Dactylv2_rev2_Noah/lufa.o
 .text.send_mouse
                0x0000000000004386       0x56 .build/obj_Dactylv2_rev2_Noah/lufa.o
 .text.send_keyboard
                0x00000000000043dc       0x66 .build/obj_Dactylv2_rev2_Noah/lufa.o
 .text.EVENT_USB_Device_Connect
                0x0000000000004442       0x1c .build/obj_Dactylv2_rev2_Noah/lufa.o
                0x0000000000004442                EVENT_USB_Device_Connect
 .text.EVENT_USB_Device_Disconnect
                0x000000000000445e        0x6 .build/obj_Dactylv2_rev2_Noah/lufa.o
                0x000000000000445e                EVENT_USB_Device_Disconnect
 .text.EVENT_USB_Device_Reset
                0x0000000000004464        0x2 .build/obj_Dactylv2_rev2_Noah/lufa.o
                0x0000000000004464                EVENT_USB_Device_Reset
 .text.EVENT_USB_Device_Suspend
                0x0000000000004466        0x2 .build/obj_Dactylv2_rev2_Noah/lufa.o
                0x0000000000004466                EVENT_USB_Device_Suspend
 .text.EVENT_USB_Device_WakeUp
                0x0000000000004468        0x4 .build/obj_Dactylv2_rev2_Noah/lufa.o
                0x0000000000004468                EVENT_USB_Device_WakeUp
 .text.EVENT_USB_Device_ConfigurationChanged
                0x000000000000446c       0x1e .build/obj_Dactylv2_rev2_Noah/lufa.o
                0x000000000000446c                EVENT_USB_Device_ConfigurationChanged
 .text.EVENT_USB_Device_ControlRequest
                0x000000000000448a      0x160 .build/obj_Dactylv2_rev2_Noah/lufa.o
                0x000000000000448a                EVENT_USB_Device_ControlRequest
 .text.startup.main
                0x00000000000045ea       0x76 .build/obj_Dactylv2_rev2_Noah/lufa.o
                0x00000000000045ea                main
 .text.CALLBACK_USB_GetDescriptor
                0x0000000000004660        0x4 .build/obj_Dactylv2_rev2_Noah/lufa.o
                0x0000000000004660                CALLBACK_USB_GetDescriptor
 .text.get_usb_descriptor
                0x0000000000004664       0xb8 .build/obj_Dactylv2_rev2_Noah/usb_descriptor.o
                0x0000000000004664                get_usb_descriptor
 .text.set_output_user
                0x000000000000471c        0x2 .build/obj_Dactylv2_rev2_Noah/outputselect.o
                0x000000000000471c                set_output_user
 .text.set_output
                0x000000000000471e       0x10 .build/obj_Dactylv2_rev2_Noah/outputselect.o
                0x000000000000471e                set_output
 .text.auto_detect_output
                0x000000000000472e       0x10 .build/obj_Dactylv2_rev2_Noah/outputselect.o
                0x000000000000472e                auto_detect_output
 .text.where_to_send
                0x000000000000473e        0xe .build/obj_Dactylv2_rev2_Noah/outputselect.o
                0x000000000000473e                where_to_send
 .text.USB_Device_SendRemoteWakeup
                0x000000000000474c       0x2c .build/obj_Dactylv2_rev2_Noah/./lib/lufa/LUFA/Drivers/USB/Core/AVR8/Device_AVR8.o
                0x000000000000474c                USB_Device_SendRemoteWakeup
 .text.Endpoint_Write_Stream_LE
                0x0000000000004778       0x96 .build/obj_Dactylv2_rev2_Noah/./lib/lufa/LUFA/Drivers/USB/Core/AVR8/EndpointStream_AVR8.o
                0x0000000000004778                Endpoint_Write_Stream_LE
 .text.Endpoint_Write_Control_Stream_LE
                0x000000000000480e       0xbc .build/obj_Dactylv2_rev2_Noah/./lib/lufa/LUFA/Drivers/USB/Core/AVR8/EndpointStream_AVR8.o
                0x000000000000480e                Endpoint_Write_Control_Stream_LE
 .text.Endpoint_Write_Control_PStream_LE
                0x00000000000048ca       0xc2 .build/obj_Dactylv2_rev2_Noah/./lib/lufa/LUFA/Drivers/USB/Core/AVR8/EndpointStream_AVR8.o
                0x00000000000048ca                Endpoint_Write_Control_PStream_LE
 .text.Endpoint_ConfigureEndpoint_Prv
                0x000000000000498c       0x6a .build/obj_Dactylv2_rev2_Noah/./lib/lufa/LUFA/Drivers/USB/Core/AVR8/Endpoint_AVR8.o
                0x000000000000498c                Endpoint_ConfigureEndpoint_Prv
 .text.Endpoint_ClearStatusStage
                0x00000000000049f6       0x3e .build/obj_Dactylv2_rev2_Noah/./lib/lufa/LUFA/Drivers/USB/Core/AVR8/Endpoint_AVR8.o
                0x00000000000049f6                Endpoint_ClearStatusStage
 .text.Endpoint_WaitUntilReady
                0x0000000000004a34       0x66 .build/obj_Dactylv2_rev2_Noah/./lib/lufa/LUFA/Drivers/USB/Core/AVR8/Endpoint_AVR8.o
                0x0000000000004a34                Endpoint_WaitUntilReady
 .text.USB_Disable
                0x0000000000004a9a       0x34 .build/obj_Dactylv2_rev2_Noah/./lib/lufa/LUFA/Drivers/USB/Core/AVR8/USBController_AVR8.o
                0x0000000000004a9a                USB_Disable
 .text.USB_ResetInterface
                0x0000000000004ace       0x86 .build/obj_Dactylv2_rev2_Noah/./lib/lufa/LUFA/Drivers/USB/Core/AVR8/USBController_AVR8.o
                0x0000000000004ace                USB_ResetInterface
 .text.USB_Init
                0x0000000000004b54       0x22 .build/obj_Dactylv2_rev2_Noah/./lib/lufa/LUFA/Drivers/USB/Core/AVR8/USBController_AVR8.o
                0x0000000000004b54                USB_Init
 .text.USB_INT_DisableAllInterrupts
                0x0000000000004b76       0x10 .build/obj_Dactylv2_rev2_Noah/./lib/lufa/LUFA/Drivers/USB/Core/AVR8/USBInterrupt_AVR8.o
                0x0000000000004b76                USB_INT_DisableAllInterrupts
 .text.USB_INT_ClearAllInterrupts
                0x0000000000004b86        0xa .build/obj_Dactylv2_rev2_Noah/./lib/lufa/LUFA/Drivers/USB/Core/AVR8/USBInterrupt_AVR8.o
                0x0000000000004b86                USB_INT_ClearAllInterrupts
 .text.__vector_10
                0x0000000000004b90      0x1a4 .build/obj_Dactylv2_rev2_Noah/./lib/lufa/LUFA/Drivers/USB/Core/AVR8/USBInterrupt_AVR8.o
                0x0000000000004b90                __vector_10
 .text.__vector_11
                0x0000000000004d34       0x88 .build/obj_Dactylv2_rev2_Noah/./lib/lufa/LUFA/Drivers/USB/Core/AVR8/USBInterrupt_AVR8.o
                0x0000000000004d34                __vector_11
 .text.USB_Device_ProcessControlRequest
                0x0000000000004dbc      0x2c0 .build/obj_Dactylv2_rev2_Noah/./lib/lufa/LUFA/Drivers/USB/Core/DeviceStandardReq.o
                0x0000000000004dbc                USB_Device_ProcessControlRequest
 .text.USB_Event_Stub
                0x000000000000507c        0x2 .build/obj_Dactylv2_rev2_Noah/./lib/lufa/LUFA/Drivers/USB/Core/Events.o
                0x000000000000507c                USB_Event_Stub
                0x000000000000507c                EVENT_USB_Device_StartOfFrame
 .text.USB_USBTask
                0x000000000000507e       0x36 .build/obj_Dactylv2_rev2_Noah/./lib/lufa/LUFA/Drivers/USB/Core/USBTask.o
                0x000000000000507e                USB_USBTask
 .text.libgcc.div
                0x00000000000050b4       0x28 /usr/lib/gcc/avr/5.4.0/avr5/libgcc.a(_divmodhi4.o)
                0x00000000000050b4                __divmodhi4
                0x00000000000050b4                _div
 .text.libgcc   0x00000000000050dc        0xc /usr/lib/gcc/avr/5.4.0/avr5/libgcc.a(_tablejump2.o)
                0x00000000000050dc                __tablejump2__
 .text.libgcc.div
                0x00000000000050e8       0x28 /usr/lib/gcc/avr/5.4.0/avr5/libgcc.a(_udivmodhi4.o)
                0x00000000000050e8                __udivmodhi4
 .text.avr-libc
                0x0000000000005110       0x10 /usr/lib/gcc/avr/5.4.0/../../../avr/lib/avr5/libatmega32u4.a(eerd_byte.o)
                0x0000000000005110                eeprom_read_byte
 .text.avr-libc
                0x0000000000005120        0xc /usr/lib/gcc/avr/5.4.0/../../../avr/lib/avr5/libatmega32u4.a(eerd_word.o)
                0x0000000000005120                eeprom_read_word
 .text.avr-libc
                0x000000000000512c       0x24 /usr/lib/gcc/avr/5.4.0/../../../avr/lib/avr5/libatmega32u4.a(eeupd_byte.o)
                0x000000000000512c                eeprom_update_byte
                0x000000000000512e                eeprom_update_r18
 .text.avr-libc
                0x0000000000005150        0xc /usr/lib/gcc/avr/5.4.0/../../../avr/lib/avr5/libatmega32u4.a(eeupd_word.o)
                0x0000000000005150                eeprom_update_word
 .text.avr-libc
                0x000000000000515c       0x20 /usr/lib/gcc/avr/5.4.0/../../../avr/lib/avr5/libatmega32u4.a(eerd_block.o)
                0x000000000000515c                eeprom_read_block
                0x0000000000005160                eeprom_read_blraw
                0x000000000000517c                . = ALIGN (0x2)
 *(.fini9)
 .fini9         0x000000000000517c        0x0 /usr/lib/gcc/avr/5.4.0/avr5/libgcc.a(_exit.o)
                0x000000000000517c                exit
                0x000000000000517c                _exit
 *(.fini9)
 *(.fini8)
 *(.fini8)
 *(.fini7)
 *(.fini7)
 *(.fini6)
 *(.fini6)
 *(.fini5)
 *(.fini5)
 *(.fini4)
 *(.fini4)
 *(.fini3)
 *(.fini3)
 *(.fini2)
 *(.fini2)
 *(.fini1)
 *(.fini1)
 *(.fini0)
 .fini0         0x000000000000517c        0x4 /usr/lib/gcc/avr/5.4.0/avr5/libgcc.a(_exit.o)
 *(.fini0)
                0x0000000000005180                _etext = .

.data           0x0000000000800100       0x42 load address 0x0000000000005180
                0x0000000000800100                PROVIDE (__data_start, .)
 *(.data)
 *(.data*)
 .data.isLeftHand
                0x0000000000800100        0x1 .build/obj_Dactylv2_rev2_Noah/split_util.o
                0x0000000000800100                isLeftHand
 .data.highest_td
                0x0000000000800101        0x1 .build/obj_Dactylv2_rev2_Noah/quantum/process_keycode/process_tap_dance.o
 .data.keyboard_report
                0x0000000000800102        0x2 .build/obj_Dactylv2_rev2_Noah/common/action_util.o
                0x0000000000800102                keyboard_report
 .data.mk_wheel_time_to_max
                0x0000000000800104        0x1 .build/obj_Dactylv2_rev2_Noah/common/mousekey.o
                0x0000000000800104                mk_wheel_time_to_max
 .data.mk_wheel_max_speed
                0x0000000000800105        0x1 .build/obj_Dactylv2_rev2_Noah/common/mousekey.o
                0x0000000000800105                mk_wheel_max_speed
 .data.mk_time_to_max
                0x0000000000800106        0x1 .build/obj_Dactylv2_rev2_Noah/common/mousekey.o
                0x0000000000800106                mk_time_to_max
 .data.mk_max_speed
                0x0000000000800107        0x1 .build/obj_Dactylv2_rev2_Noah/common/mousekey.o
                0x0000000000800107                mk_max_speed
 .data.mk_interval
                0x0000000000800108        0x1 .build/obj_Dactylv2_rev2_Noah/common/mousekey.o
                0x0000000000800108                mk_interval
 .data.mk_delay
                0x0000000000800109        0x1 .build/obj_Dactylv2_rev2_Noah/common/mousekey.o
                0x0000000000800109                mk_delay
 .data.lufa_driver
                0x000000000080010a        0xa .build/obj_Dactylv2_rev2_Noah/lufa.o
                0x000000000080010a                lufa_driver
 .data.keyboard_protocol
                0x0000000000800114        0x1 .build/obj_Dactylv2_rev2_Noah/lufa.o
                0x0000000000800114                keyboard_protocol
 *(.rodata)
 *(.rodata*)
 .rodata.col_pins
                0x0000000000800115        0x6 .build/obj_Dactylv2_rev2_Noah/matrix.o
 .rodata.row_pins
                0x000000000080011b        0xe .build/obj_Dactylv2_rev2_Noah/matrix.o
 .rodata.CSWTCH.57
                0x0000000000800129        0xa .build/obj_Dactylv2_rev2_Noah/common/command.o
 .rodata.CSWTCH.3
                0x0000000000800133        0x3 .build/obj_Dactylv2_rev2_Noah/usb_descriptor.o
 .rodata.CSWTCH.2
                0x0000000000800136        0x6 .build/obj_Dactylv2_rev2_Noah/usb_descriptor.o
 .rodata.CSWTCH.1
                0x000000000080013c        0x6 .build/obj_Dactylv2_rev2_Noah/usb_descriptor.o
 *(.gnu.linkonce.d*)
                0x0000000000800142                . = ALIGN (0x2)
                0x0000000000800142                _edata = .
                0x0000000000800142                PROVIDE (__data_end, .)

.bss            0x0000000000800142      0x10c
                0x0000000000800142                PROVIDE (__bss_start, .)
 *(.bss)
 *(.bss*)
 .bss.matrix    0x0000000000800142        0xe .build/obj_Dactylv2_rev2_Noah/matrix.o
 .bss.error_count
                0x0000000000800150        0x1 .build/obj_Dactylv2_rev2_Noah/matrix.o
 .bss.matrix_debouncing
                0x0000000000800151        0xe .build/obj_Dactylv2_rev2_Noah/matrix.o
 .bss.debouncing
                0x000000000080015f        0x1 .build/obj_Dactylv2_rev2_Noah/matrix.o
 .bss.debouncing_time
                0x0000000000800160        0x2 .build/obj_Dactylv2_rev2_Noah/matrix.o
 .bss.status    0x0000000000800162        0x1 .build/obj_Dactylv2_rev2_Noah/serial.o
                0x0000000000800162                status
 .bss.serial_master_buffer
                0x0000000000800163        0x1 .build/obj_Dactylv2_rev2_Noah/serial.o
                0x0000000000800163                serial_master_buffer
 .bss.serial_slave_buffer
                0x0000000000800164        0x7 .build/obj_Dactylv2_rev2_Noah/serial.o
                0x0000000000800164                serial_slave_buffer
 .bss.tap_dance_actions
                0x000000000080016b        0x0 .build/obj_Dactylv2_rev2_Noah/keyboards/Dactylv2/keymaps/Noah/keymap.o
                0x000000000080016b                tap_dance_actions
 .bss.pressed_something_else
                0x000000000080016b        0x1 .build/obj_Dactylv2_rev2_Noah/keyboards/Dactylv2/keymaps/Noah/keymap.o
                0x000000000080016b                pressed_something_else
 .bss.select_active
                0x000000000080016c        0x1 .build/obj_Dactylv2_rev2_Noah/keyboards/Dactylv2/keymaps/Noah/keymap.o
                0x000000000080016c                select_active
 .bss.alt_down  0x000000000080016d        0x1 .build/obj_Dactylv2_rev2_Noah/keyboards/Dactylv2/keymaps/Noah/keymap.o
                0x000000000080016d                alt_down
 .bss.space_shift_down
                0x000000000080016e        0x1 .build/obj_Dactylv2_rev2_Noah/keyboards/Dactylv2/keymaps/Noah/keymap.o
                0x000000000080016e                space_shift_down
 .bss.shift_down
                0x000000000080016f        0x1 .build/obj_Dactylv2_rev2_Noah/keyboards/Dactylv2/keymaps/Noah/keymap.o
                0x000000000080016f                shift_down
 .bss.grave_esc_was_shifted
                0x0000000000800170        0x1 .build/obj_Dactylv2_rev2_Noah/quantum/quantum.o
 .bss.scs_timer
                0x0000000000800171        0x4 .build/obj_Dactylv2_rev2_Noah/quantum/quantum.o
 .bss.shift_interrupted
                0x0000000000800175        0x2 .build/obj_Dactylv2_rev2_Noah/quantum/quantum.o
 .bss.leader_sequence_size
                0x0000000000800177        0x1 .build/obj_Dactylv2_rev2_Noah/quantum/process_keycode/process_leader.o
                0x0000000000800177                leader_sequence_size
 .bss.leader_sequence
                0x0000000000800178        0xa .build/obj_Dactylv2_rev2_Noah/quantum/process_keycode/process_leader.o
                0x0000000000800178                leader_sequence
 .bss.leader_time
                0x0000000000800182        0x2 .build/obj_Dactylv2_rev2_Noah/quantum/process_keycode/process_leader.o
                0x0000000000800182                leader_time
 .bss.leading   0x0000000000800184        0x1 .build/obj_Dactylv2_rev2_Noah/quantum/process_keycode/process_leader.o
                0x0000000000800184                leading
 .bss.last_td   0x0000000000800185        0x2 .build/obj_Dactylv2_rev2_Noah/quantum/process_keycode/process_tap_dance.o
 .bss.last_consumer_report
                0x0000000000800187        0x2 .build/obj_Dactylv2_rev2_Noah/common/host.o
 .bss.last_system_report
                0x0000000000800189        0x2 .build/obj_Dactylv2_rev2_Noah/common/host.o
 .bss.driver    0x000000000080018b        0x2 .build/obj_Dactylv2_rev2_Noah/common/host.o
 .bss.led_status.2843
                0x000000000080018d        0x1 .build/obj_Dactylv2_rev2_Noah/common/keyboard.o
 .bss.matrix_prev.2842
                0x000000000080018e        0xe .build/obj_Dactylv2_rev2_Noah/common/keyboard.o
 .bss.disable_action_cache
                0x000000000080019c        0x1 .build/obj_Dactylv2_rev2_Noah/common/action.o
                0x000000000080019c                disable_action_cache
 .bss.waiting_buffer_tail
                0x000000000080019d        0x1 .build/obj_Dactylv2_rev2_Noah/common/action_tapping.o
 .bss.waiting_buffer_head
                0x000000000080019e        0x1 .build/obj_Dactylv2_rev2_Noah/common/action_tapping.o
 .bss.waiting_buffer
                0x000000000080019f       0x30 .build/obj_Dactylv2_rev2_Noah/common/action_tapping.o
 .bss.tapping_key
                0x00000000008001cf        0x6 .build/obj_Dactylv2_rev2_Noah/common/action_tapping.o
 .bss.source_layers_cache
                0x00000000008001d5       0x37 .build/obj_Dactylv2_rev2_Noah/common/action_layer.o
                0x00000000008001d5                source_layers_cache
 .bss.layer_state
                0x000000000080020c        0x4 .build/obj_Dactylv2_rev2_Noah/common/action_layer.o
                0x000000000080020c                layer_state
 .bss.default_layer_state
                0x0000000000800210        0x4 .build/obj_Dactylv2_rev2_Noah/common/action_layer.o
                0x0000000000800210                default_layer_state
 .bss.oneshot_layer_data
                0x0000000000800214        0x1 .build/obj_Dactylv2_rev2_Noah/common/action_util.o
 .bss.oneshot_mods
                0x0000000000800215        0x1 .build/obj_Dactylv2_rev2_Noah/common/action_util.o
 .bss.__compound_literal.0
                0x0000000000800216        0x8 .build/obj_Dactylv2_rev2_Noah/common/action_util.o
 .bss.macro_mods
                0x000000000080021e        0x1 .build/obj_Dactylv2_rev2_Noah/common/action_util.o
 .bss.weak_mods
                0x000000000080021f        0x1 .build/obj_Dactylv2_rev2_Noah/common/action_util.o
 .bss.real_mods
                0x0000000000800220        0x1 .build/obj_Dactylv2_rev2_Noah/common/action_util.o
 .bss.debug_config
                0x0000000000800221        0x1 .build/obj_Dactylv2_rev2_Noah/common/debug.o
                0x0000000000800221                debug_config
 .bss.wdt_timeout
                0x0000000000800222        0x1 .build/obj_Dactylv2_rev2_Noah/common/avr/suspend.o
 .bss.last_timer
                0x0000000000800223        0x2 .build/obj_Dactylv2_rev2_Noah/common/mousekey.o
 .bss.mousekey_accel
                0x0000000000800225        0x1 .build/obj_Dactylv2_rev2_Noah/common/mousekey.o
 .bss.mousekey_repeat
                0x0000000000800226        0x1 .build/obj_Dactylv2_rev2_Noah/common/mousekey.o
 .bss.mouse_report
                0x0000000000800227        0x5 .build/obj_Dactylv2_rev2_Noah/common/mousekey.o
 .bss.mousekey_param
                0x000000000080022c        0x1 .build/obj_Dactylv2_rev2_Noah/common/command.o
 .bss.command_state
                0x000000000080022d        0x1 .build/obj_Dactylv2_rev2_Noah/common/command.o
                0x000000000080022d                command_state
 .bss.keyboard_report_sent
                0x000000000080022e        0x8 .build/obj_Dactylv2_rev2_Noah/lufa.o
 .bss.keyboard_led_stats
                0x0000000000800236        0x1 .build/obj_Dactylv2_rev2_Noah/lufa.o
 .bss.keyboard_idle
                0x0000000000800237        0x1 .build/obj_Dactylv2_rev2_Noah/lufa.o
                0x0000000000800237                keyboard_idle
 .bss.desired_output
                0x0000000000800238        0x1 .build/obj_Dactylv2_rev2_Noah/outputselect.o
                0x0000000000800238                desired_output
 *(COMMON)
 COMMON         0x0000000000800239        0x2 .build/obj_Dactylv2_rev2_Noah/common/action.o
                0x0000000000800239                tp_buttons
 COMMON         0x000000000080023b        0x4 .build/obj_Dactylv2_rev2_Noah/common/avr/timer.o
                0x000000000080023b                timer_count
 COMMON         0x000000000080023f        0x2 .build/obj_Dactylv2_rev2_Noah/common/magic.o
                0x000000000080023f                keymap_config
 COMMON         0x0000000000800241        0x3 .build/obj_Dactylv2_rev2_Noah/./lib/lufa/LUFA/Drivers/USB/Core/DeviceStandardReq.o
                0x0000000000800241                USB_Device_ConfigurationNumber
                0x0000000000800242                USB_Device_CurrentlySelfPowered
                0x0000000000800243                USB_Device_RemoteWakeupEnabled
 COMMON         0x0000000000800244        0xa .build/obj_Dactylv2_rev2_Noah/./lib/lufa/LUFA/Drivers/USB/Core/USBTask.o
                0x0000000000800244                USB_IsInitialized
                0x0000000000800245                USB_DeviceState
                0x0000000000800246                USB_ControlRequest
                0x000000000080024e                PROVIDE (__bss_end, .)
                0x0000000000005180                __data_load_start = LOADADDR (.data)
                0x00000000000051c2                __data_load_end = (__data_load_start + SIZEOF (.data))

.noinit         0x000000000080024e        0x4
                [!provide]                        PROVIDE (__noinit_start, .)
 *(.noinit*)
 .noinit        0x000000000080024e        0x4 .build/obj_Dactylv2_rev2_Noah/common/avr/bootloader.o
                0x000000000080024e                reset_key
                [!provide]                        PROVIDE (__noinit_end, .)
                0x0000000000800252                _end = .
                [!provide]                        PROVIDE (__heap_start, .)

.eeprom         0x0000000000810000        0x0
 *(.eeprom*)
                0x0000000000810000                __eeprom_end = .

.fuse
 *(.fuse)
 *(.lfuse)
 *(.hfuse)
 *(.efuse)

.lock
 *(.lock*)

.signature
 *(.signature*)

.user_signatures
 *(.user_signatures*)

.stab
 *(.stab)

.stabstr        0x0000000000000000       0x6f
 *(.stabstr)
 .stabstr       0x0000000000000000       0x6f .build/obj_Dactylv2_rev2_Noah/common/avr/xprintf.o

.stab.excl
 *(.stab.excl)

.stab.exclstr
 *(.stab.exclstr)

.stab.index
 *(.stab.index)

.stab.indexstr
 *(.stab.indexstr)

.comment        0x0000000000000000       0x11
 *(.comment)
 .comment       0x0000000000000000       0x11 .build/obj_Dactylv2_rev2_Noah/matrix.o
                                         0x12 (size before relaxing)
 .comment       0x0000000000000011       0x12 .build/obj_Dactylv2_rev2_Noah/split_util.o
 .comment       0x0000000000000011       0x12 .build/obj_Dactylv2_rev2_Noah/serial.o
 .comment       0x0000000000000011       0x12 .build/obj_Dactylv2_rev2_Noah/keyboards/Dactylv2/rev2/rev2.o
 .comment       0x0000000000000011       0x12 .build/obj_Dactylv2_rev2_Noah/keyboards/Dactylv2/keymaps/Noah/keymap.o
 .comment       0x0000000000000011       0x12 .build/obj_Dactylv2_rev2_Noah/quantum/quantum.o
 .comment       0x0000000000000011       0x12 .build/obj_Dactylv2_rev2_Noah/quantum/keymap_common.o
 .comment       0x0000000000000011       0x12 .build/obj_Dactylv2_rev2_Noah/quantum/keycode_config.o
 .comment       0x0000000000000011       0x12 .build/obj_Dactylv2_rev2_Noah/quantum/process_keycode/process_leader.o
 .comment       0x0000000000000011       0x12 .build/obj_Dactylv2_rev2_Noah/quantum/process_keycode/process_tap_dance.o
 .comment       0x0000000000000011       0x12 .build/obj_Dactylv2_rev2_Noah/common/host.o
 .comment       0x0000000000000011       0x12 .build/obj_Dactylv2_rev2_Noah/common/keyboard.o
 .comment       0x0000000000000011       0x12 .build/obj_Dactylv2_rev2_Noah/common/action.o
 .comment       0x0000000000000011       0x12 .build/obj_Dactylv2_rev2_Noah/common/action_tapping.o
 .comment       0x0000000000000011       0x12 .build/obj_Dactylv2_rev2_Noah/common/action_macro.o
 .comment       0x0000000000000011       0x12 .build/obj_Dactylv2_rev2_Noah/common/action_layer.o
 .comment       0x0000000000000011       0x12 .build/obj_Dactylv2_rev2_Noah/common/action_util.o
 .comment       0x0000000000000011       0x12 .build/obj_Dactylv2_rev2_Noah/common/debug.o
 .comment       0x0000000000000011       0x12 .build/obj_Dactylv2_rev2_Noah/common/eeconfig.o
 .comment       0x0000000000000011       0x12 .build/obj_Dactylv2_rev2_Noah/common/report.o
 .comment       0x0000000000000011       0x12 .build/obj_Dactylv2_rev2_Noah/common/avr/suspend.o
 .comment       0x0000000000000011       0x12 .build/obj_Dactylv2_rev2_Noah/common/avr/timer.o
 .comment       0x0000000000000011       0x12 .build/obj_Dactylv2_rev2_Noah/common/avr/bootloader.o
 .comment       0x0000000000000011       0x12 .build/obj_Dactylv2_rev2_Noah/common/magic.o
 .comment       0x0000000000000011       0x12 .build/obj_Dactylv2_rev2_Noah/common/mousekey.o
 .comment       0x0000000000000011       0x12 .build/obj_Dactylv2_rev2_Noah/common/command.o
 .comment       0x0000000000000011       0x12 .build/obj_Dactylv2_rev2_Noah/lufa.o
 .comment       0x0000000000000011       0x12 .build/obj_Dactylv2_rev2_Noah/usb_descriptor.o
 .comment       0x0000000000000011       0x12 .build/obj_Dactylv2_rev2_Noah/outputselect.o
 .comment       0x0000000000000011       0x12 .build/obj_Dactylv2_rev2_Noah/./lib/lufa/LUFA/Drivers/USB/Core/AVR8/Device_AVR8.o
 .comment       0x0000000000000011       0x12 .build/obj_Dactylv2_rev2_Noah/./lib/lufa/LUFA/Drivers/USB/Core/AVR8/EndpointStream_AVR8.o
 .comment       0x0000000000000011       0x12 .build/obj_Dactylv2_rev2_Noah/./lib/lufa/LUFA/Drivers/USB/Core/AVR8/Endpoint_AVR8.o
 .comment       0x0000000000000011       0x12 .build/obj_Dactylv2_rev2_Noah/./lib/lufa/LUFA/Drivers/USB/Core/AVR8/USBController_AVR8.o
 .comment       0x0000000000000011       0x12 .build/obj_Dactylv2_rev2_Noah/./lib/lufa/LUFA/Drivers/USB/Core/AVR8/USBInterrupt_AVR8.o
 .comment       0x0000000000000011       0x12 .build/obj_Dactylv2_rev2_Noah/./lib/lufa/LUFA/Drivers/USB/Core/DeviceStandardReq.o
 .comment       0x0000000000000011       0x12 .build/obj_Dactylv2_rev2_Noah/./lib/lufa/LUFA/Drivers/USB/Core/Events.o
 .comment       0x0000000000000011       0x12 .build/obj_Dactylv2_rev2_Noah/./lib/lufa/LUFA/Drivers/USB/Core/USBTask.o

.note.gnu.avr.deviceinfo
                0x0000000000000000       0x40
 .note.gnu.avr.deviceinfo
                0x0000000000000000       0x40 /usr/lib/gcc/avr/5.4.0/../../../avr/lib/avr5/crtatmega32u4.o

.note.gnu.build-id
 *(.note.gnu.build-id)

.debug
 *(.debug)

.line
 *(.line)

.debug_srcinfo
 *(.debug_srcinfo)

.debug_sfnames
 *(.debug_sfnames)

.debug_aranges  0x0000000000000000      0xcb8
 *(.debug_aranges)
 .debug_aranges
                0x0000000000000000       0xa0 .build/obj_Dactylv2_rev2_Noah/matrix.o
 .debug_aranges
                0x00000000000000a0       0x38 .build/obj_Dactylv2_rev2_Noah/split_util.o
 .debug_aranges
                0x00000000000000d8       0x70 .build/obj_Dactylv2_rev2_Noah/serial.o
 .debug_aranges
                0x0000000000000148       0x30 .build/obj_Dactylv2_rev2_Noah/keyboards/Dactylv2/rev2/rev2.o
 .debug_aranges
                0x0000000000000178       0x40 .build/obj_Dactylv2_rev2_Noah/keyboards/Dactylv2/keymaps/Noah/keymap.o
 .debug_aranges
                0x00000000000001b8      0x110 .build/obj_Dactylv2_rev2_Noah/quantum/quantum.o
 .debug_aranges
                0x00000000000002c8       0x48 .build/obj_Dactylv2_rev2_Noah/quantum/keymap_common.o
 .debug_aranges
                0x0000000000000310       0x28 .build/obj_Dactylv2_rev2_Noah/quantum/keycode_config.o
 .debug_aranges
                0x0000000000000338       0x28 .build/obj_Dactylv2_rev2_Noah/quantum/process_keycode/process_leader.o
 .debug_aranges
                0x0000000000000360       0x78 .build/obj_Dactylv2_rev2_Noah/quantum/process_keycode/process_tap_dance.o
 .debug_aranges
                0x00000000000003d8       0x60 .build/obj_Dactylv2_rev2_Noah/common/host.o
 .debug_aranges
                0x0000000000000438       0x48 .build/obj_Dactylv2_rev2_Noah/common/keyboard.o
 .debug_aranges
                0x0000000000000480       0x98 .build/obj_Dactylv2_rev2_Noah/common/action.o
 .debug_aranges
                0x0000000000000518       0x48 .build/obj_Dactylv2_rev2_Noah/common/action_tapping.o
 .debug_aranges
                0x0000000000000560       0x20 .build/obj_Dactylv2_rev2_Noah/common/action_macro.o
 .debug_aranges
                0x0000000000000580       0xd8 .build/obj_Dactylv2_rev2_Noah/common/action_layer.o
 .debug_aranges
                0x0000000000000658      0x120 .build/obj_Dactylv2_rev2_Noah/common/action_util.o
 .debug_aranges
                0x0000000000000778       0x18 .build/obj_Dactylv2_rev2_Noah/common/debug.o
 .debug_aranges
                0x0000000000000790       0x68 .build/obj_Dactylv2_rev2_Noah/common/eeconfig.o
 .debug_aranges
                0x00000000000007f8       0x50 .build/obj_Dactylv2_rev2_Noah/common/report.o
 .debug_aranges
                0x0000000000000848       0x48 .build/obj_Dactylv2_rev2_Noah/common/avr/suspend.o
 .debug_aranges
                0x0000000000000890       0x50 .build/obj_Dactylv2_rev2_Noah/common/avr/timer.o
 .debug_aranges
                0x00000000000008e0       0x28 .build/obj_Dactylv2_rev2_Noah/common/avr/bootloader.o
 .debug_aranges
                0x0000000000000908       0x20 .build/obj_Dactylv2_rev2_Noah/common/magic.o
 .debug_aranges
                0x0000000000000928       0x50 .build/obj_Dactylv2_rev2_Noah/common/mousekey.o
 .debug_aranges
                0x0000000000000978       0x58 .build/obj_Dactylv2_rev2_Noah/common/command.o
 .debug_aranges
                0x00000000000009d0       0x90 .build/obj_Dactylv2_rev2_Noah/lufa.o
 .debug_aranges
                0x0000000000000a60       0x20 .build/obj_Dactylv2_rev2_Noah/usb_descriptor.o
 .debug_aranges
                0x0000000000000a80       0x38 .build/obj_Dactylv2_rev2_Noah/outputselect.o
 .debug_aranges
                0x0000000000000ab8       0x20 .build/obj_Dactylv2_rev2_Noah/./lib/lufa/LUFA/Drivers/USB/Core/AVR8/Device_AVR8.o
 .debug_aranges
                0x0000000000000ad8       0xc8 .build/obj_Dactylv2_rev2_Noah/./lib/lufa/LUFA/Drivers/USB/Core/AVR8/EndpointStream_AVR8.o
 .debug_aranges
                0x0000000000000ba0       0x40 .build/obj_Dactylv2_rev2_Noah/./lib/lufa/LUFA/Drivers/USB/Core/AVR8/Endpoint_AVR8.o
 .debug_aranges
                0x0000000000000be0       0x30 .build/obj_Dactylv2_rev2_Noah/./lib/lufa/LUFA/Drivers/USB/Core/AVR8/USBController_AVR8.o
 .debug_aranges
                0x0000000000000c10       0x38 .build/obj_Dactylv2_rev2_Noah/./lib/lufa/LUFA/Drivers/USB/Core/AVR8/USBInterrupt_AVR8.o
 .debug_aranges
                0x0000000000000c48       0x20 .build/obj_Dactylv2_rev2_Noah/./lib/lufa/LUFA/Drivers/USB/Core/DeviceStandardReq.o
 .debug_aranges
                0x0000000000000c68       0x30 .build/obj_Dactylv2_rev2_Noah/./lib/lufa/LUFA/Drivers/USB/Core/Events.o
 .debug_aranges
                0x0000000000000c98       0x20 .build/obj_Dactylv2_rev2_Noah/./lib/lufa/LUFA/Drivers/USB/Core/USBTask.o

.debug_pubnames
 *(.debug_pubnames)

.debug_info     0x0000000000000000    0x1520a
 *(.debug_info .gnu.linkonce.wi.*)
 .debug_info    0x0000000000000000      0x9f4 /usr/lib/gcc/avr/5.4.0/../../../avr/lib/avr5/crtatmega32u4.o
 .debug_info    0x00000000000009f4      0x983 .build/obj_Dactylv2_rev2_Noah/matrix.o
 .debug_info    0x0000000000001377      0x24b .build/obj_Dactylv2_rev2_Noah/split_util.o
 .debug_info    0x00000000000015c2      0x724 .build/obj_Dactylv2_rev2_Noah/serial.o
 .debug_info    0x0000000000001ce6      0x169 .build/obj_Dactylv2_rev2_Noah/keyboards/Dactylv2/rev2/rev2.o
 .debug_info    0x0000000000001e4f     0x149a .build/obj_Dactylv2_rev2_Noah/keyboards/Dactylv2/keymaps/Noah/keymap.o
 .debug_info    0x00000000000032e9     0x2300 .build/obj_Dactylv2_rev2_Noah/quantum/quantum.o
 .debug_info    0x00000000000055e9     0x1724 .build/obj_Dactylv2_rev2_Noah/quantum/keymap_common.o
 .debug_info    0x0000000000006d0d      0x5fd .build/obj_Dactylv2_rev2_Noah/quantum/keycode_config.o
 .debug_info    0x000000000000730a      0xb42 .build/obj_Dactylv2_rev2_Noah/quantum/process_keycode/process_leader.o
 .debug_info    0x0000000000007e4c     0x1282 .build/obj_Dactylv2_rev2_Noah/quantum/process_keycode/process_tap_dance.o
 .debug_info    0x00000000000090ce      0x450 .build/obj_Dactylv2_rev2_Noah/common/host.o
 .debug_info    0x000000000000951e      0x436 .build/obj_Dactylv2_rev2_Noah/common/keyboard.o
 .debug_info    0x0000000000009954     0x1bc5 .build/obj_Dactylv2_rev2_Noah/common/action.o
 .debug_info    0x000000000000b519      0xea6 .build/obj_Dactylv2_rev2_Noah/common/action_tapping.o
 .debug_info    0x000000000000c3bf      0x7fd .build/obj_Dactylv2_rev2_Noah/common/action_macro.o
 .debug_info    0x000000000000cbbc      0xb35 .build/obj_Dactylv2_rev2_Noah/common/action_layer.o
 .debug_info    0x000000000000d6f1      0x6eb .build/obj_Dactylv2_rev2_Noah/common/action_util.o
 .debug_info    0x000000000000dddc       0xfc .build/obj_Dactylv2_rev2_Noah/common/debug.o
 .debug_info    0x000000000000ded8      0x37b .build/obj_Dactylv2_rev2_Noah/common/eeconfig.o
 .debug_info    0x000000000000e253      0x311 .build/obj_Dactylv2_rev2_Noah/common/report.o
 .debug_info    0x000000000000e564      0x2cd .build/obj_Dactylv2_rev2_Noah/common/avr/suspend.o
 .debug_info    0x000000000000e831      0x3a2 .build/obj_Dactylv2_rev2_Noah/common/avr/timer.o
 .debug_info    0x000000000000ebd3      0x197 .build/obj_Dactylv2_rev2_Noah/common/avr/bootloader.o
 .debug_info    0x000000000000ed6a      0x296 .build/obj_Dactylv2_rev2_Noah/common/magic.o
 .debug_info    0x000000000000f000      0x5e9 .build/obj_Dactylv2_rev2_Noah/common/mousekey.o
 .debug_info    0x000000000000f5e9      0x987 .build/obj_Dactylv2_rev2_Noah/common/command.o
 .debug_info    0x000000000000ff70     0x1017 .build/obj_Dactylv2_rev2_Noah/lufa.o
 .debug_info    0x0000000000010f87      0x7b0 .build/obj_Dactylv2_rev2_Noah/usb_descriptor.o
 .debug_info    0x0000000000011737      0x1af .build/obj_Dactylv2_rev2_Noah/outputselect.o
 .debug_info    0x00000000000118e6       0xd2 .build/obj_Dactylv2_rev2_Noah/./lib/lufa/LUFA/Drivers/USB/Core/AVR8/Device_AVR8.o
 .debug_info    0x00000000000119b8     0x17c8 .build/obj_Dactylv2_rev2_Noah/./lib/lufa/LUFA/Drivers/USB/Core/AVR8/EndpointStream_AVR8.o
 .debug_info    0x0000000000013180      0x620 .build/obj_Dactylv2_rev2_Noah/./lib/lufa/LUFA/Drivers/USB/Core/AVR8/Endpoint_AVR8.o
 .debug_info    0x00000000000137a0      0x4e7 .build/obj_Dactylv2_rev2_Noah/./lib/lufa/LUFA/Drivers/USB/Core/AVR8/USBController_AVR8.o
 .debug_info    0x0000000000013c87      0x7e7 .build/obj_Dactylv2_rev2_Noah/./lib/lufa/LUFA/Drivers/USB/Core/AVR8/USBInterrupt_AVR8.o
 .debug_info    0x000000000001446e      0xa4c .build/obj_Dactylv2_rev2_Noah/./lib/lufa/LUFA/Drivers/USB/Core/DeviceStandardReq.o
 .debug_info    0x0000000000014eba       0xde .build/obj_Dactylv2_rev2_Noah/./lib/lufa/LUFA/Drivers/USB/Core/Events.o
 .debug_info    0x0000000000014f98      0x272 .build/obj_Dactylv2_rev2_Noah/./lib/lufa/LUFA/Drivers/USB/Core/USBTask.o

.debug_abbrev   0x0000000000000000     0x4f67
 *(.debug_abbrev)
 .debug_abbrev  0x0000000000000000      0x96a /usr/lib/gcc/avr/5.4.0/../../../avr/lib/avr5/crtatmega32u4.o
 .debug_abbrev  0x000000000000096a      0x3a1 .build/obj_Dactylv2_rev2_Noah/matrix.o
 .debug_abbrev  0x0000000000000d0b      0x147 .build/obj_Dactylv2_rev2_Noah/split_util.o
 .debug_abbrev  0x0000000000000e52      0x22c .build/obj_Dactylv2_rev2_Noah/serial.o
 .debug_abbrev  0x000000000000107e      0x115 .build/obj_Dactylv2_rev2_Noah/keyboards/Dactylv2/rev2/rev2.o
 .debug_abbrev  0x0000000000001193      0x26c .build/obj_Dactylv2_rev2_Noah/keyboards/Dactylv2/keymaps/Noah/keymap.o
 .debug_abbrev  0x00000000000013ff      0x42b .build/obj_Dactylv2_rev2_Noah/quantum/quantum.o
 .debug_abbrev  0x000000000000182a      0x26c .build/obj_Dactylv2_rev2_Noah/quantum/keymap_common.o
 .debug_abbrev  0x0000000000001a96       0xe1 .build/obj_Dactylv2_rev2_Noah/quantum/keycode_config.o
 .debug_abbrev  0x0000000000001b77      0x16c .build/obj_Dactylv2_rev2_Noah/quantum/process_keycode/process_leader.o
 .debug_abbrev  0x0000000000001ce3      0x2b5 .build/obj_Dactylv2_rev2_Noah/quantum/process_keycode/process_tap_dance.o
 .debug_abbrev  0x0000000000001f98      0x16f .build/obj_Dactylv2_rev2_Noah/common/host.o
 .debug_abbrev  0x0000000000002107      0x20f .build/obj_Dactylv2_rev2_Noah/common/keyboard.o
 .debug_abbrev  0x0000000000002316      0x37a .build/obj_Dactylv2_rev2_Noah/common/action.o
 .debug_abbrev  0x0000000000002690      0x2d5 .build/obj_Dactylv2_rev2_Noah/common/action_tapping.o
 .debug_abbrev  0x0000000000002965      0x1aa .build/obj_Dactylv2_rev2_Noah/common/action_macro.o
 .debug_abbrev  0x0000000000002b0f      0x289 .build/obj_Dactylv2_rev2_Noah/common/action_layer.o
 .debug_abbrev  0x0000000000002d98      0x20f .build/obj_Dactylv2_rev2_Noah/common/action_util.o
 .debug_abbrev  0x0000000000002fa7       0x87 .build/obj_Dactylv2_rev2_Noah/common/debug.o
 .debug_abbrev  0x000000000000302e       0xc2 .build/obj_Dactylv2_rev2_Noah/common/eeconfig.o
 .debug_abbrev  0x00000000000030f0      0x14d .build/obj_Dactylv2_rev2_Noah/common/report.o
 .debug_abbrev  0x000000000000323d      0x1ce .build/obj_Dactylv2_rev2_Noah/common/avr/suspend.o
 .debug_abbrev  0x000000000000340b      0x175 .build/obj_Dactylv2_rev2_Noah/common/avr/timer.o
 .debug_abbrev  0x0000000000003580      0x12d .build/obj_Dactylv2_rev2_Noah/common/avr/bootloader.o
 .debug_abbrev  0x00000000000036ad       0xf2 .build/obj_Dactylv2_rev2_Noah/common/magic.o
 .debug_abbrev  0x000000000000379f      0x1cf .build/obj_Dactylv2_rev2_Noah/common/mousekey.o
 .debug_abbrev  0x000000000000396e      0x2dd .build/obj_Dactylv2_rev2_Noah/common/command.o
 .debug_abbrev  0x0000000000003c4b      0x39b .build/obj_Dactylv2_rev2_Noah/lufa.o
 .debug_abbrev  0x0000000000003fe6      0x184 .build/obj_Dactylv2_rev2_Noah/usb_descriptor.o
 .debug_abbrev  0x000000000000416a      0x129 .build/obj_Dactylv2_rev2_Noah/outputselect.o
 .debug_abbrev  0x0000000000004293       0x80 .build/obj_Dactylv2_rev2_Noah/./lib/lufa/LUFA/Drivers/USB/Core/AVR8/Device_AVR8.o
 .debug_abbrev  0x0000000000004313      0x1ea .build/obj_Dactylv2_rev2_Noah/./lib/lufa/LUFA/Drivers/USB/Core/AVR8/EndpointStream_AVR8.o
 .debug_abbrev  0x00000000000044fd      0x226 .build/obj_Dactylv2_rev2_Noah/./lib/lufa/LUFA/Drivers/USB/Core/AVR8/Endpoint_AVR8.o
 .debug_abbrev  0x0000000000004723      0x191 .build/obj_Dactylv2_rev2_Noah/./lib/lufa/LUFA/Drivers/USB/Core/AVR8/USBController_AVR8.o
 .debug_abbrev  0x00000000000048b4      0x213 .build/obj_Dactylv2_rev2_Noah/./lib/lufa/LUFA/Drivers/USB/Core/AVR8/USBInterrupt_AVR8.o
 .debug_abbrev  0x0000000000004ac7      0x29c .build/obj_Dactylv2_rev2_Noah/./lib/lufa/LUFA/Drivers/USB/Core/DeviceStandardReq.o
 .debug_abbrev  0x0000000000004d63       0x99 .build/obj_Dactylv2_rev2_Noah/./lib/lufa/LUFA/Drivers/USB/Core/Events.o
 .debug_abbrev  0x0000000000004dfc      0x16b .build/obj_Dactylv2_rev2_Noah/./lib/lufa/LUFA/Drivers/USB/Core/USBTask.o

.debug_line     0x0000000000000000     0x8769
 *(.debug_line .debug_line.* .debug_line_end)
 .debug_line    0x0000000000000000       0x1a /usr/lib/gcc/avr/5.4.0/../../../avr/lib/avr5/crtatmega32u4.o
 .debug_line    0x000000000000001a      0x48d .build/obj_Dactylv2_rev2_Noah/matrix.o
 .debug_line    0x00000000000004a7      0x168 .build/obj_Dactylv2_rev2_Noah/split_util.o
 .debug_line    0x000000000000060f      0x3a7 .build/obj_Dactylv2_rev2_Noah/serial.o
 .debug_line    0x00000000000009b6       0xe6 .build/obj_Dactylv2_rev2_Noah/keyboards/Dactylv2/rev2/rev2.o
 .debug_line    0x0000000000000a9c      0x500 .build/obj_Dactylv2_rev2_Noah/keyboards/Dactylv2/keymaps/Noah/keymap.o
 .debug_line    0x0000000000000f9c      0xa56 .build/obj_Dactylv2_rev2_Noah/quantum/quantum.o
 .debug_line    0x00000000000019f2      0x39c .build/obj_Dactylv2_rev2_Noah/quantum/keymap_common.o
 .debug_line    0x0000000000001d8e      0x1c4 .build/obj_Dactylv2_rev2_Noah/quantum/keycode_config.o
 .debug_line    0x0000000000001f52      0x17d .build/obj_Dactylv2_rev2_Noah/quantum/process_keycode/process_leader.o
 .debug_line    0x00000000000020cf      0x43a .build/obj_Dactylv2_rev2_Noah/quantum/process_keycode/process_tap_dance.o
 .debug_line    0x0000000000002509      0x185 .build/obj_Dactylv2_rev2_Noah/common/host.o
 .debug_line    0x000000000000268e      0x1f3 .build/obj_Dactylv2_rev2_Noah/common/keyboard.o
 .debug_line    0x0000000000002881      0x992 .build/obj_Dactylv2_rev2_Noah/common/action.o
 .debug_line    0x0000000000003213      0x575 .build/obj_Dactylv2_rev2_Noah/common/action_tapping.o
 .debug_line    0x0000000000003788      0x182 .build/obj_Dactylv2_rev2_Noah/common/action_macro.o
 .debug_line    0x000000000000390a      0x406 .build/obj_Dactylv2_rev2_Noah/common/action_layer.o
 .debug_line    0x0000000000003d10      0x423 .build/obj_Dactylv2_rev2_Noah/common/action_util.o
 .debug_line    0x0000000000004133       0x63 .build/obj_Dactylv2_rev2_Noah/common/debug.o
 .debug_line    0x0000000000004196      0x17f .build/obj_Dactylv2_rev2_Noah/common/eeconfig.o
 .debug_line    0x0000000000004315      0x186 .build/obj_Dactylv2_rev2_Noah/common/report.o
 .debug_line    0x000000000000449b      0x24b .build/obj_Dactylv2_rev2_Noah/common/avr/suspend.o
 .debug_line    0x00000000000046e6      0x22c .build/obj_Dactylv2_rev2_Noah/common/avr/timer.o
 .debug_line    0x0000000000004912      0x119 .build/obj_Dactylv2_rev2_Noah/common/avr/bootloader.o
 .debug_line    0x0000000000004a2b       0xd5 .build/obj_Dactylv2_rev2_Noah/common/magic.o
 .debug_line    0x0000000000004b00      0x5a6 .build/obj_Dactylv2_rev2_Noah/common/mousekey.o
 .debug_line    0x00000000000050a6      0x444 .build/obj_Dactylv2_rev2_Noah/common/command.o
 .debug_line    0x00000000000054ea      0x7c1 .build/obj_Dactylv2_rev2_Noah/lufa.o
 .debug_line    0x0000000000005cab      0x1ca .build/obj_Dactylv2_rev2_Noah/usb_descriptor.o
 .debug_line    0x0000000000005e75      0x15e .build/obj_Dactylv2_rev2_Noah/outputselect.o
 .debug_line    0x0000000000005fd3      0x10a .build/obj_Dactylv2_rev2_Noah/./lib/lufa/LUFA/Drivers/USB/Core/AVR8/Device_AVR8.o
 .debug_line    0x00000000000060dd     0x13d7 .build/obj_Dactylv2_rev2_Noah/./lib/lufa/LUFA/Drivers/USB/Core/AVR8/EndpointStream_AVR8.o
 .debug_line    0x00000000000074b4      0x475 .build/obj_Dactylv2_rev2_Noah/./lib/lufa/LUFA/Drivers/USB/Core/AVR8/Endpoint_AVR8.o
 .debug_line    0x0000000000007929      0x2da .build/obj_Dactylv2_rev2_Noah/./lib/lufa/LUFA/Drivers/USB/Core/AVR8/USBController_AVR8.o
 .debug_line    0x0000000000007c03      0x50a .build/obj_Dactylv2_rev2_Noah/./lib/lufa/LUFA/Drivers/USB/Core/AVR8/USBInterrupt_AVR8.o
 .debug_line    0x000000000000810d      0x469 .build/obj_Dactylv2_rev2_Noah/./lib/lufa/LUFA/Drivers/USB/Core/DeviceStandardReq.o
 .debug_line    0x0000000000008576       0x96 .build/obj_Dactylv2_rev2_Noah/./lib/lufa/LUFA/Drivers/USB/Core/Events.o
 .debug_line    0x000000000000860c      0x15d .build/obj_Dactylv2_rev2_Noah/./lib/lufa/LUFA/Drivers/USB/Core/USBTask.o

.debug_frame    0x0000000000000000     0x25cc
 *(.debug_frame)
 .debug_frame   0x0000000000000000      0x1dc .build/obj_Dactylv2_rev2_Noah/matrix.o
 .debug_frame   0x00000000000001dc       0x54 .build/obj_Dactylv2_rev2_Noah/split_util.o
 .debug_frame   0x0000000000000230      0x16c .build/obj_Dactylv2_rev2_Noah/serial.o