Archive member included because of file (symbol)

/usr/lib/gcc/avr/4.8.2/../../../avr/lib/avr5/libm.a(addsf3.o)
                              .build/obj_Dactylv2led_rev2_Default/quantum/rgblight.o (__subsf3)
/usr/lib/gcc/avr/4.8.2/../../../avr/lib/avr5/libm.a(addsf3x.o)
                              /usr/lib/gcc/avr/4.8.2/../../../avr/lib/avr5/libm.a(addsf3.o) (__addsf3x)
/usr/lib/gcc/avr/4.8.2/../../../avr/lib/avr5/libm.a(divsf3.o)
                              .build/obj_Dactylv2led_rev2_Default/quantum/rgblight.o (__divsf3)
/usr/lib/gcc/avr/4.8.2/../../../avr/lib/avr5/libm.a(divsf3x.o)
                              /usr/lib/gcc/avr/4.8.2/../../../avr/lib/avr5/libm.a(divsf3.o) (__divsf3x)
/usr/lib/gcc/avr/4.8.2/../../../avr/lib/avr5/libm.a(exp.o)
                              .build/obj_Dactylv2led_rev2_Default/quantum/rgblight.o (exp)
/usr/lib/gcc/avr/4.8.2/../../../avr/lib/avr5/libm.a(fixunssfsi.o)
                              .build/obj_Dactylv2led_rev2_Default/quantum/rgblight.o (__fixunssfsi)
/usr/lib/gcc/avr/4.8.2/../../../avr/lib/avr5/libm.a(floatsisf.o)
                              .build/obj_Dactylv2led_rev2_Default/quantum/rgblight.o (__floatsisf)
/usr/lib/gcc/avr/4.8.2/../../../avr/lib/avr5/libm.a(fp_inf.o)
                              /usr/lib/gcc/avr/4.8.2/../../../avr/lib/avr5/libm.a(addsf3x.o) (__fp_inf)
/usr/lib/gcc/avr/4.8.2/../../../avr/lib/avr5/libm.a(fp_nan.o)
                              /usr/lib/gcc/avr/4.8.2/../../../avr/lib/avr5/libm.a(addsf3x.o) (__fp_nan)
/usr/lib/gcc/avr/4.8.2/../../../avr/lib/avr5/libm.a(fp_powser.o)
                              /usr/lib/gcc/avr/4.8.2/../../../avr/lib/avr5/libm.a(exp.o) (__fp_powser)
/usr/lib/gcc/avr/4.8.2/../../../avr/lib/avr5/libm.a(fp_pscA.o)
                              /usr/lib/gcc/avr/4.8.2/../../../avr/lib/avr5/libm.a(addsf3x.o) (__fp_pscA)
/usr/lib/gcc/avr/4.8.2/../../../avr/lib/avr5/libm.a(fp_pscB.o)
                              /usr/lib/gcc/avr/4.8.2/../../../avr/lib/avr5/libm.a(addsf3x.o) (__fp_pscB)
/usr/lib/gcc/avr/4.8.2/../../../avr/lib/avr5/libm.a(fp_round.o)
                              /usr/lib/gcc/avr/4.8.2/../../../avr/lib/avr5/libm.a(addsf3.o) (__fp_round)
/usr/lib/gcc/avr/4.8.2/../../../avr/lib/avr5/libm.a(fp_split3.o)
                              /usr/lib/gcc/avr/4.8.2/../../../avr/lib/avr5/libm.a(addsf3x.o) (__fp_split3)
/usr/lib/gcc/avr/4.8.2/../../../avr/lib/avr5/libm.a(fp_zero.o)
                              /usr/lib/gcc/avr/4.8.2/../../../avr/lib/avr5/libm.a(addsf3x.o) (__fp_zero)
/usr/lib/gcc/avr/4.8.2/../../../avr/lib/avr5/libm.a(inverse.o)
                              /usr/lib/gcc/avr/4.8.2/../../../avr/lib/avr5/libm.a(exp.o) (inverse)
/usr/lib/gcc/avr/4.8.2/../../../avr/lib/avr5/libm.a(ldexp.o)
                              /usr/lib/gcc/avr/4.8.2/../../../avr/lib/avr5/libm.a(exp.o) (ldexp)
/usr/lib/gcc/avr/4.8.2/../../../avr/lib/avr5/libm.a(modf.o)
                              /usr/lib/gcc/avr/4.8.2/../../../avr/lib/avr5/libm.a(exp.o) (modf)
/usr/lib/gcc/avr/4.8.2/../../../avr/lib/avr5/libm.a(mulsf3.o)
                              .build/obj_Dactylv2led_rev2_Default/quantum/rgblight.o (__mulsf3)
/usr/lib/gcc/avr/4.8.2/../../../avr/lib/avr5/libm.a(mulsf3x.o)
                              /usr/lib/gcc/avr/4.8.2/../../../avr/lib/avr5/libm.a(fp_powser.o) (__mulsf3x)
/usr/lib/gcc/avr/4.8.2/../../../avr/lib/avr5/libm.a(sin.o)
                              .build/obj_Dactylv2led_rev2_Default/quantum/rgblight.o (sin)
/usr/lib/gcc/avr/4.8.2/../../../avr/lib/avr5/libm.a(fp_mpack.o)
                              /usr/lib/gcc/avr/4.8.2/../../../avr/lib/avr5/libm.a(ldexp.o) (__fp_mpack)
/usr/lib/gcc/avr/4.8.2/../../../avr/lib/avr5/libm.a(fp_rempio2.o)
                              /usr/lib/gcc/avr/4.8.2/../../../avr/lib/avr5/libm.a(sin.o) (__fp_rempio2)
/usr/lib/gcc/avr/4.8.2/../../../avr/lib/avr5/libm.a(fp_sinus.o)
                              /usr/lib/gcc/avr/4.8.2/../../../avr/lib/avr5/libm.a(sin.o) (__fp_sinus)
/usr/lib/gcc/avr/4.8.2/../../../avr/lib/avr5/libm.a(fp_powsodd.o)
                              /usr/lib/gcc/avr/4.8.2/../../../avr/lib/avr5/libm.a(fp_sinus.o) (__fp_powsodd)
/usr/lib/gcc/avr/4.8.2/avr5/libgcc.a(_udivmodhi4.o)
                              .build/obj_Dactylv2led_rev2_Default/quantum/rgblight.o (__udivmodhi4)
/usr/lib/gcc/avr/4.8.2/avr5/libgcc.a(_divmodhi4.o)
                              .build/obj_Dactylv2led_rev2_Default/quantum/rgblight.o (__divmodhi4)
/usr/lib/gcc/avr/4.8.2/avr5/libgcc.a(_exit.o)
                              /usr/lib/gcc/avr/4.8.2/../../../avr/lib/avr5/crtm32u4.o (exit)
/usr/lib/gcc/avr/4.8.2/avr5/libgcc.a(_tablejump.o)
                              .build/obj_Dactylv2led_rev2_Default/keyboards/Dactylv2led/keymaps/Default/keymap.o (__tablejump2__)
/usr/lib/gcc/avr/4.8.2/avr5/libgcc.a(_copy_data.o)
                              .build/obj_Dactylv2led_rev2_Default/matrix.o (__do_copy_data)
/usr/lib/gcc/avr/4.8.2/avr5/libgcc.a(_clear_bss.o)
[...]
Memory Configuration

Name             Origin             Length             Attributes
text             0x0000000000000000 0x0000000000020000 xr
data             0x0000000000800060 0x000000000000ffa0 rw !x
eeprom           0x0000000000810000 0x0000000000010000 rw !x
fuse             0x0000000000820000 0x0000000000000400 rw !x
lock             0x0000000000830000 0x0000000000000400 rw !x
signature        0x0000000000840000 0x0000000000000400 rw !x
user_signatures  0x0000000000850000 0x0000000000000400 rw !x
*default*        0x0000000000000000 0xffffffffffffffff

Linker script and memory map

Address of section .data set to 0x800100
LOAD /usr/lib/gcc/avr/4.8.2/../../../avr/lib/avr5/crtm32u4.o
LOAD .build/obj_Dactylv2led_rev2_Default/matrix.o
LOAD .build/obj_Dactylv2led_rev2_Default/i2c.o
LOAD .build/obj_Dactylv2led_rev2_Default/split_util.o
LOAD .build/obj_Dactylv2led_rev2_Default/serial.o
LOAD .build/obj_Dactylv2led_rev2_Default/ssd1306.o
LOAD .build/obj_Dactylv2led_rev2_Default/keyboards/Dactylv2led/rev2/rev2.o
LOAD .build/obj_Dactylv2led_rev2_Default/keyboards/Dactylv2led/keymaps/Default/keymap.o
LOAD .build/obj_Dactylv2led_rev2_Default/quantum/quantum.o
LOAD .build/obj_Dactylv2led_rev2_Default/quantum/keymap_common.o
LOAD .build/obj_Dactylv2led_rev2_Default/quantum/keycode_config.o
LOAD .build/obj_Dactylv2led_rev2_Default/quantum/process_keycode/process_leader.o
LOAD .build/obj_Dactylv2led_rev2_Default/quantum/rgblight.o
LOAD .build/obj_Dactylv2led_rev2_Default/ws2812.o
LOAD .build/obj_Dactylv2led_rev2_Default/quantum/process_keycode/process_tap_dance.o
LOAD .build/obj_Dactylv2led_rev2_Default/quantum/led_tables.o
LOAD .build/obj_Dactylv2led_rev2_Default/common/host.o
LOAD .build/obj_Dactylv2led_rev2_Default/common/keyboard.o
LOAD .build/obj_Dactylv2led_rev2_Default/common/action.o
LOAD .build/obj_Dactylv2led_rev2_Default/common/action_tapping.o
LOAD .build/obj_Dactylv2led_rev2_Default/common/action_macro.o
LOAD .build/obj_Dactylv2led_rev2_Default/common/action_layer.o
LOAD .build/obj_Dactylv2led_rev2_Default/common/action_util.o
LOAD .build/obj_Dactylv2led_rev2_Default/common/print.o
LOAD .build/obj_Dactylv2led_rev2_Default/common/debug.o
LOAD .build/obj_Dactylv2led_rev2_Default/common/util.o
LOAD .build/obj_Dactylv2led_rev2_Default/common/eeconfig.o
LOAD .build/obj_Dactylv2led_rev2_Default/common/report.o
LOAD .build/obj_Dactylv2led_rev2_Default/common/avr/suspend.o
LOAD .build/obj_Dactylv2led_rev2_Default/common/avr/timer.o
LOAD .build/obj_Dactylv2led_rev2_Default/common/avr/bootloader.o
LOAD .build/obj_Dactylv2led_rev2_Default/common/avr/xprintf.o
LOAD .build/obj_Dactylv2led_rev2_Default/common/magic.o
LOAD .build/obj_Dactylv2led_rev2_Default/common/mousekey.o
LOAD .build/obj_Dactylv2led_rev2_Default/common/command.o
LOAD .build/obj_Dactylv2led_rev2_Default/lufa.o
LOAD .build/obj_Dactylv2led_rev2_Default/usb_descriptor.o
LOAD .build/obj_Dactylv2led_rev2_Default/outputselect.o
LOAD .build/obj_Dactylv2led_rev2_Default/./lib/lufa/LUFA/Drivers/USB/Class/Common/HIDParser.o
LOAD .build/obj_Dactylv2led_rev2_Default/./lib/lufa/LUFA/Drivers/USB/Core/AVR8/Device_AVR8.o
LOAD .build/obj_Dactylv2led_rev2_Default/./lib/lufa/LUFA/Drivers/USB/Core/AVR8/EndpointStream_AVR8.o
LOAD .build/obj_Dactylv2led_rev2_Default/./lib/lufa/LUFA/Drivers/USB/Core/AVR8/Endpoint_AVR8.o
LOAD .build/obj_Dactylv2led_rev2_Default/./lib/lufa/LUFA/Drivers/USB/Core/AVR8/Host_AVR8.o
LOAD .build/obj_Dactylv2led_rev2_Default/./lib/lufa/LUFA/Drivers/USB/Core/AVR8/PipeStream_AVR8.o
LOAD .build/obj_Dactylv2led_rev2_Default/./lib/lufa/LUFA/Drivers/USB/Core/AVR8/Pipe_AVR8.o
LOAD .build/obj_Dactylv2led_rev2_Default/./lib/lufa/LUFA/Drivers/USB/Core/AVR8/USBController_AVR8.o
LOAD .build/obj_Dactylv2led_rev2_Default/./lib/lufa/LUFA/Drivers/USB/Core/AVR8/USBInterrupt_AVR8.o
LOAD .build/obj_Dactylv2led_rev2_Default/./lib/lufa/LUFA/Drivers/USB/Core/ConfigDescriptors.o
LOAD .build/obj_Dactylv2led_rev2_Default/./lib/lufa/LUFA/Drivers/USB/Core/DeviceStandardReq.o
LOAD .build/obj_Dactylv2led_rev2_Default/./lib/lufa/LUFA/Drivers/USB/Core/Events.o
LOAD .build/obj_Dactylv2led_rev2_Default/./lib/lufa/LUFA/Drivers/USB/Core/HostStandardReq.o
LOAD .build/obj_Dactylv2led_rev2_Default/./lib/lufa/LUFA/Drivers/USB/Core/USBTask.o
LOAD /usr/lib/gcc/avr/4.8.2/../../../avr/lib/avr5/libm.a
START GROUP
LOAD /usr/lib/gcc/avr/4.8.2/avr5/libgcc.a
LOAD /usr/lib/gcc/avr/4.8.2/../../../avr/lib/avr5/libm.a
LOAD /usr/lib/gcc/avr/4.8.2/../../../avr/lib/avr5/libc.a
END GROUP

.hash
 *(.hash)

.dynsym
 *(.dynsym)

.dynstr
 *(.dynstr)

.gnu.version
 *(.gnu.version)

.gnu.version_d
 *(.gnu.version_d)

.gnu.version_r
 *(.gnu.version_r)

.rel.init
 *(.rel.init)

.rela.init
 *(.rela.init)

.rel.text
 *(.rel.text)
 *(.rel.text.*)
 *(.rel.gnu.linkonce.t*)

.rela.text
 *(.rela.text)
 *(.rela.text.*)
 *(.rela.gnu.linkonce.t*)

.rel.fini
 *(.rel.fini)

.rela.fini
 *(.rela.fini)

.rel.rodata
 *(.rel.rodata)
 *(.rel.rodata.*)
 *(.rel.gnu.linkonce.r*)

.rela.rodata
 *(.rela.rodata)
 *(.rela.rodata.*)
 *(.rela.gnu.linkonce.r*)

.rel.data
 *(.rel.data)
 *(.rel.data.*)
 *(.rel.gnu.linkonce.d*)

.rela.data
 *(.rela.data)
 *(.rela.data.*)
 *(.rela.gnu.linkonce.d*)

.rel.ctors
 *(.rel.ctors)

.rela.ctors
 *(.rela.ctors)

.rel.dtors
 *(.rel.dtors)

.rela.dtors
 *(.rela.dtors)

.rel.got
 *(.rel.got)

.rela.got
 *(.rela.got)

.rel.bss
 *(.rel.bss)

.rela.bss
 *(.rela.bss)

.rel.plt
 *(.rel.plt)

.rela.plt
 *(.rela.plt)

.text           0x0000000000000000     0x6dc8
 *(.vectors)
 .vectors       0x0000000000000000       0xac /usr/lib/gcc/avr/4.8.2/../../../avr/lib/avr5/crtm32u4.o
                0x0000000000000000                __vectors
                0x0000000000000000                __vector_default
 *(.vectors)
 *(.progmem.gcc*)
 .progmem.gcc_sw_table.action_get_macro
                0x00000000000000ac       0x20 .build/obj_Dactylv2led_rev2_Default/keyboards/Dactylv2led/keymaps/Default/keymap.o
 .progmem.gcc_sw_table.process_record_quantum
                0x00000000000000cc       0x24 .build/obj_Dactylv2led_rev2_Default/quantum/quantum.o
 .progmem.gcc_sw_table.process_action
                0x00000000000000f0       0x4a .build/obj_Dactylv2led_rev2_Default/common/action.o
 .progmem.gcc_sw_table.is_tap_key
                0x000000000000013a       0x1c .build/obj_Dactylv2led_rev2_Default/common/action.o
 .progmem.gcc_sw_table.USB_Device_ProcessControlRequest
                0x0000000000000156       0x14 .build/obj_Dactylv2led_rev2_Default/./lib/lufa/LUFA/Drivers/USB/Core/DeviceStandardReq.o
 .progmem.gcc_fplib
                0x000000000000016a       0x28 /usr/lib/gcc/avr/4.8.2/../../../avr/lib/avr5/libm.a(exp.o)
 .progmem.gcc_fplib
                0x0000000000000192       0x1e /usr/lib/gcc/avr/4.8.2/../../../avr/lib/avr5/libm.a(fp_sinus.o)
 *(.progmem*)
 .progmem.data.__m.3372
                0x00000000000001b0        0xd .build/obj_Dactylv2led_rev2_Default/keyboards/Dactylv2led/keymaps/Default/keymap.o
 .progmem.data.__m.3370
                0x00000000000001bd        0xd .build/obj_Dactylv2led_rev2_Default/keyboards/Dactylv2led/keymaps/Default/keymap.o
 .progmem.data.__m.3360
                0x00000000000001ca       0x3b .build/obj_Dactylv2led_rev2_Default/keyboards/Dactylv2led/keymaps/Default/keymap.o
 .progmem.data.__m.3358
                0x0000000000000205       0x55 .build/obj_Dactylv2led_rev2_Default/keyboards/Dactylv2led/keymaps/Default/keymap.o
 .progmem.data.__m.3356
                0x000000000000025a       0x1d .build/obj_Dactylv2led_rev2_Default/keyboards/Dactylv2led/keymaps/Default/keymap.o
 .progmem.data.__m.3350
                0x0000000000000277        0xd .build/obj_Dactylv2led_rev2_Default/keyboards/Dactylv2led/keymaps/Default/keymap.o
 .progmem.data.__m.3348
                0x0000000000000284        0x9 .build/obj_Dactylv2led_rev2_Default/keyboards/Dactylv2led/keymaps/Default/keymap.o
 .progmem.data.__m.3346
                0x000000000000028d        0x9 .build/obj_Dactylv2led_rev2_Default/keyboards/Dactylv2led/keymaps/Default/keymap.o
 .progmem.data.__c.3340
                0x0000000000000296       0x13 .build/obj_Dactylv2led_rev2_Default/keyboards/Dactylv2led/keymaps/Default/keymap.o
 .progmem.data.__m.3337
                0x00000000000002a9       0x33 .build/obj_Dactylv2led_rev2_Default/keyboards/Dactylv2led/keymaps/Default/keymap.o
 .progmem.data.__m.3334
                0x00000000000002dc       0x33 .build/obj_Dactylv2led_rev2_Default/keyboards/Dactylv2led/keymaps/Default/keymap.o
 .progmem.data.__m.3331
                0x000000000000030f       0x33 .build/obj_Dactylv2led_rev2_Default/keyboards/Dactylv2led/keymaps/Default/keymap.o
 .progmem.data.__c.3328
                0x0000000000000342        0xe .build/obj_Dactylv2led_rev2_Default/keyboards/Dactylv2led/keymaps/Default/keymap.o
 .progmem.data.__c.3325
                0x0000000000000350        0x1 .build/obj_Dactylv2led_rev2_Default/keyboards/Dactylv2led/keymaps/Default/keymap.o
 .progmem.data.__m.3322
                0x0000000000000351       0x1b .build/obj_Dactylv2led_rev2_Default/keyboards/Dactylv2led/keymaps/Default/keymap.o
 .progmem.data.__m.3318
                0x000000000000036c        0x5 .build/obj_Dactylv2led_rev2_Default/keyboards/Dactylv2led/keymaps/Default/keymap.o
 .progmem.data.__m.3314
                0x0000000000000371       0x13 .build/obj_Dactylv2led_rev2_Default/keyboards/Dactylv2led/keymaps/Default/keymap.o
 .progmem.data.__c.3311
                0x0000000000000384       0x18 .build/obj_Dactylv2led_rev2_Default/keyboards/Dactylv2led/keymaps/Default/keymap.o
 .progmem.data.__c.3308
                0x000000000000039c        0x6 .build/obj_Dactylv2led_rev2_Default/keyboards/Dactylv2led/keymaps/Default/keymap.o
 .progmem.data.__m.3305
                0x00000000000003a2       0x31 .build/obj_Dactylv2led_rev2_Default/keyboards/Dactylv2led/keymaps/Default/keymap.o
 .progmem.data.__m.3302
                0x00000000000003d3        0x9 .build/obj_Dactylv2led_rev2_Default/keyboards/Dactylv2led/keymaps/Default/keymap.o
 .progmem.data.keymaps
                0x00000000000003dc      0xb28 .build/obj_Dactylv2led_rev2_Default/keyboards/Dactylv2led/keymaps/Default/keymap.o
                0x00000000000003dc                keymaps
 .progmem.data.ascii_to_keycode_lut
                0x0000000000000f04       0x80 .build/obj_Dactylv2led_rev2_Default/quantum/quantum.o
                0x0000000000000f04                ascii_to_keycode_lut
 .progmem.data.ascii_to_shift_lut
                0x0000000000000f84       0x80 .build/obj_Dactylv2led_rev2_Default/quantum/quantum.o
                0x0000000000000f84                ascii_to_shift_lut
 .progmem.data.fn_actions
                0x0000000000001004        0x0 .build/obj_Dactylv2led_rev2_Default/quantum/keymap_common.o
                0x0000000000001004                fn_actions
 .progmem.data.RGBLED_GRADIENT_RANGES
                0x0000000000001004        0xa .build/obj_Dactylv2led_rev2_Default/quantum/rgblight.o
                0x0000000000001004                RGBLED_GRADIENT_RANGES
 .progmem.data.RGBLED_KNIGHT_INTERVALS
                0x000000000000100e        0x3 .build/obj_Dactylv2led_rev2_Default/quantum/rgblight.o
                0x000000000000100e                RGBLED_KNIGHT_INTERVALS
 .progmem.data.RGBLED_SNAKE_INTERVALS
                0x0000000000001011        0x3 .build/obj_Dactylv2led_rev2_Default/quantum/rgblight.o
                0x0000000000001011                RGBLED_SNAKE_INTERVALS
 .progmem.data.RGBLED_RAINBOW_SWIRL_INTERVALS
                0x0000000000001014        0x3 .build/obj_Dactylv2led_rev2_Default/quantum/rgblight.o
                0x0000000000001014                RGBLED_RAINBOW_SWIRL_INTERVALS
 .progmem.data.RGBLED_RAINBOW_MOOD_INTERVALS
                0x0000000000001017        0x3 .build/obj_Dactylv2led_rev2_Default/quantum/rgblight.o
                0x0000000000001017                RGBLED_RAINBOW_MOOD_INTERVALS
 .progmem.data.RGBLED_BREATHING_INTERVALS
                0x000000000000101a        0x4 .build/obj_Dactylv2led_rev2_Default/quantum/rgblight.o
                0x000000000000101a                RGBLED_BREATHING_INTERVALS
 .progmem.data.CIE1931_CURVE
                0x000000000000101e      0x100 .build/obj_Dactylv2led_rev2_Default/quantum/led_tables.o
                0x000000000000101e                CIE1931_CURVE
 .progmem.data.SerialNumberString
                0x000000000000111e        0x6 .build/obj_Dactylv2led_rev2_Default/usb_descriptor.o
                0x000000000000111e                SerialNumberString
 .progmem.data.ProductString
                0x0000000000001124       0x10 .build/obj_Dactylv2led_rev2_Default/usb_descriptor.o
                0x0000000000001124                ProductString
 .progmem.data.ManufacturerString
                0x0000000000001134       0x18 .build/obj_Dactylv2led_rev2_Default/usb_descriptor.o
                0x0000000000001134                ManufacturerString
 .progmem.data.LanguageString
                0x000000000000114c        0x4 .build/obj_Dactylv2led_rev2_Default/usb_descriptor.o
                0x000000000000114c                LanguageString
 .progmem.data.ConfigurationDescriptor
                0x0000000000001150       0x54 .build/obj_Dactylv2led_rev2_Default/usb_descriptor.o
                0x0000000000001150                ConfigurationDescriptor
 .progmem.data.DeviceDescriptor
                0x00000000000011a4       0x12 .build/obj_Dactylv2led_rev2_Default/usb_descriptor.o
                0x00000000000011a4                DeviceDescriptor
 .progmem.data.ExtrakeyReport
                0x00000000000011b6       0x36 .build/obj_Dactylv2led_rev2_Default/usb_descriptor.o
                0x00000000000011b6                ExtrakeyReport
 .progmem.data.MouseReport
                0x00000000000011ec       0x4d .build/obj_Dactylv2led_rev2_Default/usb_descriptor.o
                0x00000000000011ec                MouseReport
 .progmem.data.KeyboardReport
                0x0000000000001239       0x40 .build/obj_Dactylv2led_rev2_Default/usb_descriptor.o
                0x0000000000001239                KeyboardReport
                0x000000000000127a                . = ALIGN (0x2)
 *fill*         0x0000000000001279        0x1 
                0x000000000000127a                __trampolines_start = .
 *(.trampolines)
 .trampolines   0x000000000000127a        0x0 linker stubs
 *(.trampolines*)
                0x000000000000127a                __trampolines_end = .
 *(.jumptables)
 *(.jumptables*)
 *(.lowtext)
 *(.lowtext*)
                0x000000000000127a                __ctors_start = .
 *(.ctors)
                0x000000000000127a                __ctors_end = .
                0x000000000000127a                __dtors_start = .
 *(.dtors)
                0x000000000000127a                __dtors_end = .
 SORT(*)(.ctors)
 SORT(*)(.dtors)
 *(.init0)
 .init0         0x000000000000127a        0x0 /usr/lib/gcc/avr/4.8.2/../../../avr/lib/avr5/crtm32u4.o
                0x000000000000127a                __init
 *(.init0)
 *(.init1)
 *(.init1)
 *(.init2)
 .init2         0x000000000000127a        0xc /usr/lib/gcc/avr/4.8.2/../../../avr/lib/avr5/crtm32u4.o
 *(.init2)
 *(.init3)
 .init3         0x0000000000001286       0x4e .build/obj_Dactylv2led_rev2_Default/common/avr/bootloader.o
                0x0000000000001286                bootloader_jump_after_watchdog_reset
 *(.init3)
 *(.init4)
 .init4         0x00000000000012d4       0x16 /usr/lib/gcc/avr/4.8.2/avr5/libgcc.a(_copy_data.o)
                0x00000000000012d4                __do_copy_data
 .init4         0x00000000000012ea       0x10 /usr/lib/gcc/avr/4.8.2/avr5/libgcc.a(_clear_bss.o)
                0x00000000000012ea                __do_clear_bss
 *(.init4)
 *(.init5)
 *(.init5)
 *(.init6)
 *(.init6)
 *(.init7)
 *(.init7)
 *(.init8)
 *(.init8)
 *(.init9)
 .init9         0x00000000000012fa        0x8 /usr/lib/gcc/avr/4.8.2/../../../avr/lib/avr5/crtm32u4.o
 *(.init9)
 *(.text)
 .text          0x0000000000001302        0x4 /usr/lib/gcc/avr/4.8.2/../../../avr/lib/avr5/crtm32u4.o
                0x0000000000001302                __vector_38
                0x0000000000001302                __vector_22
                0x0000000000001302                __vector_28
                0x0000000000001302                __vector_32
                0x0000000000001302                __vector_34
                0x0000000000001302                __vector_24
                0x0000000000001302                __bad_interrupt
                0x0000000000001302                __vector_6
                0x0000000000001302                __vector_31
                0x0000000000001302                __vector_35
                0x0000000000001302                __vector_39
                0x0000000000001302                __vector_3
                0x0000000000001302                __vector_23
                0x0000000000001302                __vector_30
                0x0000000000001302                __vector_25
                0x0000000000001302                __vector_13
                0x0000000000001302                __vector_17
                0x0000000000001302                __vector_19
                0x0000000000001302                __vector_7
                0x0000000000001302                __vector_41
                0x0000000000001302                __vector_27
                0x0000000000001302                __vector_5
                0x0000000000001302                __vector_33
                0x0000000000001302                __vector_37
                0x0000000000001302                __vector_4
                0x0000000000001302                __vector_9
                0x0000000000001302                __vector_2
                0x0000000000001302                __vector_15
                0x0000000000001302                __vector_36
                0x0000000000001302                __vector_29
                0x0000000000001302                __vector_40
                0x0000000000001302                __vector_8
                0x0000000000001302                __vector_26
                0x0000000000001302                __vector_14
                0x0000000000001302                __vector_16
                0x0000000000001302                __vector_18
                0x0000000000001302                __vector_20
                0x0000000000001302                __vector_42
                0x0000000000001306                . = ALIGN (0x2)
 *(.text.*)
 .text.matrix_scan_kb
                0x0000000000001306        0x4 .build/obj_Dactylv2led_rev2_Default/matrix.o
                0x0000000000001306                matrix_scan_kb
 .text.matrix_init
                0x000000000000130a       0x9c .build/obj_Dactylv2led_rev2_Default/matrix.o
                0x000000000000130a                matrix_init
 .text._matrix_scan
                0x00000000000013a6      0x17c .build/obj_Dactylv2led_rev2_Default/matrix.o
                0x00000000000013a6                _matrix_scan
 .text.serial_transaction
                0x0000000000001522       0x4c .build/obj_Dactylv2led_rev2_Default/matrix.o
                0x0000000000001522                serial_transaction
 .text.matrix_scan
                0x000000000000156e       0x5e .build/obj_Dactylv2led_rev2_Default/matrix.o
                0x000000000000156e                matrix_scan
 .text.matrix_slave_scan
                0x00000000000015cc       0x38 .build/obj_Dactylv2led_rev2_Default/matrix.o
                0x00000000000015cc                matrix_slave_scan
 .text.matrix_get_row
                0x0000000000001604        0xc .build/obj_Dactylv2led_rev2_Default/matrix.o
                0x0000000000001604                matrix_get_row
 .text.matrix_print
                0x0000000000001610        0x2 .build/obj_Dactylv2led_rev2_Default/matrix.o
                0x0000000000001610                matrix_print
 .text.has_usb  0x0000000000001612       0x1a .build/obj_Dactylv2led_rev2_Default/split_util.o
                0x0000000000001612                has_usb
 .text.split_keyboard_setup
                0x000000000000162c       0x2e .build/obj_Dactylv2led_rev2_Default/split_util.o
                0x000000000000162c                split_keyboard_setup
 .text.keyboard_slave_loop
                0x000000000000165a        0xa .build/obj_Dactylv2led_rev2_Default/split_util.o
                0x000000000000165a                keyboard_slave_loop
 .text.matrix_setup
                0x0000000000001664       0x12 .build/obj_Dactylv2led_rev2_Default/split_util.o
                0x0000000000001664                matrix_setup
 .text.serial_output
                0x0000000000001676        0x4 .build/obj_Dactylv2led_rev2_Default/serial.o
 .text.serial_input
                0x000000000000167a        0x6 .build/obj_Dactylv2led_rev2_Default/serial.o
 .text.serial_high
                0x0000000000001680        0x4 .build/obj_Dactylv2led_rev2_Default/serial.o
 .text.serial_write_byte
                0x0000000000001684       0x3e .build/obj_Dactylv2led_rev2_Default/serial.o
 .text.sync_recv
                0x00000000000016c2       0x10 .build/obj_Dactylv2led_rev2_Default/serial.o
 .text.serial_read_byte
                0x00000000000016d2       0x24 .build/obj_Dactylv2led_rev2_Default/serial.o
 .text.sync_send
                0x00000000000016f6       0x10 .build/obj_Dactylv2led_rev2_Default/serial.o
 .text.serial_master_init
                0x0000000000001706        0x8 .build/obj_Dactylv2led_rev2_Default/serial.o
                0x0000000000001706                serial_master_init
 .text.serial_slave_init
                0x000000000000170e       0x12 .build/obj_Dactylv2led_rev2_Default/serial.o
                0x000000000000170e                serial_slave_init
 .text.__vector_1
                0x0000000000001720       0xe4 .build/obj_Dactylv2led_rev2_Default/serial.o
                0x0000000000001720                __vector_1
 .text.serial_update_buffers
                0x0000000000001804       0xb6 .build/obj_Dactylv2led_rev2_Default/serial.o
                0x0000000000001804                serial_update_buffers
 .text.matrix_init_kb
                0x00000000000018ba        0x4 .build/obj_Dactylv2led_rev2_Default/keyboards/Dactylv2led/rev2/rev2.o
                0x00000000000018ba                matrix_init_kb
 .text.cmd_commands
                0x00000000000018be       0x20 .build/obj_Dactylv2led_rev2_Default/keyboards/Dactylv2led/keymaps/Default/keymap.o
                0x00000000000018be                cmd_commands
 .text.cmd      0x00000000000018de       0x20 .build/obj_Dactylv2led_rev2_Default/keyboards/Dactylv2led/keymaps/Default/keymap.o
                0x00000000000018de                cmd
 .text.VirtualDesktop
                0x00000000000018fe       0x1c .build/obj_Dactylv2led_rev2_Default/keyboards/Dactylv2led/keymaps/Default/keymap.o
                0x00000000000018fe                VirtualDesktop
 .text.SLSH_BSLSH
                0x000000000000191a       0x1e .build/obj_Dactylv2led_rev2_Default/keyboards/Dactylv2led/keymaps/Default/keymap.o
                0x000000000000191a                SLSH_BSLSH
 .text.persistent_default_layer_set
                0x0000000000001938       0x18 .build/obj_Dactylv2led_rev2_Default/keyboards/Dactylv2led/keymaps/Default/keymap.o
                0x0000000000001938                persistent_default_layer_set
 .text.action_get_macro
                0x0000000000001950      0x11c .build/obj_Dactylv2led_rev2_Default/keyboards/Dactylv2led/keymaps/Default/keymap.o
                0x0000000000001950                action_get_macro
 .text.matrix_init_user
                0x0000000000001a6c        0x2 .build/obj_Dactylv2led_rev2_Default/keyboards/Dactylv2led/keymaps/Default/keymap.o
                0x0000000000001a6c                matrix_init_user
 .text.matrix_scan_user
                0x0000000000001a6e        0x2 .build/obj_Dactylv2led_rev2_Default/keyboards/Dactylv2led/keymaps/Default/keymap.o
                0x0000000000001a6e                matrix_scan_user
 .text.process_record_user
                0x0000000000001a70       0xa4 .build/obj_Dactylv2led_rev2_Default/keyboards/Dactylv2led/keymaps/Default/keymap.o
                0x0000000000001a70                process_record_user
 .text.process_action_kb
                0x0000000000001b14        0x4 .build/obj_Dactylv2led_rev2_Default/quantum/quantum.o
                0x0000000000001b14                process_action_kb
 .text.process_record_kb
                0x0000000000001b18        0x4 .build/obj_Dactylv2led_rev2_Default/quantum/quantum.o
                0x0000000000001b18                process_record_kb
 .text.reset_keyboard
                0x0000000000001b1c       0x26 .build/obj_Dactylv2led_rev2_Default/quantum/quantum.o
                0x0000000000001b1c                reset_keyboard
 .text.process_record_quantum
                0x0000000000001b42      0x56e .build/obj_Dactylv2led_rev2_Default/quantum/quantum.o
                0x0000000000001b42                process_record_quantum
 .text.send_char
                0x00000000000020b0       0x3e .build/obj_Dactylv2led_rev2_Default/quantum/quantum.o
                0x00000000000020b0                send_char
 .text.send_string_with_delay_P
                0x00000000000020ee       0x74 .build/obj_Dactylv2led_rev2_Default/quantum/quantum.o
                0x00000000000020ee                send_string_with_delay_P
 .text.send_string_P
                0x0000000000002162        0x6 .build/obj_Dactylv2led_rev2_Default/quantum/quantum.o
                0x0000000000002162                send_string_P
 .text.update_tri_layer_state
                0x0000000000002168       0xc0 .build/obj_Dactylv2led_rev2_Default/quantum/quantum.o
                0x0000000000002168                update_tri_layer_state
 .text.update_tri_layer
                0x0000000000002228       0x24 .build/obj_Dactylv2led_rev2_Default/quantum/quantum.o
                0x0000000000002228                update_tri_layer
 .text.matrix_init_quantum
                0x000000000000224c        0x4 .build/obj_Dactylv2led_rev2_Default/quantum/quantum.o
                0x000000000000224c                matrix_init_quantum
 .text.matrix_scan_quantum
                0x0000000000002250        0x8 .build/obj_Dactylv2led_rev2_Default/quantum/quantum.o
                0x0000000000002250                matrix_scan_quantum
 .text.led_set_user
                0x0000000000002258        0x2 .build/obj_Dactylv2led_rev2_Default/quantum/quantum.o
                0x0000000000002258                led_set_user
 .text.led_set_kb
                0x000000000000225a        0x4 .build/obj_Dactylv2led_rev2_Default/quantum/quantum.o
                0x000000000000225a                led_set_kb
 .text.led_set  0x000000000000225e        0x4 .build/obj_Dactylv2led_rev2_Default/quantum/quantum.o
                0x000000000000225e                led_set
 .text.action_function
                0x0000000000002262        0x2 .build/obj_Dactylv2led_rev2_Default/quantum/keymap_common.o
                0x0000000000002262                action_function
 .text.keymap_key_to_keycode
                0x0000000000002264       0x24 .build/obj_Dactylv2led_rev2_Default/quantum/keymap_common.o
                0x0000000000002264                keymap_key_to_keycode
 .text.keymap_function_id_to_action
                0x0000000000002288       0x10 .build/obj_Dactylv2led_rev2_Default/quantum/keymap_common.o
                0x0000000000002288                keymap_function_id_to_action
 .text.action_for_key
                0x0000000000002298      0x34e .build/obj_Dactylv2led_rev2_Default/quantum/keymap_common.o
                0x0000000000002298                action_for_key
 .text.keycode_config
                0x00000000000025e6       0xf8 .build/obj_Dactylv2led_rev2_Default/quantum/keycode_config.o
                0x00000000000025e6                keycode_config
 .text.mod_config
                0x00000000000026de       0x46 .build/obj_Dactylv2led_rev2_Default/quantum/keycode_config.o
                0x00000000000026de                mod_config
 .text.leader_start
                0x0000000000002724        0x2 .build/obj_Dactylv2led_rev2_Default/quantum/process_keycode/process_leader.o
                0x0000000000002724                leader_start
 .text.process_leader
                0x0000000000002726       0x98 .build/obj_Dactylv2led_rev2_Default/quantum/process_keycode/process_leader.o
                0x0000000000002726                process_leader
 .text.sethsv   0x00000000000027be       0xf0 .build/obj_Dactylv2led_rev2_Default/quantum/rgblight.o
                0x00000000000027be                sethsv
 .text.eeconfig_read_rgblight
                0x00000000000028ae        0x8 .build/obj_Dactylv2led_rev2_Default/quantum/rgblight.o
                0x00000000000028ae                eeconfig_read_rgblight
 .text.eeconfig_update_rgblight
                0x00000000000028b6        0xc .build/obj_Dactylv2led_rev2_Default/quantum/rgblight.o
                0x00000000000028b6                eeconfig_update_rgblight
 .text.eeconfig_update_rgblight_default
                0x00000000000028c2       0x26 .build/obj_Dactylv2led_rev2_Default/quantum/rgblight.o
                0x00000000000028c2                eeconfig_update_rgblight_default
 .text.rgblight_get_mode
                0x00000000000028e8       0x1c .build/obj_Dactylv2led_rev2_Default/quantum/rgblight.o
                0x00000000000028e8                rgblight_get_mode
 .text.rgblight_increase_speed
                0x0000000000002904       0x2a .build/obj_Dactylv2led_rev2_Default/quantum/rgblight.o
                0x0000000000002904                rgblight_increase_speed
 .text.rgblight_decrease_speed
                0x000000000000292e       0x32 .build/obj_Dactylv2led_rev2_Default/quantum/rgblight.o
                0x000000000000292e                rgblight_decrease_speed
 .text.rgblight_set
                0x0000000000002960       0x32 .build/obj_Dactylv2led_rev2_Default/quantum/rgblight.o
                0x0000000000002960                rgblight_set
 .text.rgblight_setrgb
                0x0000000000002992       0x2a .build/obj_Dactylv2led_rev2_Default/quantum/rgblight.o
                0x0000000000002992                rgblight_setrgb
 .text.rgblight_sethsv_noeeprom
                0x00000000000029bc       0x9c .build/obj_Dactylv2led_rev2_Default/quantum/rgblight.o
                0x00000000000029bc                rgblight_sethsv_noeeprom
 .text.rgblight_sethsv
                0x0000000000002a58      0x152 .build/obj_Dactylv2led_rev2_Default/quantum/rgblight.o
                0x0000000000002a58                rgblight_sethsv
 .text.rgblight_increase_hue
                0x0000000000002baa       0x32 .build/obj_Dactylv2led_rev2_Default/quantum/rgblight.o
                0x0000000000002baa                rgblight_increase_hue
 .text.rgblight_decrease_hue
                0x0000000000002bdc       0x3e .build/obj_Dactylv2led_rev2_Default/quantum/rgblight.o
                0x0000000000002bdc                rgblight_decrease_hue
 .text.rgblight_increase_sat
                0x0000000000002c1a       0x36 .build/obj_Dactylv2led_rev2_Default/quantum/rgblight.o
                0x0000000000002c1a                rgblight_increase_sat
 .text.rgblight_decrease_sat
                0x0000000000002c50       0x34 .build/obj_Dactylv2led_rev2_Default/quantum/rgblight.o
                0x0000000000002c50                rgblight_decrease_sat
 .text.rgblight_increase_val
                0x0000000000002c84       0x36 .build/obj_Dactylv2led_rev2_Default/quantum/rgblight.o
                0x0000000000002c84                rgblight_increase_val
 .text.rgblight_decrease_val
                0x0000000000002cba       0x34 .build/obj_Dactylv2led_rev2_Default/quantum/rgblight.o
                0x0000000000002cba                rgblight_decrease_val
 .text.rgblight_mode
                0x0000000000002cee       0x92 .build/obj_Dactylv2led_rev2_Default/quantum/rgblight.o
                0x0000000000002cee                rgblight_mode
 .text.rgblight_init
                0x0000000000002d80       0x68 .build/obj_Dactylv2led_rev2_Default/quantum/rgblight.o
                0x0000000000002d80                rgblight_init
 .text.rgblight_step
                0x0000000000002de8       0x14 .build/obj_Dactylv2led_rev2_Default/quantum/rgblight.o
                0x0000000000002de8                rgblight_step
 .text.rgblight_step_reverse
                0x0000000000002dfc       0x12 .build/obj_Dactylv2led_rev2_Default/quantum/rgblight.o
                0x0000000000002dfc                rgblight_step_reverse
 .text.rgblight_enable
                0x0000000000002e0e       0x28 .build/obj_Dactylv2led_rev2_Default/quantum/rgblight.o
                0x0000000000002e0e                rgblight_enable
 .text.rgblight_disable
                0x0000000000002e36       0x30 .build/obj_Dactylv2led_rev2_Default/quantum/rgblight.o
                0x0000000000002e36                rgblight_disable
 .text.rgblight_toggle
                0x0000000000002e66        0xe .build/obj_Dactylv2led_rev2_Default/quantum/rgblight.o
                0x0000000000002e66                rgblight_toggle
 .text.rgblight_effect_breathing
                0x0000000000002e74       0xac .build/obj_Dactylv2led_rev2_Default/quantum/rgblight.o
                0x0000000000002e74                rgblight_effect_breathing
 .text.rgblight_effect_rainbow_mood
                0x0000000000002f20       0x60 .build/obj_Dactylv2led_rev2_Default/quantum/rgblight.o
                0x0000000000002f20                rgblight_effect_rainbow_mood
 .text.rgblight_effect_rainbow_swirl
                0x0000000000002f80       0xbc .build/obj_Dactylv2led_rev2_Default/quantum/rgblight.o
                0x0000000000002f80                rgblight_effect_rainbow_swirl
 .text.rgblight_effect_snake
                0x000000000000303c      0x126 .build/obj_Dactylv2led_rev2_Default/quantum/rgblight.o
                0x000000000000303c                rgblight_effect_snake
 .text.rgblight_effect_knight
                0x0000000000003162      0x108 .build/obj_Dactylv2led_rev2_Default/quantum/rgblight.o
                0x0000000000003162                rgblight_effect_knight
 .text.rgblight_effect_christmas
                0x000000000000326a       0x9e .build/obj_Dactylv2led_rev2_Default/quantum/rgblight.o
                0x000000000000326a                rgblight_effect_christmas
 .text.rgblight_task
                0x0000000000003308       0x6e .build/obj_Dactylv2led_rev2_Default/quantum/rgblight.o
                0x0000000000003308                rgblight_task
 .text.ws2812_sendarray_mask
                0x0000000000003376       0x42 .build/obj_Dactylv2led_rev2_Default/ws2812.o
                0x0000000000003376                ws2812_sendarray_mask
 .text.ws2812_setleds_pin
                0x00000000000033b8       0x24 .build/obj_Dactylv2led_rev2_Default/ws2812.o
                0x00000000000033b8                ws2812_setleds_pin
 .text.ws2812_setleds
                0x00000000000033dc        0x6 .build/obj_Dactylv2led_rev2_Default/ws2812.o
                0x00000000000033dc                ws2812_setleds
 .text.process_tap_dance_action_on_dance_finished
                0x00000000000033e2       0x3c .build/obj_Dactylv2led_rev2_Default/quantum/process_keycode/process_tap_dance.o
 .text.reset_tap_dance
                0x000000000000341e       0x64 .build/obj_Dactylv2led_rev2_Default/quantum/process_keycode/process_tap_dance.o
                0x000000000000341e                reset_tap_dance
 .text.preprocess_tap_dance
                0x0000000000003482       0x82 .build/obj_Dactylv2led_rev2_Default/quantum/process_keycode/process_tap_dance.o
                0x0000000000003482                preprocess_tap_dance
 .text.process_tap_dance
                0x0000000000003504       0xae .build/obj_Dactylv2led_rev2_Default/quantum/process_keycode/process_tap_dance.o
                0x0000000000003504                process_tap_dance
 .text.matrix_scan_tap_dance
                0x00000000000035b2       0x7e .build/obj_Dactylv2led_rev2_Default/quantum/process_keycode/process_tap_dance.o
                0x00000000000035b2                matrix_scan_tap_dance
 .text.host_set_driver
                0x0000000000003630        0xa .build/obj_Dactylv2led_rev2_Default/common/host.o
                0x0000000000003630                host_set_driver
 .text.host_keyboard_leds
                0x000000000000363a       0x18 .build/obj_Dactylv2led_rev2_Default/common/host.o
                0x000000000000363a                host_keyboard_leds
 .text.host_keyboard_send
                0x0000000000003652       0x16 .build/obj_Dactylv2led_rev2_Default/common/host.o
                0x0000000000003652                host_keyboard_send
 .text.host_mouse_send
                0x0000000000003668       0x16 .build/obj_Dactylv2led_rev2_Default/common/host.o
                0x0000000000003668                host_mouse_send
 .text.host_system_send
                0x000000000000367e       0x2c .build/obj_Dactylv2led_rev2_Default/common/host.o
                0x000000000000367e                host_system_send
 .text.host_consumer_send
                0x00000000000036aa       0x2c .build/obj_Dactylv2led_rev2_Default/common/host.o
                0x00000000000036aa                host_consumer_send
 .text.keyboard_setup
                0x00000000000036d6        0x4 .build/obj_Dactylv2led_rev2_Default/common/keyboard.o
                0x00000000000036d6                keyboard_setup
 .text.is_keyboard_master
                0x00000000000036da        0x4 .build/obj_Dactylv2led_rev2_Default/common/keyboard.o
                0x00000000000036da                is_keyboard_master
 .text.keyboard_init
                0x00000000000036de       0x10 .build/obj_Dactylv2led_rev2_Default/common/keyboard.o
                0x00000000000036de                keyboard_init
 .text.keyboard_task
                0x00000000000036ee      0x150 .build/obj_Dactylv2led_rev2_Default/common/keyboard.o
                0x00000000000036ee                keyboard_task
 .text.action_exec
                0x000000000000383e       0x5c .build/obj_Dactylv2led_rev2_Default/common/action.o
                0x000000000000383e                action_exec
 .text.process_record_tap_hint
                0x000000000000389a        0xc .build/obj_Dactylv2led_rev2_Default/common/action.o
                0x000000000000389a                process_record_tap_hint
 .text.register_code
                0x00000000000038a6      0x21e .build/obj_Dactylv2led_rev2_Default/common/action.o
                0x00000000000038a6                register_code
 .text.unregister_code
                0x0000000000003ac4       0xc2 .build/obj_Dactylv2led_rev2_Default/common/action.o
                0x0000000000003ac4                unregister_code
 .text.register_mods
                0x0000000000003b86        0xe .build/obj_Dactylv2led_rev2_Default/common/action.o
                0x0000000000003b86                register_mods
 .text.unregister_mods
                0x0000000000003b94        0xe .build/obj_Dactylv2led_rev2_Default/common/action.o
                0x0000000000003b94                unregister_mods
 .text.process_action
                0x0000000000003ba2      0x51c .build/obj_Dactylv2led_rev2_Default/common/action.o
                0x0000000000003ba2                process_action
 .text.process_record
                0x00000000000040be       0x58 .build/obj_Dactylv2led_rev2_Default/common/action.o
                0x00000000000040be                process_record
 .text.clear_keyboard_but_mods
                0x0000000000004116       0x30 .build/obj_Dactylv2led_rev2_Default/common/action.o
                0x0000000000004116                clear_keyboard_but_mods
 .text.clear_keyboard
                0x0000000000004146        0x8 .build/obj_Dactylv2led_rev2_Default/common/action.o
                0x0000000000004146                clear_keyboard
 .text.is_tap_key
                0x000000000000414e       0x46 .build/obj_Dactylv2led_rev2_Default/common/action.o
                0x000000000000414e                is_tap_key
 .text.debug_event
                0x0000000000004194       0x1e .build/obj_Dactylv2led_rev2_Default/common/action.o
                0x0000000000004194                debug_event
 .text.debug_record
                0x00000000000041b2       0x20 .build/obj_Dactylv2led_rev2_Default/common/action.o
                0x00000000000041b2                debug_record
 .text.debug_waiting_buffer
                0x00000000000041d2       0x42 .build/obj_Dactylv2led_rev2_Default/common/action_tapping.o
 .text.debug_tapping_key
                0x0000000000004214       0x1c .build/obj_Dactylv2led_rev2_Default/common/action_tapping.o
 .text.waiting_buffer_typed.isra.1
                0x0000000000004230       0x40 .build/obj_Dactylv2led_rev2_Default/common/action_tapping.o
 .text.waiting_buffer_scan_tap
                0x0000000000004270       0xd0 .build/obj_Dactylv2led_rev2_Default/common/action_tapping.o
 .text.process_tapping
                0x0000000000004340      0x40c .build/obj_Dactylv2led_rev2_Default/common/action_tapping.o
 .text.action_tapping_process
                0x000000000000474c      0x15a .build/obj_Dactylv2led_rev2_Default/common/action_tapping.o
                0x000000000000474c                action_tapping_process
 .text.action_macro_play
                0x00000000000048a6      0x104 .build/obj_Dactylv2led_rev2_Default/common/action_macro.o
                0x00000000000048a6                action_macro_play
 .text.default_layer_state_set_kb
                0x00000000000049aa        0x2 .build/obj_Dactylv2led_rev2_Default/common/action_layer.o
                0x00000000000049aa                default_layer_state_set_kb
 .text.default_layer_state_set
                0x00000000000049ac       0x18 .build/obj_Dactylv2led_rev2_Default/common/action_layer.o
 .text.default_layer_debug
                0x00000000000049c4        0x2 .build/obj_Dactylv2led_rev2_Default/common/action_layer.o
                0x00000000000049c4                default_layer_debug
 .text.default_layer_set
                0x00000000000049c6        0x4 .build/obj_Dactylv2led_rev2_Default/common/action_layer.o
                0x00000000000049c6                default_layer_set
 .text.default_layer_or
                0x00000000000049ca       0x24 .build/obj_Dactylv2led_rev2_Default/common/action_layer.o
                0x00000000000049ca                default_layer_or
 .text.default_layer_and
                0x00000000000049ee       0x24 .build/obj_Dactylv2led_rev2_Default/common/action_layer.o
                0x00000000000049ee                default_layer_and
 .text.default_layer_xor
                0x0000000000004a12       0x24 .build/obj_Dactylv2led_rev2_Default/common/action_layer.o
                0x0000000000004a12                default_layer_xor
 .text.layer_state_set_user
                0x0000000000004a36        0x2 .build/obj_Dactylv2led_rev2_Default/common/action_layer.o
                0x0000000000004a36                layer_state_set_user
 .text.layer_state_set_kb
                0x0000000000004a38        0x4 .build/obj_Dactylv2led_rev2_Default/common/action_layer.o
                0x0000000000004a38                layer_state_set_kb
 .text.layer_state_set
                0x0000000000004a3c       0x18 .build/obj_Dactylv2led_rev2_Default/common/action_layer.o
                0x0000000000004a3c                layer_state_set
 .text.layer_clear
                0x0000000000004a54        0xa .build/obj_Dactylv2led_rev2_Default/common/action_layer.o
                0x0000000000004a54                layer_clear
 .text.layer_move
                0x0000000000004a5e       0x1e .build/obj_Dactylv2led_rev2_Default/common/action_layer.o
                0x0000000000004a5e                layer_move
 .text.layer_on
                0x0000000000004a7c       0x36 .build/obj_Dactylv2led_rev2_Default/common/action_layer.o
                0x0000000000004a7c                layer_on
 .text.layer_off
                0x0000000000004ab2       0x3e .build/obj_Dactylv2led_rev2_Default/common/action_layer.o
                0x0000000000004ab2                layer_off
 .text.layer_invert
                0x0000000000004af0       0x36 .build/obj_Dactylv2led_rev2_Default/common/action_layer.o
                0x0000000000004af0                layer_invert
 .text.layer_or
                0x0000000000004b26       0x24 .build/obj_Dactylv2led_rev2_Default/common/action_layer.o
                0x0000000000004b26                layer_or
 .text.layer_and
                0x0000000000004b4a       0x24 .build/obj_Dactylv2led_rev2_Default/common/action_layer.o
                0x0000000000004b4a                layer_and
 .text.layer_xor
                0x0000000000004b6e       0x24 .build/obj_Dactylv2led_rev2_Default/common/action_layer.o
                0x0000000000004b6e                layer_xor
 .text.layer_debug
                0x0000000000004b92        0x2 .build/obj_Dactylv2led_rev2_Default/common/action_layer.o
                0x0000000000004b92                layer_debug
 .text.layer_switch_get_layer
                0x0000000000004b94       0x80 .build/obj_Dactylv2led_rev2_Default/common/action_layer.o
                0x0000000000004b94                layer_switch_get_layer
 .text.layer_switch_get_action
                0x0000000000004c14       0x16 .build/obj_Dactylv2led_rev2_Default/common/action_layer.o
                0x0000000000004c14                layer_switch_get_action
 .text.store_or_get_action
                0x0000000000004c2a        0x8 .build/obj_Dactylv2led_rev2_Default/common/action_layer.o
                0x0000000000004c2a                store_or_get_action
 .text.get_oneshot_layer
                0x0000000000004c32        0xc .build/obj_Dactylv2led_rev2_Default/common/action_util.o
                0x0000000000004c32                get_oneshot_layer
 .text.get_oneshot_layer_state
                0x0000000000004c3e        0x8 .build/obj_Dactylv2led_rev2_Default/common/action_util.o
                0x0000000000004c3e                get_oneshot_layer_state
 .text.set_oneshot_layer
                0x0000000000004c46       0x12 .build/obj_Dactylv2led_rev2_Default/common/action_util.o
                0x0000000000004c46                set_oneshot_layer
 .text.clear_oneshot_layer_state
                0x0000000000004c58       0x2e .build/obj_Dactylv2led_rev2_Default/common/action_util.o
                0x0000000000004c58                clear_oneshot_layer_state
 .text.is_oneshot_layer_active
                0x0000000000004c86        0xe .build/obj_Dactylv2led_rev2_Default/common/action_util.o
                0x0000000000004c86                is_oneshot_layer_active
 .text.send_keyboard_report
                0x0000000000004c94       0x66 .build/obj_Dactylv2led_rev2_Default/common/action_util.o
                0x0000000000004c94                send_keyboard_report
 .text.get_mods
                0x0000000000004cfa        0x6 .build/obj_Dactylv2led_rev2_Default/common/action_util.o
                0x0000000000004cfa                get_mods
 .text.add_mods
                0x0000000000004d00        0xc .build/obj_Dactylv2led_rev2_Default/common/action_util.o
                0x0000000000004d00                add_mods
 .text.del_mods
                0x0000000000004d0c        0xe .build/obj_Dactylv2led_rev2_Default/common/action_util.o
                0x0000000000004d0c                del_mods
 .text.clear_mods
                0x0000000000004d1a        0x6 .build/obj_Dactylv2led_rev2_Default/common/action_util.o
                0x0000000000004d1a                clear_mods
 .text.get_weak_mods
                0x0000000000004d20        0x6 .build/obj_Dactylv2led_rev2_Default/common/action_util.o
                0x0000000000004d20                get_weak_mods
 .text.add_weak_mods
                0x0000000000004d26        0xc .build/obj_Dactylv2led_rev2_Default/common/action_util.o
                0x0000000000004d26                add_weak_mods
 .text.del_weak_mods
                0x0000000000004d32        0xe .build/obj_Dactylv2led_rev2_Default/common/action_util.o
                0x0000000000004d32                del_weak_mods
 .text.clear_weak_mods
                0x0000000000004d40        0x6 .build/obj_Dactylv2led_rev2_Default/common/action_util.o
                0x0000000000004d40                clear_weak_mods
 .text.add_macro_mods
                0x0000000000004d46        0xc .build/obj_Dactylv2led_rev2_Default/common/action_util.o
                0x0000000000004d46                add_macro_mods
 .text.del_macro_mods
                0x0000000000004d52        0xe .build/obj_Dactylv2led_rev2_Default/common/action_util.o
                0x0000000000004d52                del_macro_mods
 .text.clear_macro_mods
                0x0000000000004d60        0x6 .build/obj_Dactylv2led_rev2_Default/common/action_util.o
                0x0000000000004d60                clear_macro_mods
 .text.set_oneshot_mods
                0x0000000000004d66        0x6 .build/obj_Dactylv2led_rev2_Default/common/action_util.o
                0x0000000000004d66                set_oneshot_mods
 .text.clear_oneshot_mods
                0x0000000000004d6c        0x6 .build/obj_Dactylv2led_rev2_Default/common/action_util.o
                0x0000000000004d6c                clear_oneshot_mods
 .text.get_oneshot_mods
                0x0000000000004d72        0x6 .build/obj_Dactylv2led_rev2_Default/common/action_util.o
                0x0000000000004d72                get_oneshot_mods
 .text.eeconfig_init
                0x0000000000004d78       0x42 .build/obj_Dactylv2led_rev2_Default/common/eeconfig.o
                0x0000000000004d78                eeconfig_init
 .text.eeconfig_is_enabled
                0x0000000000004dba       0x16 .build/obj_Dactylv2led_rev2_Default/common/eeconfig.o
                0x0000000000004dba                eeconfig_is_enabled
 .text.eeconfig_read_debug
                0x0000000000004dd0        0x8 .build/obj_Dactylv2led_rev2_Default/common/eeconfig.o
                0x0000000000004dd0                eeconfig_read_debug
 .text.eeconfig_read_default_layer
                0x0000000000004dd8        0x8 .build/obj_Dactylv2led_rev2_Default/common/eeconfig.o
                0x0000000000004dd8                eeconfig_read_default_layer
 .text.eeconfig_update_default_layer
                0x0000000000004de0        0xa .build/obj_Dactylv2led_rev2_Default/common/eeconfig.o
                0x0000000000004de0                eeconfig_update_default_layer
 .text.eeconfig_read_keymap
                0x0000000000004dea        0x8 .build/obj_Dactylv2led_rev2_Default/common/eeconfig.o
                0x0000000000004dea                eeconfig_read_keymap
 .text.eeconfig_update_keymap
                0x0000000000004df2        0xa .build/obj_Dactylv2led_rev2_Default/common/eeconfig.o
                0x0000000000004df2                eeconfig_update_keymap
 .text.has_anykey
                0x0000000000004dfc       0x20 .build/obj_Dactylv2led_rev2_Default/common/report.o
                0x0000000000004dfc                has_anykey
 .text.add_key_byte
                0x0000000000004e1c       0x3a .build/obj_Dactylv2led_rev2_Default/common/report.o
                0x0000000000004e1c                add_key_byte
 .text.del_key_byte
                0x0000000000004e56       0x1e .build/obj_Dactylv2led_rev2_Default/common/report.o
                0x0000000000004e56                del_key_byte
 .text.add_key_to_report
                0x0000000000004e74        0x4 .build/obj_Dactylv2led_rev2_Default/common/report.o
                0x0000000000004e74                add_key_to_report
 .text.del_key_from_report
                0x0000000000004e78        0x4 .build/obj_Dactylv2led_rev2_Default/common/report.o
                0x0000000000004e78                del_key_from_report
 .text.clear_keys_from_report
                0x0000000000004e7c       0x18 .build/obj_Dactylv2led_rev2_Default/common/report.o
                0x0000000000004e7c                clear_keys_from_report
 .text.suspend_power_down
                0x0000000000004e94       0x52 .build/obj_Dactylv2led_rev2_Default/common/avr/suspend.o
                0x0000000000004e94                suspend_power_down
 .text.matrix_power_up
                0x0000000000004ee6        0x2 .build/obj_Dactylv2led_rev2_Default/common/avr/suspend.o
                0x0000000000004ee6                matrix_power_up
 .text.matrix_power_down
                0x0000000000004ee8        0x2 .build/obj_Dactylv2led_rev2_Default/common/avr/suspend.o
                0x0000000000004ee8                matrix_power_down
 .text.suspend_wakeup_condition
                0x0000000000004eea       0x2a .build/obj_Dactylv2led_rev2_Default/common/avr/suspend.o
                0x0000000000004eea                suspend_wakeup_condition
 .text.suspend_wakeup_init
                0x0000000000004f14        0xc .build/obj_Dactylv2led_rev2_Default/common/avr/suspend.o
                0x0000000000004f14                suspend_wakeup_init
 .text.__vector_12
                0x0000000000004f20       0x52 .build/obj_Dactylv2led_rev2_Default/common/avr/suspend.o
                0x0000000000004f20                __vector_12
 .text.timer_init
                0x0000000000004f72       0x12 .build/obj_Dactylv2led_rev2_Default/common/avr/timer.o
                0x0000000000004f72                timer_init
 .text.timer_read
                0x0000000000004f84       0x18 .build/obj_Dactylv2led_rev2_Default/common/avr/timer.o
                0x0000000000004f84                timer_read
 .text.timer_elapsed
                0x0000000000004f9c       0x52 .build/obj_Dactylv2led_rev2_Default/common/avr/timer.o
                0x0000000000004f9c                timer_elapsed
 .text.__vector_21
                0x0000000000004fee       0x4c .build/obj_Dactylv2led_rev2_Default/common/avr/timer.o
                0x0000000000004fee                __vector_21
 .text.bootloader_jump
                0x000000000000503a       0x24 .build/obj_Dactylv2led_rev2_Default/common/avr/bootloader.o
                0x000000000000503a                bootloader_jump
 .text.magic    0x000000000000505e       0x32 .build/obj_Dactylv2led_rev2_Default/common/magic.o
                0x000000000000505e                magic
 .text.move_unit
                0x0000000000005090       0x90 .build/obj_Dactylv2led_rev2_Default/common/mousekey.o
 .text.wheel_unit
                0x0000000000005120       0x72 .build/obj_Dactylv2led_rev2_Default/common/mousekey.o
 .text.mousekey_on
                0x0000000000005192       0xd0 .build/obj_Dactylv2led_rev2_Default/common/mousekey.o
                0x0000000000005192                mousekey_on
 .text.mousekey_off
                0x0000000000005262      0x10a .build/obj_Dactylv2led_rev2_Default/common/mousekey.o
                0x0000000000005262                mousekey_off
 .text.mousekey_send
                0x000000000000536c       0x16 .build/obj_Dactylv2led_rev2_Default/common/mousekey.o
                0x000000000000536c                mousekey_send
 .text.mousekey_task
                0x0000000000005382      0x112 .build/obj_Dactylv2led_rev2_Default/common/mousekey.o
                0x0000000000005382                mousekey_task
 .text.mousekey_clear
                0x0000000000005494       0x18 .build/obj_Dactylv2led_rev2_Default/common/mousekey.o
                0x0000000000005494                mousekey_clear
 .text.mousekey_param_inc
                0x00000000000054ac       0xec .build/obj_Dactylv2led_rev2_Default/common/command.o
 .text.mousekey_param_dec
                0x0000000000005598       0xa0 .build/obj_Dactylv2led_rev2_Default/common/command.o
 .text.command_common
                0x0000000000005638      0x144 .build/obj_Dactylv2led_rev2_Default/common/command.o
 .text.command_extra
                0x000000000000577c        0x4 .build/obj_Dactylv2led_rev2_Default/common/command.o
                0x000000000000577c                command_extra
 .text.command_console_extra
                0x0000000000005780        0x4 .build/obj_Dactylv2led_rev2_Default/common/command.o
                0x0000000000005780                command_console_extra
 .text.numkey2num
                0x0000000000005784       0x16 .build/obj_Dactylv2led_rev2_Default/common/command.o
                0x0000000000005784                numkey2num
 .text.command_proc
                0x000000000000579a      0x128 .build/obj_Dactylv2led_rev2_Default/common/command.o
                0x000000000000579a                command_proc
 .text.keyboard_leds
                0x00000000000058c2        0x6 .build/obj_Dactylv2led_rev2_Default/lufa.o
 .text.send_consumer
                0x00000000000058c8       0x74 .build/obj_Dactylv2led_rev2_Default/lufa.o
 .text.send_system
                0x000000000000593c       0x6c .build/obj_Dactylv2led_rev2_Default/lufa.o
 .text.send_mouse
                0x00000000000059a8       0x56 .build/obj_Dactylv2led_rev2_Default/lufa.o
 .text.send_keyboard
                0x00000000000059fe       0x66 .build/obj_Dactylv2led_rev2_Default/lufa.o
 .text.EVENT_USB_Device_Connect
                0x0000000000005a64       0x1c .build/obj_Dactylv2led_rev2_Default/lufa.o
                0x0000000000005a64                EVENT_USB_Device_Connect
 .text.EVENT_USB_Device_Disconnect
                0x0000000000005a80        0x6 .build/obj_Dactylv2led_rev2_Default/lufa.o
                0x0000000000005a80                EVENT_USB_Device_Disconnect
 .text.EVENT_USB_Device_Reset
                0x0000000000005a86        0x2 .build/obj_Dactylv2led_rev2_Default/lufa.o
                0x0000000000005a86                EVENT_USB_Device_Reset
 .text.EVENT_USB_Device_Suspend
                0x0000000000005a88        0x2 .build/obj_Dactylv2led_rev2_Default/lufa.o
                0x0000000000005a88                EVENT_USB_Device_Suspend
 .text.EVENT_USB_Device_WakeUp
                0x0000000000005a8a        0x4 .build/obj_Dactylv2led_rev2_Default/lufa.o
                0x0000000000005a8a                EVENT_USB_Device_WakeUp
 .text.EVENT_USB_Device_ConfigurationChanged
                0x0000000000005a8e       0x1e .build/obj_Dactylv2led_rev2_Default/lufa.o
                0x0000000000005a8e                EVENT_USB_Device_ConfigurationChanged
 .text.EVENT_USB_Device_ControlRequest
                0x0000000000005aac      0x160 .build/obj_Dactylv2led_rev2_Default/lufa.o
                0x0000000000005aac                EVENT_USB_Device_ControlRequest
 .text.startup.main
                0x0000000000005c0c       0x74 .build/obj_Dactylv2led_rev2_Default/lufa.o
                0x0000000000005c0c                main
 .text.CALLBACK_USB_GetDescriptor
                0x0000000000005c80        0x4 .build/obj_Dactylv2led_rev2_Default/lufa.o
                0x0000000000005c80                CALLBACK_USB_GetDescriptor
 .text.get_usb_descriptor
                0x0000000000005c84       0xbe .build/obj_Dactylv2led_rev2_Default/usb_descriptor.o
                0x0000000000005c84                get_usb_descriptor
 .text.set_output_user
                0x0000000000005d42        0x2 .build/obj_Dactylv2led_rev2_Default/outputselect.o
                0x0000000000005d42                set_output_user
 .text.set_output
                0x0000000000005d44       0x10 .build/obj_Dactylv2led_rev2_Default/outputselect.o
                0x0000000000005d44                set_output
 .text.auto_detect_output
                0x0000000000005d54       0x10 .build/obj_Dactylv2led_rev2_Default/outputselect.o
                0x0000000000005d54                auto_detect_output
 .text.where_to_send
                0x0000000000005d64        0xe .build/obj_Dactylv2led_rev2_Default/outputselect.o
                0x0000000000005d64                where_to_send
 .text.USB_Device_SendRemoteWakeup
                0x0000000000005d72       0x2c .build/obj_Dactylv2led_rev2_Default/./lib/lufa/LUFA/Drivers/USB/Core/AVR8/Device_AVR8.o
                0x0000000000005d72                USB_Device_SendRemoteWakeup
 .text.Endpoint_Write_Stream_LE
                0x0000000000005d9e       0x92 .build/obj_Dactylv2led_rev2_Default/./lib/lufa/LUFA/Drivers/USB/Core/AVR8/EndpointStream_AVR8.o
                0x0000000000005d9e                Endpoint_Write_Stream_LE
 .text.Endpoint_Write_Control_Stream_LE
                0x0000000000005e30       0xc2 .build/obj_Dactylv2led_rev2_Default/./lib/lufa/LUFA/Drivers/USB/Core/AVR8/EndpointStream_AVR8.o
                0x0000000000005e30                Endpoint_Write_Control_Stream_LE
 .text.Endpoint_Write_Control_PStream_LE
                0x0000000000005ef2       0xc4 .build/obj_Dactylv2led_rev2_Default/./lib/lufa/LUFA/Drivers/USB/Core/AVR8/EndpointStream_AVR8.o
                0x0000000000005ef2                Endpoint_Write_Control_PStream_LE
 .text.Endpoint_ConfigureEndpoint_Prv
                0x0000000000005fb6       0x6a .build/obj_Dactylv2led_rev2_Default/./lib/lufa/LUFA/Drivers/USB/Core/AVR8/Endpoint_AVR8.o
                0x0000000000005fb6                Endpoint_ConfigureEndpoint_Prv
 .text.Endpoint_ClearStatusStage
                0x0000000000006020       0x42 .build/obj_Dactylv2led_rev2_Default/./lib/lufa/LUFA/Drivers/USB/Core/AVR8/Endpoint_AVR8.o
                0x0000000000006020                Endpoint_ClearStatusStage
 .text.Endpoint_WaitUntilReady
                0x0000000000006062       0x60 .build/obj_Dactylv2led_rev2_Default/./lib/lufa/LUFA/Drivers/USB/Core/AVR8/Endpoint_AVR8.o
                0x0000000000006062                Endpoint_WaitUntilReady
 .text.USB_Disable
                0x00000000000060c2       0x34 .build/obj_Dactylv2led_rev2_Default/./lib/lufa/LUFA/Drivers/USB/Core/AVR8/USBController_AVR8.o
                0x00000000000060c2                USB_Disable
 .text.USB_ResetInterface
                0x00000000000060f6       0x86 .build/obj_Dactylv2led_rev2_Default/./lib/lufa/LUFA/Drivers/USB/Core/AVR8/USBController_AVR8.o
                0x00000000000060f6                USB_ResetInterface
 .text.USB_Init
                0x000000000000617c       0x22 .build/obj_Dactylv2led_rev2_Default/./lib/lufa/LUFA/Drivers/USB/Core/AVR8/USBController_AVR8.o
                0x000000000000617c                USB_Init
 .text.USB_INT_DisableAllInterrupts
                0x000000000000619e       0x10 .build/obj_Dactylv2led_rev2_Default/./lib/lufa/LUFA/Drivers/USB/Core/AVR8/USBInterrupt_AVR8.o
                0x000000000000619e                USB_INT_DisableAllInterrupts
 .text.USB_INT_ClearAllInterrupts
                0x00000000000061ae        0xa .build/obj_Dactylv2led_rev2_Default/./lib/lufa/LUFA/Drivers/USB/Core/AVR8/USBInterrupt_AVR8.o
                0x00000000000061ae                USB_INT_ClearAllInterrupts
 .text.__vector_10
                0x00000000000061b8      0x1a4 .build/obj_Dactylv2led_rev2_Default/./lib/lufa/LUFA/Drivers/USB/Core/AVR8/USBInterrupt_AVR8.o
                0x00000000000061b8                __vector_10
 .text.__vector_11
                0x000000000000635c       0x78 .build/obj_Dactylv2led_rev2_Default/./lib/lufa/LUFA/Drivers/USB/Core/AVR8/USBInterrupt_AVR8.o
                0x000000000000635c                __vector_11
 .text.USB_Device_ProcessControlRequest
                0x00000000000063d4      0x2ac .build/obj_Dactylv2led_rev2_Default/./lib/lufa/LUFA/Drivers/USB/Core/DeviceStandardReq.o
                0x00000000000063d4                USB_Device_ProcessControlRequest
 .text.USB_Event_Stub
                0x0000000000006680        0x2 .build/obj_Dactylv2led_rev2_Default/./lib/lufa/LUFA/Drivers/USB/Core/Events.o
                0x0000000000006680                USB_Event_Stub
                0x0000000000006680                EVENT_USB_Device_StartOfFrame
 .text.USB_USBTask
                0x0000000000006682       0x3a .build/obj_Dactylv2led_rev2_Default/./lib/lufa/LUFA/Drivers/USB/Core/USBTask.o
                0x0000000000006682                USB_USBTask
 .text.avr-libc.fplib
                0x00000000000066bc        0xa /usr/lib/gcc/avr/4.8.2/../../../avr/lib/avr5/libm.a(addsf3.o)
                0x00000000000066bc                __subsf3
                0x00000000000066be                __addsf3
 .text.avr-libc.fplib
                0x00000000000066c6       0xc0 /usr/lib/gcc/avr/4.8.2/../../../avr/lib/avr5/libm.a(addsf3x.o)
                0x00000000000066e0                __addsf3x
 .text.avr-libc.fplib
                0x0000000000006786        0x4 /usr/lib/gcc/avr/4.8.2/../../../avr/lib/avr5/libm.a(divsf3.o)
                0x0000000000006786                __divsf3
 .text.avr-libc.fplib
                0x000000000000678a       0xcc /usr/lib/gcc/avr/4.8.2/../../../avr/lib/avr5/libm.a(divsf3x.o)
                0x00000000000067a0                __divsf3x
                0x00000000000067a4                __divsf3_pse
 .text.avr-libc.fplib
                0x0000000000006856       0x62 /usr/lib/gcc/avr/4.8.2/../../../avr/lib/avr5/libm.a(exp.o)
                0x0000000000006860                exp
 .text.avr-libc.fplib
                0x00000000000068b8       0x58 /usr/lib/gcc/avr/4.8.2/../../../avr/lib/avr5/libm.a(fixunssfsi.o)
                0x00000000000068b8                __fixunssfsi
 .text.avr-libc.fplib
                0x0000000000006910       0x7a /usr/lib/gcc/avr/4.8.2/../../../avr/lib/avr5/libm.a(floatsisf.o)
                0x0000000000006910                __floatunsisf
                0x0000000000006914                __floatsisf
 .text.avr-libc.fplib
                0x000000000000698a        0xc /usr/lib/gcc/avr/4.8.2/../../../avr/lib/avr5/libm.a(fp_inf.o)
                0x000000000000698a                __fp_inf
 .text.avr-libc.fplib
                0x0000000000006996        0x6 /usr/lib/gcc/avr/4.8.2/../../../avr/lib/avr5/libm.a(fp_nan.o)
                0x0000000000006996                __fp_nan
 .text.avr-libc.fplib
                0x000000000000699c       0x4a /usr/lib/gcc/avr/4.8.2/../../../avr/lib/avr5/libm.a(fp_powser.o)
                0x000000000000699c                __fp_powser
 .text.avr-libc.fplib
                0x00000000000069e6        0xe /usr/lib/gcc/avr/4.8.2/../../../avr/lib/avr5/libm.a(fp_pscA.o)
                0x00000000000069e6                __fp_pscA
 .text.avr-libc.fplib
                0x00000000000069f4        0xe /usr/lib/gcc/avr/4.8.2/../../../avr/lib/avr5/libm.a(fp_pscB.o)
                0x00000000000069f4                __fp_pscB
 .text.avr-libc.fplib
                0x0000000000006a02       0x22 /usr/lib/gcc/avr/4.8.2/../../../avr/lib/avr5/libm.a(fp_round.o)
                0x0000000000006a02                __fp_round
 .text.avr-libc.fplib
                0x0000000000006a24       0x44 /usr/lib/gcc/avr/4.8.2/../../../avr/lib/avr5/libm.a(fp_split3.o)
                0x0000000000006a24                __fp_split3
                0x0000000000006a34                __fp_splitA
 .text.avr-libc.fplib
                0x0000000000006a68        0xe /usr/lib/gcc/avr/4.8.2/../../../avr/lib/avr5/libm.a(fp_zero.o)
                0x0000000000006a68                __fp_zero
                0x0000000000006a6a                __fp_szero
 .text.avr-libc.fplib
                0x0000000000006a76        0xe /usr/lib/gcc/avr/4.8.2/../../../avr/lib/avr5/libm.a(inverse.o)
                0x0000000000006a76                inverse
 .text.avr-libc.fplib
                0x0000000000006a84       0x6c /usr/lib/gcc/avr/4.8.2/../../../avr/lib/avr5/libm.a(ldexp.o)
                0x0000000000006a88                ldexp
 .text.avr-libc.fplib
                0x0000000000006af0       0x66 /usr/lib/gcc/avr/4.8.2/../../../avr/lib/avr5/libm.a(modf.o)
                0x0000000000006af0                modff
                0x0000000000006af0                modf
 .text.avr-libc.fplib
                0x0000000000006b56        0x4 /usr/lib/gcc/avr/4.8.2/../../../avr/lib/avr5/libm.a(mulsf3.o)
                0x0000000000006b56                __mulsf3
 .text.avr-libc.fplib
                0x0000000000006b5a       0xc2 /usr/lib/gcc/avr/4.8.2/../../../avr/lib/avr5/libm.a(mulsf3x.o)
                0x0000000000006b6e                __mulsf3x
                0x0000000000006b72                __mulsf3_pse
 .text.avr-libc.fplib
                0x0000000000006c1c        0xc /usr/lib/gcc/avr/4.8.2/../../../avr/lib/avr5/libm.a(sin.o)
                0x0000000000006c1c                sin
 .text.avr-libc.fplib
                0x0000000000006c28       0x1c /usr/lib/gcc/avr/4.8.2/../../../avr/lib/avr5/libm.a(fp_mpack.o)
                0x0000000000006c28                __fp_mpack
                0x0000000000006c2c                __fp_mpack_finite
 .text.avr-libc.fplib
                0x0000000000006c44       0x50 /usr/lib/gcc/avr/4.8.2/../../../avr/lib/avr5/libm.a(fp_rempio2.o)
                0x0000000000006c46                __fp_rempio2
 .text.avr-libc.fplib
                0x0000000000006c94       0x22 /usr/lib/gcc/avr/4.8.2/../../../avr/lib/avr5/libm.a(fp_sinus.o)
                0x0000000000006c94                __fp_sinus
 .text.avr-libc.fplib
                0x0000000000006cb6       0x22 /usr/lib/gcc/avr/4.8.2/../../../avr/lib/avr5/libm.a(fp_powsodd.o)
                0x0000000000006cb6                __fp_powsodd
 .text.libgcc.div
                0x0000000000006cd8       0x28 /usr/lib/gcc/avr/4.8.2/avr5/libgcc.a(_udivmodhi4.o)
                0x0000000000006cd8                __udivmodhi4
 .text.libgcc.div
                0x0000000000006d00       0x28 /usr/lib/gcc/avr/4.8.2/avr5/libgcc.a(_divmodhi4.o)
                0x0000000000006d00                __divmodhi4
                0x0000000000006d00                _div
 .text.libgcc   0x0000000000006d28        0xc /usr/lib/gcc/avr/4.8.2/avr5/libgcc.a(_tablejump.o)
                0x0000000000006d28                __tablejump2__
                0x0000000000006d2c                __tablejump__
 .text.avr-libc
                0x0000000000006d34       0x10 /usr/lib/gcc/avr/4.8.2/../../../avr/lib/avr5/libc.a(eerd_byte_atmega32u4.o)
                0x0000000000006d34                __eerd_byte_m32u4
 .text.avr-libc
                0x0000000000006d44        0xc /usr/lib/gcc/avr/4.8.2/../../../avr/lib/avr5/libc.a(eerd_dword_atmega32u4.o)
                0x0000000000006d44                __eerd_dword_m32u4
                0x0000000000006d44                __eerd_float_m32u4
 .text.avr-libc
                0x0000000000006d50        0xc /usr/lib/gcc/avr/4.8.2/../../../avr/lib/avr5/libc.a(eerd_word_atmega32u4.o)
                0x0000000000006d50                __eerd_word_m32u4
 .text.avr-libc
                0x0000000000006d5c       0x24 /usr/lib/gcc/avr/4.8.2/../../../avr/lib/avr5/libc.a(eeupd_byte_atmega32u4.o)
                0x0000000000006d5c                __eeupd_byte_m32u4
                0x0000000000006d5e                __eeupd_r18_m32u4
 .text.avr-libc
                0x0000000000006d80       0x18 /usr/lib/gcc/avr/4.8.2/../../../avr/lib/avr5/libc.a(eeupd_dword_atmega32u4.o)
                0x0000000000006d80                __eeupd_float_m32u4
                0x0000000000006d80                __eeupd_dword_m32u4
 .text.avr-libc
                0x0000000000006d98        0xc /usr/lib/gcc/avr/4.8.2/../../../avr/lib/avr5/libc.a(eeupd_word_atmega32u4.o)
                0x0000000000006d98                __eeupd_word_m32u4
 .text.avr-libc
                0x0000000000006da4       0x20 /usr/lib/gcc/avr/4.8.2/../../../avr/lib/avr5/libc.a(eerd_block_atmega32u4.o)
                0x0000000000006da4                __eerd_block_m32u4
                0x0000000000006da8                __eerd_blraw_m32u4
                0x0000000000006dc4                . = ALIGN (0x2)
 *(.fini9)
 .fini9         0x0000000000006dc4        0x0 /usr/lib/gcc/avr/4.8.2/avr5/libgcc.a(_exit.o)
                0x0000000000006dc4                exit
                0x0000000000006dc4                _exit
 *(.fini9)
 *(.fini8)
 *(.fini8)
 *(.fini7)
 *(.fini7)
 *(.fini6)
 *(.fini6)
 *(.fini5)
 *(.fini5)
 *(.fini4)
 *(.fini4)
 *(.fini3)
 *(.fini3)
 *(.fini2)
 *(.fini2)
 *(.fini1)
 *(.fini1)
 *(.fini0)
 .fini0         0x0000000000006dc4        0x4 /usr/lib/gcc/avr/4.8.2/avr5/libgcc.a(_exit.o)
 *(.fini0)
                0x0000000000006dc8                _etext = .

.data           0x0000000000800100       0x94 load address 0x0000000000006dc8
                0x0000000000800100                PROVIDE (__data_start, .)
 *(.data)
 .data          0x0000000000800100        0x0 /usr/lib/gcc/avr/4.8.2/../../../avr/lib/avr5/crtm32u4.o
 .data          0x0000000000800100        0x0 .build/obj_Dactylv2led_rev2_Default/matrix.o
 .data          0x0000000000800100        0x0 .build/obj_Dactylv2led_rev2_Default/i2c.o
 .data          0x0000000000800100        0x0 .build/obj_Dactylv2led_rev2_Default/split_util.o
 .data          0x0000000000800100        0x0 .build/obj_Dactylv2led_rev2_Default/serial.o
 .data          0x0000000000800100        0x0 .build/obj_Dactylv2led_rev2_Default/ssd1306.o
 .data          0x0000000000800100        0x0 .build/obj_Dactylv2led_rev2_Default/keyboards/Dactylv2led/rev2/rev2.o
 .data          0x0000000000800100        0x0 .build/obj_Dactylv2led_rev2_Default/keyboards/Dactylv2led/keymaps/Default/keymap.o
 .data          0x0000000000800100        0x0 .build/obj_Dactylv2led_rev2_Default/quantum/quantum.o
 .data          0x0000000000800100        0x0 .build/obj_Dactylv2led_rev2_Default/quantum/keymap_common.o
 .data          0x0000000000800100        0x0 .build/obj_Dactylv2led_rev2_Default/quantum/keycode_config.o
 .data          0x0000000000800100        0x0 .build/obj_Dactylv2led_rev2_Default/quantum/process_keycode/process_leader.o
 .data          0x0000000000800100        0x0 .build/obj_Dactylv2led_rev2_Default/quantum/rgblight.o
 .data          0x0000000000800100        0x0 .build/obj_Dactylv2led_rev2_Default/ws2812.o
 .data          0x0000000000800100        0x0 .build/obj_Dactylv2led_rev2_Default/quantum/process_keycode/process_tap_dance.o
 .data          0x0000000000800100        0x0 .build/obj_Dactylv2led_rev2_Default/quantum/led_tables.o
 .data          0x0000000000800100        0x0 .build/obj_Dactylv2led_rev2_Default/common/host.o
 .data          0x0000000000800100        0x0 .build/obj_Dactylv2led_rev2_Default/common/keyboard.o
 .data          0x0000000000800100        0x0 .build/obj_Dactylv2led_rev2_Default/common/action.o
 .data          0x0000000000800100        0x0 .build/obj_Dactylv2led_rev2_Default/common/action_tapping.o
 .data          0x0000000000800100        0x0 .build/obj_Dactylv2led_rev2_Default/common/action_macro.o
 .data          0x0000000000800100        0x0 .build/obj_Dactylv2led_rev2_Default/common/action_layer.o
 .data          0x0000000000800100        0x0 .build/obj_Dactylv2led_rev2_Default/common/action_util.o
 .data          0x0000000000800100        0x0 .build/obj_Dactylv2led_rev2_Default/common/print.o
 .data          0x0000000000800100        0x0 .build/obj_Dactylv2led_rev2_Default/common/debug.o
 .data          0x0000000000800100        0x0 .build/obj_Dactylv2led_rev2_Default/common/util.o
 .data          0x0000000000800100        0x0 .build/obj_Dactylv2led_rev2_Default/common/eeconfig.o
 .data          0x0000000000800100        0x0 .build/obj_Dactylv2led_rev2_Default/common/report.o
 .data          0x0000000000800100        0x0 .build/obj_Dactylv2led_rev2_Default/common/avr/suspend.o
 .data          0x0000000000800100        0x0 .build/obj_Dactylv2led_rev2_Default/common/avr/timer.o
 .data          0x0000000000800100        0x0 .build/obj_Dactylv2led_rev2_Default/common/avr/bootloader.o
 .data          0x0000000000800100        0x0 .build/obj_Dactylv2led_rev2_Default/common/avr/xprintf.o
 .data          0x0000000000800100        0x0 .build/obj_Dactylv2led_rev2_Default/common/magic.o
 .data          0x0000000000800100        0x0 .build/obj_Dactylv2led_rev2_Default/common/mousekey.o
 .data          0x0000000000800100        0x0 .build/obj_Dactylv2led_rev2_Default/common/command.o
 .data          0x0000000000800100        0x0 .build/obj_Dactylv2led_rev2_Default/lufa.o
 .data          0x0000000000800100        0x0 .build/obj_Dactylv2led_rev2_Default/usb_descriptor.o
 .data          0x0000000000800100        0x0 .build/obj_Dactylv2led_rev2_Default/outputselect.o
 .data          0x0000000000800100        0x0 .build/obj_Dactylv2led_rev2_Default/./lib/lufa/LUFA/Drivers/USB/Class/Common/HIDParser.o
 .data          0x0000000000800100        0x0 .build/obj_Dactylv2led_rev2_Default/./lib/lufa/LUFA/Drivers/USB/Core/AVR8/Device_AVR8.o
 .data          0x0000000000800100        0x0 .build/obj_Dactylv2led_rev2_Default/./lib/lufa/LUFA/Drivers/USB/Core/AVR8/EndpointStream_AVR8.o
 .data          0x0000000000800100        0x0 .build/obj_Dactylv2led_rev2_Default/./lib/lufa/LUFA/Drivers/USB/Core/AVR8/Endpoint_AVR8.o
 .data          0x0000000000800100        0x0 .build/obj_Dactylv2led_rev2_Default/./lib/lufa/LUFA/Drivers/USB/Core/AVR8/Host_AVR8.o
 .data          0x0000000000800100        0x0 .build/obj_Dactylv2led_rev2_Default/./lib/lufa/LUFA/Drivers/USB/Core/AVR8/PipeStream_AVR8.o
 .data          0x0000000000800100        0x0 .build/obj_Dactylv2led_rev2_Default/./lib/lufa/LUFA/Drivers/USB/Core/AVR8/Pipe_AVR8.o
 .data          0x0000000000800100        0x0 .build/obj_Dactylv2led_rev2_Default/./lib/lufa/LUFA/Drivers/USB/Core/AVR8/USBController_AVR8.o
 .data          0x0000000000800100        0x0 .build/obj_Dactylv2led_rev2_Default/./lib/lufa/LUFA/Drivers/USB/Core/AVR8/USBInterrupt_AVR8.o
 .data          0x0000000000800100        0x0 .build/obj_Dactylv2led_rev2_Default/./lib/lufa/LUFA/Drivers/USB/Core/ConfigDescriptors.o
 .data          0x0000000000800100        0x0 .build/obj_Dactylv2led_rev2_Default/./lib/lufa/LUFA/Drivers/USB/Core/DeviceStandardReq.o
 .data          0x0000000000800100        0x0 .build/obj_Dactylv2led_rev2_Default/./lib/lufa/LUFA/Drivers/USB/Core/Events.o
 .data          0x0000000000800100        0x0 .build/obj_Dactylv2led_rev2_Default/./lib/lufa/LUFA/Drivers/USB/Core/HostStandardReq.o
 .data          0x0000000000800100        0x0 .build/obj_Dactylv2led_rev2_Default/./lib/lufa/LUFA/Drivers/USB/Core/USBTask.o
 .data          0x0000000000800100        0x0 /usr/lib/gcc/avr/4.8.2/../../../avr/lib/avr5/libm.a(addsf3.o)
 .data          0x0000000000800100        0x0 /usr/lib/gcc/avr/4.8.2/../../../avr/lib/avr5/libm.a(addsf3x.o)
 .data          0x0000000000800100        0x0 /usr/lib/gcc/avr/4.8.2/../../../avr/lib/avr5/libm.a(divsf3.o)
 .data          0x0000000000800100        0x0 /usr/lib/gcc/avr/4.8.2/../../../avr/lib/avr5/libm.a(divsf3x.o)
 .data          0x0000000000800100        0x0 /usr/lib/gcc/avr/4.8.2/../../../avr/lib/avr5/libm.a(exp.o)
 .data          0x0000000000800100        0x0 /usr/lib/gcc/avr/4.8.2/../../../avr/lib/avr5/libm.a(fixunssfsi.o)
 .data          0x0000000000800100        0x0 /usr/lib/gcc/avr/4.8.2/../../../avr/lib/avr5/libm.a(floatsisf.o)
 .data          0x0000000000800100        0x0 /usr/lib/gcc/avr/4.8.2/../../../avr/lib/avr5/libm.a(fp_inf.o)
 .data          0x0000000000800100        0x0 /usr/lib/gcc/avr/4.8.2/../../../avr/lib/avr5/libm.a(fp_nan.o)
 .data          0x0000000000800100        0x0 /usr/lib/gcc/avr/4.8.2/../../../avr/lib/avr5/libm.a(fp_powser.o)
 .data          0x0000000000800100        0x0 /usr/lib/gcc/avr/4.8.2/../../../avr/lib/avr5/libm.a(fp_pscA.o)
 .data          0x0000000000800100        0x0 /usr/lib/gcc/avr/4.8.2/../../../avr/lib/avr5/libm.a(fp_pscB.o)
 .data          0x0000000000800100        0x0 /usr/lib/gcc/avr/4.8.2/../../../avr/lib/avr5/libm.a(fp_round.o)
 .data          0x0000000000800100        0x0 /usr/lib/gcc/avr/4.8.2/../../../avr/lib/avr5/libm.a(fp_split3.o)
 .data          0x0000000000800100        0x0 /usr/lib/gcc/avr/4.8.2/../../../avr/lib/avr5/libm.a(fp_zero.o)
 .data          0x0000000000800100        0x0 /usr/lib/gcc/avr/4.8.2/../../../avr/lib/avr5/libm.a(inverse.o)
 .data          0x0000000000800100        0x0 /usr/lib/gcc/avr/4.8.2/../../../avr/lib/avr5/libm.a(ldexp.o)
 .data          0x0000000000800100        0x0 /usr/lib/gcc/avr/4.8.2/../../../avr/lib/avr5/libm.a(modf.o)
 .data          0x0000000000800100        0x0 /usr/lib/gcc/avr/4.8.2/../../../avr/lib/avr5/libm.a(mulsf3.o)
 .data          0x0000000000800100        0x0 /usr/lib/gcc/avr/4.8.2/../../../avr/lib/avr5/libm.a(mulsf3x.o)
 .data          0x0000000000800100        0x0 /usr/lib/gcc/avr/4.8.2/../../../avr/lib/avr5/libm.a(sin.o)
 .data          0x0000000000800100        0x0 /usr/lib/gcc/avr/4.8.2/../../../avr/lib/avr5/libm.a(fp_mpack.o)
 .data          0x0000000000800100        0x0 /usr/lib/gcc/avr/4.8.2/../../../avr/lib/avr5/libm.a(fp_rempio2.o)
 .data          0x0000000000800100        0x0 /usr/lib/gcc/avr/4.8.2/../../../avr/lib/avr5/libm.a(fp_sinus.o)
 .data          0x0000000000800100        0x0 /usr/lib/gcc/avr/4.8.2/../../../avr/lib/avr5/libm.a(fp_powsodd.o)
 .data          0x0000000000800100        0x0 /usr/lib/gcc/avr/4.8.2/avr5/libgcc.a(_udivmodhi4.o)
 .data          0x0000000000800100        0x0 /usr/lib/gcc/avr/4.8.2/avr5/libgcc.a(_divmodhi4.o)
 .data          0x0000000000800100        0x0 /usr/lib/gcc/avr/4.8.2/avr5/libgcc.a(_exit.o)
 .data          0x0000000000800100        0x0 /usr/lib/gcc/avr/4.8.2/avr5/libgcc.a(_tablejump.o)
 .data          0x0000000000800100        0x0 /usr/lib/gcc/avr/4.8.2/avr5/libgcc.a(_copy_data.o)
 .data          0x0000000000800100        0x0 /usr/lib/gcc/avr/4.8.2/avr5/libgcc.a(_clear_bss.o)
 .data          0x0000000000800100        0x0 /usr/lib/gcc/avr/4.8.2/../../../avr/lib/avr5/libc.a(memmove.o)
 .data          0x0000000000800100        0x0 /usr/lib/gcc/avr/4.8.2/../../../avr/lib/avr5/libc.a(eerd_byte_atmega32u4.o)
 .data          0x0000000000800100        0x0 /usr/lib/gcc/avr/4.8.2/../../../avr/lib/avr5/libc.a(eerd_dword_atmega32u4.o)
 .data          0x0000000000800100        0x0 /usr/lib/gcc/avr/4.8.2/../../../avr/lib/avr5/libc.a(eerd_word_atmega32u4.o)
 .data          0x0000000000800100        0x0 /usr/lib/gcc/avr/4.8.2/../../../avr/lib/avr5/libc.a(eeupd_byte_atmega32u4.o)
 .data          0x0000000000800100        0x0 /usr/lib/gcc/avr/4.8.2/../../../avr/lib/avr5/libc.a(eeupd_dword_atmega32u4.o)
 .data          0x0000000000800100        0x0 /usr/lib/gcc/avr/4.8.2/../../../avr/lib/avr5/libc.a(eeupd_word_atmega32u4.o)
 .data          0x0000000000800100        0x0 /usr/lib/gcc/avr/4.8.2/../../../avr/lib/avr5/libc.a(memcpy.o)
 .data          0x0000000000800100        0x0 /usr/lib/gcc/avr/4.8.2/../../../avr/lib/avr5/libc.a(eerd_block_atmega32u4.o)
 *(.data*)
 .data.isLeftHand
                0x0000000000800100        0x1 .build/obj_Dactylv2led_rev2_Default/split_util.o
                0x0000000000800100                isLeftHand
 .data.tap_dance_actions
                0x0000000000800101       0x50 .build/obj_Dactylv2led_rev2_Default/keyboards/Dactylv2led/keymaps/Default/keymap.o
                0x0000000000800101                tap_dance_actions
 .data.increment.2325
                0x0000000000800151        0x1 .build/obj_Dactylv2led_rev2_Default/quantum/rgblight.o
 .data.high_bound.2324
                0x0000000000800152        0x1 .build/obj_Dactylv2led_rev2_Default/quantum/rgblight.o
 .data.highest_td
                0x0000000000800153        0x1 .build/obj_Dactylv2led_rev2_Default/quantum/process_keycode/process_tap_dance.o
 .data.keyboard_report
                0x0000000000800154        0x2 .build/obj_Dactylv2led_rev2_Default/common/action_util.o
                0x0000000000800154                keyboard_report
 .data.mk_wheel_time_to_max
                0x0000000000800156        0x1 .build/obj_Dactylv2led_rev2_Default/common/mousekey.o
                0x0000000000800156                mk_wheel_time_to_max
 .data.mk_wheel_max_speed
                0x0000000000800157        0x1 .build/obj_Dactylv2led_rev2_Default/common/mousekey.o
                0x0000000000800157                mk_wheel_max_speed
 .data.mk_time_to_max
                0x0000000000800158        0x1 .build/obj_Dactylv2led_rev2_Default/common/mousekey.o
                0x0000000000800158                mk_time_to_max
 .data.mk_max_speed
                0x0000000000800159        0x1 .build/obj_Dactylv2led_rev2_Default/common/mousekey.o
                0x0000000000800159                mk_max_speed
 .data.mk_interval
                0x000000000080015a        0x1 .build/obj_Dactylv2led_rev2_Default/common/mousekey.o
                0x000000000080015a                mk_interval
 .data.mk_delay
                0x000000000080015b        0x1 .build/obj_Dactylv2led_rev2_Default/common/mousekey.o
                0x000000000080015b                mk_delay
 .data.lufa_driver
                0x000000000080015c        0xa .build/obj_Dactylv2led_rev2_Default/lufa.o
                0x000000000080015c                lufa_driver
 .data.keyboard_protocol
                0x0000000000800166        0x1 .build/obj_Dactylv2led_rev2_Default/lufa.o
                0x0000000000800166                keyboard_protocol
 *(.rodata)
 *(.rodata*)
 .rodata.col_pins
                0x0000000000800167        0x6 .build/obj_Dactylv2led_rev2_Default/matrix.o
 .rodata.row_pins
                0x000000000080016d        0xe .build/obj_Dactylv2led_rev2_Default/matrix.o
 .rodata.CSWTCH.46
                0x000000000080017b        0xa .build/obj_Dactylv2led_rev2_Default/common/command.o
 .rodata.CSWTCH.3
                0x0000000000800185        0x3 .build/obj_Dactylv2led_rev2_Default/usb_descriptor.o
 .rodata.CSWTCH.2
                0x0000000000800188        0x6 .build/obj_Dactylv2led_rev2_Default/usb_descriptor.o
 .rodata.CSWTCH.1
                0x000000000080018e        0x6 .build/obj_Dactylv2led_rev2_Default/usb_descriptor.o
 *(.gnu.linkonce.d*)
                0x0000000000800194                . = ALIGN (0x2)
                0x0000000000800194                _edata = .
                0x0000000000800194                PROVIDE (__data_end, .)

.bss            0x0000000000800194      0x120
                0x0000000000800194                PROVIDE (__bss_start, .)
 *(.bss)
 *(.bss*)
 .bss.matrix    0x0000000000800194        0xe .build/obj_Dactylv2led_rev2_Default/matrix.o
 .bss.error_count
                0x00000000008001a2        0x1 .build/obj_Dactylv2led_rev2_Default/matrix.o
 .bss.matrix_debouncing
                0x00000000008001a3        0xe .build/obj_Dactylv2led_rev2_Default/matrix.o
 .bss.debouncing
                0x00000000008001b1        0x1 .build/obj_Dactylv2led_rev2_Default/matrix.o
 .bss.debouncing_time
                0x00000000008001b2        0x2 .build/obj_Dactylv2led_rev2_Default/matrix.o
 .bss.status    0x00000000008001b4        0x1 .build/obj_Dactylv2led_rev2_Default/serial.o
                0x00000000008001b4                status
 .bss.serial_master_buffer
                0x00000000008001b5        0x1 .build/obj_Dactylv2led_rev2_Default/serial.o
                0x00000000008001b5                serial_master_buffer
 .bss.serial_slave_buffer
                0x00000000008001b6        0x7 .build/obj_Dactylv2led_rev2_Default/serial.o
                0x00000000008001b6                serial_slave_buffer
 .bss.grave_esc_was_shifted
                0x00000000008001bd        0x1 .build/obj_Dactylv2led_rev2_Default/quantum/quantum.o
 .bss.scs_timer
                0x00000000008001be        0x4 .build/obj_Dactylv2led_rev2_Default/quantum/quantum.o
 .bss.shift_interrupted
                0x00000000008001c2        0x2 .build/obj_Dactylv2led_rev2_Default/quantum/quantum.o
 .bss.leader_sequence_size
                0x00000000008001c4        0x1 .build/obj_Dactylv2led_rev2_Default/quantum/process_keycode/process_leader.o
                0x00000000008001c4                leader_sequence_size
 .bss.leader_sequence
                0x00000000008001c5        0xa .build/obj_Dactylv2led_rev2_Default/quantum/process_keycode/process_leader.o
                0x00000000008001c5                leader_sequence
 .bss.leader_time
                0x00000000008001cf        0x2 .build/obj_Dactylv2led_rev2_Default/quantum/process_keycode/process_leader.o
                0x00000000008001cf                leader_time
 .bss.leading   0x00000000008001d1        0x1 .build/obj_Dactylv2led_rev2_Default/quantum/process_keycode/process_leader.o
                0x00000000008001d1                leading
 .bss.current_offset.2337
                0x00000000008001d2        0x2 .build/obj_Dactylv2led_rev2_Default/quantum/rgblight.o
 .bss.last_timer.2338
                0x00000000008001d4        0x2 .build/obj_Dactylv2led_rev2_Default/quantum/rgblight.o
 .bss.low_bound.2323
                0x00000000008001d6        0x1 .build/obj_Dactylv2led_rev2_Default/quantum/rgblight.o
 .bss.last_timer.2319
                0x00000000008001d7        0x2 .build/obj_Dactylv2led_rev2_Default/quantum/rgblight.o
 .bss.pos.2301  0x00000000008001d9        0x1 .build/obj_Dactylv2led_rev2_Default/quantum/rgblight.o
 .bss.last_timer.2302
                0x00000000008001da        0x2 .build/obj_Dactylv2led_rev2_Default/quantum/rgblight.o
 .bss.current_hue.2288
                0x00000000008001dc        0x2 .build/obj_Dactylv2led_rev2_Default/quantum/rgblight.o
 .bss.last_timer.2289
                0x00000000008001de        0x2 .build/obj_Dactylv2led_rev2_Default/quantum/rgblight.o
 .bss.current_hue.2280
                0x00000000008001e0        0x2 .build/obj_Dactylv2led_rev2_Default/quantum/rgblight.o
 .bss.last_timer.2281
                0x00000000008001e2        0x2 .build/obj_Dactylv2led_rev2_Default/quantum/rgblight.o
 .bss.pos.2271  0x00000000008001e4        0x1 .build/obj_Dactylv2led_rev2_Default/quantum/rgblight.o
 .bss.last_timer.2272
                0x00000000008001e5        0x2 .build/obj_Dactylv2led_rev2_Default/quantum/rgblight.o
 .bss.rgblight_timer_enabled
                0x00000000008001e7        0x1 .build/obj_Dactylv2led_rev2_Default/quantum/rgblight.o
                0x00000000008001e7                rgblight_timer_enabled
 .bss.rgblight_inited
                0x00000000008001e8        0x1 .build/obj_Dactylv2led_rev2_Default/quantum/rgblight.o
                0x00000000008001e8                rgblight_inited
 .bss.last_td   0x00000000008001e9        0x2 .build/obj_Dactylv2led_rev2_Default/quantum/process_keycode/process_tap_dance.o
 .bss.last_consumer_report
                0x00000000008001eb        0x2 .build/obj_Dactylv2led_rev2_Default/common/host.o
 .bss.last_system_report
                0x00000000008001ed        0x2 .build/obj_Dactylv2led_rev2_Default/common/host.o
 .bss.driver    0x00000000008001ef        0x2 .build/obj_Dactylv2led_rev2_Default/common/host.o
 .bss.led_status.2891
                0x00000000008001f1        0x1 .build/obj_Dactylv2led_rev2_Default/common/keyboard.o
 .bss.matrix_prev.2890
                0x00000000008001f2        0xe .build/obj_Dactylv2led_rev2_Default/common/keyboard.o
 .bss.waiting_buffer_tail
                0x0000000000800200        0x1 .build/obj_Dactylv2led_rev2_Default/common/action_tapping.o
 .bss.waiting_buffer_head
                0x0000000000800201        0x1 .build/obj_Dactylv2led_rev2_Default/common/action_tapping.o
 .bss.waiting_buffer
                0x0000000000800202       0x30 .build/obj_Dactylv2led_rev2_Default/common/action_tapping.o
 .bss.tapping_key
                0x0000000000800232        0x6 .build/obj_Dactylv2led_rev2_Default/common/action_tapping.o
 .bss.layer_state
                0x0000000000800238        0x4 .build/obj_Dactylv2led_rev2_Default/common/action_layer.o
                0x0000000000800238                layer_state
 .bss.default_layer_state
                0x000000000080023c        0x4 .build/obj_Dactylv2led_rev2_Default/common/action_layer.o
                0x000000000080023c                default_layer_state
 .bss.oneshot_layer_data
                0x0000000000800240        0x1 .build/obj_Dactylv2led_rev2_Default/common/action_util.o
 .bss.oneshot_mods
                0x0000000000800241        0x1 .build/obj_Dactylv2led_rev2_Default/common/action_util.o
 .bss.__compound_literal.0
                0x0000000000800242        0x8 .build/obj_Dactylv2led_rev2_Default/common/action_util.o
 .bss.macro_mods
                0x000000000080024a        0x1 .build/obj_Dactylv2led_rev2_Default/common/action_util.o
 .bss.weak_mods
                0x000000000080024b        0x1 .build/obj_Dactylv2led_rev2_Default/common/action_util.o
 .bss.real_mods
                0x000000000080024c        0x1 .build/obj_Dactylv2led_rev2_Default/common/action_util.o
 .bss.debug_config
                0x000000000080024d        0x1 .build/obj_Dactylv2led_rev2_Default/common/debug.o
                0x000000000080024d                debug_config
 .bss.wdt_timeout
                0x000000000080024e        0x1 .build/obj_Dactylv2led_rev2_Default/common/avr/suspend.o
 .bss.last_timer
                0x000000000080024f        0x2 .build/obj_Dactylv2led_rev2_Default/common/mousekey.o
 .bss.mousekey_accel
                0x0000000000800251        0x1 .build/obj_Dactylv2led_rev2_Default/common/mousekey.o
 .bss.mousekey_repeat
                0x0000000000800252        0x1 .build/obj_Dactylv2led_rev2_Default/common/mousekey.o
 .bss.mouse_report
                0x0000000000800253        0x5 .build/obj_Dactylv2led_rev2_Default/common/mousekey.o
 .bss.mousekey_param
                0x0000000000800258        0x1 .build/obj_Dactylv2led_rev2_Default/common/command.o
 .bss.command_state
                0x0000000000800259        0x1 .build/obj_Dactylv2led_rev2_Default/common/command.o
                0x0000000000800259                command_state
 .bss.keyboard_report_sent
                0x000000000080025a        0x8 .build/obj_Dactylv2led_rev2_Default/lufa.o
 .bss.keyboard_led_stats
                0x0000000000800262        0x1 .build/obj_Dactylv2led_rev2_Default/lufa.o
 .bss.keyboard_idle
                0x0000000000800263        0x1 .build/obj_Dactylv2led_rev2_Default/lufa.o
                0x0000000000800263                keyboard_idle
 .bss.desired_output
                0x0000000000800264        0x1 .build/obj_Dactylv2led_rev2_Default/outputselect.o
                0x0000000000800264                desired_output
 *(COMMON)
 COMMON         0x0000000000800265       0x3a .build/obj_Dactylv2led_rev2_Default/quantum/rgblight.o
                0x0000000000800265                rgblight_config
                0x000000000080026a                inmem_config
                0x000000000080026f                led
 COMMON         0x000000000080029f        0x2 .build/obj_Dactylv2led_rev2_Default/common/action.o
                0x000000000080029f                tp_buttons
 COMMON         0x00000000008002a1        0x4 .build/obj_Dactylv2led_rev2_Default/common/avr/timer.o
                0x00000000008002a1                timer_count