Archive member included to satisfy reference by file (symbol)

/usr/local/Cellar/avr-gcc@7/7.3.0/lib/avr-gcc/7/gcc/avr/7.3.0/avr5/libgcc.a(_divmodhi4.o)
                              .build/obj_Dactylv2_rev2_Noah/common/mousekey.o (__divmodhi4)
/usr/local/Cellar/avr-gcc@7/7.3.0/lib/avr-gcc/7/gcc/avr/7.3.0/avr5/libgcc.a(_exit.o)
                              /usr/local/Cellar/avr-gcc@7/7.3.0/lib/avr-gcc/7/gcc/avr/7.3.0/../../../../../../avr/lib/avr5/crtatmega32u4.o (exit)
/usr/local/Cellar/avr-gcc@7/7.3.0/lib/avr-gcc/7/gcc/avr/7.3.0/avr5/libgcc.a(_tablejump2.o)
                              .build/obj_Dactylv2_rev2_Noah/keyboards/Dactylv2/keymaps/Noah/keymap.o (__tablejump2__)
/usr/local/Cellar/avr-gcc@7/7.3.0/lib/avr-gcc/7/gcc/avr/7.3.0/avr5/libgcc.a(_copy_data.o)
                              .build/obj_Dactylv2_rev2_Noah/matrix.o (__do_copy_data)
/usr/local/Cellar/avr-gcc@7/7.3.0/lib/avr-gcc/7/gcc/avr/7.3.0/avr5/libgcc.a(_clear_bss.o)
                              .build/obj_Dactylv2_rev2_Noah/matrix.o (__do_clear_bss)
/usr/local/Cellar/avr-gcc@7/7.3.0/lib/avr-gcc/7/gcc/avr/7.3.0/avr5/libgcc.a(_udivmodhi4.o)
                              /usr/local/Cellar/avr-gcc@7/7.3.0/lib/avr-gcc/7/gcc/avr/7.3.0/avr5/libgcc.a(_divmodhi4.o) (__udivmodhi4)
/usr/local/Cellar/avr-gcc@7/7.3.0/lib/avr-gcc/7/gcc/avr/7.3.0/../../../../../../avr/lib/avr5/libc.a(memmove.o)
                              .build/obj_Dactylv2_rev2_Noah/./lib/lufa/LUFA/Drivers/USB/Class/Common/HIDParser.o (memmove)
/usr/local/Cellar/avr-gcc@7/7.3.0/lib/avr-gcc/7/gcc/avr/7.3.0/../../../../../../avr/lib/avr5/libc.a(memcpy.o)
                              /usr/local/Cellar/avr-gcc@7/7.3.0/lib/avr-gcc/7/gcc/avr/7.3.0/../../../../../../avr/lib/avr5/libc.a(memmove.o) (memcpy)
/usr/local/Cellar/avr-gcc@7/7.3.0/lib/avr-gcc/7/gcc/avr/7.3.0/../../../../../../avr/lib/avr5/libatmega32u4.a(eerd_byte.o)
                              .build/obj_Dactylv2_rev2_Noah/common/eeconfig.o (eeprom_read_byte)
/usr/local/Cellar/avr-gcc@7/7.3.0/lib/avr-gcc/7/gcc/avr/7.3.0/../../../../../../avr/lib/avr5/libatmega32u4.a(eerd_word.o)
                              .build/obj_Dactylv2_rev2_Noah/common/eeconfig.o (eeprom_read_word)
/usr/local/Cellar/avr-gcc@7/7.3.0/lib/avr-gcc/7/gcc/avr/7.3.0/../../../../../../avr/lib/avr5/libatmega32u4.a(eeupd_byte.o)
                              .build/obj_Dactylv2_rev2_Noah/common/eeconfig.o (eeprom_update_byte)
/usr/local/Cellar/avr-gcc@7/7.3.0/lib/avr-gcc/7/gcc/avr/7.3.0/../../../../../../avr/lib/avr5/libatmega32u4.a(eeupd_word.o)
                              .build/obj_Dactylv2_rev2_Noah/common/eeconfig.o (eeprom_update_word)
/usr/local/Cellar/avr-gcc@7/7.3.0/lib/avr-gcc/7/gcc/avr/7.3.0/../../../../../../avr/lib/avr5/libatmega32u4.a(eerd_block.o)
                              /usr/local/Cellar/avr-gcc@7/7.3.0/lib/avr-gcc/7/gcc/avr/7.3.0/../../../../../../avr/lib/avr5/libatmega32u4.a(eerd_word.o) (eeprom_read_blraw)

Allocating common symbols
Common symbol       size              file

USB_IsInitialized   0x1               .build/obj_Dactylv2_rev2_Noah/./lib/lufa/LUFA/Drivers/USB/Core/USBTask.o
keymap_config       0x2               .build/obj_Dactylv2_rev2_Noah/common/magic.o
USB_DeviceState     0x1               .build/obj_Dactylv2_rev2_Noah/./lib/lufa/LUFA/Drivers/USB/Core/USBTask.o
USB_Device_ConfigurationNumber
                    0x1               .build/obj_Dactylv2_rev2_Noah/./lib/lufa/LUFA/Drivers/USB/Core/DeviceStandardReq.o
USB_Device_CurrentlySelfPowered
                    0x1               .build/obj_Dactylv2_rev2_Noah/./lib/lufa/LUFA/Drivers/USB/Core/DeviceStandardReq.o
USB_ControlRequest  0x8               .build/obj_Dactylv2_rev2_Noah/./lib/lufa/LUFA/Drivers/USB/Core/USBTask.o
tp_buttons          0x2               .build/obj_Dactylv2_rev2_Noah/common/action.o
USB_Device_RemoteWakeupEnabled
                    0x1               .build/obj_Dactylv2_rev2_Noah/./lib/lufa/LUFA/Drivers/USB/Core/DeviceStandardReq.o
timer_count         0x4               .build/obj_Dactylv2_rev2_Noah/common/avr/timer.o

Discarded input sections

 .data          0x0000000000000000        0x0 /usr/local/Cellar/avr-gcc@7/7.3.0/lib/avr-gcc/7/gcc/avr/7.3.0/../../../../../../avr/lib/avr5/crtatmega32u4.o
 .bss           0x0000000000000000        0x0 /usr/local/Cellar/avr-gcc@7/7.3.0/lib/avr-gcc/7/gcc/avr/7.3.0/../../../../../../avr/lib/avr5/crtatmega32u4.o
 .text          0x0000000000000000        0x0 .build/obj_Dactylv2_rev2_Noah/matrix.o
 .data          0x0000000000000000        0x0 .build/obj_Dactylv2_rev2_Noah/matrix.o
 .bss           0x0000000000000000        0x0 .build/obj_Dactylv2_rev2_Noah/matrix.o
 .text.matrix_init_kb
                0x0000000000000000        0x4 .build/obj_Dactylv2_rev2_Noah/matrix.o
 .text.matrix_init_quantum
                0x0000000000000000        0x4 .build/obj_Dactylv2_rev2_Noah/matrix.o
 .text.matrix_scan_quantum
                0x0000000000000000        0x4 .build/obj_Dactylv2_rev2_Noah/matrix.o
 .text.matrix_rows
[...]
Memory Configuration

Name             Origin             Length             Attributes
text             0x0000000000000000 0x0000000000020000 xr
data             0x0000000000800060 0x000000000000ffa0 rw !x
eeprom           0x0000000000810000 0x0000000000010000 rw !x
fuse             0x0000000000820000 0x0000000000000400 rw !x
lock             0x0000000000830000 0x0000000000000400 rw !x
signature        0x0000000000840000 0x0000000000000400 rw !x
user_signatures  0x0000000000850000 0x0000000000000400 rw !x
*default*        0x0000000000000000 0xffffffffffffffff

Linker script and memory map

Address of section .data set to 0x800100
LOAD /usr/local/Cellar/avr-gcc@7/7.3.0/lib/avr-gcc/7/gcc/avr/7.3.0/../../../../../../avr/lib/avr5/crtatmega32u4.o
LOAD .build/obj_Dactylv2_rev2_Noah/matrix.o
LOAD .build/obj_Dactylv2_rev2_Noah/i2c.o
LOAD .build/obj_Dactylv2_rev2_Noah/split_util.o
LOAD .build/obj_Dactylv2_rev2_Noah/serial.o
LOAD .build/obj_Dactylv2_rev2_Noah/ssd1306.o
LOAD .build/obj_Dactylv2_rev2_Noah/keyboards/Dactylv2/rev2/rev2.o
LOAD .build/obj_Dactylv2_rev2_Noah/keyboards/Dactylv2/keymaps/Noah/keymap.o
LOAD .build/obj_Dactylv2_rev2_Noah/quantum/quantum.o
LOAD .build/obj_Dactylv2_rev2_Noah/quantum/keymap_common.o
LOAD .build/obj_Dactylv2_rev2_Noah/quantum/keycode_config.o
LOAD .build/obj_Dactylv2_rev2_Noah/quantum/process_keycode/process_leader.o
LOAD .build/obj_Dactylv2_rev2_Noah/quantum/process_keycode/process_tap_dance.o
LOAD .build/obj_Dactylv2_rev2_Noah/common/host.o
LOAD .build/obj_Dactylv2_rev2_Noah/common/keyboard.o
LOAD .build/obj_Dactylv2_rev2_Noah/common/action.o
LOAD .build/obj_Dactylv2_rev2_Noah/common/action_tapping.o
LOAD .build/obj_Dactylv2_rev2_Noah/common/action_macro.o
LOAD .build/obj_Dactylv2_rev2_Noah/common/action_layer.o
LOAD .build/obj_Dactylv2_rev2_Noah/common/action_util.o
LOAD .build/obj_Dactylv2_rev2_Noah/common/print.o
LOAD .build/obj_Dactylv2_rev2_Noah/common/debug.o
LOAD .build/obj_Dactylv2_rev2_Noah/common/util.o
LOAD .build/obj_Dactylv2_rev2_Noah/common/eeconfig.o
LOAD .build/obj_Dactylv2_rev2_Noah/common/report.o
LOAD .build/obj_Dactylv2_rev2_Noah/common/avr/suspend.o
LOAD .build/obj_Dactylv2_rev2_Noah/common/avr/timer.o
LOAD .build/obj_Dactylv2_rev2_Noah/common/avr/bootloader.o
LOAD .build/obj_Dactylv2_rev2_Noah/common/avr/xprintf.o
LOAD .build/obj_Dactylv2_rev2_Noah/common/magic.o
LOAD .build/obj_Dactylv2_rev2_Noah/common/mousekey.o
LOAD .build/obj_Dactylv2_rev2_Noah/common/command.o
LOAD .build/obj_Dactylv2_rev2_Noah/lufa.o
LOAD .build/obj_Dactylv2_rev2_Noah/usb_descriptor.o
LOAD .build/obj_Dactylv2_rev2_Noah/outputselect.o
LOAD .build/obj_Dactylv2_rev2_Noah/./lib/lufa/LUFA/Drivers/USB/Class/Common/HIDParser.o
LOAD .build/obj_Dactylv2_rev2_Noah/./lib/lufa/LUFA/Drivers/USB/Core/AVR8/Device_AVR8.o
LOAD .build/obj_Dactylv2_rev2_Noah/./lib/lufa/LUFA/Drivers/USB/Core/AVR8/EndpointStream_AVR8.o
LOAD .build/obj_Dactylv2_rev2_Noah/./lib/lufa/LUFA/Drivers/USB/Core/AVR8/Endpoint_AVR8.o
LOAD .build/obj_Dactylv2_rev2_Noah/./lib/lufa/LUFA/Drivers/USB/Core/AVR8/Host_AVR8.o
LOAD .build/obj_Dactylv2_rev2_Noah/./lib/lufa/LUFA/Drivers/USB/Core/AVR8/PipeStream_AVR8.o
LOAD .build/obj_Dactylv2_rev2_Noah/./lib/lufa/LUFA/Drivers/USB/Core/AVR8/Pipe_AVR8.o
LOAD .build/obj_Dactylv2_rev2_Noah/./lib/lufa/LUFA/Drivers/USB/Core/AVR8/USBController_AVR8.o
LOAD .build/obj_Dactylv2_rev2_Noah/./lib/lufa/LUFA/Drivers/USB/Core/AVR8/USBInterrupt_AVR8.o
LOAD .build/obj_Dactylv2_rev2_Noah/./lib/lufa/LUFA/Drivers/USB/Core/ConfigDescriptors.o
LOAD .build/obj_Dactylv2_rev2_Noah/./lib/lufa/LUFA/Drivers/USB/Core/DeviceStandardReq.o
LOAD .build/obj_Dactylv2_rev2_Noah/./lib/lufa/LUFA/Drivers/USB/Core/Events.o
LOAD .build/obj_Dactylv2_rev2_Noah/./lib/lufa/LUFA/Drivers/USB/Core/HostStandardReq.o
LOAD .build/obj_Dactylv2_rev2_Noah/./lib/lufa/LUFA/Drivers/USB/Core/USBTask.o
LOAD /usr/local/Cellar/avr-gcc@7/7.3.0/lib/avr-gcc/7/gcc/avr/7.3.0/../../../../../../avr/lib/avr5/libm.a
START GROUP
LOAD /usr/local/Cellar/avr-gcc@7/7.3.0/lib/avr-gcc/7/gcc/avr/7.3.0/avr5/libgcc.a
LOAD /usr/local/Cellar/avr-gcc@7/7.3.0/lib/avr-gcc/7/gcc/avr/7.3.0/../../../../../../avr/lib/avr5/libm.a
LOAD /usr/local/Cellar/avr-gcc@7/7.3.0/lib/avr-gcc/7/gcc/avr/7.3.0/../../../../../../avr/lib/avr5/libc.a
LOAD /usr/local/Cellar/avr-gcc@7/7.3.0/lib/avr-gcc/7/gcc/avr/7.3.0/../../../../../../avr/lib/avr5/libatmega32u4.a
END GROUP
                0x0000000000020000                __TEXT_REGION_LENGTH__ = DEFINED (__TEXT_REGION_LENGTH__)?__TEXT_REGION_LENGTH__:0x20000
                0x000000000000ffa0                __DATA_REGION_LENGTH__ = DEFINED (__DATA_REGION_LENGTH__)?__DATA_REGION_LENGTH__:0xffa0
                0x0000000000010000                __EEPROM_REGION_LENGTH__ = DEFINED (__EEPROM_REGION_LENGTH__)?__EEPROM_REGION_LENGTH__:0x10000
                0x0000000000000400                __FUSE_REGION_LENGTH__ = DEFINED (__FUSE_REGION_LENGTH__)?__FUSE_REGION_LENGTH__:0x400
                0x0000000000000400                __LOCK_REGION_LENGTH__ = DEFINED (__LOCK_REGION_LENGTH__)?__LOCK_REGION_LENGTH__:0x400
                0x0000000000000400                __SIGNATURE_REGION_LENGTH__ = DEFINED (__SIGNATURE_REGION_LENGTH__)?__SIGNATURE_REGION_LENGTH__:0x400
                0x0000000000000400                __USER_SIGNATURE_REGION_LENGTH__ = DEFINED (__USER_SIGNATURE_REGION_LENGTH__)?__USER_SIGNATURE_REGION_LENGTH__:0x400

.hash
 *(.hash)

.dynsym
 *(.dynsym)

.dynstr
 *(.dynstr)

.gnu.version
 *(.gnu.version)

.gnu.version_d
 *(.gnu.version_d)

.gnu.version_r
 *(.gnu.version_r)

.rel.init
 *(.rel.init)

.rela.init
 *(.rela.init)

.rel.text
 *(.rel.text)
 *(.rel.text.*)
 *(.rel.gnu.linkonce.t*)

.rela.text
 *(.rela.text)
 *(.rela.text.*)
 *(.rela.gnu.linkonce.t*)

.rel.fini
 *(.rel.fini)

.rela.fini
 *(.rela.fini)

.rel.rodata
 *(.rel.rodata)
 *(.rel.rodata.*)
 *(.rel.gnu.linkonce.r*)

.rela.rodata
 *(.rela.rodata)
 *(.rela.rodata.*)
 *(.rela.gnu.linkonce.r*)

.rel.data
 *(.rel.data)
 *(.rel.data.*)
 *(.rel.gnu.linkonce.d*)

.rela.data
 *(.rela.data)
 *(.rela.data.*)
 *(.rela.gnu.linkonce.d*)

.rel.ctors
 *(.rel.ctors)

.rela.ctors
 *(.rela.ctors)

.rel.dtors
 *(.rel.dtors)

.rela.dtors
 *(.rela.dtors)

.rel.got
 *(.rel.got)

.rela.got
 *(.rela.got)

.rel.bss
 *(.rel.bss)

.rela.bss
 *(.rela.bss)

.rel.plt
 *(.rel.plt)

.rela.plt
 *(.rela.plt)

.text           0x0000000000000000     0x4b98
 *(.vectors)
 .vectors       0x0000000000000000       0xac /usr/local/Cellar/avr-gcc@7/7.3.0/lib/avr-gcc/7/gcc/avr/7.3.0/../../../../../../avr/lib/avr5/crtatmega32u4.o
                0x0000000000000000                __vectors
                0x0000000000000000                __vector_default
 *(.vectors)
 *(.progmem.gcc*)
                0x00000000000000ac                . = ALIGN (0x2)
                0x00000000000000ac                __trampolines_start = .
 *(.trampolines)
 .trampolines   0x00000000000000ac        0x0 linker stubs
 *(.trampolines*)
                0x00000000000000ac                __trampolines_end = .
 *libprintf_flt.a:*(.progmem.data)
 *libc.a:*(.progmem.data)
 *(.progmem.*)
 .progmem.data.__c.3265
                0x00000000000000ac        0xd .build/obj_Dactylv2_rev2_Noah/keyboards/Dactylv2/keymaps/Noah/keymap.o
 .progmem.data.__c.3262
                0x00000000000000b9        0x7 .build/obj_Dactylv2_rev2_Noah/keyboards/Dactylv2/keymaps/Noah/keymap.o
 .progmem.data.__c.3259
                0x00000000000000c0        0x7 .build/obj_Dactylv2_rev2_Noah/keyboards/Dactylv2/keymaps/Noah/keymap.o
 .progmem.data.__c.3256
                0x00000000000000c7        0x7 .build/obj_Dactylv2_rev2_Noah/keyboards/Dactylv2/keymaps/Noah/keymap.o
 .progmem.data.__c.3253
                0x00000000000000ce        0x7 .build/obj_Dactylv2_rev2_Noah/keyboards/Dactylv2/keymaps/Noah/keymap.o
 .progmem.data.__c.3250
                0x00000000000000d5        0x7 .build/obj_Dactylv2_rev2_Noah/keyboards/Dactylv2/keymaps/Noah/keymap.o
 .progmem.data.__c.3247
                0x00000000000000dc        0x7 .build/obj_Dactylv2_rev2_Noah/keyboards/Dactylv2/keymaps/Noah/keymap.o
 .progmem.data.__c.3244
                0x00000000000000e3        0xb .build/obj_Dactylv2_rev2_Noah/keyboards/Dactylv2/keymaps/Noah/keymap.o
 .progmem.data.__c.3241
                0x00000000000000ee        0xb .build/obj_Dactylv2_rev2_Noah/keyboards/Dactylv2/keymaps/Noah/keymap.o
 .progmem.data.__c.3238
                0x00000000000000f9        0x7 .build/obj_Dactylv2_rev2_Noah/keyboards/Dactylv2/keymaps/Noah/keymap.o
 .progmem.data.__c.3235
                0x0000000000000100        0x7 .build/obj_Dactylv2_rev2_Noah/keyboards/Dactylv2/keymaps/Noah/keymap.o
 .progmem.data.__c.3232
                0x0000000000000107        0x7 .build/obj_Dactylv2_rev2_Noah/keyboards/Dactylv2/keymaps/Noah/keymap.o
 .progmem.data.__c.3229
                0x000000000000010e        0x7 .build/obj_Dactylv2_rev2_Noah/keyboards/Dactylv2/keymaps/Noah/keymap.o
 .progmem.data.keymaps
                0x0000000000000115      0x540 .build/obj_Dactylv2_rev2_Noah/keyboards/Dactylv2/keymaps/Noah/keymap.o
                0x0000000000000115                keymaps
 .progmem.data.ascii_to_keycode_lut
                0x0000000000000655       0x80 .build/obj_Dactylv2_rev2_Noah/quantum/quantum.o
                0x0000000000000655                ascii_to_keycode_lut
 .progmem.data.ascii_to_shift_lut
                0x00000000000006d5       0x80 .build/obj_Dactylv2_rev2_Noah/quantum/quantum.o
                0x00000000000006d5                ascii_to_shift_lut
 .progmem.data.fn_actions
                0x0000000000000755        0x0 .build/obj_Dactylv2_rev2_Noah/quantum/keymap_common.o
                0x0000000000000755                fn_actions
 .progmem.data.SerialNumberString
                0x0000000000000755        0x6 .build/obj_Dactylv2_rev2_Noah/usb_descriptor.o
                0x0000000000000755                SerialNumberString
 .progmem.data.ProductString
                0x000000000000075b       0x10 .build/obj_Dactylv2_rev2_Noah/usb_descriptor.o
                0x000000000000075b                ProductString
 .progmem.data.ManufacturerString
                0x000000000000076b       0x18 .build/obj_Dactylv2_rev2_Noah/usb_descriptor.o
                0x000000000000076b                ManufacturerString
 .progmem.data.LanguageString
                0x0000000000000783        0x4 .build/obj_Dactylv2_rev2_Noah/usb_descriptor.o
                0x0000000000000783                LanguageString
 .progmem.data.ConfigurationDescriptor
                0x0000000000000787       0x54 .build/obj_Dactylv2_rev2_Noah/usb_descriptor.o
                0x0000000000000787                ConfigurationDescriptor
 .progmem.data.DeviceDescriptor
                0x00000000000007db       0x12 .build/obj_Dactylv2_rev2_Noah/usb_descriptor.o
                0x00000000000007db                DeviceDescriptor
 .progmem.data.ExtrakeyReport
                0x00000000000007ed       0x36 .build/obj_Dactylv2_rev2_Noah/usb_descriptor.o
                0x00000000000007ed                ExtrakeyReport
 .progmem.data.MouseReport
                0x0000000000000823       0x4d .build/obj_Dactylv2_rev2_Noah/usb_descriptor.o
                0x0000000000000823                MouseReport
 .progmem.data.KeyboardReport
                0x0000000000000870       0x40 .build/obj_Dactylv2_rev2_Noah/usb_descriptor.o
                0x0000000000000870                KeyboardReport
                0x00000000000008b0                . = ALIGN (0x2)
 *(.lowtext)
 *(.lowtext*)
                0x00000000000008b0                __ctors_start = .
 *(.ctors)
                0x00000000000008b0                __ctors_end = .
                0x00000000000008b0                __dtors_start = .
 *(.dtors)
                0x00000000000008b0                __dtors_end = .
 SORT_BY_NAME(*)(.ctors)
 SORT_BY_NAME(*)(.dtors)
 *(.init0)
 .init0         0x00000000000008b0        0x0 /usr/local/Cellar/avr-gcc@7/7.3.0/lib/avr-gcc/7/gcc/avr/7.3.0/../../../../../../avr/lib/avr5/crtatmega32u4.o
                0x00000000000008b0                __init
 *(.init0)
 *(.init1)
 *(.init1)
 *(.init2)
 .init2         0x00000000000008b0        0xc /usr/local/Cellar/avr-gcc@7/7.3.0/lib/avr-gcc/7/gcc/avr/7.3.0/../../../../../../avr/lib/avr5/crtatmega32u4.o
 *(.init2)
 *(.init3)
 .init3         0x00000000000008bc       0x54 .build/obj_Dactylv2_rev2_Noah/common/avr/bootloader.o
                0x00000000000008bc                bootloader_jump_after_watchdog_reset
 *(.init3)
 *(.init4)
 .init4         0x0000000000000910       0x16 /usr/local/Cellar/avr-gcc@7/7.3.0/lib/avr-gcc/7/gcc/avr/7.3.0/avr5/libgcc.a(_copy_data.o)
                0x0000000000000910                __do_copy_data
 .init4         0x0000000000000926       0x10 /usr/local/Cellar/avr-gcc@7/7.3.0/lib/avr-gcc/7/gcc/avr/7.3.0/avr5/libgcc.a(_clear_bss.o)
                0x0000000000000926                __do_clear_bss
 *(.init4)
 *(.init5)
 *(.init5)
 *(.init6)
 *(.init6)
 *(.init7)
 *(.init7)
 *(.init8)
 *(.init8)
 *(.init9)
 .init9         0x0000000000000936        0x8 /usr/local/Cellar/avr-gcc@7/7.3.0/lib/avr-gcc/7/gcc/avr/7.3.0/../../../../../../avr/lib/avr5/crtatmega32u4.o
 *(.init9)
 *(.text)
 .text          0x000000000000093e        0x4 /usr/local/Cellar/avr-gcc@7/7.3.0/lib/avr-gcc/7/gcc/avr/7.3.0/../../../../../../avr/lib/avr5/crtatmega32u4.o
                0x000000000000093e                __vector_42
                0x000000000000093e                __vector_22
                0x000000000000093e                __vector_28
                0x000000000000093e                __vector_32
                0x000000000000093e                __vector_34
                0x000000000000093e                __vector_24
                0x000000000000093e                __bad_interrupt
                0x000000000000093e                __vector_6
                0x000000000000093e                __vector_31
                0x000000000000093e                __vector_35
                0x000000000000093e                __vector_39
                0x000000000000093e                __vector_3
                0x000000000000093e                __vector_23
                0x000000000000093e                __vector_30
                0x000000000000093e                __vector_25
                0x000000000000093e                __vector_13
                0x000000000000093e                __vector_17
                0x000000000000093e                __vector_19
                0x000000000000093e                __vector_7
                0x000000000000093e                __vector_41
                0x000000000000093e                __vector_27
                0x000000000000093e                __vector_5
                0x000000000000093e                __vector_33
                0x000000000000093e                __vector_37
                0x000000000000093e                __vector_4
                0x000000000000093e                __vector_9
                0x000000000000093e                __vector_2
                0x000000000000093e                __vector_15
                0x000000000000093e                __vector_36
                0x000000000000093e                __vector_29
                0x000000000000093e                __vector_40
                0x000000000000093e                __vector_8
                0x000000000000093e                __vector_26
                0x000000000000093e                __vector_14
                0x000000000000093e                __vector_16
                0x000000000000093e                __vector_18
                0x000000000000093e                __vector_20
                0x000000000000093e                __vector_38
                0x0000000000000942                . = ALIGN (0x2)
 *(.text.*)
 .text.matrix_init_user
                0x0000000000000942        0x2 .build/obj_Dactylv2_rev2_Noah/matrix.o
                0x0000000000000942                matrix_init_user
 .text.matrix_scan_user
                0x0000000000000944        0x2 .build/obj_Dactylv2_rev2_Noah/matrix.o
                0x0000000000000944                matrix_scan_user
 .text.matrix_scan_kb
                0x0000000000000946        0x4 .build/obj_Dactylv2_rev2_Noah/matrix.o
                0x0000000000000946                matrix_scan_kb
 .text.matrix_init
                0x000000000000094a       0x96 .build/obj_Dactylv2_rev2_Noah/matrix.o
                0x000000000000094a                matrix_init
 .text._matrix_scan
                0x00000000000009e0      0x160 .build/obj_Dactylv2_rev2_Noah/matrix.o
                0x00000000000009e0                _matrix_scan
 .text.serial_transaction
                0x0000000000000b40       0x44 .build/obj_Dactylv2_rev2_Noah/matrix.o
                0x0000000000000b40                serial_transaction
 .text.matrix_scan
                0x0000000000000b84       0x50 .build/obj_Dactylv2_rev2_Noah/matrix.o
                0x0000000000000b84                matrix_scan
 .text.matrix_slave_scan
                0x0000000000000bd4       0x30 .build/obj_Dactylv2_rev2_Noah/matrix.o
                0x0000000000000bd4                matrix_slave_scan
 .text.matrix_get_row
                0x0000000000000c04        0xc .build/obj_Dactylv2_rev2_Noah/matrix.o
                0x0000000000000c04                matrix_get_row
 .text.matrix_print
                0x0000000000000c10        0x2 .build/obj_Dactylv2_rev2_Noah/matrix.o
                0x0000000000000c10                matrix_print
 .text.has_usb  0x0000000000000c12       0x1a .build/obj_Dactylv2_rev2_Noah/split_util.o
                0x0000000000000c12                has_usb
 .text.split_keyboard_setup
                0x0000000000000c2c       0x1a .build/obj_Dactylv2_rev2_Noah/split_util.o
                0x0000000000000c2c                split_keyboard_setup
 .text.keyboard_slave_loop
                0x0000000000000c46        0xa .build/obj_Dactylv2_rev2_Noah/split_util.o
                0x0000000000000c46                keyboard_slave_loop
 .text.matrix_setup
                0x0000000000000c50       0x12 .build/obj_Dactylv2_rev2_Noah/split_util.o
                0x0000000000000c50                matrix_setup
 .text.serial_output
                0x0000000000000c62        0x4 .build/obj_Dactylv2_rev2_Noah/serial.o
 .text.serial_input
                0x0000000000000c66        0x6 .build/obj_Dactylv2_rev2_Noah/serial.o
 .text.serial_high
                0x0000000000000c6c        0x4 .build/obj_Dactylv2_rev2_Noah/serial.o
 .text.sync_recv
                0x0000000000000c70       0x10 .build/obj_Dactylv2_rev2_Noah/serial.o
 .text.serial_read_byte
                0x0000000000000c80       0x24 .build/obj_Dactylv2_rev2_Noah/serial.o
 .text.serial_write_byte
                0x0000000000000ca4       0x3e .build/obj_Dactylv2_rev2_Noah/serial.o
 .text.sync_send
                0x0000000000000ce2       0x10 .build/obj_Dactylv2_rev2_Noah/serial.o
 .text.serial_master_init
                0x0000000000000cf2        0x8 .build/obj_Dactylv2_rev2_Noah/serial.o
                0x0000000000000cf2                serial_master_init
 .text.serial_slave_init
                0x0000000000000cfa       0x12 .build/obj_Dactylv2_rev2_Noah/serial.o
                0x0000000000000cfa                serial_slave_init
 .text.__vector_1
                0x0000000000000d0c       0xca .build/obj_Dactylv2_rev2_Noah/serial.o
                0x0000000000000d0c                __vector_1
 .text.serial_update_buffers
                0x0000000000000dd6       0x9e .build/obj_Dactylv2_rev2_Noah/serial.o
                0x0000000000000dd6                serial_update_buffers
 .text.matrix_init_kb
                0x0000000000000e74        0x4 .build/obj_Dactylv2_rev2_Noah/keyboards/Dactylv2/rev2/rev2.o
                0x0000000000000e74                matrix_init_kb
 .text.action_get_macro
                0x0000000000000e78       0x88 .build/obj_Dactylv2_rev2_Noah/keyboards/Dactylv2/keymaps/Noah/keymap.o
                0x0000000000000e78                action_get_macro
 .text.process_action_kb
                0x0000000000000f00        0x4 .build/obj_Dactylv2_rev2_Noah/quantum/quantum.o
                0x0000000000000f00                process_action_kb
 .text.process_record_user
                0x0000000000000f04        0x4 .build/obj_Dactylv2_rev2_Noah/quantum/quantum.o
                0x0000000000000f04                process_record_user
 .text.process_record_kb
                0x0000000000000f08        0x4 .build/obj_Dactylv2_rev2_Noah/quantum/quantum.o
                0x0000000000000f08                process_record_kb
 .text.reset_keyboard
                0x0000000000000f0c       0x26 .build/obj_Dactylv2_rev2_Noah/quantum/quantum.o
                0x0000000000000f0c                reset_keyboard
 .text.process_record_quantum
                0x0000000000000f32      0x30a .build/obj_Dactylv2_rev2_Noah/quantum/quantum.o
                0x0000000000000f32                process_record_quantum
 .text.send_char
                0x000000000000123c       0x3c .build/obj_Dactylv2_rev2_Noah/quantum/quantum.o
                0x000000000000123c                send_char
 .text.send_string_with_delay_P
                0x0000000000001278       0x74 .build/obj_Dactylv2_rev2_Noah/quantum/quantum.o
                0x0000000000001278                send_string_with_delay_P
 .text.send_string_P
                0x00000000000012ec        0x6 .build/obj_Dactylv2_rev2_Noah/quantum/quantum.o
                0x00000000000012ec                send_string_P
 .text.matrix_init_quantum
                0x00000000000012f2        0x4 .build/obj_Dactylv2_rev2_Noah/quantum/quantum.o
                0x00000000000012f2                matrix_init_quantum
 .text.matrix_scan_quantum
                0x00000000000012f6        0x8 .build/obj_Dactylv2_rev2_Noah/quantum/quantum.o
                0x00000000000012f6                matrix_scan_quantum
 .text.led_set_user
                0x00000000000012fe        0x2 .build/obj_Dactylv2_rev2_Noah/quantum/quantum.o
                0x00000000000012fe                led_set_user
 .text.led_set_kb
                0x0000000000001300        0x4 .build/obj_Dactylv2_rev2_Noah/quantum/quantum.o
                0x0000000000001300                led_set_kb
 .text.led_set  0x0000000000001304        0x4 .build/obj_Dactylv2_rev2_Noah/quantum/quantum.o
                0x0000000000001304                led_set
 .text.action_function
                0x0000000000001308        0x2 .build/obj_Dactylv2_rev2_Noah/quantum/keymap_common.o
                0x0000000000001308                action_function
 .text.keymap_key_to_keycode
                0x000000000000130a       0x28 .build/obj_Dactylv2_rev2_Noah/quantum/keymap_common.o
                0x000000000000130a                keymap_key_to_keycode
 .text.keymap_function_id_to_action
                0x0000000000001332       0x10 .build/obj_Dactylv2_rev2_Noah/quantum/keymap_common.o
                0x0000000000001332                keymap_function_id_to_action
 .text.action_for_key
                0x0000000000001342      0x348 .build/obj_Dactylv2_rev2_Noah/quantum/keymap_common.o
                0x0000000000001342                action_for_key
 .text.keycode_config
                0x000000000000168a      0x100 .build/obj_Dactylv2_rev2_Noah/quantum/keycode_config.o
                0x000000000000168a                keycode_config
 .text.mod_config
                0x000000000000178a       0x46 .build/obj_Dactylv2_rev2_Noah/quantum/keycode_config.o
                0x000000000000178a                mod_config
 .text.leader_start
                0x00000000000017d0        0x2 .build/obj_Dactylv2_rev2_Noah/quantum/process_keycode/process_leader.o
                0x00000000000017d0                leader_start
 .text.process_leader
                0x00000000000017d2       0x9e .build/obj_Dactylv2_rev2_Noah/quantum/process_keycode/process_leader.o
                0x00000000000017d2                process_leader
 .text.process_tap_dance_action_on_dance_finished.part.0
                0x0000000000001870       0x36 .build/obj_Dactylv2_rev2_Noah/quantum/process_keycode/process_tap_dance.o
 .text.reset_tap_dance
                0x00000000000018a6       0x86 .build/obj_Dactylv2_rev2_Noah/quantum/process_keycode/process_tap_dance.o
                0x00000000000018a6                reset_tap_dance
 .text.preprocess_tap_dance
                0x000000000000192c       0x88 .build/obj_Dactylv2_rev2_Noah/quantum/process_keycode/process_tap_dance.o
                0x000000000000192c                preprocess_tap_dance
 .text.process_tap_dance
                0x00000000000019b4       0xb4 .build/obj_Dactylv2_rev2_Noah/quantum/process_keycode/process_tap_dance.o
                0x00000000000019b4                process_tap_dance
 .text.matrix_scan_tap_dance
                0x0000000000001a68       0x9e .build/obj_Dactylv2_rev2_Noah/quantum/process_keycode/process_tap_dance.o
                0x0000000000001a68                matrix_scan_tap_dance
 .text.host_set_driver
                0x0000000000001b06        0xa .build/obj_Dactylv2_rev2_Noah/common/host.o
                0x0000000000001b06                host_set_driver
 .text.host_keyboard_leds
                0x0000000000001b10       0x18 .build/obj_Dactylv2_rev2_Noah/common/host.o
                0x0000000000001b10                host_keyboard_leds
 .text.host_keyboard_send
                0x0000000000001b28       0x16 .build/obj_Dactylv2_rev2_Noah/common/host.o
                0x0000000000001b28                host_keyboard_send
 .text.host_mouse_send
                0x0000000000001b3e       0x16 .build/obj_Dactylv2_rev2_Noah/common/host.o
                0x0000000000001b3e                host_mouse_send
 .text.host_system_send
                0x0000000000001b54       0x2c .build/obj_Dactylv2_rev2_Noah/common/host.o
                0x0000000000001b54                host_system_send
 .text.host_consumer_send
                0x0000000000001b80       0x2c .build/obj_Dactylv2_rev2_Noah/common/host.o
                0x0000000000001b80                host_consumer_send
 .text.keyboard_setup
                0x0000000000001bac        0x4 .build/obj_Dactylv2_rev2_Noah/common/keyboard.o
                0x0000000000001bac                keyboard_setup
 .text.is_keyboard_master
                0x0000000000001bb0        0x4 .build/obj_Dactylv2_rev2_Noah/common/keyboard.o
                0x0000000000001bb0                is_keyboard_master
 .text.keyboard_init
                0x0000000000001bb4        0xc .build/obj_Dactylv2_rev2_Noah/common/keyboard.o
                0x0000000000001bb4                keyboard_init
 .text.keyboard_task
                0x0000000000001bc0      0x154 .build/obj_Dactylv2_rev2_Noah/common/keyboard.o
                0x0000000000001bc0                keyboard_task
 .text.action_exec
                0x0000000000001d14       0x54 .build/obj_Dactylv2_rev2_Noah/common/action.o
                0x0000000000001d14                action_exec
 .text.process_record_tap_hint
                0x0000000000001d68        0xa .build/obj_Dactylv2_rev2_Noah/common/action.o
                0x0000000000001d68                process_record_tap_hint
 .text.register_code
                0x0000000000001d72      0x1b6 .build/obj_Dactylv2_rev2_Noah/common/action.o
                0x0000000000001d72                register_code
 .text.unregister_code
                0x0000000000001f28       0x9e .build/obj_Dactylv2_rev2_Noah/common/action.o
                0x0000000000001f28                unregister_code
 .text.register_mods
                0x0000000000001fc6        0xe .build/obj_Dactylv2_rev2_Noah/common/action.o
                0x0000000000001fc6                register_mods
 .text.unregister_mods
                0x0000000000001fd4        0xe .build/obj_Dactylv2_rev2_Noah/common/action.o
                0x0000000000001fd4                unregister_mods
 .text.process_action
                0x0000000000001fe2      0x50e .build/obj_Dactylv2_rev2_Noah/common/action.o
                0x0000000000001fe2                process_action
 .text.process_record
                0x00000000000024f0       0x62 .build/obj_Dactylv2_rev2_Noah/common/action.o
                0x00000000000024f0                process_record
 .text.clear_keyboard_but_mods
                0x0000000000002552       0x28 .build/obj_Dactylv2_rev2_Noah/common/action.o
                0x0000000000002552                clear_keyboard_but_mods
 .text.clear_keyboard
                0x000000000000257a        0x8 .build/obj_Dactylv2_rev2_Noah/common/action.o
                0x000000000000257a                clear_keyboard
 .text.is_tap_key
                0x0000000000002582       0x5e .build/obj_Dactylv2_rev2_Noah/common/action.o
                0x0000000000002582                is_tap_key
 .text.debug_event
                0x00000000000025e0       0x1e .build/obj_Dactylv2_rev2_Noah/common/action.o
                0x00000000000025e0                debug_event
 .text.debug_record
                0x00000000000025fe       0x20 .build/obj_Dactylv2_rev2_Noah/common/action.o
                0x00000000000025fe                debug_record
 .text.debug_waiting_buffer
                0x000000000000261e       0x42 .build/obj_Dactylv2_rev2_Noah/common/action_tapping.o
 .text.debug_tapping_key
                0x0000000000002660       0x1c .build/obj_Dactylv2_rev2_Noah/common/action_tapping.o
 .text.waiting_buffer_typed.isra.1
                0x000000000000267c       0x40 .build/obj_Dactylv2_rev2_Noah/common/action_tapping.o
 .text.waiting_buffer_scan_tap
                0x00000000000026bc       0xd6 .build/obj_Dactylv2_rev2_Noah/common/action_tapping.o
 .text.process_tapping
                0x0000000000002792      0x3d8 .build/obj_Dactylv2_rev2_Noah/common/action_tapping.o
 .text.action_tapping_process
                0x0000000000002b6a      0x152 .build/obj_Dactylv2_rev2_Noah/common/action_tapping.o
                0x0000000000002b6a                action_tapping_process
 .text.action_macro_play
                0x0000000000002cbc       0xf0 .build/obj_Dactylv2_rev2_Noah/common/action_macro.o
                0x0000000000002cbc                action_macro_play
 .text.default_layer_state_set_kb
                0x0000000000002dac        0x2 .build/obj_Dactylv2_rev2_Noah/common/action_layer.o
                0x0000000000002dac                default_layer_state_set_kb
 .text.default_layer_state_set
                0x0000000000002dae       0x18 .build/obj_Dactylv2_rev2_Noah/common/action_layer.o
 .text.default_layer_debug
                0x0000000000002dc6        0x2 .build/obj_Dactylv2_rev2_Noah/common/action_layer.o
                0x0000000000002dc6                default_layer_debug
 .text.default_layer_set
                0x0000000000002dc8        0x4 .build/obj_Dactylv2_rev2_Noah/common/action_layer.o
                0x0000000000002dc8                default_layer_set
 .text.default_layer_or
                0x0000000000002dcc       0x24 .build/obj_Dactylv2_rev2_Noah/common/action_layer.o
                0x0000000000002dcc                default_layer_or
 .text.default_layer_and
                0x0000000000002df0       0x24 .build/obj_Dactylv2_rev2_Noah/common/action_layer.o
                0x0000000000002df0                default_layer_and
 .text.default_layer_xor
                0x0000000000002e14       0x24 .build/obj_Dactylv2_rev2_Noah/common/action_layer.o
                0x0000000000002e14                default_layer_xor
 .text.layer_state_set_user
                0x0000000000002e38        0x4 .build/obj_Dactylv2_rev2_Noah/common/action_layer.o
                0x0000000000002e38                layer_state_set_user
 .text.layer_state_set_kb
                0x0000000000002e3c        0x4 .build/obj_Dactylv2_rev2_Noah/common/action_layer.o
                0x0000000000002e3c                layer_state_set_kb
 .text.layer_state_set
                0x0000000000002e40       0x18 .build/obj_Dactylv2_rev2_Noah/common/action_layer.o
                0x0000000000002e40                layer_state_set
 .text.layer_clear
                0x0000000000002e58        0xa .build/obj_Dactylv2_rev2_Noah/common/action_layer.o
                0x0000000000002e58                layer_clear
 .text.layer_move
                0x0000000000002e62       0x2a .build/obj_Dactylv2_rev2_Noah/common/action_layer.o
                0x0000000000002e62                layer_move
 .text.layer_on
                0x0000000000002e8c       0x42 .build/obj_Dactylv2_rev2_Noah/common/action_layer.o
                0x0000000000002e8c                layer_on
 .text.layer_off
                0x0000000000002ece       0x46 .build/obj_Dactylv2_rev2_Noah/common/action_layer.o
                0x0000000000002ece                layer_off
 .text.layer_invert
                0x0000000000002f14       0x42 .build/obj_Dactylv2_rev2_Noah/common/action_layer.o
                0x0000000000002f14                layer_invert
 .text.layer_or
                0x0000000000002f56       0x24 .build/obj_Dactylv2_rev2_Noah/common/action_layer.o
                0x0000000000002f56                layer_or
 .text.layer_and
                0x0000000000002f7a       0x24 .build/obj_Dactylv2_rev2_Noah/common/action_layer.o
                0x0000000000002f7a                layer_and
 .text.layer_xor
                0x0000000000002f9e       0x24 .build/obj_Dactylv2_rev2_Noah/common/action_layer.o
                0x0000000000002f9e                layer_xor
 .text.layer_debug
                0x0000000000002fc2        0x2 .build/obj_Dactylv2_rev2_Noah/common/action_layer.o
                0x0000000000002fc2                layer_debug
 .text.layer_switch_get_layer
                0x0000000000002fc4       0x84 .build/obj_Dactylv2_rev2_Noah/common/action_layer.o
                0x0000000000002fc4                layer_switch_get_layer
 .text.layer_switch_get_action
                0x0000000000003048       0x14 .build/obj_Dactylv2_rev2_Noah/common/action_layer.o
                0x0000000000003048                layer_switch_get_action
 .text.store_or_get_action
                0x000000000000305c        0x6 .build/obj_Dactylv2_rev2_Noah/common/action_layer.o
                0x000000000000305c                store_or_get_action
 .text.add_key  0x0000000000003062        0xe .build/obj_Dactylv2_rev2_Noah/common/action_util.o
                0x0000000000003062                add_key
 .text.del_key  0x0000000000003070        0xe .build/obj_Dactylv2_rev2_Noah/common/action_util.o
                0x0000000000003070                del_key
 .text.clear_keys
                0x000000000000307e        0xc .build/obj_Dactylv2_rev2_Noah/common/action_util.o
                0x000000000000307e                clear_keys
 .text.get_oneshot_layer
                0x000000000000308a        0xc .build/obj_Dactylv2_rev2_Noah/common/action_util.o
                0x000000000000308a                get_oneshot_layer
 .text.get_oneshot_layer_state
                0x0000000000003096        0x8 .build/obj_Dactylv2_rev2_Noah/common/action_util.o
                0x0000000000003096                get_oneshot_layer_state
 .text.set_oneshot_layer
                0x000000000000309e       0x12 .build/obj_Dactylv2_rev2_Noah/common/action_util.o
                0x000000000000309e                set_oneshot_layer
 .text.clear_oneshot_layer_state
                0x00000000000030b0       0x2c .build/obj_Dactylv2_rev2_Noah/common/action_util.o
                0x00000000000030b0                clear_oneshot_layer_state
 .text.is_oneshot_layer_active
                0x00000000000030dc        0xe .build/obj_Dactylv2_rev2_Noah/common/action_util.o
                0x00000000000030dc                is_oneshot_layer_active
 .text.send_keyboard_report
                0x00000000000030ea       0x66 .build/obj_Dactylv2_rev2_Noah/common/action_util.o
                0x00000000000030ea                send_keyboard_report
 .text.get_mods
                0x0000000000003150        0x6 .build/obj_Dactylv2_rev2_Noah/common/action_util.o
                0x0000000000003150                get_mods
 .text.add_mods
                0x0000000000003156        0xc .build/obj_Dactylv2_rev2_Noah/common/action_util.o
                0x0000000000003156                add_mods
 .text.del_mods
                0x0000000000003162       0x10 .build/obj_Dactylv2_rev2_Noah/common/action_util.o
                0x0000000000003162                del_mods
 .text.clear_mods
                0x0000000000003172        0x6 .build/obj_Dactylv2_rev2_Noah/common/action_util.o
                0x0000000000003172                clear_mods
 .text.get_weak_mods
                0x0000000000003178        0x6 .build/obj_Dactylv2_rev2_Noah/common/action_util.o
                0x0000000000003178                get_weak_mods
 .text.add_weak_mods
                0x000000000000317e        0xc .build/obj_Dactylv2_rev2_Noah/common/action_util.o
                0x000000000000317e                add_weak_mods
 .text.del_weak_mods
                0x000000000000318a       0x10 .build/obj_Dactylv2_rev2_Noah/common/action_util.o
                0x000000000000318a                del_weak_mods
 .text.clear_weak_mods
                0x000000000000319a        0x6 .build/obj_Dactylv2_rev2_Noah/common/action_util.o
                0x000000000000319a                clear_weak_mods
 .text.add_macro_mods
                0x00000000000031a0        0xc .build/obj_Dactylv2_rev2_Noah/common/action_util.o
                0x00000000000031a0                add_macro_mods
 .text.del_macro_mods
                0x00000000000031ac       0x10 .build/obj_Dactylv2_rev2_Noah/common/action_util.o
                0x00000000000031ac                del_macro_mods
 .text.clear_macro_mods
                0x00000000000031bc        0x6 .build/obj_Dactylv2_rev2_Noah/common/action_util.o
                0x00000000000031bc                clear_macro_mods
 .text.set_oneshot_mods
                0x00000000000031c2        0x6 .build/obj_Dactylv2_rev2_Noah/common/action_util.o
                0x00000000000031c2                set_oneshot_mods
 .text.clear_oneshot_mods
                0x00000000000031c8        0x6 .build/obj_Dactylv2_rev2_Noah/common/action_util.o
                0x00000000000031c8                clear_oneshot_mods
 .text.get_oneshot_mods
                0x00000000000031ce        0x6 .build/obj_Dactylv2_rev2_Noah/common/action_util.o
                0x00000000000031ce                get_oneshot_mods
 .text.eeconfig_init
                0x00000000000031d4       0x34 .build/obj_Dactylv2_rev2_Noah/common/eeconfig.o
                0x00000000000031d4                eeconfig_init
 .text.eeconfig_is_enabled
                0x0000000000003208       0x16 .build/obj_Dactylv2_rev2_Noah/common/eeconfig.o
                0x0000000000003208                eeconfig_is_enabled
 .text.eeconfig_read_debug
                0x000000000000321e        0x8 .build/obj_Dactylv2_rev2_Noah/common/eeconfig.o
                0x000000000000321e                eeconfig_read_debug
 .text.eeconfig_read_default_layer
                0x0000000000003226        0x8 .build/obj_Dactylv2_rev2_Noah/common/eeconfig.o
                0x0000000000003226                eeconfig_read_default_layer
 .text.eeconfig_read_keymap
                0x000000000000322e        0x8 .build/obj_Dactylv2_rev2_Noah/common/eeconfig.o
                0x000000000000322e                eeconfig_read_keymap
 .text.eeconfig_update_keymap
                0x0000000000003236        0xa .build/obj_Dactylv2_rev2_Noah/common/eeconfig.o
                0x0000000000003236                eeconfig_update_keymap
 .text.has_anykey
                0x0000000000003240       0x1a .build/obj_Dactylv2_rev2_Noah/common/report.o
                0x0000000000003240                has_anykey
 .text.add_key_byte
                0x000000000000325a       0x34 .build/obj_Dactylv2_rev2_Noah/common/report.o
                0x000000000000325a                add_key_byte
 .text.del_key_byte
                0x000000000000328e       0x1a .build/obj_Dactylv2_rev2_Noah/common/report.o
                0x000000000000328e                del_key_byte
 .text.add_key_to_report
                0x00000000000032a8        0x4 .build/obj_Dactylv2_rev2_Noah/common/report.o
                0x00000000000032a8                add_key_to_report
 .text.del_key_from_report
                0x00000000000032ac        0x4 .build/obj_Dactylv2_rev2_Noah/common/report.o
                0x00000000000032ac                del_key_from_report
 .text.clear_keys_from_report
                0x00000000000032b0       0x12 .build/obj_Dactylv2_rev2_Noah/common/report.o
                0x00000000000032b0                clear_keys_from_report
 .text.suspend_power_down
                0x00000000000032c2       0x58 .build/obj_Dactylv2_rev2_Noah/common/avr/suspend.o
                0x00000000000032c2                suspend_power_down
 .text.matrix_power_up
                0x000000000000331a        0x2 .build/obj_Dactylv2_rev2_Noah/common/avr/suspend.o
                0x000000000000331a                matrix_power_up
 .text.matrix_power_down
                0x000000000000331c        0x2 .build/obj_Dactylv2_rev2_Noah/common/avr/suspend.o
                0x000000000000331c                matrix_power_down
 .text.suspend_wakeup_condition
                0x000000000000331e       0x28 .build/obj_Dactylv2_rev2_Noah/common/avr/suspend.o
                0x000000000000331e                suspend_wakeup_condition
 .text.suspend_wakeup_init
                0x0000000000003346        0xc .build/obj_Dactylv2_rev2_Noah/common/avr/suspend.o
                0x0000000000003346                suspend_wakeup_init
 .text.__vector_12
                0x0000000000003352       0x52 .build/obj_Dactylv2_rev2_Noah/common/avr/suspend.o
                0x0000000000003352                __vector_12
 .text.timer_init
                0x00000000000033a4       0x12 .build/obj_Dactylv2_rev2_Noah/common/avr/timer.o
                0x00000000000033a4                timer_init
 .text.timer_read
                0x00000000000033b6       0x18 .build/obj_Dactylv2_rev2_Noah/common/avr/timer.o
                0x00000000000033b6                timer_read
 .text.timer_elapsed
                0x00000000000033ce       0x54 .build/obj_Dactylv2_rev2_Noah/common/avr/timer.o
                0x00000000000033ce                timer_elapsed
 .text.__vector_21
                0x0000000000003422       0x4c .build/obj_Dactylv2_rev2_Noah/common/avr/timer.o
                0x0000000000003422                __vector_21
 .text.bootloader_jump
                0x000000000000346e       0x22 .build/obj_Dactylv2_rev2_Noah/common/avr/bootloader.o
                0x000000000000346e                bootloader_jump
 .text.magic    0x0000000000003490       0x32 .build/obj_Dactylv2_rev2_Noah/common/magic.o
                0x0000000000003490                magic
 .text.move_unit
                0x00000000000034c2       0x94 .build/obj_Dactylv2_rev2_Noah/common/mousekey.o
 .text.wheel_unit
                0x0000000000003556       0x72 .build/obj_Dactylv2_rev2_Noah/common/mousekey.o
 .text.mousekey_on
                0x00000000000035c8       0xd0 .build/obj_Dactylv2_rev2_Noah/common/mousekey.o
                0x00000000000035c8                mousekey_on
 .text.mousekey_off
                0x0000000000003698      0x108 .build/obj_Dactylv2_rev2_Noah/common/mousekey.o
                0x0000000000003698                mousekey_off
 .text.mousekey_send
                0x00000000000037a0       0x16 .build/obj_Dactylv2_rev2_Noah/common/mousekey.o
                0x00000000000037a0                mousekey_send
 .text.mousekey_task
                0x00000000000037b6      0x116 .build/obj_Dactylv2_rev2_Noah/common/mousekey.o
                0x00000000000037b6                mousekey_task
 .text.mousekey_clear
                0x00000000000038cc       0x18 .build/obj_Dactylv2_rev2_Noah/common/mousekey.o
                0x00000000000038cc                mousekey_clear
 .text.mousekey_param_inc
                0x00000000000038e4       0xec .build/obj_Dactylv2_rev2_Noah/common/command.o
 .text.mousekey_param_dec
                0x00000000000039d0       0xa0 .build/obj_Dactylv2_rev2_Noah/common/command.o
 .text.switch_default_layer
                0x0000000000003a70       0x2e .build/obj_Dactylv2_rev2_Noah/common/command.o
 .text.command_common
                0x0000000000003a9e      0x104 .build/obj_Dactylv2_rev2_Noah/common/command.o
 .text.command_extra
                0x0000000000003ba2        0x4 .build/obj_Dactylv2_rev2_Noah/common/command.o
                0x0000000000003ba2                command_extra
 .text.command_console_extra
                0x0000000000003ba6        0x4 .build/obj_Dactylv2_rev2_Noah/common/command.o
                0x0000000000003ba6                command_console_extra
 .text.numkey2num
                0x0000000000003baa       0x16 .build/obj_Dactylv2_rev2_Noah/common/command.o
                0x0000000000003baa                numkey2num
 .text.command_proc
                0x0000000000003bc0      0x11e .build/obj_Dactylv2_rev2_Noah/common/command.o
                0x0000000000003bc0                command_proc
 .text.keyboard_leds
                0x0000000000003cde        0x6 .build/obj_Dactylv2_rev2_Noah/lufa.o
 .text.send_consumer
                0x0000000000003ce4       0x74 .build/obj_Dactylv2_rev2_Noah/lufa.o
 .text.send_system
                0x0000000000003d58       0x6c .build/obj_Dactylv2_rev2_Noah/lufa.o
 .text.send_mouse
                0x0000000000003dc4       0x56 .build/obj_Dactylv2_rev2_Noah/lufa.o
 .text.send_keyboard
                0x0000000000003e1a       0x66 .build/obj_Dactylv2_rev2_Noah/lufa.o
 .text.EVENT_USB_Device_Connect
                0x0000000000003e80       0x1c .build/obj_Dactylv2_rev2_Noah/lufa.o
                0x0000000000003e80                EVENT_USB_Device_Connect
 .text.EVENT_USB_Device_Disconnect
                0x0000000000003e9c        0x6 .build/obj_Dactylv2_rev2_Noah/lufa.o
                0x0000000000003e9c                EVENT_USB_Device_Disconnect
 .text.EVENT_USB_Device_Reset
                0x0000000000003ea2        0x2 .build/obj_Dactylv2_rev2_Noah/lufa.o
                0x0000000000003ea2                EVENT_USB_Device_Reset
 .text.EVENT_USB_Device_Suspend
                0x0000000000003ea4        0x2 .build/obj_Dactylv2_rev2_Noah/lufa.o
                0x0000000000003ea4                EVENT_USB_Device_Suspend
 .text.EVENT_USB_Device_WakeUp
                0x0000000000003ea6        0x4 .build/obj_Dactylv2_rev2_Noah/lufa.o
                0x0000000000003ea6                EVENT_USB_Device_WakeUp
 .text.EVENT_USB_Device_ConfigurationChanged
                0x0000000000003eaa       0x1e .build/obj_Dactylv2_rev2_Noah/lufa.o
                0x0000000000003eaa                EVENT_USB_Device_ConfigurationChanged
 .text.EVENT_USB_Device_ControlRequest
                0x0000000000003ec8      0x154 .build/obj_Dactylv2_rev2_Noah/lufa.o
                0x0000000000003ec8                EVENT_USB_Device_ControlRequest
 .text.startup.main
                0x000000000000401c       0x76 .build/obj_Dactylv2_rev2_Noah/lufa.o
                0x000000000000401c                main
 .text.CALLBACK_USB_GetDescriptor
                0x0000000000004092        0x4 .build/obj_Dactylv2_rev2_Noah/lufa.o
                0x0000000000004092                CALLBACK_USB_GetDescriptor
 .text.get_usb_descriptor
                0x0000000000004096       0xb6 .build/obj_Dactylv2_rev2_Noah/usb_descriptor.o
                0x0000000000004096                get_usb_descriptor
 .text.set_output_user
                0x000000000000414c        0x2 .build/obj_Dactylv2_rev2_Noah/outputselect.o
                0x000000000000414c                set_output_user
 .text.set_output
                0x000000000000414e       0x10 .build/obj_Dactylv2_rev2_Noah/outputselect.o
                0x000000000000414e                set_output
 .text.auto_detect_output
                0x000000000000415e       0x10 .build/obj_Dactylv2_rev2_Noah/outputselect.o
                0x000000000000415e                auto_detect_output
 .text.where_to_send
                0x000000000000416e        0xe .build/obj_Dactylv2_rev2_Noah/outputselect.o
                0x000000000000416e                where_to_send
 .text.USB_Device_SendRemoteWakeup
                0x000000000000417c       0x2c .build/obj_Dactylv2_rev2_Noah/./lib/lufa/LUFA/Drivers/USB/Core/AVR8/Device_AVR8.o
                0x000000000000417c                USB_Device_SendRemoteWakeup
 .text.Endpoint_Write_Stream_LE
                0x00000000000041a8       0x9e .build/obj_Dactylv2_rev2_Noah/./lib/lufa/LUFA/Drivers/USB/Core/AVR8/EndpointStream_AVR8.o
                0x00000000000041a8                Endpoint_Write_Stream_LE
 .text.Endpoint_Write_Control_Stream_LE
                0x0000000000004246       0xbe .build/obj_Dactylv2_rev2_Noah/./lib/lufa/LUFA/Drivers/USB/Core/AVR8/EndpointStream_AVR8.o
                0x0000000000004246                Endpoint_Write_Control_Stream_LE
 .text.Endpoint_Write_Control_PStream_LE
                0x0000000000004304       0xc0 .build/obj_Dactylv2_rev2_Noah/./lib/lufa/LUFA/Drivers/USB/Core/AVR8/EndpointStream_AVR8.o
                0x0000000000004304                Endpoint_Write_Control_PStream_LE
 .text.Endpoint_ConfigureEndpoint_Prv
                0x00000000000043c4       0x68 .build/obj_Dactylv2_rev2_Noah/./lib/lufa/LUFA/Drivers/USB/Core/AVR8/Endpoint_AVR8.o
                0x00000000000043c4                Endpoint_ConfigureEndpoint_Prv
 .text.Endpoint_ClearStatusStage
                0x000000000000442c       0x3e .build/obj_Dactylv2_rev2_Noah/./lib/lufa/LUFA/Drivers/USB/Core/AVR8/Endpoint_AVR8.o
                0x000000000000442c                Endpoint_ClearStatusStage
 .text.Endpoint_WaitUntilReady
                0x000000000000446a       0x5e .build/obj_Dactylv2_rev2_Noah/./lib/lufa/LUFA/Drivers/USB/Core/AVR8/Endpoint_AVR8.o
                0x000000000000446a                Endpoint_WaitUntilReady
 .text.USB_Disable
                0x00000000000044c8       0x34 .build/obj_Dactylv2_rev2_Noah/./lib/lufa/LUFA/Drivers/USB/Core/AVR8/USBController_AVR8.o
                0x00000000000044c8                USB_Disable
 .text.USB_ResetInterface
                0x00000000000044fc       0x86 .build/obj_Dactylv2_rev2_Noah/./lib/lufa/LUFA/Drivers/USB/Core/AVR8/USBController_AVR8.o
                0x00000000000044fc                USB_ResetInterface
 .text.USB_Init
                0x0000000000004582       0x22 .build/obj_Dactylv2_rev2_Noah/./lib/lufa/LUFA/Drivers/USB/Core/AVR8/USBController_AVR8.o
                0x0000000000004582                USB_Init
 .text.USB_INT_DisableAllInterrupts
                0x00000000000045a4       0x10 .build/obj_Dactylv2_rev2_Noah/./lib/lufa/LUFA/Drivers/USB/Core/AVR8/USBInterrupt_AVR8.o
                0x00000000000045a4                USB_INT_DisableAllInterrupts
 .text.USB_INT_ClearAllInterrupts
                0x00000000000045b4        0xa .build/obj_Dactylv2_rev2_Noah/./lib/lufa/LUFA/Drivers/USB/Core/AVR8/USBInterrupt_AVR8.o
                0x00000000000045b4                USB_INT_ClearAllInterrupts
 .text.__vector_10
                0x00000000000045be      0x1a6 .build/obj_Dactylv2_rev2_Noah/./lib/lufa/LUFA/Drivers/USB/Core/AVR8/USBInterrupt_AVR8.o
                0x00000000000045be                __vector_10
 .text.__vector_11
                0x0000000000004764       0x78 .build/obj_Dactylv2_rev2_Noah/./lib/lufa/LUFA/Drivers/USB/Core/AVR8/USBInterrupt_AVR8.o
                0x0000000000004764                __vector_11
 .text.USB_Device_ProcessControlRequest
                0x00000000000047dc      0x2b6 .build/obj_Dactylv2_rev2_Noah/./lib/lufa/LUFA/Drivers/USB/Core/DeviceStandardReq.o
                0x00000000000047dc                USB_Device_ProcessControlRequest
 .text.USB_Event_Stub
                0x0000000000004a92        0x2 .build/obj_Dactylv2_rev2_Noah/./lib/lufa/LUFA/Drivers/USB/Core/Events.o
                0x0000000000004a92                USB_Event_Stub
                0x0000000000004a92                EVENT_USB_Device_StartOfFrame
 .text.USB_USBTask
                0x0000000000004a94       0x38 .build/obj_Dactylv2_rev2_Noah/./lib/lufa/LUFA/Drivers/USB/Core/USBTask.o
                0x0000000000004a94                USB_USBTask
 .text.libgcc.div
                0x0000000000004acc       0x28 /usr/local/Cellar/avr-gcc@7/7.3.0/lib/avr-gcc/7/gcc/avr/7.3.0/avr5/libgcc.a(_divmodhi4.o)
                0x0000000000004acc                __divmodhi4
                0x0000000000004acc                _div
 .text.libgcc   0x0000000000004af4        0xc /usr/local/Cellar/avr-gcc@7/7.3.0/lib/avr-gcc/7/gcc/avr/7.3.0/avr5/libgcc.a(_tablejump2.o)
                0x0000000000004af4                __tablejump2__
 .text.libgcc.div
                0x0000000000004b00       0x28 /usr/local/Cellar/avr-gcc@7/7.3.0/lib/avr-gcc/7/gcc/avr/7.3.0/avr5/libgcc.a(_udivmodhi4.o)
                0x0000000000004b00                __udivmodhi4
 .text.avr-libc
                0x0000000000004b28       0x10 /usr/local/Cellar/avr-gcc@7/7.3.0/lib/avr-gcc/7/gcc/avr/7.3.0/../../../../../../avr/lib/avr5/libatmega32u4.a(eerd_byte.o)
                0x0000000000004b28                eeprom_read_byte
 .text.avr-libc
                0x0000000000004b38        0xc /usr/local/Cellar/avr-gcc@7/7.3.0/lib/avr-gcc/7/gcc/avr/7.3.0/../../../../../../avr/lib/avr5/libatmega32u4.a(eerd_word.o)
                0x0000000000004b38                eeprom_read_word
 .text.avr-libc
                0x0000000000004b44       0x24 /usr/local/Cellar/avr-gcc@7/7.3.0/lib/avr-gcc/7/gcc/avr/7.3.0/../../../../../../avr/lib/avr5/libatmega32u4.a(eeupd_byte.o)
                0x0000000000004b44                eeprom_update_byte
                0x0000000000004b46                eeprom_update_r18
 .text.avr-libc
                0x0000000000004b68        0xc /usr/local/Cellar/avr-gcc@7/7.3.0/lib/avr-gcc/7/gcc/avr/7.3.0/../../../../../../avr/lib/avr5/libatmega32u4.a(eeupd_word.o)
                0x0000000000004b68                eeprom_update_word
 .text.avr-libc
                0x0000000000004b74       0x20 /usr/local/Cellar/avr-gcc@7/7.3.0/lib/avr-gcc/7/gcc/avr/7.3.0/../../../../../../avr/lib/avr5/libatmega32u4.a(eerd_block.o)
                0x0000000000004b74                eeprom_read_block
                0x0000000000004b78                eeprom_read_blraw
                0x0000000000004b94                . = ALIGN (0x2)
 *(.fini9)
 .fini9         0x0000000000004b94        0x0 /usr/local/Cellar/avr-gcc@7/7.3.0/lib/avr-gcc/7/gcc/avr/7.3.0/avr5/libgcc.a(_exit.o)
                0x0000000000004b94                exit
                0x0000000000004b94                _exit
 *(.fini9)
 *(.fini8)
 *(.fini8)
 *(.fini7)
 *(.fini7)
 *(.fini6)
 *(.fini6)
 *(.fini5)
 *(.fini5)
 *(.fini4)
 *(.fini4)
 *(.fini3)
 *(.fini3)
 *(.fini2)
 *(.fini2)
 *(.fini1)
 *(.fini1)
 *(.fini0)
 .fini0         0x0000000000004b94        0x4 /usr/local/Cellar/avr-gcc@7/7.3.0/lib/avr-gcc/7/gcc/avr/7.3.0/avr5/libgcc.a(_exit.o)
 *(.fini0)
 *(.hightext)
 *(.hightext*)
 *(.progmemx.*)
                0x0000000000004b98                . = ALIGN (0x2)
 *(.jumptables)
 *(.jumptables*)
                0x0000000000004b98                _etext = .

.data           0x0000000000800100       0x42 load address 0x0000000000004b98
                0x0000000000800100                PROVIDE (__data_start = .)
 *(.data)
 *(.data*)
 .data.isLeftHand
                0x0000000000800100        0x1 .build/obj_Dactylv2_rev2_Noah/split_util.o
                0x0000000000800100                isLeftHand
 .data.highest_td
                0x0000000000800101        0x1 .build/obj_Dactylv2_rev2_Noah/quantum/process_keycode/process_tap_dance.o
 .data.keyboard_report
                0x0000000000800102        0x2 .build/obj_Dactylv2_rev2_Noah/common/action_util.o
                0x0000000000800102                keyboard_report
 .data.mk_wheel_time_to_max
                0x0000000000800104        0x1 .build/obj_Dactylv2_rev2_Noah/common/mousekey.o
                0x0000000000800104                mk_wheel_time_to_max
 .data.mk_wheel_max_speed
                0x0000000000800105        0x1 .build/obj_Dactylv2_rev2_Noah/common/mousekey.o
                0x0000000000800105                mk_wheel_max_speed
 .data.mk_time_to_max
                0x0000000000800106        0x1 .build/obj_Dactylv2_rev2_Noah/common/mousekey.o
                0x0000000000800106                mk_time_to_max
 .data.mk_max_speed
                0x0000000000800107        0x1 .build/obj_Dactylv2_rev2_Noah/common/mousekey.o
                0x0000000000800107                mk_max_speed
 .data.mk_interval
                0x0000000000800108        0x1 .build/obj_Dactylv2_rev2_Noah/common/mousekey.o
                0x0000000000800108                mk_interval
 .data.mk_delay
                0x0000000000800109        0x1 .build/obj_Dactylv2_rev2_Noah/common/mousekey.o
                0x0000000000800109                mk_delay
 .data.lufa_driver
                0x000000000080010a        0xa .build/obj_Dactylv2_rev2_Noah/lufa.o
                0x000000000080010a                lufa_driver
 .data.keyboard_protocol
                0x0000000000800114        0x1 .build/obj_Dactylv2_rev2_Noah/lufa.o
                0x0000000000800114                keyboard_protocol
 *(.gnu.linkonce.d*)
 *(.rodata)
 *(.rodata*)
 .rodata.col_pins
                0x0000000000800115        0x6 .build/obj_Dactylv2_rev2_Noah/matrix.o
 .rodata.row_pins
                0x000000000080011b        0xe .build/obj_Dactylv2_rev2_Noah/matrix.o
 .rodata.CSWTCH.62
                0x0000000000800129        0xa .build/obj_Dactylv2_rev2_Noah/common/command.o
 .rodata.CSWTCH.3
                0x0000000000800133        0x3 .build/obj_Dactylv2_rev2_Noah/usb_descriptor.o
 .rodata.CSWTCH.2
                0x0000000000800136        0x6 .build/obj_Dactylv2_rev2_Noah/usb_descriptor.o
 .rodata.CSWTCH.1
                0x000000000080013c        0x6 .build/obj_Dactylv2_rev2_Noah/usb_descriptor.o
 *(.gnu.linkonce.r*)
                0x0000000000800142                . = ALIGN (0x2)
                0x0000000000800142                _edata = .
                0x0000000000800142                PROVIDE (__data_end = .)

.bss            0x0000000000800142       0xcf
                0x0000000000800142                PROVIDE (__bss_start = .)
 *(.bss)
 *(.bss*)
 .bss.matrix    0x0000000000800142        0xe .build/obj_Dactylv2_rev2_Noah/matrix.o
 .bss.error_count
                0x0000000000800150        0x1 .build/obj_Dactylv2_rev2_Noah/matrix.o
 .bss.matrix_debouncing
                0x0000000000800151        0xe .build/obj_Dactylv2_rev2_Noah/matrix.o
 .bss.debouncing
                0x000000000080015f        0x1 .build/obj_Dactylv2_rev2_Noah/matrix.o
 .bss.debouncing_time
                0x0000000000800160        0x2 .build/obj_Dactylv2_rev2_Noah/matrix.o
 .bss.status    0x0000000000800162        0x1 .build/obj_Dactylv2_rev2_Noah/serial.o
                0x0000000000800162                status
 .bss.serial_master_buffer
                0x0000000000800163        0x1 .build/obj_Dactylv2_rev2_Noah/serial.o
                0x0000000000800163                serial_master_buffer
 .bss.serial_slave_buffer
                0x0000000000800164        0x7 .build/obj_Dactylv2_rev2_Noah/serial.o
                0x0000000000800164                serial_slave_buffer
 .bss.tap_dance_actions
                0x000000000080016b        0x0 .build/obj_Dactylv2_rev2_Noah/keyboards/Dactylv2/keymaps/Noah/keymap.o
                0x000000000080016b                tap_dance_actions
 .bss.grave_esc_was_shifted
                0x000000000080016b        0x1 .build/obj_Dactylv2_rev2_Noah/quantum/quantum.o
 .bss.scs_timer
                0x000000000080016c        0x4 .build/obj_Dactylv2_rev2_Noah/quantum/quantum.o
 .bss.shift_interrupted
                0x0000000000800170        0x2 .build/obj_Dactylv2_rev2_Noah/quantum/quantum.o
 .bss.leader_sequence_size
                0x0000000000800172        0x1 .build/obj_Dactylv2_rev2_Noah/quantum/process_keycode/process_leader.o
                0x0000000000800172                leader_sequence_size
 .bss.leader_sequence
                0x0000000000800173        0xa .build/obj_Dactylv2_rev2_Noah/quantum/process_keycode/process_leader.o
                0x0000000000800173                leader_sequence
 .bss.leader_time
                0x000000000080017d        0x2 .build/obj_Dactylv2_rev2_Noah/quantum/process_keycode/process_leader.o
                0x000000000080017d                leader_time
 .bss.leading   0x000000000080017f        0x1 .build/obj_Dactylv2_rev2_Noah/quantum/process_keycode/process_leader.o
                0x000000000080017f                leading
 .bss.last_td   0x0000000000800180        0x2 .build/obj_Dactylv2_rev2_Noah/quantum/process_keycode/process_tap_dance.o
 .bss.last_consumer_report
                0x0000000000800182        0x2 .build/obj_Dactylv2_rev2_Noah/common/host.o
 .bss.last_system_report
                0x0000000000800184        0x2 .build/obj_Dactylv2_rev2_Noah/common/host.o
 .bss.driver    0x0000000000800186        0x2 .build/obj_Dactylv2_rev2_Noah/common/host.o
 .bss.led_status.2733
                0x0000000000800188        0x1 .build/obj_Dactylv2_rev2_Noah/common/keyboard.o
 .bss.matrix_prev.2732
                0x0000000000800189        0xe .build/obj_Dactylv2_rev2_Noah/common/keyboard.o
 .bss.waiting_buffer_tail
                0x0000000000800197        0x1 .build/obj_Dactylv2_rev2_Noah/common/action_tapping.o
 .bss.waiting_buffer_head
                0x0000000000800198        0x1 .build/obj_Dactylv2_rev2_Noah/common/action_tapping.o
 .bss.waiting_buffer
                0x0000000000800199       0x30 .build/obj_Dactylv2_rev2_Noah/common/action_tapping.o
 .bss.tapping_key
                0x00000000008001c9        0x6 .build/obj_Dactylv2_rev2_Noah/common/action_tapping.o
 .bss.layer_state
                0x00000000008001cf        0x4 .build/obj_Dactylv2_rev2_Noah/common/action_layer.o
                0x00000000008001cf                layer_state
 .bss.default_layer_state
                0x00000000008001d3        0x4 .build/obj_Dactylv2_rev2_Noah/common/action_layer.o
                0x00000000008001d3                default_layer_state
 .bss.oneshot_layer_data
                0x00000000008001d7        0x1 .build/obj_Dactylv2_rev2_Noah/common/action_util.o
 .bss.oneshot_mods
                0x00000000008001d8        0x1 .build/obj_Dactylv2_rev2_Noah/common/action_util.o
 .bss.__compound_literal.0
                0x00000000008001d9        0x8 .build/obj_Dactylv2_rev2_Noah/common/action_util.o
 .bss.macro_mods
                0x00000000008001e1        0x1 .build/obj_Dactylv2_rev2_Noah/common/action_util.o
 .bss.weak_mods
                0x00000000008001e2        0x1 .build/obj_Dactylv2_rev2_Noah/common/action_util.o
 .bss.real_mods
                0x00000000008001e3        0x1 .build/obj_Dactylv2_rev2_Noah/common/action_util.o
 .bss.debug_config
                0x00000000008001e4        0x1 .build/obj_Dactylv2_rev2_Noah/common/debug.o
                0x00000000008001e4                debug_config
 .bss.wdt_timeout
                0x00000000008001e5        0x1 .build/obj_Dactylv2_rev2_Noah/common/avr/suspend.o
 .bss.last_timer
                0x00000000008001e6        0x2 .build/obj_Dactylv2_rev2_Noah/common/mousekey.o
 .bss.mousekey_accel
                0x00000000008001e8        0x1 .build/obj_Dactylv2_rev2_Noah/common/mousekey.o
 .bss.mousekey_repeat
                0x00000000008001e9        0x1 .build/obj_Dactylv2_rev2_Noah/common/mousekey.o
 .bss.mouse_report
                0x00000000008001ea        0x5 .build/obj_Dactylv2_rev2_Noah/common/mousekey.o
 .bss.mousekey_param
                0x00000000008001ef        0x1 .build/obj_Dactylv2_rev2_Noah/common/command.o
 .bss.command_state
                0x00000000008001f0        0x1 .build/obj_Dactylv2_rev2_Noah/common/command.o
                0x00000000008001f0                command_state
 .bss.keyboard_report_sent
                0x00000000008001f1        0x8 .build/obj_Dactylv2_rev2_Noah/lufa.o
 .bss.keyboard_led_stats
                0x00000000008001f9        0x1 .build/obj_Dactylv2_rev2_Noah/lufa.o
 .bss.keyboard_idle
                0x00000000008001fa        0x1 .build/obj_Dactylv2_rev2_Noah/lufa.o
                0x00000000008001fa                keyboard_idle
 .bss.desired_output
                0x00000000008001fb        0x1 .build/obj_Dactylv2_rev2_Noah/outputselect.o
                0x00000000008001fb                desired_output
 *(COMMON)
 COMMON         0x00000000008001fc        0x2 .build/obj_Dactylv2_rev2_Noah/common/action.o
                0x00000000008001fc                tp_buttons
 COMMON         0x00000000008001fe        0x4 .build/obj_Dactylv2_rev2_Noah/common/avr/timer.o
                0x00000000008001fe                timer_count
 COMMON         0x0000000000800202        0x2 .build/obj_Dactylv2_rev2_Noah/common/magic.o
                0x0000000000800202                keymap_config
 COMMON         0x0000000000800204        0x3 .build/obj_Dactylv2_rev2_Noah/./lib/lufa/LUFA/Drivers/USB/Core/DeviceStandardReq.o
                0x0000000000800204                USB_Device_ConfigurationNumber
                0x0000000000800205                USB_Device_CurrentlySelfPowered
                0x0000000000800206                USB_Device_RemoteWakeupEnabled
 COMMON         0x0000000000800207        0xa .build/obj_Dactylv2_rev2_Noah/./lib/lufa/LUFA/Drivers/USB/Core/USBTask.o
                0x0000000000800207                USB_IsInitialized
                0x0000000000800208                USB_DeviceState
                0x0000000000800209                USB_ControlRequest
                0x0000000000800211                PROVIDE (__bss_end = .)
                0x0000000000004b98                __data_load_start = LOADADDR (.data)
                0x0000000000004bda                __data_load_end = (__data_load_start + SIZEOF (.data))

.noinit         0x0000000000800211        0x4
                [!provide]                        PROVIDE (__noinit_start = .)
 *(.noinit*)
 .noinit        0x0000000000800211        0x4 .build/obj_Dactylv2_rev2_Noah/common/avr/bootloader.o
                0x0000000000800211                reset_key
                [!provide]                        PROVIDE (__noinit_end = .)
                0x0000000000800215                _end = .
                [!provide]                        PROVIDE (__heap_start = .)

.eeprom         0x0000000000810000        0x0
 *(.eeprom*)
                0x0000000000810000                __eeprom_end = .

.fuse
 *(.fuse)
 *(.lfuse)
 *(.hfuse)
 *(.efuse)

.lock
 *(.lock*)

.signature
 *(.signature*)

.stab
 *(.stab)

.stabstr        0x0000000000000000       0x9c
 *(.stabstr)
 .stabstr       0x0000000000000000       0x9c .build/obj_Dactylv2_rev2_Noah/common/avr/xprintf.o

.stab.excl
 *(.stab.excl)

.stab.exclstr
 *(.stab.exclstr)

.stab.index
 *(.stab.index)

.stab.indexstr
 *(.stab.indexstr)

.comment        0x0000000000000000       0x11
 *(.comment)
 .comment       0x0000000000000000       0x11 .build/obj_Dactylv2_rev2_Noah/matrix.o
                                         0x12 (size before relaxing)
 .comment       0x0000000000000011       0x12 .build/obj_Dactylv2_rev2_Noah/split_util.o
 .comment       0x0000000000000011       0x12 .build/obj_Dactylv2_rev2_Noah/serial.o
 .comment       0x0000000000000011       0x12 .build/obj_Dactylv2_rev2_Noah/keyboards/Dactylv2/rev2/rev2.o
 .comment       0x0000000000000011       0x12 .build/obj_Dactylv2_rev2_Noah/keyboards/Dactylv2/keymaps/Noah/keymap.o
 .comment       0x0000000000000011       0x12 .build/obj_Dactylv2_rev2_Noah/quantum/quantum.o
 .comment       0x0000000000000011       0x12 .build/obj_Dactylv2_rev2_Noah/quantum/keymap_common.o
 .comment       0x0000000000000011       0x12 .build/obj_Dactylv2_rev2_Noah/quantum/keycode_config.o
 .comment       0x0000000000000011       0x12 .build/obj_Dactylv2_rev2_Noah/quantum/process_keycode/process_leader.o
 .comment       0x0000000000000011       0x12 .build/obj_Dactylv2_rev2_Noah/quantum/process_keycode/process_tap_dance.o
 .comment       0x0000000000000011       0x12 .build/obj_Dactylv2_rev2_Noah/common/host.o
 .comment       0x0000000000000011       0x12 .build/obj_Dactylv2_rev2_Noah/common/keyboard.o
 .comment       0x0000000000000011       0x12 .build/obj_Dactylv2_rev2_Noah/common/action.o
 .comment       0x0000000000000011       0x12 .build/obj_Dactylv2_rev2_Noah/common/action_tapping.o
 .comment       0x0000000000000011       0x12 .build/obj_Dactylv2_rev2_Noah/common/action_macro.o
 .comment       0x0000000000000011       0x12 .build/obj_Dactylv2_rev2_Noah/common/action_layer.o
 .comment       0x0000000000000011       0x12 .build/obj_Dactylv2_rev2_Noah/common/action_util.o
 .comment       0x0000000000000011       0x12 .build/obj_Dactylv2_rev2_Noah/common/debug.o
 .comment       0x0000000000000011       0x12 .build/obj_Dactylv2_rev2_Noah/common/eeconfig.o
 .comment       0x0000000000000011       0x12 .build/obj_Dactylv2_rev2_Noah/common/report.o
 .comment       0x0000000000000011       0x12 .build/obj_Dactylv2_rev2_Noah/common/avr/suspend.o
 .comment       0x0000000000000011       0x12 .build/obj_Dactylv2_rev2_Noah/common/avr/timer.o
 .comment       0x0000000000000011       0x12 .build/obj_Dactylv2_rev2_Noah/common/avr/bootloader.o
 .comment       0x0000000000000011       0x12 .build/obj_Dactylv2_rev2_Noah/common/magic.o
 .comment       0x0000000000000011       0x12 .build/obj_Dactylv2_rev2_Noah/common/mousekey.o
 .comment       0x0000000000000011       0x12 .build/obj_Dactylv2_rev2_Noah/common/command.o
 .comment       0x0000000000000011       0x12 .build/obj_Dactylv2_rev2_Noah/lufa.o
 .comment       0x0000000000000011       0x12 .build/obj_Dactylv2_rev2_Noah/usb_descriptor.o
 .comment       0x0000000000000011       0x12 .build/obj_Dactylv2_rev2_Noah/outputselect.o
 .comment       0x0000000000000011       0x12 .build/obj_Dactylv2_rev2_Noah/./lib/lufa/LUFA/Drivers/USB/Core/AVR8/Device_AVR8.o
 .comment       0x0000000000000011       0x12 .build/obj_Dactylv2_rev2_Noah/./lib/lufa/LUFA/Drivers/USB/Core/AVR8/EndpointStream_AVR8.o
 .comment       0x0000000000000011       0x12 .build/obj_Dactylv2_rev2_Noah/./lib/lufa/LUFA/Drivers/USB/Core/AVR8/Endpoint_AVR8.o
 .comment       0x0000000000000011       0x12 .build/obj_Dactylv2_rev2_Noah/./lib/lufa/LUFA/Drivers/USB/Core/AVR8/USBController_AVR8.o
 .comment       0x0000000000000011       0x12 .build/obj_Dactylv2_rev2_Noah/./lib/lufa/LUFA/Drivers/USB/Core/AVR8/USBInterrupt_AVR8.o
 .comment       0x0000000000000011       0x12 .build/obj_Dactylv2_rev2_Noah/./lib/lufa/LUFA/Drivers/USB/Core/DeviceStandardReq.o
 .comment       0x0000000000000011       0x12 .build/obj_Dactylv2_rev2_Noah/./lib/lufa/LUFA/Drivers/USB/Core/Events.o
 .comment       0x0000000000000011       0x12 .build/obj_Dactylv2_rev2_Noah/./lib/lufa/LUFA/Drivers/USB/Core/USBTask.o

.note.gnu.avr.deviceinfo
                0x0000000000000000       0x40
 .note.gnu.avr.deviceinfo
                0x0000000000000000       0x40 /usr/local/Cellar/avr-gcc@7/7.3.0/lib/avr-gcc/7/gcc/avr/7.3.0/../../../../../../avr/lib/avr5/crtatmega32u4.o

.note.gnu.build-id
 *(.note.gnu.build-id)

.debug
 *(.debug)

.line
 *(.line)

.debug_srcinfo
 *(.debug_srcinfo)

.debug_sfnames
 *(.debug_sfnames)

.debug_aranges  0x0000000000000000      0xd50
 *(.debug_aranges)
 .debug_aranges
                0x0000000000000000       0xa0 .build/obj_Dactylv2_rev2_Noah/matrix.o
 .debug_aranges
                0x00000000000000a0       0x38 .build/obj_Dactylv2_rev2_Noah/split_util.o
 .debug_aranges
                0x00000000000000d8       0x70 .build/obj_Dactylv2_rev2_Noah/serial.o
 .debug_aranges
                0x0000000000000148       0x30 .build/obj_Dactylv2_rev2_Noah/keyboards/Dactylv2/rev2/rev2.o
 .debug_aranges
                0x0000000000000178       0x38 .build/obj_Dactylv2_rev2_Noah/keyboards/Dactylv2/keymaps/Noah/keymap.o
 .debug_aranges
                0x00000000000001b0      0x110 .build/obj_Dactylv2_rev2_Noah/quantum/quantum.o
 .debug_aranges
                0x00000000000002c0       0x48 .build/obj_Dactylv2_rev2_Noah/quantum/keymap_common.o
 .debug_aranges
                0x0000000000000308       0x28 .build/obj_Dactylv2_rev2_Noah/quantum/keycode_config.o
 .debug_aranges
                0x0000000000000330       0x28 .build/obj_Dactylv2_rev2_Noah/quantum/process_keycode/process_leader.o
 .debug_aranges
                0x0000000000000358       0x78 .build/obj_Dactylv2_rev2_Noah/quantum/process_keycode/process_tap_dance.o
 .debug_aranges
                0x00000000000003d0       0x60 .build/obj_Dactylv2_rev2_Noah/common/host.o
 .debug_aranges
                0x0000000000000430       0x48 .build/obj_Dactylv2_rev2_Noah/common/keyboard.o
 .debug_aranges
                0x0000000000000478       0x98 .build/obj_Dactylv2_rev2_Noah/common/action.o
 .debug_aranges
                0x0000000000000510       0x48 .build/obj_Dactylv2_rev2_Noah/common/action_tapping.o
 .debug_aranges
                0x0000000000000558       0x20 .build/obj_Dactylv2_rev2_Noah/common/action_macro.o
 .debug_aranges
                0x0000000000000578       0xc8 .build/obj_Dactylv2_rev2_Noah/common/action_layer.o
 .debug_aranges
                0x0000000000000640      0x120 .build/obj_Dactylv2_rev2_Noah/common/action_util.o
 .debug_aranges
                0x0000000000000760       0x18 .build/obj_Dactylv2_rev2_Noah/common/debug.o
 .debug_aranges
                0x0000000000000778       0x68 .build/obj_Dactylv2_rev2_Noah/common/eeconfig.o
 .debug_aranges
                0x00000000000007e0       0x50 .build/obj_Dactylv2_rev2_Noah/common/report.o
 .debug_aranges
                0x0000000000000830       0x48 .build/obj_Dactylv2_rev2_Noah/common/avr/suspend.o
 .debug_aranges
                0x0000000000000878       0x50 .build/obj_Dactylv2_rev2_Noah/common/avr/timer.o
 .debug_aranges
                0x00000000000008c8       0x28 .build/obj_Dactylv2_rev2_Noah/common/avr/bootloader.o
 .debug_aranges
                0x00000000000008f0       0x20 .build/obj_Dactylv2_rev2_Noah/common/magic.o
 .debug_aranges
                0x0000000000000910       0x50 .build/obj_Dactylv2_rev2_Noah/common/mousekey.o
 .debug_aranges
                0x0000000000000960       0x58 .build/obj_Dactylv2_rev2_Noah/common/command.o
 .debug_aranges
                0x00000000000009b8       0x90 .build/obj_Dactylv2_rev2_Noah/lufa.o
 .debug_aranges
                0x0000000000000a48       0x20 .build/obj_Dactylv2_rev2_Noah/usb_descriptor.o
 .debug_aranges
                0x0000000000000a68       0x38 .build/obj_Dactylv2_rev2_Noah/outputselect.o
 .debug_aranges
                0x0000000000000aa0       0x20 .build/obj_Dactylv2_rev2_Noah/./lib/lufa/LUFA/Drivers/USB/Core/AVR8/Device_AVR8.o
 .debug_aranges
                0x0000000000000ac0       0xc8 .build/obj_Dactylv2_rev2_Noah/./lib/lufa/LUFA/Drivers/USB/Core/AVR8/EndpointStream_AVR8.o
 .debug_aranges
                0x0000000000000b88       0x40 .build/obj_Dactylv2_rev2_Noah/./lib/lufa/LUFA/Drivers/USB/Core/AVR8/Endpoint_AVR8.o
 .debug_aranges
                0x0000000000000bc8       0x30 .build/obj_Dactylv2_rev2_Noah/./lib/lufa/LUFA/Drivers/USB/Core/AVR8/USBController_AVR8.o
 .debug_aranges
                0x0000000000000bf8       0x38 .build/obj_Dactylv2_rev2_Noah/./lib/lufa/LUFA/Drivers/USB/Core/AVR8/USBInterrupt_AVR8.o
 .debug_aranges
                0x0000000000000c30       0x20 .build/obj_Dactylv2_rev2_Noah/./lib/lufa/LUFA/Drivers/USB/Core/DeviceStandardReq.o
 .debug_aranges
                0x0000000000000c50       0x20 .build/obj_Dactylv2_rev2_Noah/./lib/lufa/LUFA/Drivers/USB/Core/Events.o
 .debug_aranges
                0x0000000000000c70       0x20 .build/obj_Dactylv2_rev2_Noah/./lib/lufa/LUFA/Drivers/USB/Core/USBTask.o
 .debug_aranges
                0x0000000000000c90       0x20 /usr/local/Cellar/avr-gcc@7/7.3.0/lib/avr-gcc/7/gcc/avr/7.3.0/avr5/libgcc.a(_divmodhi4.o)
 .debug_aranges
                0x0000000000000cb0       0x20 /usr/local/Cellar/avr-gcc@7/7.3.0/lib/avr-gcc/7/gcc/avr/7.3.0/avr5/libgcc.a(_exit.o)
 .debug_aranges
                0x0000000000000cd0       0x20 /usr/local/Cellar/avr-gcc@7/7.3.0/lib/avr-gcc/7/gcc/avr/7.3.0/avr5/libgcc.a(_tablejump2.o)
 .debug_aranges
                0x0000000000000cf0       0x20 /usr/local/Cellar/avr-gcc@7/7.3.0/lib/avr-gcc/7/gcc/avr/7.3.0/avr5/libgcc.a(_copy_data.o)
 .debug_aranges
                0x0000000000000d10       0x20 /usr/local/Cellar/avr-gcc@7/7.3.0/lib/avr-gcc/7/gcc/avr/7.3.0/avr5/libgcc.a(_clear_bss.o)
 .debug_aranges
                0x0000000000000d30       0x20 /usr/local/Cellar/avr-gcc@7/7.3.0/lib/avr-gcc/7/gcc/avr/7.3.0/avr5/libgcc.a(_udivmodhi4.o)

.debug_pubnames
 *(.debug_pubnames)

.debug_info     0x0000000000000000    0x18123
 *(.debug_info .gnu.linkonce.wi.*)
 .debug_info    0x0000000000000000      0x9f4 /usr/local/Cellar/avr-gcc@7/7.3.0/lib/avr-gcc/7/gcc/avr/7.3.0/../../../../../../avr/lib/avr5/crtatmega32u4.o
 .debug_info    0x00000000000009f4      0x9f7 .build/obj_Dactylv2_rev2_Noah/matrix.o
 .debug_info    0x00000000000013eb      0x2b3 .build/obj_Dactylv2_rev2_Noah/split_util.o
 .debug_info    0x000000000000169e      0x733 .build/obj_Dactylv2_rev2_Noah/serial.o
 .debug_info    0x0000000000001dd1      0x588 .build/obj_Dactylv2_rev2_Noah/keyboards/Dactylv2/rev2/rev2.o
 .debug_info    0x0000000000002359     0x1609 .build/obj_Dactylv2_rev2_Noah/keyboards/Dactylv2/keymaps/Noah/keymap.o
 .debug_info    0x0000000000003962     0x253c .build/obj_Dactylv2_rev2_Noah/quantum/quantum.o
 .debug_info    0x0000000000005e9e     0x1bbe .build/obj_Dactylv2_rev2_Noah/quantum/keymap_common.o
 .debug_info    0x0000000000007a5c      0x5fb .build/obj_Dactylv2_rev2_Noah/quantum/keycode_config.o
 .debug_info    0x0000000000008057      0xf6d .build/obj_Dactylv2_rev2_Noah/quantum/process_keycode/process_leader.o
 .debug_info    0x0000000000008fc4     0x1545 .build/obj_Dactylv2_rev2_Noah/quantum/process_keycode/process_tap_dance.o
 .debug_info    0x000000000000a509      0x46e .build/obj_Dactylv2_rev2_Noah/common/host.o
 .debug_info    0x000000000000a977      0x60f .build/obj_Dactylv2_rev2_Noah/common/keyboard.o
 .debug_info    0x000000000000af86     0x1b4c .build/obj_Dactylv2_rev2_Noah/common/action.o
 .debug_info    0x000000000000cad2      0xf63 .build/obj_Dactylv2_rev2_Noah/common/action_tapping.o
 .debug_info    0x000000000000da35      0x88d .build/obj_Dactylv2_rev2_Noah/common/action_macro.o
 .debug_info    0x000000000000e2c2      0xa01 .build/obj_Dactylv2_rev2_Noah/common/action_layer.o
 .debug_info    0x000000000000ecc3      0x8bd .build/obj_Dactylv2_rev2_Noah/common/action_util.o
 .debug_info    0x000000000000f580      0x104 .build/obj_Dactylv2_rev2_Noah/common/debug.o
 .debug_info    0x000000000000f684      0x352 .build/obj_Dactylv2_rev2_Noah/common/eeconfig.o
 .debug_info    0x000000000000f9d6      0x483 .build/obj_Dactylv2_rev2_Noah/common/report.o
 .debug_info    0x000000000000fe59      0x610 .build/obj_Dactylv2_rev2_Noah/common/avr/suspend.o
 .debug_info    0x0000000000010469      0x3aa .build/obj_Dactylv2_rev2_Noah/common/avr/timer.o
 .debug_info    0x0000000000010813      0x328 .build/obj_Dactylv2_rev2_Noah/common/avr/bootloader.o
 .debug_info    0x0000000000010b3b      0x316 .build/obj_Dactylv2_rev2_Noah/common/magic.o
 .debug_info    0x0000000000010e51      0x684 .build/obj_Dactylv2_rev2_Noah/common/mousekey.o
 .debug_info    0x00000000000114d5      0xd58 .build/obj_Dactylv2_rev2_Noah/common/command.o
 .debug_info    0x000000000001222d     0x1508 .build/obj_Dactylv2_rev2_Noah/lufa.o
 .debug_info    0x0000000000013735      0x934 .build/obj_Dactylv2_rev2_Noah/usb_descriptor.o
 .debug_info    0x0000000000014069      0x4db .build/obj_Dactylv2_rev2_Noah/outputselect.o
 .debug_info    0x0000000000014544      0x18c .build/obj_Dactylv2_rev2_Noah/./lib/lufa/LUFA/Drivers/USB/Core/AVR8/Device_AVR8.o
 .debug_info    0x00000000000146d0     0x17d8 .build/obj_Dactylv2_rev2_Noah/./lib/lufa/LUFA/Drivers/USB/Core/AVR8/EndpointStream_AVR8.o
 .debug_info    0x0000000000015ea8      0x64a .build/obj_Dactylv2_rev2_Noah/./lib/lufa/LUFA/Drivers/USB/Core/AVR8/Endpoint_AVR8.o
 .debug_info    0x00000000000164f2      0x54a .build/obj_Dactylv2_rev2_Noah/./lib/lufa/LUFA/Drivers/USB/Core/AVR8/USBController_AVR8.o
 .debug_info    0x0000000000016a3c      0x875 .build/obj_Dactylv2_rev2_Noah/./lib/lufa/LUFA/Drivers/USB/Core/AVR8/USBInterrupt_AVR8.o
 .debug_info    0x00000000000172b1      0xa6f .build/obj_Dactylv2_rev2_Noah/./lib/lufa/LUFA/Drivers/USB/Core/DeviceStandardReq.o
 .debug_info    0x0000000000017d20       0x78 .build/obj_Dactylv2_rev2_Noah/./lib/lufa/LUFA/Drivers/USB/Core/Events.o
 .debug_info    0x0000000000017d98      0x2a7 .build/obj_Dactylv2_rev2_Noah/./lib/lufa/LUFA/Drivers/USB/Core/USBTask.o
 .debug_info    0x000000000001803f       0x26 /usr/local/Cellar/avr-gcc@7/7.3.0/lib/avr-gcc/7/gcc/avr/7.3.0/avr5/libgcc.a(_divmodhi4.o)
 .debug_info    0x0000000000018065       0x26 /usr/local/Cellar/avr-gcc@7/7.3.0/lib/avr-gcc/7/gcc/avr/7.3.0/avr5/libgcc.a(_exit.o)
 .debug_info    0x000000000001808b       0x26 /usr/local/Cellar/avr-gcc@7/7.3.0/lib/avr-gcc/7/gcc/avr/7.3.0/avr5/libgcc.a(_tablejump2.o)
 .debug_info    0x00000000000180b1       0x26 /usr/local/Cellar/avr-gcc@7/7.3.0/lib/avr-gcc/7/gcc/avr/7.3.0/avr5/libgcc.a(_copy_data.o)
 .debug_info    0x00000000000180d7       0x26 /usr/local/Cellar/avr-gcc@7/7.3.0/lib/avr-gcc/7/gcc/avr/7.3.0/avr5/libgcc.a(_clear_bss.o)
 .debug_info    0x00000000000180fd       0x26 /usr/local/Cellar/avr-gcc@7/7.3.0/lib/avr-gcc/7/gcc/avr/7.3.0/avr5/libgcc.a(_udivmodhi4.o)

.debug_abbrev   0x0000000000000000     0x584d
 *(.debug_abbrev)
 .debug_abbrev  0x0000000000000000      0x96a /usr/local/Cellar/avr-gcc@7/7.3.0/lib/avr-gcc/7/gcc/avr/7.3.0/../../../../../../avr/lib/avr5/crtatmega32u4.o
 .debug_abbrev  0x000000000000096a      0x3a6 .build/obj_Dactylv2_rev2_Noah/matrix.o
 .debug_abbrev  0x0000000000000d10      0x150 .build/obj_Dactylv2_rev2_Noah/split_util.o
 .debug_abbrev  0x0000000000000e60      0x251 .build/obj_Dactylv2_rev2_Noah/serial.o
 .debug_abbrev  0x00000000000010b1      0x183 .build/obj_Dactylv2_rev2_Noah/keyboards/Dactylv2/rev2/rev2.o
 .debug_abbrev  0x0000000000001234      0x262 .build/obj_Dactylv2_rev2_Noah/keyboards/Dactylv2/keymaps/Noah/keymap.o
 .debug_abbrev  0x0000000000001496      0x4ac .build/obj_Dactylv2_rev2_Noah/quantum/quantum.o
 .debug_abbrev  0x0000000000001942      0x2d5 .build/obj_Dactylv2_rev2_Noah/quantum/keymap_common.o
 .debug_abbrev  0x0000000000001c17       0xfd .build/obj_Dactylv2_rev2_Noah/quantum/keycode_config.o
 .debug_abbrev  0x0000000000001d14      0x1af .build/obj_Dactylv2_rev2_Noah/quantum/process_keycode/process_leader.o
 .debug_abbrev  0x0000000000001ec3      0x2eb .build/obj_Dactylv2_rev2_Noah/quantum/process_keycode/process_tap_dance.o
 .debug_abbrev  0x00000000000021ae      0x19b .build/obj_Dactylv2_rev2_Noah/common/host.o
 .debug_abbrev  0x0000000000002349      0x231 .build/obj_Dactylv2_rev2_Noah/common/keyboard.o
 .debug_abbrev  0x000000000000257a      0x38d .build/obj_Dactylv2_rev2_Noah/common/action.o
 .debug_abbrev  0x0000000000002907      0x305 .build/obj_Dactylv2_rev2_Noah/common/action_tapping.o
 .debug_abbrev  0x0000000000002c0c      0x1c8 .build/obj_Dactylv2_rev2_Noah/common/action_macro.o
 .debug_abbrev  0x0000000000002dd4      0x288 .build/obj_Dactylv2_rev2_Noah/common/action_layer.o
 .debug_abbrev  0x000000000000305c      0x256 .build/obj_Dactylv2_rev2_Noah/common/action_util.o
 .debug_abbrev  0x00000000000032b2       0x94 .build/obj_Dactylv2_rev2_Noah/common/debug.o
 .debug_abbrev  0x0000000000003346       0xc2 .build/obj_Dactylv2_rev2_Noah/common/eeconfig.o
 .debug_abbrev  0x0000000000003408      0x175 .build/obj_Dactylv2_rev2_Noah/common/report.o
 .debug_abbrev  0x000000000000357d      0x2b2 .build/obj_Dactylv2_rev2_Noah/common/avr/suspend.o
 .debug_abbrev  0x000000000000382f      0x182 .build/obj_Dactylv2_rev2_Noah/common/avr/timer.o
 .debug_abbrev  0x00000000000039b1      0x1b8 .build/obj_Dactylv2_rev2_Noah/common/avr/bootloader.o
 .debug_abbrev  0x0000000000003b69      0x10c .build/obj_Dactylv2_rev2_Noah/common/magic.o
 .debug_abbrev  0x0000000000003c75      0x1f9 .build/obj_Dactylv2_rev2_Noah/common/mousekey.o
 .debug_abbrev  0x0000000000003e6e      0x372 .build/obj_Dactylv2_rev2_Noah/common/command.o
 .debug_abbrev  0x00000000000041e0      0x455 .build/obj_Dactylv2_rev2_Noah/lufa.o
 .debug_abbrev  0x0000000000004635      0x1d9 .build/obj_Dactylv2_rev2_Noah/usb_descriptor.o
 .debug_abbrev  0x000000000000480e      0x1fe .build/obj_Dactylv2_rev2_Noah/outputselect.o
 .debug_abbrev  0x0000000000004a0c       0xb6 .build/obj_Dactylv2_rev2_Noah/./lib/lufa/LUFA/Drivers/USB/Core/AVR8/Device_AVR8.o
 .debug_abbrev  0x0000000000004ac2      0x20a .build/obj_Dactylv2_rev2_Noah/./lib/lufa/LUFA/Drivers/USB/Core/AVR8/EndpointStream_AVR8.o
 .debug_abbrev  0x0000000000004ccc      0x251 .build/obj_Dactylv2_rev2_Noah/./lib/lufa/LUFA/Drivers/USB/Core/AVR8/Endpoint_AVR8.o
 .debug_abbrev  0x0000000000004f1d      0x1af .build/obj_Dactylv2_rev2_Noah/./lib/lufa/LUFA/Drivers/USB/Core/AVR8/USBController_AVR8.o
 .debug_abbrev  0x00000000000050cc      0x231 .build/obj_Dactylv2_rev2_Noah/./lib/lufa/LUFA/Drivers/USB/Core/AVR8/USBInterrupt_AVR8.o
 .debug_abbrev  0x00000000000052fd      0x2fc .build/obj_Dactylv2_rev2_Noah/./lib/lufa/LUFA/Drivers/USB/Core/DeviceStandardReq.o
 .debug_abbrev  0x00000000000055f9       0x44 .build/obj_Dactylv2_rev2_Noah/./lib/lufa/LUFA/Drivers/USB/Core/Events.o
 .debug_abbrev  0x000000000000563d      0x198 .build/obj_Dactylv2_rev2_Noah/./lib/lufa/LUFA/Drivers/USB/Core/USBTask.o
 .debug_abbrev  0x00000000000057d5       0x14 /usr/local/Cellar/avr-gcc@7/7.3.0/lib/avr-gcc/7/gcc/avr/7.3.0/avr5/libgcc.a(_divmodhi4.o)
 .debug_abbrev  0x00000000000057e9       0x14 /usr/local/Cellar/avr-gcc@7/7.3.0/lib/avr-gcc/7/gcc/avr/7.3.0/avr5/libgcc.a(_exit.o)
 .debug_abbrev  0x00000000000057fd       0x14 /usr/local/Cellar/avr-gcc@7/7.3.0/lib/avr-gcc/7/gcc/avr/7.3.0/avr5/libgcc.a(_tablejump2.o)
 .debug_abbrev  0x0000000000005811       0x14 /usr/local/Cellar/avr-gcc@7/7.3.0/lib/avr-gcc/7/gcc/avr/7.3.0/avr5/libgcc.a(_copy_data.o)
 .debug_abbrev  0x0000000000005825       0x14 /usr/local/Cellar/avr-gcc@7/7.3.0/lib/avr-gcc/7/gcc/avr/7.3.0/avr5/libgcc.a(_clear_bss.o)
 .debug_abbrev  0x0000000000005839       0x14 /usr/local/Cellar/avr-gcc@7/7.3.0/lib/avr-gcc/7/gcc/avr/7.3.0/avr5/libgcc.a(_udivmodhi4.o)

.debug_line     0x0000000000000000     0x9967
 *(.debug_line .debug_line.* .debug_line_end)
 .debug_line    0x0000000000000000       0x1d /usr/local/Cellar/avr-gcc@7/7.3.0/lib/avr-gcc/7/gcc/avr/7.3.0/../../../../../../avr/lib/avr5/crtatmega32u4.o
 .debug_line    0x000000000000001d      0x4e5 .build/obj_Dactylv2_rev2_Noah/matrix.o
 .debug_line    0x0000000000000502      0x1a9 .build/obj_Dactylv2_rev2_Noah/split_util.o
 .debug_line    0x00000000000006ab      0x40f .build/obj_Dactylv2_rev2_Noah/serial.o
 .debug_line    0x0000000000000aba      0x1ef .build/obj_Dactylv2_rev2_Noah/keyboards/Dactylv2/rev2/rev2.o
 .debug_line    0x0000000000000ca9      0x2fa .build/obj_Dactylv2_rev2_Noah/keyboards/Dactylv2/keymaps/Noah/keymap.o
 .debug_line    0x0000000000000fa3      0xb20 .build/obj_Dactylv2_rev2_Noah/quantum/quantum.o
 .debug_line    0x0000000000001ac3      0x4b8 .build/obj_Dactylv2_rev2_Noah/quantum/keymap_common.o
 .debug_line    0x0000000000001f7b      0x1da .build/obj_Dactylv2_rev2_Noah/quantum/keycode_config.o
 .debug_line    0x0000000000002155      0x28d .build/obj_Dactylv2_rev2_Noah/quantum/process_keycode/process_leader.o
 .debug_line    0x00000000000023e2      0x51c .build/obj_Dactylv2_rev2_Noah/quantum/process_keycode/process_tap_dance.o
 .debug_line    0x00000000000028fe      0x1c9 .build/obj_Dactylv2_rev2_Noah/common/host.o
 .debug_line    0x0000000000002ac7      0x259 .build/obj_Dactylv2_rev2_Noah/common/keyboard.o
 .debug_line    0x0000000000002d20      0x9d4 .build/obj_Dactylv2_rev2_Noah/common/action.o
 .debug_line    0x00000000000036f4      0x5e6 .build/obj_Dactylv2_rev2_Noah/common/action_tapping.o
 .debug_line    0x0000000000003cda      0x1d4 .build/obj_Dactylv2_rev2_Noah/common/action_macro.o
 .debug_line    0x0000000000003eae      0x391 .build/obj_Dactylv2_rev2_Noah/common/action_layer.o
 .debug_line    0x000000000000423f      0x497 .build/obj_Dactylv2_rev2_Noah/common/action_util.o
 .debug_line    0x00000000000046d6       0x7f .build/obj_Dactylv2_rev2_Noah/common/debug.o
 .debug_line    0x0000000000004755      0x1b4 .build/obj_Dactylv2_rev2_Noah/common/eeconfig.o
 .debug_line    0x0000000000004909      0x1cd .build/obj_Dactylv2_rev2_Noah/common/report.o
 .debug_line    0x0000000000004ad6      0x320 .build/obj_Dactylv2_rev2_Noah/common/avr/suspend.o
 .debug_line    0x0000000000004df6      0x296 .build/obj_Dactylv2_rev2_Noah/common/avr/timer.o
 .debug_line    0x000000000000508c      0x1c2 .build/obj_Dactylv2_rev2_Noah/common/avr/bootloader.o
 .debug_line    0x000000000000524e      0x107 .build/obj_Dactylv2_rev2_Noah/common/magic.o
 .debug_line    0x0000000000005355      0x62a .build/obj_Dactylv2_rev2_Noah/common/mousekey.o
 .debug_line    0x000000000000597f      0x588 .build/obj_Dactylv2_rev2_Noah/common/command.o
 .debug_line    0x0000000000005f07      0x948 .build/obj_Dactylv2_rev2_Noah/lufa.o
 .debug_line    0x000000000000684f      0x26d .build/obj_Dactylv2_rev2_Noah/usb_descriptor.o
 .debug_line    0x0000000000006abc      0x208 .build/obj_Dactylv2_rev2_Noah/outputselect.o
 .debug_line    0x0000000000006cc4      0x195 .build/obj_Dactylv2_rev2_Noah/./lib/lufa/LUFA/Drivers/USB/Core/AVR8/Device_AVR8.o
 .debug_line    0x0000000000006e59     0x13c3 .build/obj_Dactylv2_rev2_Noah/./lib/lufa/LUFA/Drivers/USB/Core/AVR8/EndpointStream_AVR8.o
 .debug_line    0x000000000000821c      0x4c8 .build/obj_Dactylv2_rev2_Noah/./lib/lufa/LUFA/Drivers/USB/Core/AVR8/Endpoint_AVR8.o
 .debug_line    0x00000000000086e4      0x310 .build/obj_Dactylv2_rev2_Noah/./lib/lufa/LUFA/Drivers/USB/Core/AVR8/USBController_AVR8.o
 .debug_line    0x00000000000089f4      0x544 .build/obj_Dactylv2_rev2_Noah/./lib/lufa/LUFA/Drivers/USB/Core/AVR8/USBInterrupt_AVR8.o
 .debug_line    0x0000000000008f38      0x4b8 .build/obj_Dactylv2_rev2_Noah/./lib/lufa/LUFA/Drivers/USB/Core/DeviceStandardReq.o
 .debug_line    0x00000000000093f0       0x5e .build/obj_Dactylv2_rev2_Noah/./lib/lufa/LUFA/Drivers/USB/Core/Events.o
 .debug_line    0x000000000000944e      0x18f .build/obj_Dactylv2_rev2_Noah/./lib/lufa/LUFA/Drivers/USB/Core/USBTask.o
 .debug_line    0x00000000000095dd       0xc7 /usr/local/Cellar/avr-gcc@7/7.3.0/lib/avr-gcc/7/gcc/avr/7.3.0/avr5/libgcc.a(_divmodhi4.o)
 .debug_line    0x00000000000096a4       0x61 /usr/local/Cellar/avr-gcc@7/7.3.0/lib/avr-gcc/7/gcc/avr/7.3.0/avr5/libgcc.a(_exit.o)
 .debug_line    0x0000000000009705       0x79 /usr/local/Cellar/avr-gcc@7/7.3.0/lib/avr-gcc/7/gcc/avr/7.3.0/avr5/libgcc.a(_tablejump2.o)
 .debug_line    0x000000000000977e       0x97 /usr/local/Cellar/avr-gcc@7/7.3.0/lib/avr-gcc/7/gcc/avr/7.3.0/avr5/libgcc.a(_copy_data.o)
 .debug_line    0x0000000000009815       0x85 /usr/local/Cellar/avr-gcc@7/7.3.0/lib/avr-gcc/7/gcc/avr/7.3.0/avr5/libgcc.a(_clear_bss.o)
 .debug_line    0x000000000000989a       0xcd /usr/local/Cellar/avr-gcc@7/7.3.0/lib/avr-gcc/7/gcc/avr/7.3.0/avr5/libgcc.a(_udivmodhi4.o)

.debug_frame    0x0000000000000000     0x2568
 *(.debug_frame)
 .debug_frame   0x0000000000000000      0x1bc .build/obj_Dactylv2_rev2_Noah/matrix.o
 .debug_frame   0x00000000000001bc       0x54 .build/obj_Dactylv2_rev2_Noah/split_util.o
 .debug_frame   0x0000000000000210      0x16c .build/obj_Dactylv2_rev2_Noah/serial.o
 .debug_frame   0x000000000000037c       0xe4 .build/obj_Dactylv2_rev2_Noah/keyboards/Dactylv2/rev2/rev2.o
 .debug_frame   0x0000000000000460      0x110 .build/obj_Dactylv2_rev2_Noah/keyboards/Dactylv2/keymaps/Noah/keymap.o
 .debug_frame   0x0000000000000570      0x430 .build/obj_Dactylv2_rev2_Noah/quantum/quantum.o
 .debug_frame   0x00000000000009a0      0x120 .build/obj_Dactylv2_rev2_Noah/quantum/keymap_common.o
 .debug_frame   0x0000000000000ac0       0x34 .build/obj_Dactylv2_rev2_Noah/quantum/keycode_config.o
 .debug_frame   0x0000000000000af4      0x108 .build/obj_Dactylv2_rev2_Noah/quantum/process_keycode/process_leader.o
 .debug_frame   0x0000000000000bfc      0x230 .build/obj_Dactylv2_rev2_Noah/quantum/process_keycode/process_tap_dance.o
 .debug_frame   0x0000000000000e2c       0xa4 .build/obj_Dactylv2_rev2_Noah/common/host.o
 .debug_frame   0x0000000000000ed0       0xb0 .build/obj_Dactylv2_rev2_Noah/common/keyboard.o
 .debug_frame   0x0000000000000f80      0x1b4 .build/obj_Dactylv2_rev2_Noah/common/action.o
 .debug_frame   0x0000000000001134       0xfc .build/obj_Dactylv2_rev2_Noah/common/action_tapping.o
 .debug_frame   0x0000000000001230       0x48 .build/obj_Dactylv2_rev2_Noah/common/action_macro.o
 .debug_frame   0x0000000000001278      0x250 .build/obj_Dactylv2_rev2_Noah/common/action_layer.o
 .debug_frame   0x00000000000014c8      0x224 .build/obj_Dactylv2_rev2_Noah/common/action_util.o
 .debug_frame   0x00000000000016ec       0xb4 .build/obj_Dactylv2_rev2_Noah/common/eeconfig.o
 .debug_frame   0x00000000000017a0       0x84 .build/obj_Dactylv2_rev2_Noah/common/report.o
 .debug_frame   0x0000000000001824       0xb0 .build/obj_Dactylv2_rev2_Noah/common/avr/suspend.o
 .debug_frame   0x00000000000018d4       0xcc .build/obj_Dactylv2_rev2_Noah/common/avr/timer.o
 .debug_frame   0x00000000000019a0       0x34 .build/obj_Dactylv2_rev2_Noah/common/avr/bootloader.o
 .debug_frame   0x00000000000019d4       0x24 .build/obj_Dactylv2_rev2_Noah/common/magic.o
 .debug_frame   0x00000000000019f8       0x98 .build/obj_Dactylv2_rev2_Noah/common/mousekey.o
 .debug_frame   0x0000000000001a90      0x158 .build/obj_Dactylv2_rev2_Noah/common/command.o
 .debug_frame   0x0000000000001be8      0x200 .build/obj_Dactylv2_rev2_Noah/lufa.o
 .debug_frame   0x0000000000001de8       0x24 .build/obj_Dactylv2_rev2_Noah/usb_descriptor.o
 .debug_frame   0x0000000000001e0c       0x5c .build/obj_Dactylv2_rev2_Noah/outputselect.o
 .debug_frame   0x0000000000001e68       0x24 .build/obj_Dactylv2_rev2_Noah/./lib/lufa/LUFA/Drivers/USB/Core/AVR8/Device_AVR8.o
 .debug_frame   0x0000000000001e8c      0x474 .build/obj_Dactylv2_rev2_Noah/./lib/lufa/LUFA/Drivers/USB/Core/AVR8/EndpointStream_AVR8.o
 .debug_frame   0x0000000000002300       0x7c .build/obj_Dactylv2_rev2_Noah/./lib/lufa/LUFA/Drivers/USB/Core/AVR8/Endpoint_AVR8.o
 .debug_frame   0x000000000000237c       0x5c .build/obj_Dactylv2_rev2_Noah/./lib/lufa/LUFA/Drivers/USB/Core/AVR8/USBController_AVR8.o