Archive member included to satisfy reference by file (symbol)

/usr/local/Cellar/avr-gcc@7/7.3.0/lib/avr-gcc/7/gcc/avr/7.3.0/avr5/libgcc.a(_divmodhi4.o)
                              .build/obj_Dactylv2_rev2_NoahTest/common/mousekey.o (__divmodhi4)
/usr/local/Cellar/avr-gcc@7/7.3.0/lib/avr-gcc/7/gcc/avr/7.3.0/avr5/libgcc.a(_exit.o)
                              /usr/local/Cellar/avr-gcc@7/7.3.0/lib/avr-gcc/7/gcc/avr/7.3.0/../../../../../../avr/lib/avr5/crtatmega32u4.o (exit)
/usr/local/Cellar/avr-gcc@7/7.3.0/lib/avr-gcc/7/gcc/avr/7.3.0/avr5/libgcc.a(_tablejump2.o)
                              .build/obj_Dactylv2_rev2_NoahTest/keyboards/Dactylv2/keymaps/NoahTest/keymap.o (__tablejump2__)
/usr/local/Cellar/avr-gcc@7/7.3.0/lib/avr-gcc/7/gcc/avr/7.3.0/avr5/libgcc.a(_copy_data.o)
                              .build/obj_Dactylv2_rev2_NoahTest/matrix.o (__do_copy_data)
/usr/local/Cellar/avr-gcc@7/7.3.0/lib/avr-gcc/7/gcc/avr/7.3.0/avr5/libgcc.a(_clear_bss.o)
                              .build/obj_Dactylv2_rev2_NoahTest/matrix.o (__do_clear_bss)
/usr/local/Cellar/avr-gcc@7/7.3.0/lib/avr-gcc/7/gcc/avr/7.3.0/avr5/libgcc.a(_udivmodhi4.o)
                              /usr/local/Cellar/avr-gcc@7/7.3.0/lib/avr-gcc/7/gcc/avr/7.3.0/avr5/libgcc.a(_divmodhi4.o) (__udivmodhi4)
/usr/local/Cellar/avr-gcc@7/7.3.0/lib/avr-gcc/7/gcc/avr/7.3.0/../../../../../../avr/lib/avr5/libc.a(memmove.o)
                              .build/obj_Dactylv2_rev2_NoahTest/./lib/lufa/LUFA/Drivers/USB/Class/Common/HIDParser.o (memmove)
/usr/local/Cellar/avr-gcc@7/7.3.0/lib/avr-gcc/7/gcc/avr/7.3.0/../../../../../../avr/lib/avr5/libc.a(memcpy.o)
                              /usr/local/Cellar/avr-gcc@7/7.3.0/lib/avr-gcc/7/gcc/avr/7.3.0/../../../../../../avr/lib/avr5/libc.a(memmove.o) (memcpy)
/usr/local/Cellar/avr-gcc@7/7.3.0/lib/avr-gcc/7/gcc/avr/7.3.0/../../../../../../avr/lib/avr5/libatmega32u4.a(eerd_byte.o)
                              .build/obj_Dactylv2_rev2_NoahTest/common/eeconfig.o (eeprom_read_byte)
/usr/local/Cellar/avr-gcc@7/7.3.0/lib/avr-gcc/7/gcc/avr/7.3.0/../../../../../../avr/lib/avr5/libatmega32u4.a(eerd_word.o)
                              .build/obj_Dactylv2_rev2_NoahTest/common/eeconfig.o (eeprom_read_word)
/usr/local/Cellar/avr-gcc@7/7.3.0/lib/avr-gcc/7/gcc/avr/7.3.0/../../../../../../avr/lib/avr5/libatmega32u4.a(eeupd_byte.o)
                              .build/obj_Dactylv2_rev2_NoahTest/common/eeconfig.o (eeprom_update_byte)
/usr/local/Cellar/avr-gcc@7/7.3.0/lib/avr-gcc/7/gcc/avr/7.3.0/../../../../../../avr/lib/avr5/libatmega32u4.a(eeupd_word.o)
                              .build/obj_Dactylv2_rev2_NoahTest/common/eeconfig.o (eeprom_update_word)
/usr/local/Cellar/avr-gcc@7/7.3.0/lib/avr-gcc/7/gcc/avr/7.3.0/../../../../../../avr/lib/avr5/libatmega32u4.a(eerd_block.o)
                              /usr/local/Cellar/avr-gcc@7/7.3.0/lib/avr-gcc/7/gcc/avr/7.3.0/../../../../../../avr/lib/avr5/libatmega32u4.a(eerd_word.o) (eeprom_read_blraw)

Allocating common symbols
Common symbol       size              file

USB_IsInitialized   0x1               .build/obj_Dactylv2_rev2_NoahTest/./lib/lufa/LUFA/Drivers/USB/Core/USBTask.o
keymap_config       0x2               .build/obj_Dactylv2_rev2_NoahTest/common/magic.o
USB_DeviceState     0x1               .build/obj_Dactylv2_rev2_NoahTest/./lib/lufa/LUFA/Drivers/USB/Core/USBTask.o
USB_Device_ConfigurationNumber
                    0x1               .build/obj_Dactylv2_rev2_NoahTest/./lib/lufa/LUFA/Drivers/USB/Core/DeviceStandardReq.o
USB_Device_CurrentlySelfPowered
                    0x1               .build/obj_Dactylv2_rev2_NoahTest/./lib/lufa/LUFA/Drivers/USB/Core/DeviceStandardReq.o
USB_ControlRequest  0x8               .build/obj_Dactylv2_rev2_NoahTest/./lib/lufa/LUFA/Drivers/USB/Core/USBTask.o
tp_buttons          0x2               .build/obj_Dactylv2_rev2_NoahTest/common/action.o
USB_Device_RemoteWakeupEnabled
                    0x1               .build/obj_Dactylv2_rev2_NoahTest/./lib/lufa/LUFA/Drivers/USB/Core/DeviceStandardReq.o
timer_count         0x4               .build/obj_Dactylv2_rev2_NoahTest/common/avr/timer.o

Discarded input sections

 .data          0x0000000000000000        0x0 /usr/local/Cellar/avr-gcc@7/7.3.0/lib/avr-gcc/7/gcc/avr/7.3.0/../../../../../../avr/lib/avr5/crtatmega32u4.o
 .bss           0x0000000000000000        0x0 /usr/local/Cellar/avr-gcc@7/7.3.0/lib/avr-gcc/7/gcc/avr/7.3.0/../../../../../../avr/lib/avr5/crtatmega32u4.o
 .text          0x0000000000000000        0x0 .build/obj_Dactylv2_rev2_NoahTest/matrix.o
 .data          0x0000000000000000        0x0 .build/obj_Dactylv2_rev2_NoahTest/matrix.o
 .bss           0x0000000000000000        0x0 .build/obj_Dactylv2_rev2_NoahTest/matrix.o
 .text.matrix_init_kb
                0x0000000000000000        0x4 .build/obj_Dactylv2_rev2_NoahTest/matrix.o
 .text.matrix_init_quantum
                0x0000000000000000        0x4 .build/obj_Dactylv2_rev2_NoahTest/matrix.o
 .text.matrix_scan_quantum
[...]
Memory Configuration

Name             Origin             Length             Attributes
text             0x0000000000000000 0x0000000000020000 xr
data             0x0000000000800060 0x000000000000ffa0 rw !x
eeprom           0x0000000000810000 0x0000000000010000 rw !x
fuse             0x0000000000820000 0x0000000000000400 rw !x
lock             0x0000000000830000 0x0000000000000400 rw !x
signature        0x0000000000840000 0x0000000000000400 rw !x
user_signatures  0x0000000000850000 0x0000000000000400 rw !x
*default*        0x0000000000000000 0xffffffffffffffff

Linker script and memory map

Address of section .data set to 0x800100
LOAD /usr/local/Cellar/avr-gcc@7/7.3.0/lib/avr-gcc/7/gcc/avr/7.3.0/../../../../../../avr/lib/avr5/crtatmega32u4.o
LOAD .build/obj_Dactylv2_rev2_NoahTest/matrix.o
LOAD .build/obj_Dactylv2_rev2_NoahTest/i2c.o
LOAD .build/obj_Dactylv2_rev2_NoahTest/split_util.o
LOAD .build/obj_Dactylv2_rev2_NoahTest/serial.o
LOAD .build/obj_Dactylv2_rev2_NoahTest/ssd1306.o
LOAD .build/obj_Dactylv2_rev2_NoahTest/keyboards/Dactylv2/rev2/rev2.o
LOAD .build/obj_Dactylv2_rev2_NoahTest/keyboards/Dactylv2/keymaps/NoahTest/keymap.o
LOAD .build/obj_Dactylv2_rev2_NoahTest/quantum/quantum.o
LOAD .build/obj_Dactylv2_rev2_NoahTest/quantum/keymap_common.o
LOAD .build/obj_Dactylv2_rev2_NoahTest/quantum/keycode_config.o
LOAD .build/obj_Dactylv2_rev2_NoahTest/quantum/process_keycode/process_leader.o
LOAD .build/obj_Dactylv2_rev2_NoahTest/quantum/process_keycode/process_tap_dance.o
LOAD .build/obj_Dactylv2_rev2_NoahTest/common/host.o
LOAD .build/obj_Dactylv2_rev2_NoahTest/common/keyboard.o
LOAD .build/obj_Dactylv2_rev2_NoahTest/common/action.o
LOAD .build/obj_Dactylv2_rev2_NoahTest/common/action_tapping.o
LOAD .build/obj_Dactylv2_rev2_NoahTest/common/action_macro.o
LOAD .build/obj_Dactylv2_rev2_NoahTest/common/action_layer.o
LOAD .build/obj_Dactylv2_rev2_NoahTest/common/action_util.o
LOAD .build/obj_Dactylv2_rev2_NoahTest/common/print.o
LOAD .build/obj_Dactylv2_rev2_NoahTest/common/debug.o
LOAD .build/obj_Dactylv2_rev2_NoahTest/common/util.o
LOAD .build/obj_Dactylv2_rev2_NoahTest/common/eeconfig.o
LOAD .build/obj_Dactylv2_rev2_NoahTest/common/report.o
LOAD .build/obj_Dactylv2_rev2_NoahTest/common/avr/suspend.o
LOAD .build/obj_Dactylv2_rev2_NoahTest/common/avr/timer.o
LOAD .build/obj_Dactylv2_rev2_NoahTest/common/avr/bootloader.o
LOAD .build/obj_Dactylv2_rev2_NoahTest/common/avr/xprintf.o
LOAD .build/obj_Dactylv2_rev2_NoahTest/common/magic.o
LOAD .build/obj_Dactylv2_rev2_NoahTest/common/mousekey.o
LOAD .build/obj_Dactylv2_rev2_NoahTest/common/command.o
LOAD .build/obj_Dactylv2_rev2_NoahTest/lufa.o
LOAD .build/obj_Dactylv2_rev2_NoahTest/usb_descriptor.o
LOAD .build/obj_Dactylv2_rev2_NoahTest/outputselect.o
LOAD .build/obj_Dactylv2_rev2_NoahTest/./lib/lufa/LUFA/Drivers/USB/Class/Common/HIDParser.o
LOAD .build/obj_Dactylv2_rev2_NoahTest/./lib/lufa/LUFA/Drivers/USB/Core/AVR8/Device_AVR8.o
LOAD .build/obj_Dactylv2_rev2_NoahTest/./lib/lufa/LUFA/Drivers/USB/Core/AVR8/EndpointStream_AVR8.o
LOAD .build/obj_Dactylv2_rev2_NoahTest/./lib/lufa/LUFA/Drivers/USB/Core/AVR8/Endpoint_AVR8.o
LOAD .build/obj_Dactylv2_rev2_NoahTest/./lib/lufa/LUFA/Drivers/USB/Core/AVR8/Host_AVR8.o
LOAD .build/obj_Dactylv2_rev2_NoahTest/./lib/lufa/LUFA/Drivers/USB/Core/AVR8/PipeStream_AVR8.o
LOAD .build/obj_Dactylv2_rev2_NoahTest/./lib/lufa/LUFA/Drivers/USB/Core/AVR8/Pipe_AVR8.o
LOAD .build/obj_Dactylv2_rev2_NoahTest/./lib/lufa/LUFA/Drivers/USB/Core/AVR8/USBController_AVR8.o
LOAD .build/obj_Dactylv2_rev2_NoahTest/./lib/lufa/LUFA/Drivers/USB/Core/AVR8/USBInterrupt_AVR8.o
LOAD .build/obj_Dactylv2_rev2_NoahTest/./lib/lufa/LUFA/Drivers/USB/Core/ConfigDescriptors.o
LOAD .build/obj_Dactylv2_rev2_NoahTest/./lib/lufa/LUFA/Drivers/USB/Core/DeviceStandardReq.o
LOAD .build/obj_Dactylv2_rev2_NoahTest/./lib/lufa/LUFA/Drivers/USB/Core/Events.o
LOAD .build/obj_Dactylv2_rev2_NoahTest/./lib/lufa/LUFA/Drivers/USB/Core/HostStandardReq.o
LOAD .build/obj_Dactylv2_rev2_NoahTest/./lib/lufa/LUFA/Drivers/USB/Core/USBTask.o
LOAD /usr/local/Cellar/avr-gcc@7/7.3.0/lib/avr-gcc/7/gcc/avr/7.3.0/../../../../../../avr/lib/avr5/libm.a
START GROUP
LOAD /usr/local/Cellar/avr-gcc@7/7.3.0/lib/avr-gcc/7/gcc/avr/7.3.0/avr5/libgcc.a
LOAD /usr/local/Cellar/avr-gcc@7/7.3.0/lib/avr-gcc/7/gcc/avr/7.3.0/../../../../../../avr/lib/avr5/libm.a
LOAD /usr/local/Cellar/avr-gcc@7/7.3.0/lib/avr-gcc/7/gcc/avr/7.3.0/../../../../../../avr/lib/avr5/libc.a
LOAD /usr/local/Cellar/avr-gcc@7/7.3.0/lib/avr-gcc/7/gcc/avr/7.3.0/../../../../../../avr/lib/avr5/libatmega32u4.a
END GROUP
                0x0000000000020000                __TEXT_REGION_LENGTH__ = DEFINED (__TEXT_REGION_LENGTH__)?__TEXT_REGION_LENGTH__:0x20000
                0x000000000000ffa0                __DATA_REGION_LENGTH__ = DEFINED (__DATA_REGION_LENGTH__)?__DATA_REGION_LENGTH__:0xffa0
                0x0000000000010000                __EEPROM_REGION_LENGTH__ = DEFINED (__EEPROM_REGION_LENGTH__)?__EEPROM_REGION_LENGTH__:0x10000
                0x0000000000000400                __FUSE_REGION_LENGTH__ = DEFINED (__FUSE_REGION_LENGTH__)?__FUSE_REGION_LENGTH__:0x400
                0x0000000000000400                __LOCK_REGION_LENGTH__ = DEFINED (__LOCK_REGION_LENGTH__)?__LOCK_REGION_LENGTH__:0x400
                0x0000000000000400                __SIGNATURE_REGION_LENGTH__ = DEFINED (__SIGNATURE_REGION_LENGTH__)?__SIGNATURE_REGION_LENGTH__:0x400
                0x0000000000000400                __USER_SIGNATURE_REGION_LENGTH__ = DEFINED (__USER_SIGNATURE_REGION_LENGTH__)?__USER_SIGNATURE_REGION_LENGTH__:0x400

.hash
 *(.hash)

.dynsym
 *(.dynsym)

.dynstr
 *(.dynstr)

.gnu.version
 *(.gnu.version)

.gnu.version_d
 *(.gnu.version_d)

.gnu.version_r
 *(.gnu.version_r)

.rel.init
 *(.rel.init)

.rela.init
 *(.rela.init)

.rel.text
 *(.rel.text)
 *(.rel.text.*)
 *(.rel.gnu.linkonce.t*)

.rela.text
 *(.rela.text)
 *(.rela.text.*)
 *(.rela.gnu.linkonce.t*)

.rel.fini
 *(.rel.fini)

.rela.fini
 *(.rela.fini)

.rel.rodata
 *(.rel.rodata)
 *(.rel.rodata.*)
 *(.rel.gnu.linkonce.r*)

.rela.rodata
 *(.rela.rodata)
 *(.rela.rodata.*)
 *(.rela.gnu.linkonce.r*)

.rel.data
 *(.rel.data)
 *(.rel.data.*)
 *(.rel.gnu.linkonce.d*)

.rela.data
 *(.rela.data)
 *(.rela.data.*)
 *(.rela.gnu.linkonce.d*)

.rel.ctors
 *(.rel.ctors)

.rela.ctors
 *(.rela.ctors)

.rel.dtors
 *(.rel.dtors)

.rela.dtors
 *(.rela.dtors)

.rel.got
 *(.rel.got)

.rela.got
 *(.rela.got)

.rel.bss
 *(.rel.bss)

.rela.bss
 *(.rela.bss)

.rel.plt
 *(.rel.plt)

.rela.plt
 *(.rela.plt)

.text           0x0000000000000000     0x5180
 *(.vectors)
 .vectors       0x0000000000000000       0xac /usr/local/Cellar/avr-gcc@7/7.3.0/lib/avr-gcc/7/gcc/avr/7.3.0/../../../../../../avr/lib/avr5/crtatmega32u4.o
                0x0000000000000000                __vectors
                0x0000000000000000                __vector_default
 *(.vectors)
 *(.progmem.gcc*)
                0x00000000000000ac                . = ALIGN (0x2)
                0x00000000000000ac                __trampolines_start = .
 *(.trampolines)
 .trampolines   0x00000000000000ac        0x0 linker stubs
 *(.trampolines*)
                0x00000000000000ac                __trampolines_end = .
 *libprintf_flt.a:*(.progmem.data)
 *libc.a:*(.progmem.data)
 *(.progmem.*)
 .progmem.data.__c.3266
                0x00000000000000ac        0xd .build/obj_Dactylv2_rev2_NoahTest/keyboards/Dactylv2/keymaps/NoahTest/keymap.o
 .progmem.data.__c.3263
                0x00000000000000b9        0x7 .build/obj_Dactylv2_rev2_NoahTest/keyboards/Dactylv2/keymaps/NoahTest/keymap.o
 .progmem.data.__c.3260
                0x00000000000000c0        0x7 .build/obj_Dactylv2_rev2_NoahTest/keyboards/Dactylv2/keymaps/NoahTest/keymap.o
 .progmem.data.__c.3257
                0x00000000000000c7        0x7 .build/obj_Dactylv2_rev2_NoahTest/keyboards/Dactylv2/keymaps/NoahTest/keymap.o
 .progmem.data.__c.3254
                0x00000000000000ce        0x7 .build/obj_Dactylv2_rev2_NoahTest/keyboards/Dactylv2/keymaps/NoahTest/keymap.o
 .progmem.data.__c.3251
                0x00000000000000d5        0x7 .build/obj_Dactylv2_rev2_NoahTest/keyboards/Dactylv2/keymaps/NoahTest/keymap.o
 .progmem.data.__c.3248
                0x00000000000000dc        0x7 .build/obj_Dactylv2_rev2_NoahTest/keyboards/Dactylv2/keymaps/NoahTest/keymap.o
 .progmem.data.__c.3245
                0x00000000000000e3        0xb .build/obj_Dactylv2_rev2_NoahTest/keyboards/Dactylv2/keymaps/NoahTest/keymap.o
 .progmem.data.__c.3242
                0x00000000000000ee        0xb .build/obj_Dactylv2_rev2_NoahTest/keyboards/Dactylv2/keymaps/NoahTest/keymap.o
 .progmem.data.__c.3239
                0x00000000000000f9        0x7 .build/obj_Dactylv2_rev2_NoahTest/keyboards/Dactylv2/keymaps/NoahTest/keymap.o
 .progmem.data.__c.3236
                0x0000000000000100        0x7 .build/obj_Dactylv2_rev2_NoahTest/keyboards/Dactylv2/keymaps/NoahTest/keymap.o
 .progmem.data.__c.3233
                0x0000000000000107        0x7 .build/obj_Dactylv2_rev2_NoahTest/keyboards/Dactylv2/keymaps/NoahTest/keymap.o
 .progmem.data.__c.3230
                0x000000000000010e        0x7 .build/obj_Dactylv2_rev2_NoahTest/keyboards/Dactylv2/keymaps/NoahTest/keymap.o
 .progmem.data.keymaps
                0x0000000000000115      0xb28 .build/obj_Dactylv2_rev2_NoahTest/keyboards/Dactylv2/keymaps/NoahTest/keymap.o
                0x0000000000000115                keymaps
 .progmem.data.ascii_to_keycode_lut
                0x0000000000000c3d       0x80 .build/obj_Dactylv2_rev2_NoahTest/quantum/quantum.o
                0x0000000000000c3d                ascii_to_keycode_lut
 .progmem.data.ascii_to_shift_lut
                0x0000000000000cbd       0x80 .build/obj_Dactylv2_rev2_NoahTest/quantum/quantum.o
                0x0000000000000cbd                ascii_to_shift_lut
 .progmem.data.fn_actions
                0x0000000000000d3d        0x0 .build/obj_Dactylv2_rev2_NoahTest/quantum/keymap_common.o
                0x0000000000000d3d                fn_actions
 .progmem.data.SerialNumberString
                0x0000000000000d3d        0x6 .build/obj_Dactylv2_rev2_NoahTest/usb_descriptor.o
                0x0000000000000d3d                SerialNumberString
 .progmem.data.ProductString
                0x0000000000000d43       0x10 .build/obj_Dactylv2_rev2_NoahTest/usb_descriptor.o
                0x0000000000000d43                ProductString
 .progmem.data.ManufacturerString
                0x0000000000000d53       0x18 .build/obj_Dactylv2_rev2_NoahTest/usb_descriptor.o
                0x0000000000000d53                ManufacturerString
 .progmem.data.LanguageString
                0x0000000000000d6b        0x4 .build/obj_Dactylv2_rev2_NoahTest/usb_descriptor.o
                0x0000000000000d6b                LanguageString
 .progmem.data.ConfigurationDescriptor
                0x0000000000000d6f       0x54 .build/obj_Dactylv2_rev2_NoahTest/usb_descriptor.o
                0x0000000000000d6f                ConfigurationDescriptor
 .progmem.data.DeviceDescriptor
                0x0000000000000dc3       0x12 .build/obj_Dactylv2_rev2_NoahTest/usb_descriptor.o
                0x0000000000000dc3                DeviceDescriptor
 .progmem.data.ExtrakeyReport
                0x0000000000000dd5       0x36 .build/obj_Dactylv2_rev2_NoahTest/usb_descriptor.o
                0x0000000000000dd5                ExtrakeyReport
 .progmem.data.MouseReport
                0x0000000000000e0b       0x4d .build/obj_Dactylv2_rev2_NoahTest/usb_descriptor.o
                0x0000000000000e0b                MouseReport
 .progmem.data.KeyboardReport
                0x0000000000000e58       0x40 .build/obj_Dactylv2_rev2_NoahTest/usb_descriptor.o
                0x0000000000000e58                KeyboardReport
                0x0000000000000e98                . = ALIGN (0x2)
 *(.lowtext)
 *(.lowtext*)
                0x0000000000000e98                __ctors_start = .
 *(.ctors)
                0x0000000000000e98                __ctors_end = .
                0x0000000000000e98                __dtors_start = .
 *(.dtors)
                0x0000000000000e98                __dtors_end = .
 SORT_BY_NAME(*)(.ctors)
 SORT_BY_NAME(*)(.dtors)
 *(.init0)
 .init0         0x0000000000000e98        0x0 /usr/local/Cellar/avr-gcc@7/7.3.0/lib/avr-gcc/7/gcc/avr/7.3.0/../../../../../../avr/lib/avr5/crtatmega32u4.o
                0x0000000000000e98                __init
 *(.init0)
 *(.init1)
 *(.init1)
 *(.init2)
 .init2         0x0000000000000e98        0xc /usr/local/Cellar/avr-gcc@7/7.3.0/lib/avr-gcc/7/gcc/avr/7.3.0/../../../../../../avr/lib/avr5/crtatmega32u4.o
 *(.init2)
 *(.init3)
 .init3         0x0000000000000ea4       0x54 .build/obj_Dactylv2_rev2_NoahTest/common/avr/bootloader.o
                0x0000000000000ea4                bootloader_jump_after_watchdog_reset
 *(.init3)
 *(.init4)
 .init4         0x0000000000000ef8       0x16 /usr/local/Cellar/avr-gcc@7/7.3.0/lib/avr-gcc/7/gcc/avr/7.3.0/avr5/libgcc.a(_copy_data.o)
                0x0000000000000ef8                __do_copy_data
 .init4         0x0000000000000f0e       0x10 /usr/local/Cellar/avr-gcc@7/7.3.0/lib/avr-gcc/7/gcc/avr/7.3.0/avr5/libgcc.a(_clear_bss.o)
                0x0000000000000f0e                __do_clear_bss
 *(.init4)
 *(.init5)
 *(.init5)
 *(.init6)
 *(.init6)
 *(.init7)
 *(.init7)
 *(.init8)
 *(.init8)
 *(.init9)
 .init9         0x0000000000000f1e        0x8 /usr/local/Cellar/avr-gcc@7/7.3.0/lib/avr-gcc/7/gcc/avr/7.3.0/../../../../../../avr/lib/avr5/crtatmega32u4.o
 *(.init9)
 *(.text)
 .text          0x0000000000000f26        0x4 /usr/local/Cellar/avr-gcc@7/7.3.0/lib/avr-gcc/7/gcc/avr/7.3.0/../../../../../../avr/lib/avr5/crtatmega32u4.o
                0x0000000000000f26                __vector_42
                0x0000000000000f26                __vector_22
                0x0000000000000f26                __vector_28
                0x0000000000000f26                __vector_32
                0x0000000000000f26                __vector_34
                0x0000000000000f26                __vector_24
                0x0000000000000f26                __bad_interrupt
                0x0000000000000f26                __vector_6
                0x0000000000000f26                __vector_31
                0x0000000000000f26                __vector_35
                0x0000000000000f26                __vector_39
                0x0000000000000f26                __vector_3
                0x0000000000000f26                __vector_23
                0x0000000000000f26                __vector_30
                0x0000000000000f26                __vector_25
                0x0000000000000f26                __vector_13
                0x0000000000000f26                __vector_17
                0x0000000000000f26                __vector_19
                0x0000000000000f26                __vector_7
                0x0000000000000f26                __vector_41
                0x0000000000000f26                __vector_27
                0x0000000000000f26                __vector_5
                0x0000000000000f26                __vector_33
                0x0000000000000f26                __vector_37
                0x0000000000000f26                __vector_4
                0x0000000000000f26                __vector_9
                0x0000000000000f26                __vector_2
                0x0000000000000f26                __vector_15
                0x0000000000000f26                __vector_36
                0x0000000000000f26                __vector_29
                0x0000000000000f26                __vector_40
                0x0000000000000f26                __vector_8
                0x0000000000000f26                __vector_26
                0x0000000000000f26                __vector_14
                0x0000000000000f26                __vector_16
                0x0000000000000f26                __vector_18
                0x0000000000000f26                __vector_20
                0x0000000000000f26                __vector_38
                0x0000000000000f2a                . = ALIGN (0x2)
 *(.text.*)
 .text.matrix_init_user
                0x0000000000000f2a        0x2 .build/obj_Dactylv2_rev2_NoahTest/matrix.o
                0x0000000000000f2a                matrix_init_user
 .text.matrix_scan_user
                0x0000000000000f2c        0x2 .build/obj_Dactylv2_rev2_NoahTest/matrix.o
                0x0000000000000f2c                matrix_scan_user
 .text.matrix_scan_kb
                0x0000000000000f2e        0x4 .build/obj_Dactylv2_rev2_NoahTest/matrix.o
                0x0000000000000f2e                matrix_scan_kb
 .text.matrix_init
                0x0000000000000f32       0x96 .build/obj_Dactylv2_rev2_NoahTest/matrix.o
                0x0000000000000f32                matrix_init
 .text._matrix_scan
                0x0000000000000fc8      0x160 .build/obj_Dactylv2_rev2_NoahTest/matrix.o
                0x0000000000000fc8                _matrix_scan
 .text.serial_transaction
                0x0000000000001128       0x44 .build/obj_Dactylv2_rev2_NoahTest/matrix.o
                0x0000000000001128                serial_transaction
 .text.matrix_scan
                0x000000000000116c       0x50 .build/obj_Dactylv2_rev2_NoahTest/matrix.o
                0x000000000000116c                matrix_scan
 .text.matrix_slave_scan
                0x00000000000011bc       0x30 .build/obj_Dactylv2_rev2_NoahTest/matrix.o
                0x00000000000011bc                matrix_slave_scan
 .text.matrix_get_row
                0x00000000000011ec        0xc .build/obj_Dactylv2_rev2_NoahTest/matrix.o
                0x00000000000011ec                matrix_get_row
 .text.matrix_print
                0x00000000000011f8        0x2 .build/obj_Dactylv2_rev2_NoahTest/matrix.o
                0x00000000000011f8                matrix_print
 .text.has_usb  0x00000000000011fa       0x1a .build/obj_Dactylv2_rev2_NoahTest/split_util.o
                0x00000000000011fa                has_usb
 .text.split_keyboard_setup
                0x0000000000001214       0x1a .build/obj_Dactylv2_rev2_NoahTest/split_util.o
                0x0000000000001214                split_keyboard_setup
 .text.keyboard_slave_loop
                0x000000000000122e        0xa .build/obj_Dactylv2_rev2_NoahTest/split_util.o
                0x000000000000122e                keyboard_slave_loop
 .text.matrix_setup
                0x0000000000001238       0x12 .build/obj_Dactylv2_rev2_NoahTest/split_util.o
                0x0000000000001238                matrix_setup
 .text.serial_output
                0x000000000000124a        0x4 .build/obj_Dactylv2_rev2_NoahTest/serial.o
 .text.serial_input
                0x000000000000124e        0x6 .build/obj_Dactylv2_rev2_NoahTest/serial.o
 .text.serial_high
                0x0000000000001254        0x4 .build/obj_Dactylv2_rev2_NoahTest/serial.o
 .text.sync_recv
                0x0000000000001258       0x10 .build/obj_Dactylv2_rev2_NoahTest/serial.o
 .text.serial_read_byte
                0x0000000000001268       0x24 .build/obj_Dactylv2_rev2_NoahTest/serial.o
 .text.serial_write_byte
                0x000000000000128c       0x3e .build/obj_Dactylv2_rev2_NoahTest/serial.o
 .text.sync_send
                0x00000000000012ca       0x10 .build/obj_Dactylv2_rev2_NoahTest/serial.o
 .text.serial_master_init
                0x00000000000012da        0x8 .build/obj_Dactylv2_rev2_NoahTest/serial.o
                0x00000000000012da                serial_master_init
 .text.serial_slave_init
                0x00000000000012e2       0x12 .build/obj_Dactylv2_rev2_NoahTest/serial.o
                0x00000000000012e2                serial_slave_init
 .text.__vector_1
                0x00000000000012f4       0xca .build/obj_Dactylv2_rev2_NoahTest/serial.o
                0x00000000000012f4                __vector_1
 .text.serial_update_buffers
                0x00000000000013be       0x9e .build/obj_Dactylv2_rev2_NoahTest/serial.o
                0x00000000000013be                serial_update_buffers
 .text.matrix_init_kb
                0x000000000000145c        0x4 .build/obj_Dactylv2_rev2_NoahTest/keyboards/Dactylv2/rev2/rev2.o
                0x000000000000145c                matrix_init_kb
 .text.action_get_macro
                0x0000000000001460       0x88 .build/obj_Dactylv2_rev2_NoahTest/keyboards/Dactylv2/keymaps/NoahTest/keymap.o
                0x0000000000001460                action_get_macro
 .text.process_action_kb
                0x00000000000014e8        0x4 .build/obj_Dactylv2_rev2_NoahTest/quantum/quantum.o
                0x00000000000014e8                process_action_kb
 .text.process_record_user
                0x00000000000014ec        0x4 .build/obj_Dactylv2_rev2_NoahTest/quantum/quantum.o
                0x00000000000014ec                process_record_user
 .text.process_record_kb
                0x00000000000014f0        0x4 .build/obj_Dactylv2_rev2_NoahTest/quantum/quantum.o
                0x00000000000014f0                process_record_kb
 .text.reset_keyboard
                0x00000000000014f4       0x26 .build/obj_Dactylv2_rev2_NoahTest/quantum/quantum.o
                0x00000000000014f4                reset_keyboard
 .text.process_record_quantum
                0x000000000000151a      0x30a .build/obj_Dactylv2_rev2_NoahTest/quantum/quantum.o
                0x000000000000151a                process_record_quantum
 .text.send_char
                0x0000000000001824       0x3c .build/obj_Dactylv2_rev2_NoahTest/quantum/quantum.o
                0x0000000000001824                send_char
 .text.send_string_with_delay_P
                0x0000000000001860       0x74 .build/obj_Dactylv2_rev2_NoahTest/quantum/quantum.o
                0x0000000000001860                send_string_with_delay_P
 .text.send_string_P
                0x00000000000018d4        0x6 .build/obj_Dactylv2_rev2_NoahTest/quantum/quantum.o
                0x00000000000018d4                send_string_P
 .text.matrix_init_quantum
                0x00000000000018da        0x4 .build/obj_Dactylv2_rev2_NoahTest/quantum/quantum.o
                0x00000000000018da                matrix_init_quantum
 .text.matrix_scan_quantum
                0x00000000000018de        0x8 .build/obj_Dactylv2_rev2_NoahTest/quantum/quantum.o
                0x00000000000018de                matrix_scan_quantum
 .text.led_set_user
                0x00000000000018e6        0x2 .build/obj_Dactylv2_rev2_NoahTest/quantum/quantum.o
                0x00000000000018e6                led_set_user
 .text.led_set_kb
                0x00000000000018e8        0x4 .build/obj_Dactylv2_rev2_NoahTest/quantum/quantum.o
                0x00000000000018e8                led_set_kb
 .text.led_set  0x00000000000018ec        0x4 .build/obj_Dactylv2_rev2_NoahTest/quantum/quantum.o
                0x00000000000018ec                led_set
 .text.action_function
                0x00000000000018f0        0x2 .build/obj_Dactylv2_rev2_NoahTest/quantum/keymap_common.o
                0x00000000000018f0                action_function
 .text.keymap_key_to_keycode
                0x00000000000018f2       0x28 .build/obj_Dactylv2_rev2_NoahTest/quantum/keymap_common.o
                0x00000000000018f2                keymap_key_to_keycode
 .text.keymap_function_id_to_action
                0x000000000000191a       0x10 .build/obj_Dactylv2_rev2_NoahTest/quantum/keymap_common.o
                0x000000000000191a                keymap_function_id_to_action
 .text.action_for_key
                0x000000000000192a      0x348 .build/obj_Dactylv2_rev2_NoahTest/quantum/keymap_common.o
                0x000000000000192a                action_for_key
 .text.keycode_config
                0x0000000000001c72      0x100 .build/obj_Dactylv2_rev2_NoahTest/quantum/keycode_config.o
                0x0000000000001c72                keycode_config
 .text.mod_config
                0x0000000000001d72       0x46 .build/obj_Dactylv2_rev2_NoahTest/quantum/keycode_config.o
                0x0000000000001d72                mod_config
 .text.leader_start
                0x0000000000001db8        0x2 .build/obj_Dactylv2_rev2_NoahTest/quantum/process_keycode/process_leader.o
                0x0000000000001db8                leader_start
 .text.process_leader
                0x0000000000001dba       0x9e .build/obj_Dactylv2_rev2_NoahTest/quantum/process_keycode/process_leader.o
                0x0000000000001dba                process_leader
 .text.process_tap_dance_action_on_dance_finished.part.0
                0x0000000000001e58       0x36 .build/obj_Dactylv2_rev2_NoahTest/quantum/process_keycode/process_tap_dance.o
 .text.reset_tap_dance
                0x0000000000001e8e       0x86 .build/obj_Dactylv2_rev2_NoahTest/quantum/process_keycode/process_tap_dance.o
                0x0000000000001e8e                reset_tap_dance
 .text.preprocess_tap_dance
                0x0000000000001f14       0x88 .build/obj_Dactylv2_rev2_NoahTest/quantum/process_keycode/process_tap_dance.o
                0x0000000000001f14                preprocess_tap_dance
 .text.process_tap_dance
                0x0000000000001f9c       0xb4 .build/obj_Dactylv2_rev2_NoahTest/quantum/process_keycode/process_tap_dance.o
                0x0000000000001f9c                process_tap_dance
 .text.matrix_scan_tap_dance
                0x0000000000002050       0x9e .build/obj_Dactylv2_rev2_NoahTest/quantum/process_keycode/process_tap_dance.o
                0x0000000000002050                matrix_scan_tap_dance
 .text.host_set_driver
                0x00000000000020ee        0xa .build/obj_Dactylv2_rev2_NoahTest/common/host.o
                0x00000000000020ee                host_set_driver
 .text.host_keyboard_leds
                0x00000000000020f8       0x18 .build/obj_Dactylv2_rev2_NoahTest/common/host.o
                0x00000000000020f8                host_keyboard_leds
 .text.host_keyboard_send
                0x0000000000002110       0x16 .build/obj_Dactylv2_rev2_NoahTest/common/host.o
                0x0000000000002110                host_keyboard_send
 .text.host_mouse_send
                0x0000000000002126       0x16 .build/obj_Dactylv2_rev2_NoahTest/common/host.o
                0x0000000000002126                host_mouse_send
 .text.host_system_send
                0x000000000000213c       0x2c .build/obj_Dactylv2_rev2_NoahTest/common/host.o
                0x000000000000213c                host_system_send
 .text.host_consumer_send
                0x0000000000002168       0x2c .build/obj_Dactylv2_rev2_NoahTest/common/host.o
                0x0000000000002168                host_consumer_send
 .text.keyboard_setup
                0x0000000000002194        0x4 .build/obj_Dactylv2_rev2_NoahTest/common/keyboard.o
                0x0000000000002194                keyboard_setup
 .text.is_keyboard_master
                0x0000000000002198        0x4 .build/obj_Dactylv2_rev2_NoahTest/common/keyboard.o
                0x0000000000002198                is_keyboard_master
 .text.keyboard_init
                0x000000000000219c        0xc .build/obj_Dactylv2_rev2_NoahTest/common/keyboard.o
                0x000000000000219c                keyboard_init
 .text.keyboard_task
                0x00000000000021a8      0x154 .build/obj_Dactylv2_rev2_NoahTest/common/keyboard.o
                0x00000000000021a8                keyboard_task
 .text.action_exec
                0x00000000000022fc       0x54 .build/obj_Dactylv2_rev2_NoahTest/common/action.o
                0x00000000000022fc                action_exec
 .text.process_record_tap_hint
                0x0000000000002350        0xa .build/obj_Dactylv2_rev2_NoahTest/common/action.o
                0x0000000000002350                process_record_tap_hint
 .text.register_code
                0x000000000000235a      0x1b6 .build/obj_Dactylv2_rev2_NoahTest/common/action.o
                0x000000000000235a                register_code
 .text.unregister_code
                0x0000000000002510       0x9e .build/obj_Dactylv2_rev2_NoahTest/common/action.o
                0x0000000000002510                unregister_code
 .text.register_mods
                0x00000000000025ae        0xe .build/obj_Dactylv2_rev2_NoahTest/common/action.o
                0x00000000000025ae                register_mods
 .text.unregister_mods
                0x00000000000025bc        0xe .build/obj_Dactylv2_rev2_NoahTest/common/action.o
                0x00000000000025bc                unregister_mods
 .text.process_action
                0x00000000000025ca      0x50e .build/obj_Dactylv2_rev2_NoahTest/common/action.o
                0x00000000000025ca                process_action
 .text.process_record
                0x0000000000002ad8       0x62 .build/obj_Dactylv2_rev2_NoahTest/common/action.o
                0x0000000000002ad8                process_record
 .text.clear_keyboard_but_mods
                0x0000000000002b3a       0x28 .build/obj_Dactylv2_rev2_NoahTest/common/action.o
                0x0000000000002b3a                clear_keyboard_but_mods
 .text.clear_keyboard
                0x0000000000002b62        0x8 .build/obj_Dactylv2_rev2_NoahTest/common/action.o
                0x0000000000002b62                clear_keyboard
 .text.is_tap_key
                0x0000000000002b6a       0x5e .build/obj_Dactylv2_rev2_NoahTest/common/action.o
                0x0000000000002b6a                is_tap_key
 .text.debug_event
                0x0000000000002bc8       0x1e .build/obj_Dactylv2_rev2_NoahTest/common/action.o
                0x0000000000002bc8                debug_event
 .text.debug_record
                0x0000000000002be6       0x20 .build/obj_Dactylv2_rev2_NoahTest/common/action.o
                0x0000000000002be6                debug_record
 .text.debug_waiting_buffer
                0x0000000000002c06       0x42 .build/obj_Dactylv2_rev2_NoahTest/common/action_tapping.o
 .text.debug_tapping_key
                0x0000000000002c48       0x1c .build/obj_Dactylv2_rev2_NoahTest/common/action_tapping.o
 .text.waiting_buffer_typed.isra.1
                0x0000000000002c64       0x40 .build/obj_Dactylv2_rev2_NoahTest/common/action_tapping.o
 .text.waiting_buffer_scan_tap
                0x0000000000002ca4       0xd6 .build/obj_Dactylv2_rev2_NoahTest/common/action_tapping.o
 .text.process_tapping
                0x0000000000002d7a      0x3d8 .build/obj_Dactylv2_rev2_NoahTest/common/action_tapping.o
 .text.action_tapping_process
                0x0000000000003152      0x152 .build/obj_Dactylv2_rev2_NoahTest/common/action_tapping.o
                0x0000000000003152                action_tapping_process
 .text.action_macro_play
                0x00000000000032a4       0xf0 .build/obj_Dactylv2_rev2_NoahTest/common/action_macro.o
                0x00000000000032a4                action_macro_play
 .text.default_layer_state_set_kb
                0x0000000000003394        0x2 .build/obj_Dactylv2_rev2_NoahTest/common/action_layer.o
                0x0000000000003394                default_layer_state_set_kb
 .text.default_layer_state_set
                0x0000000000003396       0x18 .build/obj_Dactylv2_rev2_NoahTest/common/action_layer.o
 .text.default_layer_debug
                0x00000000000033ae        0x2 .build/obj_Dactylv2_rev2_NoahTest/common/action_layer.o
                0x00000000000033ae                default_layer_debug
 .text.default_layer_set
                0x00000000000033b0        0x4 .build/obj_Dactylv2_rev2_NoahTest/common/action_layer.o
                0x00000000000033b0                default_layer_set
 .text.default_layer_or
                0x00000000000033b4       0x24 .build/obj_Dactylv2_rev2_NoahTest/common/action_layer.o
                0x00000000000033b4                default_layer_or
 .text.default_layer_and
                0x00000000000033d8       0x24 .build/obj_Dactylv2_rev2_NoahTest/common/action_layer.o
                0x00000000000033d8                default_layer_and
 .text.default_layer_xor
                0x00000000000033fc       0x24 .build/obj_Dactylv2_rev2_NoahTest/common/action_layer.o
                0x00000000000033fc                default_layer_xor
 .text.layer_state_set_user
                0x0000000000003420        0x4 .build/obj_Dactylv2_rev2_NoahTest/common/action_layer.o
                0x0000000000003420                layer_state_set_user
 .text.layer_state_set_kb
                0x0000000000003424        0x4 .build/obj_Dactylv2_rev2_NoahTest/common/action_layer.o
                0x0000000000003424                layer_state_set_kb
 .text.layer_state_set
                0x0000000000003428       0x18 .build/obj_Dactylv2_rev2_NoahTest/common/action_layer.o
                0x0000000000003428                layer_state_set
 .text.layer_clear
                0x0000000000003440        0xa .build/obj_Dactylv2_rev2_NoahTest/common/action_layer.o
                0x0000000000003440                layer_clear
 .text.layer_move
                0x000000000000344a       0x2a .build/obj_Dactylv2_rev2_NoahTest/common/action_layer.o
                0x000000000000344a                layer_move
 .text.layer_on
                0x0000000000003474       0x42 .build/obj_Dactylv2_rev2_NoahTest/common/action_layer.o
                0x0000000000003474                layer_on
 .text.layer_off
                0x00000000000034b6       0x46 .build/obj_Dactylv2_rev2_NoahTest/common/action_layer.o
                0x00000000000034b6                layer_off
 .text.layer_invert
                0x00000000000034fc       0x42 .build/obj_Dactylv2_rev2_NoahTest/common/action_layer.o
                0x00000000000034fc                layer_invert
 .text.layer_or
                0x000000000000353e       0x24 .build/obj_Dactylv2_rev2_NoahTest/common/action_layer.o
                0x000000000000353e                layer_or
 .text.layer_and
                0x0000000000003562       0x24 .build/obj_Dactylv2_rev2_NoahTest/common/action_layer.o
                0x0000000000003562                layer_and
 .text.layer_xor
                0x0000000000003586       0x24 .build/obj_Dactylv2_rev2_NoahTest/common/action_layer.o
                0x0000000000003586                layer_xor
 .text.layer_debug
                0x00000000000035aa        0x2 .build/obj_Dactylv2_rev2_NoahTest/common/action_layer.o
                0x00000000000035aa                layer_debug
 .text.layer_switch_get_layer
                0x00000000000035ac       0x84 .build/obj_Dactylv2_rev2_NoahTest/common/action_layer.o
                0x00000000000035ac                layer_switch_get_layer
 .text.layer_switch_get_action
                0x0000000000003630       0x14 .build/obj_Dactylv2_rev2_NoahTest/common/action_layer.o
                0x0000000000003630                layer_switch_get_action
 .text.store_or_get_action
                0x0000000000003644        0x6 .build/obj_Dactylv2_rev2_NoahTest/common/action_layer.o
                0x0000000000003644                store_or_get_action
 .text.add_key  0x000000000000364a        0xe .build/obj_Dactylv2_rev2_NoahTest/common/action_util.o
                0x000000000000364a                add_key
 .text.del_key  0x0000000000003658        0xe .build/obj_Dactylv2_rev2_NoahTest/common/action_util.o
                0x0000000000003658                del_key
 .text.clear_keys
                0x0000000000003666        0xc .build/obj_Dactylv2_rev2_NoahTest/common/action_util.o
                0x0000000000003666                clear_keys
 .text.get_oneshot_layer
                0x0000000000003672        0xc .build/obj_Dactylv2_rev2_NoahTest/common/action_util.o
                0x0000000000003672                get_oneshot_layer
 .text.get_oneshot_layer_state
                0x000000000000367e        0x8 .build/obj_Dactylv2_rev2_NoahTest/common/action_util.o
                0x000000000000367e                get_oneshot_layer_state
 .text.set_oneshot_layer
                0x0000000000003686       0x12 .build/obj_Dactylv2_rev2_NoahTest/common/action_util.o
                0x0000000000003686                set_oneshot_layer
 .text.clear_oneshot_layer_state
                0x0000000000003698       0x2c .build/obj_Dactylv2_rev2_NoahTest/common/action_util.o
                0x0000000000003698                clear_oneshot_layer_state
 .text.is_oneshot_layer_active
                0x00000000000036c4        0xe .build/obj_Dactylv2_rev2_NoahTest/common/action_util.o
                0x00000000000036c4                is_oneshot_layer_active
 .text.send_keyboard_report
                0x00000000000036d2       0x66 .build/obj_Dactylv2_rev2_NoahTest/common/action_util.o
                0x00000000000036d2                send_keyboard_report
 .text.get_mods
                0x0000000000003738        0x6 .build/obj_Dactylv2_rev2_NoahTest/common/action_util.o
                0x0000000000003738                get_mods
 .text.add_mods
                0x000000000000373e        0xc .build/obj_Dactylv2_rev2_NoahTest/common/action_util.o
                0x000000000000373e                add_mods
 .text.del_mods
                0x000000000000374a       0x10 .build/obj_Dactylv2_rev2_NoahTest/common/action_util.o
                0x000000000000374a                del_mods
 .text.clear_mods
                0x000000000000375a        0x6 .build/obj_Dactylv2_rev2_NoahTest/common/action_util.o
                0x000000000000375a                clear_mods
 .text.get_weak_mods
                0x0000000000003760        0x6 .build/obj_Dactylv2_rev2_NoahTest/common/action_util.o
                0x0000000000003760                get_weak_mods
 .text.add_weak_mods
                0x0000000000003766        0xc .build/obj_Dactylv2_rev2_NoahTest/common/action_util.o
                0x0000000000003766                add_weak_mods
 .text.del_weak_mods
                0x0000000000003772       0x10 .build/obj_Dactylv2_rev2_NoahTest/common/action_util.o
                0x0000000000003772                del_weak_mods
 .text.clear_weak_mods
                0x0000000000003782        0x6 .build/obj_Dactylv2_rev2_NoahTest/common/action_util.o
                0x0000000000003782                clear_weak_mods
 .text.add_macro_mods
                0x0000000000003788        0xc .build/obj_Dactylv2_rev2_NoahTest/common/action_util.o
                0x0000000000003788                add_macro_mods
 .text.del_macro_mods
                0x0000000000003794       0x10 .build/obj_Dactylv2_rev2_NoahTest/common/action_util.o
                0x0000000000003794                del_macro_mods
 .text.clear_macro_mods
                0x00000000000037a4        0x6 .build/obj_Dactylv2_rev2_NoahTest/common/action_util.o
                0x00000000000037a4                clear_macro_mods
 .text.set_oneshot_mods
                0x00000000000037aa        0x6 .build/obj_Dactylv2_rev2_NoahTest/common/action_util.o
                0x00000000000037aa                set_oneshot_mods
 .text.clear_oneshot_mods
                0x00000000000037b0        0x6 .build/obj_Dactylv2_rev2_NoahTest/common/action_util.o
                0x00000000000037b0                clear_oneshot_mods
 .text.get_oneshot_mods
                0x00000000000037b6        0x6 .build/obj_Dactylv2_rev2_NoahTest/common/action_util.o
                0x00000000000037b6                get_oneshot_mods
 .text.eeconfig_init
                0x00000000000037bc       0x34 .build/obj_Dactylv2_rev2_NoahTest/common/eeconfig.o
                0x00000000000037bc                eeconfig_init
 .text.eeconfig_is_enabled
                0x00000000000037f0       0x16 .build/obj_Dactylv2_rev2_NoahTest/common/eeconfig.o
                0x00000000000037f0                eeconfig_is_enabled
 .text.eeconfig_read_debug
                0x0000000000003806        0x8 .build/obj_Dactylv2_rev2_NoahTest/common/eeconfig.o
                0x0000000000003806                eeconfig_read_debug
 .text.eeconfig_read_default_layer
                0x000000000000380e        0x8 .build/obj_Dactylv2_rev2_NoahTest/common/eeconfig.o
                0x000000000000380e                eeconfig_read_default_layer
 .text.eeconfig_read_keymap
                0x0000000000003816        0x8 .build/obj_Dactylv2_rev2_NoahTest/common/eeconfig.o
                0x0000000000003816                eeconfig_read_keymap
 .text.eeconfig_update_keymap
                0x000000000000381e        0xa .build/obj_Dactylv2_rev2_NoahTest/common/eeconfig.o
                0x000000000000381e                eeconfig_update_keymap
 .text.has_anykey
                0x0000000000003828       0x1a .build/obj_Dactylv2_rev2_NoahTest/common/report.o
                0x0000000000003828                has_anykey
 .text.add_key_byte
                0x0000000000003842       0x34 .build/obj_Dactylv2_rev2_NoahTest/common/report.o
                0x0000000000003842                add_key_byte
 .text.del_key_byte
                0x0000000000003876       0x1a .build/obj_Dactylv2_rev2_NoahTest/common/report.o
                0x0000000000003876                del_key_byte
 .text.add_key_to_report
                0x0000000000003890        0x4 .build/obj_Dactylv2_rev2_NoahTest/common/report.o
                0x0000000000003890                add_key_to_report
 .text.del_key_from_report
                0x0000000000003894        0x4 .build/obj_Dactylv2_rev2_NoahTest/common/report.o
                0x0000000000003894                del_key_from_report
 .text.clear_keys_from_report
                0x0000000000003898       0x12 .build/obj_Dactylv2_rev2_NoahTest/common/report.o
                0x0000000000003898                clear_keys_from_report
 .text.suspend_power_down
                0x00000000000038aa       0x58 .build/obj_Dactylv2_rev2_NoahTest/common/avr/suspend.o
                0x00000000000038aa                suspend_power_down
 .text.matrix_power_up
                0x0000000000003902        0x2 .build/obj_Dactylv2_rev2_NoahTest/common/avr/suspend.o
                0x0000000000003902                matrix_power_up
 .text.matrix_power_down
                0x0000000000003904        0x2 .build/obj_Dactylv2_rev2_NoahTest/common/avr/suspend.o
                0x0000000000003904                matrix_power_down
 .text.suspend_wakeup_condition
                0x0000000000003906       0x28 .build/obj_Dactylv2_rev2_NoahTest/common/avr/suspend.o
                0x0000000000003906                suspend_wakeup_condition
 .text.suspend_wakeup_init
                0x000000000000392e        0xc .build/obj_Dactylv2_rev2_NoahTest/common/avr/suspend.o
                0x000000000000392e                suspend_wakeup_init
 .text.__vector_12
                0x000000000000393a       0x52 .build/obj_Dactylv2_rev2_NoahTest/common/avr/suspend.o
                0x000000000000393a                __vector_12
 .text.timer_init
                0x000000000000398c       0x12 .build/obj_Dactylv2_rev2_NoahTest/common/avr/timer.o
                0x000000000000398c                timer_init
 .text.timer_read
                0x000000000000399e       0x18 .build/obj_Dactylv2_rev2_NoahTest/common/avr/timer.o
                0x000000000000399e                timer_read
 .text.timer_elapsed
                0x00000000000039b6       0x54 .build/obj_Dactylv2_rev2_NoahTest/common/avr/timer.o
                0x00000000000039b6                timer_elapsed
 .text.__vector_21
                0x0000000000003a0a       0x4c .build/obj_Dactylv2_rev2_NoahTest/common/avr/timer.o
                0x0000000000003a0a                __vector_21
 .text.bootloader_jump
                0x0000000000003a56       0x22 .build/obj_Dactylv2_rev2_NoahTest/common/avr/bootloader.o
                0x0000000000003a56                bootloader_jump
 .text.magic    0x0000000000003a78       0x32 .build/obj_Dactylv2_rev2_NoahTest/common/magic.o
                0x0000000000003a78                magic
 .text.move_unit
                0x0000000000003aaa       0x94 .build/obj_Dactylv2_rev2_NoahTest/common/mousekey.o
 .text.wheel_unit
                0x0000000000003b3e       0x72 .build/obj_Dactylv2_rev2_NoahTest/common/mousekey.o
 .text.mousekey_on
                0x0000000000003bb0       0xd0 .build/obj_Dactylv2_rev2_NoahTest/common/mousekey.o
                0x0000000000003bb0                mousekey_on
 .text.mousekey_off
                0x0000000000003c80      0x108 .build/obj_Dactylv2_rev2_NoahTest/common/mousekey.o
                0x0000000000003c80                mousekey_off
 .text.mousekey_send
                0x0000000000003d88       0x16 .build/obj_Dactylv2_rev2_NoahTest/common/mousekey.o
                0x0000000000003d88                mousekey_send
 .text.mousekey_task
                0x0000000000003d9e      0x116 .build/obj_Dactylv2_rev2_NoahTest/common/mousekey.o
                0x0000000000003d9e                mousekey_task
 .text.mousekey_clear
                0x0000000000003eb4       0x18 .build/obj_Dactylv2_rev2_NoahTest/common/mousekey.o
                0x0000000000003eb4                mousekey_clear
 .text.mousekey_param_inc
                0x0000000000003ecc       0xec .build/obj_Dactylv2_rev2_NoahTest/common/command.o
 .text.mousekey_param_dec
                0x0000000000003fb8       0xa0 .build/obj_Dactylv2_rev2_NoahTest/common/command.o
 .text.switch_default_layer
                0x0000000000004058       0x2e .build/obj_Dactylv2_rev2_NoahTest/common/command.o
 .text.command_common
                0x0000000000004086      0x104 .build/obj_Dactylv2_rev2_NoahTest/common/command.o
 .text.command_extra
                0x000000000000418a        0x4 .build/obj_Dactylv2_rev2_NoahTest/common/command.o
                0x000000000000418a                command_extra
 .text.command_console_extra
                0x000000000000418e        0x4 .build/obj_Dactylv2_rev2_NoahTest/common/command.o
                0x000000000000418e                command_console_extra
 .text.numkey2num
                0x0000000000004192       0x16 .build/obj_Dactylv2_rev2_NoahTest/common/command.o
                0x0000000000004192                numkey2num
 .text.command_proc
                0x00000000000041a8      0x11e .build/obj_Dactylv2_rev2_NoahTest/common/command.o
                0x00000000000041a8                command_proc
 .text.keyboard_leds
                0x00000000000042c6        0x6 .build/obj_Dactylv2_rev2_NoahTest/lufa.o
 .text.send_consumer
                0x00000000000042cc       0x74 .build/obj_Dactylv2_rev2_NoahTest/lufa.o
 .text.send_system
                0x0000000000004340       0x6c .build/obj_Dactylv2_rev2_NoahTest/lufa.o
 .text.send_mouse
                0x00000000000043ac       0x56 .build/obj_Dactylv2_rev2_NoahTest/lufa.o
 .text.send_keyboard
                0x0000000000004402       0x66 .build/obj_Dactylv2_rev2_NoahTest/lufa.o
 .text.EVENT_USB_Device_Connect
                0x0000000000004468       0x1c .build/obj_Dactylv2_rev2_NoahTest/lufa.o
                0x0000000000004468                EVENT_USB_Device_Connect
 .text.EVENT_USB_Device_Disconnect
                0x0000000000004484        0x6 .build/obj_Dactylv2_rev2_NoahTest/lufa.o
                0x0000000000004484                EVENT_USB_Device_Disconnect
 .text.EVENT_USB_Device_Reset
                0x000000000000448a        0x2 .build/obj_Dactylv2_rev2_NoahTest/lufa.o
                0x000000000000448a                EVENT_USB_Device_Reset
 .text.EVENT_USB_Device_Suspend
                0x000000000000448c        0x2 .build/obj_Dactylv2_rev2_NoahTest/lufa.o
                0x000000000000448c                EVENT_USB_Device_Suspend
 .text.EVENT_USB_Device_WakeUp
                0x000000000000448e        0x4 .build/obj_Dactylv2_rev2_NoahTest/lufa.o
                0x000000000000448e                EVENT_USB_Device_WakeUp
 .text.EVENT_USB_Device_ConfigurationChanged
                0x0000000000004492       0x1e .build/obj_Dactylv2_rev2_NoahTest/lufa.o
                0x0000000000004492                EVENT_USB_Device_ConfigurationChanged
 .text.EVENT_USB_Device_ControlRequest
                0x00000000000044b0      0x154 .build/obj_Dactylv2_rev2_NoahTest/lufa.o
                0x00000000000044b0                EVENT_USB_Device_ControlRequest
 .text.startup.main
                0x0000000000004604       0x76 .build/obj_Dactylv2_rev2_NoahTest/lufa.o
                0x0000000000004604                main
 .text.CALLBACK_USB_GetDescriptor
                0x000000000000467a        0x4 .build/obj_Dactylv2_rev2_NoahTest/lufa.o
                0x000000000000467a                CALLBACK_USB_GetDescriptor
 .text.get_usb_descriptor
                0x000000000000467e       0xb6 .build/obj_Dactylv2_rev2_NoahTest/usb_descriptor.o
                0x000000000000467e                get_usb_descriptor
 .text.set_output_user
                0x0000000000004734        0x2 .build/obj_Dactylv2_rev2_NoahTest/outputselect.o
                0x0000000000004734                set_output_user
 .text.set_output
                0x0000000000004736       0x10 .build/obj_Dactylv2_rev2_NoahTest/outputselect.o
                0x0000000000004736                set_output
 .text.auto_detect_output
                0x0000000000004746       0x10 .build/obj_Dactylv2_rev2_NoahTest/outputselect.o
                0x0000000000004746                auto_detect_output
 .text.where_to_send
                0x0000000000004756        0xe .build/obj_Dactylv2_rev2_NoahTest/outputselect.o
                0x0000000000004756                where_to_send
 .text.USB_Device_SendRemoteWakeup
                0x0000000000004764       0x2c .build/obj_Dactylv2_rev2_NoahTest/./lib/lufa/LUFA/Drivers/USB/Core/AVR8/Device_AVR8.o
                0x0000000000004764                USB_Device_SendRemoteWakeup
 .text.Endpoint_Write_Stream_LE
                0x0000000000004790       0x9e .build/obj_Dactylv2_rev2_NoahTest/./lib/lufa/LUFA/Drivers/USB/Core/AVR8/EndpointStream_AVR8.o
                0x0000000000004790                Endpoint_Write_Stream_LE
 .text.Endpoint_Write_Control_Stream_LE
                0x000000000000482e       0xbe .build/obj_Dactylv2_rev2_NoahTest/./lib/lufa/LUFA/Drivers/USB/Core/AVR8/EndpointStream_AVR8.o
                0x000000000000482e                Endpoint_Write_Control_Stream_LE
 .text.Endpoint_Write_Control_PStream_LE
                0x00000000000048ec       0xc0 .build/obj_Dactylv2_rev2_NoahTest/./lib/lufa/LUFA/Drivers/USB/Core/AVR8/EndpointStream_AVR8.o
                0x00000000000048ec                Endpoint_Write_Control_PStream_LE
 .text.Endpoint_ConfigureEndpoint_Prv
                0x00000000000049ac       0x68 .build/obj_Dactylv2_rev2_NoahTest/./lib/lufa/LUFA/Drivers/USB/Core/AVR8/Endpoint_AVR8.o
                0x00000000000049ac                Endpoint_ConfigureEndpoint_Prv
 .text.Endpoint_ClearStatusStage
                0x0000000000004a14       0x3e .build/obj_Dactylv2_rev2_NoahTest/./lib/lufa/LUFA/Drivers/USB/Core/AVR8/Endpoint_AVR8.o
                0x0000000000004a14                Endpoint_ClearStatusStage
 .text.Endpoint_WaitUntilReady
                0x0000000000004a52       0x5e .build/obj_Dactylv2_rev2_NoahTest/./lib/lufa/LUFA/Drivers/USB/Core/AVR8/Endpoint_AVR8.o
                0x0000000000004a52                Endpoint_WaitUntilReady
 .text.USB_Disable
                0x0000000000004ab0       0x34 .build/obj_Dactylv2_rev2_NoahTest/./lib/lufa/LUFA/Drivers/USB/Core/AVR8/USBController_AVR8.o
                0x0000000000004ab0                USB_Disable
 .text.USB_ResetInterface
                0x0000000000004ae4       0x86 .build/obj_Dactylv2_rev2_NoahTest/./lib/lufa/LUFA/Drivers/USB/Core/AVR8/USBController_AVR8.o
                0x0000000000004ae4                USB_ResetInterface
 .text.USB_Init
                0x0000000000004b6a       0x22 .build/obj_Dactylv2_rev2_NoahTest/./lib/lufa/LUFA/Drivers/USB/Core/AVR8/USBController_AVR8.o
                0x0000000000004b6a                USB_Init
 .text.USB_INT_DisableAllInterrupts
                0x0000000000004b8c       0x10 .build/obj_Dactylv2_rev2_NoahTest/./lib/lufa/LUFA/Drivers/USB/Core/AVR8/USBInterrupt_AVR8.o
                0x0000000000004b8c                USB_INT_DisableAllInterrupts
 .text.USB_INT_ClearAllInterrupts
                0x0000000000004b9c        0xa .build/obj_Dactylv2_rev2_NoahTest/./lib/lufa/LUFA/Drivers/USB/Core/AVR8/USBInterrupt_AVR8.o
                0x0000000000004b9c                USB_INT_ClearAllInterrupts
 .text.__vector_10
                0x0000000000004ba6      0x1a6 .build/obj_Dactylv2_rev2_NoahTest/./lib/lufa/LUFA/Drivers/USB/Core/AVR8/USBInterrupt_AVR8.o
                0x0000000000004ba6                __vector_10
 .text.__vector_11
                0x0000000000004d4c       0x78 .build/obj_Dactylv2_rev2_NoahTest/./lib/lufa/LUFA/Drivers/USB/Core/AVR8/USBInterrupt_AVR8.o
                0x0000000000004d4c                __vector_11
 .text.USB_Device_ProcessControlRequest
                0x0000000000004dc4      0x2b6 .build/obj_Dactylv2_rev2_NoahTest/./lib/lufa/LUFA/Drivers/USB/Core/DeviceStandardReq.o
                0x0000000000004dc4                USB_Device_ProcessControlRequest
 .text.USB_Event_Stub
                0x000000000000507a        0x2 .build/obj_Dactylv2_rev2_NoahTest/./lib/lufa/LUFA/Drivers/USB/Core/Events.o
                0x000000000000507a                USB_Event_Stub
                0x000000000000507a                EVENT_USB_Device_StartOfFrame
 .text.USB_USBTask
                0x000000000000507c       0x38 .build/obj_Dactylv2_rev2_NoahTest/./lib/lufa/LUFA/Drivers/USB/Core/USBTask.o
                0x000000000000507c                USB_USBTask
 .text.libgcc.div
                0x00000000000050b4       0x28 /usr/local/Cellar/avr-gcc@7/7.3.0/lib/avr-gcc/7/gcc/avr/7.3.0/avr5/libgcc.a(_divmodhi4.o)
                0x00000000000050b4                __divmodhi4
                0x00000000000050b4                _div
 .text.libgcc   0x00000000000050dc        0xc /usr/local/Cellar/avr-gcc@7/7.3.0/lib/avr-gcc/7/gcc/avr/7.3.0/avr5/libgcc.a(_tablejump2.o)
                0x00000000000050dc                __tablejump2__
 .text.libgcc.div
                0x00000000000050e8       0x28 /usr/local/Cellar/avr-gcc@7/7.3.0/lib/avr-gcc/7/gcc/avr/7.3.0/avr5/libgcc.a(_udivmodhi4.o)
                0x00000000000050e8                __udivmodhi4
 .text.avr-libc
                0x0000000000005110       0x10 /usr/local/Cellar/avr-gcc@7/7.3.0/lib/avr-gcc/7/gcc/avr/7.3.0/../../../../../../avr/lib/avr5/libatmega32u4.a(eerd_byte.o)
                0x0000000000005110                eeprom_read_byte
 .text.avr-libc
                0x0000000000005120        0xc /usr/local/Cellar/avr-gcc@7/7.3.0/lib/avr-gcc/7/gcc/avr/7.3.0/../../../../../../avr/lib/avr5/libatmega32u4.a(eerd_word.o)
                0x0000000000005120                eeprom_read_word
 .text.avr-libc
                0x000000000000512c       0x24 /usr/local/Cellar/avr-gcc@7/7.3.0/lib/avr-gcc/7/gcc/avr/7.3.0/../../../../../../avr/lib/avr5/libatmega32u4.a(eeupd_byte.o)
                0x000000000000512c                eeprom_update_byte
                0x000000000000512e                eeprom_update_r18
 .text.avr-libc
                0x0000000000005150        0xc /usr/local/Cellar/avr-gcc@7/7.3.0/lib/avr-gcc/7/gcc/avr/7.3.0/../../../../../../avr/lib/avr5/libatmega32u4.a(eeupd_word.o)
                0x0000000000005150                eeprom_update_word
 .text.avr-libc
                0x000000000000515c       0x20 /usr/local/Cellar/avr-gcc@7/7.3.0/lib/avr-gcc/7/gcc/avr/7.3.0/../../../../../../avr/lib/avr5/libatmega32u4.a(eerd_block.o)
                0x000000000000515c                eeprom_read_block
                0x0000000000005160                eeprom_read_blraw
                0x000000000000517c                . = ALIGN (0x2)
 *(.fini9)
 .fini9         0x000000000000517c        0x0 /usr/local/Cellar/avr-gcc@7/7.3.0/lib/avr-gcc/7/gcc/avr/7.3.0/avr5/libgcc.a(_exit.o)
                0x000000000000517c                exit
                0x000000000000517c                _exit
 *(.fini9)
 *(.fini8)
 *(.fini8)
 *(.fini7)
 *(.fini7)
 *(.fini6)
 *(.fini6)
 *(.fini5)
 *(.fini5)
 *(.fini4)
 *(.fini4)
 *(.fini3)
 *(.fini3)
 *(.fini2)
 *(.fini2)
 *(.fini1)
 *(.fini1)
 *(.fini0)
 .fini0         0x000000000000517c        0x4 /usr/local/Cellar/avr-gcc@7/7.3.0/lib/avr-gcc/7/gcc/avr/7.3.0/avr5/libgcc.a(_exit.o)
 *(.fini0)
 *(.hightext)
 *(.hightext*)
 *(.progmemx.*)
                0x0000000000005180                . = ALIGN (0x2)
 *(.jumptables)
 *(.jumptables*)
                0x0000000000005180                _etext = .

.data           0x0000000000800100       0x42 load address 0x0000000000005180
                0x0000000000800100                PROVIDE (__data_start = .)
 *(.data)
 *(.data*)
 .data.isLeftHand
                0x0000000000800100        0x1 .build/obj_Dactylv2_rev2_NoahTest/split_util.o
                0x0000000000800100                isLeftHand
 .data.highest_td
                0x0000000000800101        0x1 .build/obj_Dactylv2_rev2_NoahTest/quantum/process_keycode/process_tap_dance.o
 .data.keyboard_report
                0x0000000000800102        0x2 .build/obj_Dactylv2_rev2_NoahTest/common/action_util.o
                0x0000000000800102                keyboard_report
 .data.mk_wheel_time_to_max
                0x0000000000800104        0x1 .build/obj_Dactylv2_rev2_NoahTest/common/mousekey.o
                0x0000000000800104                mk_wheel_time_to_max
 .data.mk_wheel_max_speed
                0x0000000000800105        0x1 .build/obj_Dactylv2_rev2_NoahTest/common/mousekey.o
                0x0000000000800105                mk_wheel_max_speed
 .data.mk_time_to_max
                0x0000000000800106        0x1 .build/obj_Dactylv2_rev2_NoahTest/common/mousekey.o
                0x0000000000800106                mk_time_to_max
 .data.mk_max_speed
                0x0000000000800107        0x1 .build/obj_Dactylv2_rev2_NoahTest/common/mousekey.o
                0x0000000000800107                mk_max_speed
 .data.mk_interval
                0x0000000000800108        0x1 .build/obj_Dactylv2_rev2_NoahTest/common/mousekey.o
                0x0000000000800108                mk_interval
 .data.mk_delay
                0x0000000000800109        0x1 .build/obj_Dactylv2_rev2_NoahTest/common/mousekey.o
                0x0000000000800109                mk_delay
 .data.lufa_driver
                0x000000000080010a        0xa .build/obj_Dactylv2_rev2_NoahTest/lufa.o
                0x000000000080010a                lufa_driver
 .data.keyboard_protocol
                0x0000000000800114        0x1 .build/obj_Dactylv2_rev2_NoahTest/lufa.o
                0x0000000000800114                keyboard_protocol
 *(.gnu.linkonce.d*)
 *(.rodata)
 *(.rodata*)
 .rodata.col_pins
                0x0000000000800115        0x6 .build/obj_Dactylv2_rev2_NoahTest/matrix.o
 .rodata.row_pins
                0x000000000080011b        0xe .build/obj_Dactylv2_rev2_NoahTest/matrix.o
 .rodata.CSWTCH.62
                0x0000000000800129        0xa .build/obj_Dactylv2_rev2_NoahTest/common/command.o
 .rodata.CSWTCH.3
                0x0000000000800133        0x3 .build/obj_Dactylv2_rev2_NoahTest/usb_descriptor.o
 .rodata.CSWTCH.2
                0x0000000000800136        0x6 .build/obj_Dactylv2_rev2_NoahTest/usb_descriptor.o
 .rodata.CSWTCH.1
                0x000000000080013c        0x6 .build/obj_Dactylv2_rev2_NoahTest/usb_descriptor.o
 *(.gnu.linkonce.r*)
                0x0000000000800142                . = ALIGN (0x2)
                0x0000000000800142                _edata = .
                0x0000000000800142                PROVIDE (__data_end = .)

.bss            0x0000000000800142       0xcf
                0x0000000000800142                PROVIDE (__bss_start = .)
 *(.bss)
 *(.bss*)
 .bss.matrix    0x0000000000800142        0xe .build/obj_Dactylv2_rev2_NoahTest/matrix.o
 .bss.error_count
                0x0000000000800150        0x1 .build/obj_Dactylv2_rev2_NoahTest/matrix.o
 .bss.matrix_debouncing
                0x0000000000800151        0xe .build/obj_Dactylv2_rev2_NoahTest/matrix.o
 .bss.debouncing
                0x000000000080015f        0x1 .build/obj_Dactylv2_rev2_NoahTest/matrix.o
 .bss.debouncing_time
                0x0000000000800160        0x2 .build/obj_Dactylv2_rev2_NoahTest/matrix.o
 .bss.status    0x0000000000800162        0x1 .build/obj_Dactylv2_rev2_NoahTest/serial.o
                0x0000000000800162                status
 .bss.serial_master_buffer
                0x0000000000800163        0x1 .build/obj_Dactylv2_rev2_NoahTest/serial.o
                0x0000000000800163                serial_master_buffer
 .bss.serial_slave_buffer
                0x0000000000800164        0x7 .build/obj_Dactylv2_rev2_NoahTest/serial.o
                0x0000000000800164                serial_slave_buffer
 .bss.tap_dance_actions
                0x000000000080016b        0x0 .build/obj_Dactylv2_rev2_NoahTest/keyboards/Dactylv2/keymaps/NoahTest/keymap.o
                0x000000000080016b                tap_dance_actions
 .bss.grave_esc_was_shifted
                0x000000000080016b        0x1 .build/obj_Dactylv2_rev2_NoahTest/quantum/quantum.o
 .bss.scs_timer
                0x000000000080016c        0x4 .build/obj_Dactylv2_rev2_NoahTest/quantum/quantum.o
 .bss.shift_interrupted
                0x0000000000800170        0x2 .build/obj_Dactylv2_rev2_NoahTest/quantum/quantum.o
 .bss.leader_sequence_size
                0x0000000000800172        0x1 .build/obj_Dactylv2_rev2_NoahTest/quantum/process_keycode/process_leader.o
                0x0000000000800172                leader_sequence_size
 .bss.leader_sequence
                0x0000000000800173        0xa .build/obj_Dactylv2_rev2_NoahTest/quantum/process_keycode/process_leader.o
                0x0000000000800173                leader_sequence
 .bss.leader_time
                0x000000000080017d        0x2 .build/obj_Dactylv2_rev2_NoahTest/quantum/process_keycode/process_leader.o
                0x000000000080017d                leader_time
 .bss.leading   0x000000000080017f        0x1 .build/obj_Dactylv2_rev2_NoahTest/quantum/process_keycode/process_leader.o
                0x000000000080017f                leading
 .bss.last_td   0x0000000000800180        0x2 .build/obj_Dactylv2_rev2_NoahTest/quantum/process_keycode/process_tap_dance.o
 .bss.last_consumer_report
                0x0000000000800182        0x2 .build/obj_Dactylv2_rev2_NoahTest/common/host.o
 .bss.last_system_report
                0x0000000000800184        0x2 .build/obj_Dactylv2_rev2_NoahTest/common/host.o
 .bss.driver    0x0000000000800186        0x2 .build/obj_Dactylv2_rev2_NoahTest/common/host.o
 .bss.led_status.2733
                0x0000000000800188        0x1 .build/obj_Dactylv2_rev2_NoahTest/common/keyboard.o
 .bss.matrix_prev.2732
                0x0000000000800189        0xe .build/obj_Dactylv2_rev2_NoahTest/common/keyboard.o
 .bss.waiting_buffer_tail
                0x0000000000800197        0x1 .build/obj_Dactylv2_rev2_NoahTest/common/action_tapping.o
 .bss.waiting_buffer_head
                0x0000000000800198        0x1 .build/obj_Dactylv2_rev2_NoahTest/common/action_tapping.o
 .bss.waiting_buffer
                0x0000000000800199       0x30 .build/obj_Dactylv2_rev2_NoahTest/common/action_tapping.o
 .bss.tapping_key
                0x00000000008001c9        0x6 .build/obj_Dactylv2_rev2_NoahTest/common/action_tapping.o
 .bss.layer_state
                0x00000000008001cf        0x4 .build/obj_Dactylv2_rev2_NoahTest/common/action_layer.o
                0x00000000008001cf                layer_state
 .bss.default_layer_state
                0x00000000008001d3        0x4 .build/obj_Dactylv2_rev2_NoahTest/common/action_layer.o
                0x00000000008001d3                default_layer_state
 .bss.oneshot_layer_data
                0x00000000008001d7        0x1 .build/obj_Dactylv2_rev2_NoahTest/common/action_util.o
 .bss.oneshot_mods
                0x00000000008001d8        0x1 .build/obj_Dactylv2_rev2_NoahTest/common/action_util.o
 .bss.__compound_literal.0
                0x00000000008001d9        0x8 .build/obj_Dactylv2_rev2_NoahTest/common/action_util.o
 .bss.macro_mods
                0x00000000008001e1        0x1 .build/obj_Dactylv2_rev2_NoahTest/common/action_util.o
 .bss.weak_mods
                0x00000000008001e2        0x1 .build/obj_Dactylv2_rev2_NoahTest/common/action_util.o
 .bss.real_mods
                0x00000000008001e3        0x1 .build/obj_Dactylv2_rev2_NoahTest/common/action_util.o
 .bss.debug_config
                0x00000000008001e4        0x1 .build/obj_Dactylv2_rev2_NoahTest/common/debug.o
                0x00000000008001e4                debug_config
 .bss.wdt_timeout
                0x00000000008001e5        0x1 .build/obj_Dactylv2_rev2_NoahTest/common/avr/suspend.o
 .bss.last_timer
                0x00000000008001e6        0x2 .build/obj_Dactylv2_rev2_NoahTest/common/mousekey.o
 .bss.mousekey_accel
                0x00000000008001e8        0x1 .build/obj_Dactylv2_rev2_NoahTest/common/mousekey.o
 .bss.mousekey_repeat
                0x00000000008001e9        0x1 .build/obj_Dactylv2_rev2_NoahTest/common/mousekey.o
 .bss.mouse_report
                0x00000000008001ea        0x5 .build/obj_Dactylv2_rev2_NoahTest/common/mousekey.o
 .bss.mousekey_param
                0x00000000008001ef        0x1 .build/obj_Dactylv2_rev2_NoahTest/common/command.o
 .bss.command_state
                0x00000000008001f0        0x1 .build/obj_Dactylv2_rev2_NoahTest/common/command.o
                0x00000000008001f0                command_state
 .bss.keyboard_report_sent
                0x00000000008001f1        0x8 .build/obj_Dactylv2_rev2_NoahTest/lufa.o
 .bss.keyboard_led_stats
                0x00000000008001f9        0x1 .build/obj_Dactylv2_rev2_NoahTest/lufa.o
 .bss.keyboard_idle
                0x00000000008001fa        0x1 .build/obj_Dactylv2_rev2_NoahTest/lufa.o
                0x00000000008001fa                keyboard_idle
 .bss.desired_output
                0x00000000008001fb        0x1 .build/obj_Dactylv2_rev2_NoahTest/outputselect.o
                0x00000000008001fb                desired_output
 *(COMMON)
 COMMON         0x00000000008001fc        0x2 .build/obj_Dactylv2_rev2_NoahTest/common/action.o
                0x00000000008001fc                tp_buttons
 COMMON         0x00000000008001fe        0x4 .build/obj_Dactylv2_rev2_NoahTest/common/avr/timer.o
                0x00000000008001fe                timer_count
 COMMON         0x0000000000800202        0x2 .build/obj_Dactylv2_rev2_NoahTest/common/magic.o
                0x0000000000800202                keymap_config
 COMMON         0x0000000000800204        0x3 .build/obj_Dactylv2_rev2_NoahTest/./lib/lufa/LUFA/Drivers/USB/Core/DeviceStandardReq.o
                0x0000000000800204                USB_Device_ConfigurationNumber
                0x0000000000800205                USB_Device_CurrentlySelfPowered
                0x0000000000800206                USB_Device_RemoteWakeupEnabled
 COMMON         0x0000000000800207        0xa .build/obj_Dactylv2_rev2_NoahTest/./lib/lufa/LUFA/Drivers/USB/Core/USBTask.o
                0x0000000000800207                USB_IsInitialized
                0x0000000000800208                USB_DeviceState
                0x0000000000800209                USB_ControlRequest
                0x0000000000800211                PROVIDE (__bss_end = .)
                0x0000000000005180                __data_load_start = LOADADDR (.data)
                0x00000000000051c2                __data_load_end = (__data_load_start + SIZEOF (.data))

.noinit         0x0000000000800211        0x4
                [!provide]                        PROVIDE (__noinit_start = .)
 *(.noinit*)
 .noinit        0x0000000000800211        0x4 .build/obj_Dactylv2_rev2_NoahTest/common/avr/bootloader.o
                0x0000000000800211                reset_key
                [!provide]                        PROVIDE (__noinit_end = .)
                0x0000000000800215                _end = .
                [!provide]                        PROVIDE (__heap_start = .)

.eeprom         0x0000000000810000        0x0
 *(.eeprom*)
                0x0000000000810000                __eeprom_end = .

.fuse
 *(.fuse)
 *(.lfuse)
 *(.hfuse)
 *(.efuse)

.lock
 *(.lock*)

.signature
 *(.signature*)

.stab
 *(.stab)

.stabstr        0x0000000000000000       0x9c
 *(.stabstr)
 .stabstr       0x0000000000000000       0x9c .build/obj_Dactylv2_rev2_NoahTest/common/avr/xprintf.o

.stab.excl
 *(.stab.excl)

.stab.exclstr
 *(.stab.exclstr)

.stab.index
 *(.stab.index)

.stab.indexstr
 *(.stab.indexstr)

.comment        0x0000000000000000       0x11
 *(.comment)
 .comment       0x0000000000000000       0x11 .build/obj_Dactylv2_rev2_NoahTest/matrix.o
                                         0x12 (size before relaxing)
 .comment       0x0000000000000011       0x12 .build/obj_Dactylv2_rev2_NoahTest/split_util.o
 .comment       0x0000000000000011       0x12 .build/obj_Dactylv2_rev2_NoahTest/serial.o
 .comment       0x0000000000000011       0x12 .build/obj_Dactylv2_rev2_NoahTest/keyboards/Dactylv2/rev2/rev2.o
 .comment       0x0000000000000011       0x12 .build/obj_Dactylv2_rev2_NoahTest/keyboards/Dactylv2/keymaps/NoahTest/keymap.o
 .comment       0x0000000000000011       0x12 .build/obj_Dactylv2_rev2_NoahTest/quantum/quantum.o
 .comment       0x0000000000000011       0x12 .build/obj_Dactylv2_rev2_NoahTest/quantum/keymap_common.o
 .comment       0x0000000000000011       0x12 .build/obj_Dactylv2_rev2_NoahTest/quantum/keycode_config.o
 .comment       0x0000000000000011       0x12 .build/obj_Dactylv2_rev2_NoahTest/quantum/process_keycode/process_leader.o
 .comment       0x0000000000000011       0x12 .build/obj_Dactylv2_rev2_NoahTest/quantum/process_keycode/process_tap_dance.o
 .comment       0x0000000000000011       0x12 .build/obj_Dactylv2_rev2_NoahTest/common/host.o
 .comment       0x0000000000000011       0x12 .build/obj_Dactylv2_rev2_NoahTest/common/keyboard.o
 .comment       0x0000000000000011       0x12 .build/obj_Dactylv2_rev2_NoahTest/common/action.o
 .comment       0x0000000000000011       0x12 .build/obj_Dactylv2_rev2_NoahTest/common/action_tapping.o
 .comment       0x0000000000000011       0x12 .build/obj_Dactylv2_rev2_NoahTest/common/action_macro.o
 .comment       0x0000000000000011       0x12 .build/obj_Dactylv2_rev2_NoahTest/common/action_layer.o
 .comment       0x0000000000000011       0x12 .build/obj_Dactylv2_rev2_NoahTest/common/action_util.o
 .comment       0x0000000000000011       0x12 .build/obj_Dactylv2_rev2_NoahTest/common/debug.o
 .comment       0x0000000000000011       0x12 .build/obj_Dactylv2_rev2_NoahTest/common/eeconfig.o
 .comment       0x0000000000000011       0x12 .build/obj_Dactylv2_rev2_NoahTest/common/report.o
 .comment       0x0000000000000011       0x12 .build/obj_Dactylv2_rev2_NoahTest/common/avr/suspend.o
 .comment       0x0000000000000011       0x12 .build/obj_Dactylv2_rev2_NoahTest/common/avr/timer.o
 .comment       0x0000000000000011       0x12 .build/obj_Dactylv2_rev2_NoahTest/common/avr/bootloader.o
 .comment       0x0000000000000011       0x12 .build/obj_Dactylv2_rev2_NoahTest/common/magic.o
 .comment       0x0000000000000011       0x12 .build/obj_Dactylv2_rev2_NoahTest/common/mousekey.o
 .comment       0x0000000000000011       0x12 .build/obj_Dactylv2_rev2_NoahTest/common/command.o
 .comment       0x0000000000000011       0x12 .build/obj_Dactylv2_rev2_NoahTest/lufa.o
 .comment       0x0000000000000011       0x12 .build/obj_Dactylv2_rev2_NoahTest/usb_descriptor.o
 .comment       0x0000000000000011       0x12 .build/obj_Dactylv2_rev2_NoahTest/outputselect.o
 .comment       0x0000000000000011       0x12 .build/obj_Dactylv2_rev2_NoahTest/./lib/lufa/LUFA/Drivers/USB/Core/AVR8/Device_AVR8.o
 .comment       0x0000000000000011       0x12 .build/obj_Dactylv2_rev2_NoahTest/./lib/lufa/LUFA/Drivers/USB/Core/AVR8/EndpointStream_AVR8.o
 .comment       0x0000000000000011       0x12 .build/obj_Dactylv2_rev2_NoahTest/./lib/lufa/LUFA/Drivers/USB/Core/AVR8/Endpoint_AVR8.o
 .comment       0x0000000000000011       0x12 .build/obj_Dactylv2_rev2_NoahTest/./lib/lufa/LUFA/Drivers/USB/Core/AVR8/USBController_AVR8.o
 .comment       0x0000000000000011       0x12 .build/obj_Dactylv2_rev2_NoahTest/./lib/lufa/LUFA/Drivers/USB/Core/AVR8/USBInterrupt_AVR8.o
 .comment       0x0000000000000011       0x12 .build/obj_Dactylv2_rev2_NoahTest/./lib/lufa/LUFA/Drivers/USB/Core/DeviceStandardReq.o
 .comment       0x0000000000000011       0x12 .build/obj_Dactylv2_rev2_NoahTest/./lib/lufa/LUFA/Drivers/USB/Core/Events.o
 .comment       0x0000000000000011       0x12 .build/obj_Dactylv2_rev2_NoahTest/./lib/lufa/LUFA/Drivers/USB/Core/USBTask.o

.note.gnu.avr.deviceinfo
                0x0000000000000000       0x40
 .note.gnu.avr.deviceinfo
                0x0000000000000000       0x40 /usr/local/Cellar/avr-gcc@7/7.3.0/lib/avr-gcc/7/gcc/avr/7.3.0/../../../../../../avr/lib/avr5/crtatmega32u4.o

.note.gnu.build-id
 *(.note.gnu.build-id)

.debug
 *(.debug)

.line
 *(.line)

.debug_srcinfo
 *(.debug_srcinfo)

.debug_sfnames
 *(.debug_sfnames)

.debug_aranges  0x0000000000000000      0xd50
 *(.debug_aranges)
 .debug_aranges
                0x0000000000000000       0xa0 .build/obj_Dactylv2_rev2_NoahTest/matrix.o
 .debug_aranges
                0x00000000000000a0       0x38 .build/obj_Dactylv2_rev2_NoahTest/split_util.o
 .debug_aranges
                0x00000000000000d8       0x70 .build/obj_Dactylv2_rev2_NoahTest/serial.o
 .debug_aranges
                0x0000000000000148       0x30 .build/obj_Dactylv2_rev2_NoahTest/keyboards/Dactylv2/rev2/rev2.o
 .debug_aranges
                0x0000000000000178       0x38 .build/obj_Dactylv2_rev2_NoahTest/keyboards/Dactylv2/keymaps/NoahTest/keymap.o
 .debug_aranges
                0x00000000000001b0      0x110 .build/obj_Dactylv2_rev2_NoahTest/quantum/quantum.o
 .debug_aranges
                0x00000000000002c0       0x48 .build/obj_Dactylv2_rev2_NoahTest/quantum/keymap_common.o
 .debug_aranges
                0x0000000000000308       0x28 .build/obj_Dactylv2_rev2_NoahTest/quantum/keycode_config.o
 .debug_aranges
                0x0000000000000330       0x28 .build/obj_Dactylv2_rev2_NoahTest/quantum/process_keycode/process_leader.o
 .debug_aranges
                0x0000000000000358       0x78 .build/obj_Dactylv2_rev2_NoahTest/quantum/process_keycode/process_tap_dance.o
 .debug_aranges
                0x00000000000003d0       0x60 .build/obj_Dactylv2_rev2_NoahTest/common/host.o
 .debug_aranges
                0x0000000000000430       0x48 .build/obj_Dactylv2_rev2_NoahTest/common/keyboard.o
 .debug_aranges
                0x0000000000000478       0x98 .build/obj_Dactylv2_rev2_NoahTest/common/action.o
 .debug_aranges
                0x0000000000000510       0x48 .build/obj_Dactylv2_rev2_NoahTest/common/action_tapping.o
 .debug_aranges
                0x0000000000000558       0x20 .build/obj_Dactylv2_rev2_NoahTest/common/action_macro.o
 .debug_aranges
                0x0000000000000578       0xc8 .build/obj_Dactylv2_rev2_NoahTest/common/action_layer.o
 .debug_aranges
                0x0000000000000640      0x120 .build/obj_Dactylv2_rev2_NoahTest/common/action_util.o
 .debug_aranges
                0x0000000000000760       0x18 .build/obj_Dactylv2_rev2_NoahTest/common/debug.o
 .debug_aranges
                0x0000000000000778       0x68 .build/obj_Dactylv2_rev2_NoahTest/common/eeconfig.o
 .debug_aranges
                0x00000000000007e0       0x50 .build/obj_Dactylv2_rev2_NoahTest/common/report.o
 .debug_aranges
                0x0000000000000830       0x48 .build/obj_Dactylv2_rev2_NoahTest/common/avr/suspend.o
 .debug_aranges
                0x0000000000000878       0x50 .build/obj_Dactylv2_rev2_NoahTest/common/avr/timer.o
 .debug_aranges
                0x00000000000008c8       0x28 .build/obj_Dactylv2_rev2_NoahTest/common/avr/bootloader.o
 .debug_aranges
                0x00000000000008f0       0x20 .build/obj_Dactylv2_rev2_NoahTest/common/magic.o
 .debug_aranges
                0x0000000000000910       0x50 .build/obj_Dactylv2_rev2_NoahTest/common/mousekey.o
 .debug_aranges
                0x0000000000000960       0x58 .build/obj_Dactylv2_rev2_NoahTest/common/command.o
 .debug_aranges
                0x00000000000009b8       0x90 .build/obj_Dactylv2_rev2_NoahTest/lufa.o
 .debug_aranges
                0x0000000000000a48       0x20 .build/obj_Dactylv2_rev2_NoahTest/usb_descriptor.o
 .debug_aranges
                0x0000000000000a68       0x38 .build/obj_Dactylv2_rev2_NoahTest/outputselect.o
 .debug_aranges
                0x0000000000000aa0       0x20 .build/obj_Dactylv2_rev2_NoahTest/./lib/lufa/LUFA/Drivers/USB/Core/AVR8/Device_AVR8.o
 .debug_aranges
                0x0000000000000ac0       0xc8 .build/obj_Dactylv2_rev2_NoahTest/./lib/lufa/LUFA/Drivers/USB/Core/AVR8/EndpointStream_AVR8.o
 .debug_aranges
                0x0000000000000b88       0x40 .build/obj_Dactylv2_rev2_NoahTest/./lib/lufa/LUFA/Drivers/USB/Core/AVR8/Endpoint_AVR8.o
 .debug_aranges
                0x0000000000000bc8       0x30 .build/obj_Dactylv2_rev2_NoahTest/./lib/lufa/LUFA/Drivers/USB/Core/AVR8/USBController_AVR8.o
 .debug_aranges
                0x0000000000000bf8       0x38 .build/obj_Dactylv2_rev2_NoahTest/./lib/lufa/LUFA/Drivers/USB/Core/AVR8/USBInterrupt_AVR8.o
 .debug_aranges
                0x0000000000000c30       0x20 .build/obj_Dactylv2_rev2_NoahTest/./lib/lufa/LUFA/Drivers/USB/Core/DeviceStandardReq.o
 .debug_aranges
                0x0000000000000c50       0x20 .build/obj_Dactylv2_rev2_NoahTest/./lib/lufa/LUFA/Drivers/USB/Core/Events.o
 .debug_aranges
                0x0000000000000c70       0x20 .build/obj_Dactylv2_rev2_NoahTest/./lib/lufa/LUFA/Drivers/USB/Core/USBTask.o
 .debug_aranges
                0x0000000000000c90       0x20 /usr/local/Cellar/avr-gcc@7/7.3.0/lib/avr-gcc/7/gcc/avr/7.3.0/avr5/libgcc.a(_divmodhi4.o)
 .debug_aranges
                0x0000000000000cb0       0x20 /usr/local/Cellar/avr-gcc@7/7.3.0/lib/avr-gcc/7/gcc/avr/7.3.0/avr5/libgcc.a(_exit.o)
 .debug_aranges
                0x0000000000000cd0       0x20 /usr/local/Cellar/avr-gcc@7/7.3.0/lib/avr-gcc/7/gcc/avr/7.3.0/avr5/libgcc.a(_tablejump2.o)
 .debug_aranges
                0x0000000000000cf0       0x20 /usr/local/Cellar/avr-gcc@7/7.3.0/lib/avr-gcc/7/gcc/avr/7.3.0/avr5/libgcc.a(_copy_data.o)
 .debug_aranges
                0x0000000000000d10       0x20 /usr/local/Cellar/avr-gcc@7/7.3.0/lib/avr-gcc/7/gcc/avr/7.3.0/avr5/libgcc.a(_clear_bss.o)
 .debug_aranges
                0x0000000000000d30       0x20 /usr/local/Cellar/avr-gcc@7/7.3.0/lib/avr-gcc/7/gcc/avr/7.3.0/avr5/libgcc.a(_udivmodhi4.o)

.debug_pubnames
 *(.debug_pubnames)

.debug_info     0x0000000000000000    0x18171
 *(.debug_info .gnu.linkonce.wi.*)
 .debug_info    0x0000000000000000      0x9f4 /usr/local/Cellar/avr-gcc@7/7.3.0/lib/avr-gcc/7/gcc/avr/7.3.0/../../../../../../avr/lib/avr5/crtatmega32u4.o
 .debug_info    0x00000000000009f4      0x9f7 .build/obj_Dactylv2_rev2_NoahTest/matrix.o
 .debug_info    0x00000000000013eb      0x2b3 .build/obj_Dactylv2_rev2_NoahTest/split_util.o
 .debug_info    0x000000000000169e      0x733 .build/obj_Dactylv2_rev2_NoahTest/serial.o
 .debug_info    0x0000000000001dd1      0x588 .build/obj_Dactylv2_rev2_NoahTest/keyboards/Dactylv2/rev2/rev2.o
 .debug_info    0x0000000000002359     0x1657 .build/obj_Dactylv2_rev2_NoahTest/keyboards/Dactylv2/keymaps/NoahTest/keymap.o
 .debug_info    0x00000000000039b0     0x253c .build/obj_Dactylv2_rev2_NoahTest/quantum/quantum.o
 .debug_info    0x0000000000005eec     0x1bbe .build/obj_Dactylv2_rev2_NoahTest/quantum/keymap_common.o
 .debug_info    0x0000000000007aaa      0x5fb .build/obj_Dactylv2_rev2_NoahTest/quantum/keycode_config.o
 .debug_info    0x00000000000080a5      0xf6d .build/obj_Dactylv2_rev2_NoahTest/quantum/process_keycode/process_leader.o
 .debug_info    0x0000000000009012     0x1545 .build/obj_Dactylv2_rev2_NoahTest/quantum/process_keycode/process_tap_dance.o
 .debug_info    0x000000000000a557      0x46e .build/obj_Dactylv2_rev2_NoahTest/common/host.o
 .debug_info    0x000000000000a9c5      0x60f .build/obj_Dactylv2_rev2_NoahTest/common/keyboard.o
 .debug_info    0x000000000000afd4     0x1b4c .build/obj_Dactylv2_rev2_NoahTest/common/action.o
 .debug_info    0x000000000000cb20      0xf63 .build/obj_Dactylv2_rev2_NoahTest/common/action_tapping.o
 .debug_info    0x000000000000da83      0x88d .build/obj_Dactylv2_rev2_NoahTest/common/action_macro.o
 .debug_info    0x000000000000e310      0xa01 .build/obj_Dactylv2_rev2_NoahTest/common/action_layer.o
 .debug_info    0x000000000000ed11      0x8bd .build/obj_Dactylv2_rev2_NoahTest/common/action_util.o
 .debug_info    0x000000000000f5ce      0x104 .build/obj_Dactylv2_rev2_NoahTest/common/debug.o
 .debug_info    0x000000000000f6d2      0x352 .build/obj_Dactylv2_rev2_NoahTest/common/eeconfig.o
 .debug_info    0x000000000000fa24      0x483 .build/obj_Dactylv2_rev2_NoahTest/common/report.o
 .debug_info    0x000000000000fea7      0x610 .build/obj_Dactylv2_rev2_NoahTest/common/avr/suspend.o
 .debug_info    0x00000000000104b7      0x3aa .build/obj_Dactylv2_rev2_NoahTest/common/avr/timer.o
 .debug_info    0x0000000000010861      0x328 .build/obj_Dactylv2_rev2_NoahTest/common/avr/bootloader.o
 .debug_info    0x0000000000010b89      0x316 .build/obj_Dactylv2_rev2_NoahTest/common/magic.o
 .debug_info    0x0000000000010e9f      0x684 .build/obj_Dactylv2_rev2_NoahTest/common/mousekey.o
 .debug_info    0x0000000000011523      0xd58 .build/obj_Dactylv2_rev2_NoahTest/common/command.o
 .debug_info    0x000000000001227b     0x1508 .build/obj_Dactylv2_rev2_NoahTest/lufa.o
 .debug_info    0x0000000000013783      0x934 .build/obj_Dactylv2_rev2_NoahTest/usb_descriptor.o
 .debug_info    0x00000000000140b7      0x4db .build/obj_Dactylv2_rev2_NoahTest/outputselect.o
 .debug_info    0x0000000000014592      0x18c .build/obj_Dactylv2_rev2_NoahTest/./lib/lufa/LUFA/Drivers/USB/Core/AVR8/Device_AVR8.o
 .debug_info    0x000000000001471e     0x17d8 .build/obj_Dactylv2_rev2_NoahTest/./lib/lufa/LUFA/Drivers/USB/Core/AVR8/EndpointStream_AVR8.o
 .debug_info    0x0000000000015ef6      0x64a .build/obj_Dactylv2_rev2_NoahTest/./lib/lufa/LUFA/Drivers/USB/Core/AVR8/Endpoint_AVR8.o
 .debug_info    0x0000000000016540      0x54a .build/obj_Dactylv2_rev2_NoahTest/./lib/lufa/LUFA/Drivers/USB/Core/AVR8/USBController_AVR8.o
 .debug_info    0x0000000000016a8a      0x875 .build/obj_Dactylv2_rev2_NoahTest/./lib/lufa/LUFA/Drivers/USB/Core/AVR8/USBInterrupt_AVR8.o
 .debug_info    0x00000000000172ff      0xa6f .build/obj_Dactylv2_rev2_NoahTest/./lib/lufa/LUFA/Drivers/USB/Core/DeviceStandardReq.o
 .debug_info    0x0000000000017d6e       0x78 .build/obj_Dactylv2_rev2_NoahTest/./lib/lufa/LUFA/Drivers/USB/Core/Events.o
 .debug_info    0x0000000000017de6      0x2a7 .build/obj_Dactylv2_rev2_NoahTest/./lib/lufa/LUFA/Drivers/USB/Core/USBTask.o
 .debug_info    0x000000000001808d       0x26 /usr/local/Cellar/avr-gcc@7/7.3.0/lib/avr-gcc/7/gcc/avr/7.3.0/avr5/libgcc.a(_divmodhi4.o)
 .debug_info    0x00000000000180b3       0x26 /usr/local/Cellar/avr-gcc@7/7.3.0/lib/avr-gcc/7/gcc/avr/7.3.0/avr5/libgcc.a(_exit.o)
 .debug_info    0x00000000000180d9       0x26 /usr/local/Cellar/avr-gcc@7/7.3.0/lib/avr-gcc/7/gcc/avr/7.3.0/avr5/libgcc.a(_tablejump2.o)
 .debug_info    0x00000000000180ff       0x26 /usr/local/Cellar/avr-gcc@7/7.3.0/lib/avr-gcc/7/gcc/avr/7.3.0/avr5/libgcc.a(_copy_data.o)
 .debug_info    0x0000000000018125       0x26 /usr/local/Cellar/avr-gcc@7/7.3.0/lib/avr-gcc/7/gcc/avr/7.3.0/avr5/libgcc.a(_clear_bss.o)
 .debug_info    0x000000000001814b       0x26 /usr/local/Cellar/avr-gcc@7/7.3.0/lib/avr-gcc/7/gcc/avr/7.3.0/avr5/libgcc.a(_udivmodhi4.o)

.debug_abbrev   0x0000000000000000     0x5856
 *(.debug_abbrev)
 .debug_abbrev  0x0000000000000000      0x96a /usr/local/Cellar/avr-gcc@7/7.3.0/lib/avr-gcc/7/gcc/avr/7.3.0/../../../../../../avr/lib/avr5/crtatmega32u4.o
 .debug_abbrev  0x000000000000096a      0x3a6 .build/obj_Dactylv2_rev2_NoahTest/matrix.o
 .debug_abbrev  0x0000000000000d10      0x150 .build/obj_Dactylv2_rev2_NoahTest/split_util.o
 .debug_abbrev  0x0000000000000e60      0x251 .build/obj_Dactylv2_rev2_NoahTest/serial.o
 .debug_abbrev  0x00000000000010b1      0x183 .build/obj_Dactylv2_rev2_NoahTest/keyboards/Dactylv2/rev2/rev2.o
 .debug_abbrev  0x0000000000001234      0x26b .build/obj_Dactylv2_rev2_NoahTest/keyboards/Dactylv2/keymaps/NoahTest/keymap.o
 .debug_abbrev  0x000000000000149f      0x4ac .build/obj_Dactylv2_rev2_NoahTest/quantum/quantum.o
 .debug_abbrev  0x000000000000194b      0x2d5 .build/obj_Dactylv2_rev2_NoahTest/quantum/keymap_common.o
 .debug_abbrev  0x0000000000001c20       0xfd .build/obj_Dactylv2_rev2_NoahTest/quantum/keycode_config.o
 .debug_abbrev  0x0000000000001d1d      0x1af .build/obj_Dactylv2_rev2_NoahTest/quantum/process_keycode/process_leader.o
 .debug_abbrev  0x0000000000001ecc      0x2eb .build/obj_Dactylv2_rev2_NoahTest/quantum/process_keycode/process_tap_dance.o
 .debug_abbrev  0x00000000000021b7      0x19b .build/obj_Dactylv2_rev2_NoahTest/common/host.o
 .debug_abbrev  0x0000000000002352      0x231 .build/obj_Dactylv2_rev2_NoahTest/common/keyboard.o
 .debug_abbrev  0x0000000000002583      0x38d .build/obj_Dactylv2_rev2_NoahTest/common/action.o
 .debug_abbrev  0x0000000000002910      0x305 .build/obj_Dactylv2_rev2_NoahTest/common/action_tapping.o
 .debug_abbrev  0x0000000000002c15      0x1c8 .build/obj_Dactylv2_rev2_NoahTest/common/action_macro.o
 .debug_abbrev  0x0000000000002ddd      0x288 .build/obj_Dactylv2_rev2_NoahTest/common/action_layer.o
 .debug_abbrev  0x0000000000003065      0x256 .build/obj_Dactylv2_rev2_NoahTest/common/action_util.o
 .debug_abbrev  0x00000000000032bb       0x94 .build/obj_Dactylv2_rev2_NoahTest/common/debug.o
 .debug_abbrev  0x000000000000334f       0xc2 .build/obj_Dactylv2_rev2_NoahTest/common/eeconfig.o
 .debug_abbrev  0x0000000000003411      0x175 .build/obj_Dactylv2_rev2_NoahTest/common/report.o
 .debug_abbrev  0x0000000000003586      0x2b2 .build/obj_Dactylv2_rev2_NoahTest/common/avr/suspend.o
 .debug_abbrev  0x0000000000003838      0x182 .build/obj_Dactylv2_rev2_NoahTest/common/avr/timer.o
 .debug_abbrev  0x00000000000039ba      0x1b8 .build/obj_Dactylv2_rev2_NoahTest/common/avr/bootloader.o
 .debug_abbrev  0x0000000000003b72      0x10c .build/obj_Dactylv2_rev2_NoahTest/common/magic.o
 .debug_abbrev  0x0000000000003c7e      0x1f9 .build/obj_Dactylv2_rev2_NoahTest/common/mousekey.o
 .debug_abbrev  0x0000000000003e77      0x372 .build/obj_Dactylv2_rev2_NoahTest/common/command.o
 .debug_abbrev  0x00000000000041e9      0x455 .build/obj_Dactylv2_rev2_NoahTest/lufa.o
 .debug_abbrev  0x000000000000463e      0x1d9 .build/obj_Dactylv2_rev2_NoahTest/usb_descriptor.o
 .debug_abbrev  0x0000000000004817      0x1fe .build/obj_Dactylv2_rev2_NoahTest/outputselect.o
 .debug_abbrev  0x0000000000004a15       0xb6 .build/obj_Dactylv2_rev2_NoahTest/./lib/lufa/LUFA/Drivers/USB/Core/AVR8/Device_AVR8.o
 .debug_abbrev  0x0000000000004acb      0x20a .build/obj_Dactylv2_rev2_NoahTest/./lib/lufa/LUFA/Drivers/USB/Core/AVR8/EndpointStream_AVR8.o
 .debug_abbrev  0x0000000000004cd5      0x251 .build/obj_Dactylv2_rev2_NoahTest/./lib/lufa/LUFA/Drivers/USB/Core/AVR8/Endpoint_AVR8.o
 .debug_abbrev  0x0000000000004f26      0x1af .build/obj_Dactylv2_rev2_NoahTest/./lib/lufa/LUFA/Drivers/USB/Core/AVR8/USBController_AVR8.o
 .debug_abbrev  0x00000000000050d5      0x231 .build/obj_Dactylv2_rev2_NoahTest/./lib/lufa/LUFA/Drivers/USB/Core/AVR8/USBInterrupt_AVR8.o
 .debug_abbrev  0x0000000000005306      0x2fc .build/obj_Dactylv2_rev2_NoahTest/./lib/lufa/LUFA/Drivers/USB/Core/DeviceStandardReq.o
 .debug_abbrev  0x0000000000005602       0x44 .build/obj_Dactylv2_rev2_NoahTest/./lib/lufa/LUFA/Drivers/USB/Core/Events.o
 .debug_abbrev  0x0000000000005646      0x198 .build/obj_Dactylv2_rev2_NoahTest/./lib/lufa/LUFA/Drivers/USB/Core/USBTask.o
 .debug_abbrev  0x00000000000057de       0x14 /usr/local/Cellar/avr-gcc@7/7.3.0/lib/avr-gcc/7/gcc/avr/7.3.0/avr5/libgcc.a(_divmodhi4.o)
 .debug_abbrev  0x00000000000057f2       0x14 /usr/local/Cellar/avr-gcc@7/7.3.0/lib/avr-gcc/7/gcc/avr/7.3.0/avr5/libgcc.a(_exit.o)
 .debug_abbrev  0x0000000000005806       0x14 /usr/local/Cellar/avr-gcc@7/7.3.0/lib/avr-gcc/7/gcc/avr/7.3.0/avr5/libgcc.a(_tablejump2.o)
 .debug_abbrev  0x000000000000581a       0x14 /usr/local/Cellar/avr-gcc@7/7.3.0/lib/avr-gcc/7/gcc/avr/7.3.0/avr5/libgcc.a(_copy_data.o)
 .debug_abbrev  0x000000000000582e       0x14 /usr/local/Cellar/avr-gcc@7/7.3.0/lib/avr-gcc/7/gcc/avr/7.3.0/avr5/libgcc.a(_clear_bss.o)
 .debug_abbrev  0x0000000000005842       0x14 /usr/local/Cellar/avr-gcc@7/7.3.0/lib/avr-gcc/7/gcc/avr/7.3.0/avr5/libgcc.a(_udivmodhi4.o)

.debug_line     0x0000000000000000     0x996b
 *(.debug_line .debug_line.* .debug_line_end)
 .debug_line    0x0000000000000000       0x1d /usr/local/Cellar/avr-gcc@7/7.3.0/lib/avr-gcc/7/gcc/avr/7.3.0/../../../../../../avr/lib/avr5/crtatmega32u4.o
 .debug_line    0x000000000000001d      0x4e5 .build/obj_Dactylv2_rev2_NoahTest/matrix.o
 .debug_line    0x0000000000000502      0x1a9 .build/obj_Dactylv2_rev2_NoahTest/split_util.o
 .debug_line    0x00000000000006ab      0x40f .build/obj_Dactylv2_rev2_NoahTest/serial.o
 .debug_line    0x0000000000000aba      0x1ef .build/obj_Dactylv2_rev2_NoahTest/keyboards/Dactylv2/rev2/rev2.o
 .debug_line    0x0000000000000ca9      0x2fe .build/obj_Dactylv2_rev2_NoahTest/keyboards/Dactylv2/keymaps/NoahTest/keymap.o
 .debug_line    0x0000000000000fa7      0xb20 .build/obj_Dactylv2_rev2_NoahTest/quantum/quantum.o
 .debug_line    0x0000000000001ac7      0x4b8 .build/obj_Dactylv2_rev2_NoahTest/quantum/keymap_common.o
 .debug_line    0x0000000000001f7f      0x1da .build/obj_Dactylv2_rev2_NoahTest/quantum/keycode_config.o
 .debug_line    0x0000000000002159      0x28d .build/obj_Dactylv2_rev2_NoahTest/quantum/process_keycode/process_leader.o
 .debug_line    0x00000000000023e6      0x51c .build/obj_Dactylv2_rev2_NoahTest/quantum/process_keycode/process_tap_dance.o
 .debug_line    0x0000000000002902      0x1c9 .build/obj_Dactylv2_rev2_NoahTest/common/host.o
 .debug_line    0x0000000000002acb      0x259 .build/obj_Dactylv2_rev2_NoahTest/common/keyboard.o
 .debug_line    0x0000000000002d24      0x9d4 .build/obj_Dactylv2_rev2_NoahTest/common/action.o
 .debug_line    0x00000000000036f8      0x5e6 .build/obj_Dactylv2_rev2_NoahTest/common/action_tapping.o
 .debug_line    0x0000000000003cde      0x1d4 .build/obj_Dactylv2_rev2_NoahTest/common/action_macro.o
 .debug_line    0x0000000000003eb2      0x391 .build/obj_Dactylv2_rev2_NoahTest/common/action_layer.o
 .debug_line    0x0000000000004243      0x497 .build/obj_Dactylv2_rev2_NoahTest/common/action_util.o
 .debug_line    0x00000000000046da       0x7f .build/obj_Dactylv2_rev2_NoahTest/common/debug.o
 .debug_line    0x0000000000004759      0x1b4 .build/obj_Dactylv2_rev2_NoahTest/common/eeconfig.o
 .debug_line    0x000000000000490d      0x1cd .build/obj_Dactylv2_rev2_NoahTest/common/report.o
 .debug_line    0x0000000000004ada      0x320 .build/obj_Dactylv2_rev2_NoahTest/common/avr/suspend.o
 .debug_line    0x0000000000004dfa      0x296 .build/obj_Dactylv2_rev2_NoahTest/common/avr/timer.o
 .debug_line    0x0000000000005090      0x1c2 .build/obj_Dactylv2_rev2_NoahTest/common/avr/bootloader.o
 .debug_line    0x0000000000005252      0x107 .build/obj_Dactylv2_rev2_NoahTest/common/magic.o
 .debug_line    0x0000000000005359      0x62a .build/obj_Dactylv2_rev2_NoahTest/common/mousekey.o
 .debug_line    0x0000000000005983      0x588 .build/obj_Dactylv2_rev2_NoahTest/common/command.o
 .debug_line    0x0000000000005f0b      0x948 .build/obj_Dactylv2_rev2_NoahTest/lufa.o
 .debug_line    0x0000000000006853      0x26d .build/obj_Dactylv2_rev2_NoahTest/usb_descriptor.o
 .debug_line    0x0000000000006ac0      0x208 .build/obj_Dactylv2_rev2_NoahTest/outputselect.o
 .debug_line    0x0000000000006cc8      0x195 .build/obj_Dactylv2_rev2_NoahTest/./lib/lufa/LUFA/Drivers/USB/Core/AVR8/Device_AVR8.o
 .debug_line    0x0000000000006e5d     0x13c3 .build/obj_Dactylv2_rev2_NoahTest/./lib/lufa/LUFA/Drivers/USB/Core/AVR8/EndpointStream_AVR8.o
 .debug_line    0x0000000000008220      0x4c8 .build/obj_Dactylv2_rev2_NoahTest/./lib/lufa/LUFA/Drivers/USB/Core/AVR8/Endpoint_AVR8.o
 .debug_line    0x00000000000086e8      0x310 .build/obj_Dactylv2_rev2_NoahTest/./lib/lufa/LUFA/Drivers/USB/Core/AVR8/USBController_AVR8.o
 .debug_line    0x00000000000089f8      0x544 .build/obj_Dactylv2_rev2_NoahTest/./lib/lufa/LUFA/Drivers/USB/Core/AVR8/USBInterrupt_AVR8.o
 .debug_line    0x0000000000008f3c      0x4b8 .build/obj_Dactylv2_rev2_NoahTest/./lib/lufa/LUFA/Drivers/USB/Core/DeviceStandardReq.o
 .debug_line    0x00000000000093f4       0x5e .build/obj_Dactylv2_rev2_NoahTest/./lib/lufa/LUFA/Drivers/USB/Core/Events.o
 .debug_line    0x0000000000009452      0x18f .build/obj_Dactylv2_rev2_NoahTest/./lib/lufa/LUFA/Drivers/USB/Core/USBTask.o
 .debug_line    0x00000000000095e1       0xc7 /usr/local/Cellar/avr-gcc@7/7.3.0/lib/avr-gcc/7/gcc/avr/7.3.0/avr5/libgcc.a(_divmodhi4.o)
 .debug_line    0x00000000000096a8       0x61 /usr/local/Cellar/avr-gcc@7/7.3.0/lib/avr-gcc/7/gcc/avr/7.3.0/avr5/libgcc.a(_exit.o)
 .debug_line    0x0000000000009709       0x79 /usr/local/Cellar/avr-gcc@7/7.3.0/lib/avr-gcc/7/gcc/avr/7.3.0/avr5/libgcc.a(_tablejump2.o)
 .debug_line    0x0000000000009782       0x97 /usr/local/Cellar/avr-gcc@7/7.3.0/lib/avr-gcc/7/gcc/avr/7.3.0/avr5/libgcc.a(_copy_data.o)
 .debug_line    0x0000000000009819       0x85 /usr/local/Cellar/avr-gcc@7/7.3.0/lib/avr-gcc/7/gcc/avr/7.3.0/avr5/libgcc.a(_clear_bss.o)
 .debug_line    0x000000000000989e       0xcd /usr/local/Cellar/avr-gcc@7/7.3.0/lib/avr-gcc/7/gcc/avr/7.3.0/avr5/libgcc.a(_udivmodhi4.o)

.debug_frame    0x0000000000000000     0x2568
 *(.debug_frame)
 .debug_frame   0x0000000000000000      0x1bc .build/obj_Dactylv2_rev2_NoahTest/matrix.o
 .debug_frame   0x00000000000001bc       0x54 .build/obj_Dactylv2_rev2_NoahTest/split_util.o
 .debug_frame   0x0000000000000210      0x16c .build/obj_Dactylv2_rev2_NoahTest/serial.o
 .debug_frame   0x000000000000037c       0xe4 .build/obj_Dactylv2_rev2_NoahTest/keyboards/Dactylv2/rev2/rev2.o
 .debug_frame   0x0000000000000460      0x110 .build/obj_Dactylv2_rev2_NoahTest/keyboards/Dactylv2/keymaps/NoahTest/keymap.o
 .debug_frame   0x0000000000000570      0x430 .build/obj_Dactylv2_rev2_NoahTest/quantum/quantum.o
 .debug_frame   0x00000000000009a0      0x120 .build/obj_Dactylv2_rev2_NoahTest/quantum/keymap_common.o
 .debug_frame   0x0000000000000ac0       0x34 .build/obj_Dactylv2_rev2_NoahTest/quantum/keycode_config.o
 .debug_frame   0x0000000000000af4      0x108 .build/obj_Dactylv2_rev2_NoahTest/quantum/process_keycode/process_leader.o
 .debug_frame   0x0000000000000bfc      0x230 .build/obj_Dactylv2_rev2_NoahTest/quantum/process_keycode/process_tap_dance.o