Archive member included to satisfy reference by file (symbol)

/usr/lib/gcc/avr/5.4.0/avr5/libgcc.a(_divmodhi4.o)
                              .build/obj_Dactylv2_rev2_Noah/common/mousekey.o (__divmodhi4)
/usr/lib/gcc/avr/5.4.0/avr5/libgcc.a(_exit.o)
                              /usr/lib/gcc/avr/5.4.0/../../../avr/lib/avr5/crtatmega32u4.o (exit)
/usr/lib/gcc/avr/5.4.0/avr5/libgcc.a(_tablejump2.o)
                              .build/obj_Dactylv2_rev2_Noah/keyboards/Dactylv2/keymaps/Noah/keymap.o (__tablejump2__)
/usr/lib/gcc/avr/5.4.0/avr5/libgcc.a(_copy_data.o)
                              .build/obj_Dactylv2_rev2_Noah/matrix.o (__do_copy_data)
/usr/lib/gcc/avr/5.4.0/avr5/libgcc.a(_clear_bss.o)
                              .build/obj_Dactylv2_rev2_Noah/matrix.o (__do_clear_bss)
/usr/lib/gcc/avr/5.4.0/avr5/libgcc.a(_udivmodhi4.o)
                              /usr/lib/gcc/avr/5.4.0/avr5/libgcc.a(_divmodhi4.o) (__udivmodhi4)
/usr/lib/gcc/avr/5.4.0/../../../avr/lib/avr5/libc.a(malloc.o)
                              .build/obj_Dactylv2_rev2_Noah/keyboards/Dactylv2/keymaps/Noah/keymap.o (malloc)
/usr/lib/gcc/avr/5.4.0/../../../avr/lib/avr5/libc.a(memmove.o)
                              .build/obj_Dactylv2_rev2_Noah/./lib/lufa/LUFA/Drivers/USB/Class/Common/HIDParser.o (memmove)
/usr/lib/gcc/avr/5.4.0/../../../avr/lib/avr5/libc.a(memcpy.o)
                              /usr/lib/gcc/avr/5.4.0/../../../avr/lib/avr5/libc.a(memmove.o) (memcpy)
/usr/lib/gcc/avr/5.4.0/../../../avr/lib/avr5/libatmega32u4.a(eerd_byte.o)
                              .build/obj_Dactylv2_rev2_Noah/common/eeconfig.o (eeprom_read_byte)
/usr/lib/gcc/avr/5.4.0/../../../avr/lib/avr5/libatmega32u4.a(eerd_word.o)
                              .build/obj_Dactylv2_rev2_Noah/common/eeconfig.o (eeprom_read_word)
/usr/lib/gcc/avr/5.4.0/../../../avr/lib/avr5/libatmega32u4.a(eeupd_byte.o)
                              .build/obj_Dactylv2_rev2_Noah/common/eeconfig.o (eeprom_update_byte)
/usr/lib/gcc/avr/5.4.0/../../../avr/lib/avr5/libatmega32u4.a(eeupd_word.o)
                              .build/obj_Dactylv2_rev2_Noah/common/eeconfig.o (eeprom_update_word)
/usr/lib/gcc/avr/5.4.0/../../../avr/lib/avr5/libatmega32u4.a(eerd_block.o)
                              /usr/lib/gcc/avr/5.4.0/../../../avr/lib/avr5/libatmega32u4.a(eerd_word.o) (eeprom_read_blraw)

Allocating common symbols
Common symbol       size              file

USB_IsInitialized   0x1               .build/obj_Dactylv2_rev2_Noah/./lib/lufa/LUFA/Drivers/USB/Core/USBTask.o
keymap_config       0x2               .build/obj_Dactylv2_rev2_Noah/common/magic.o
USB_DeviceState     0x1               .build/obj_Dactylv2_rev2_Noah/./lib/lufa/LUFA/Drivers/USB/Core/USBTask.o
__brkval            0x2               /usr/lib/gcc/avr/5.4.0/../../../avr/lib/avr5/libc.a(malloc.o)
USB_Device_ConfigurationNumber
                    0x1               .build/obj_Dactylv2_rev2_Noah/./lib/lufa/LUFA/Drivers/USB/Core/DeviceStandardReq.o
USB_Device_CurrentlySelfPowered
                    0x1               .build/obj_Dactylv2_rev2_Noah/./lib/lufa/LUFA/Drivers/USB/Core/DeviceStandardReq.o
USB_ControlRequest  0x8               .build/obj_Dactylv2_rev2_Noah/./lib/lufa/LUFA/Drivers/USB/Core/USBTask.o
tp_buttons          0x2               .build/obj_Dactylv2_rev2_Noah/common/action.o
USB_Device_RemoteWakeupEnabled
                    0x1               .build/obj_Dactylv2_rev2_Noah/./lib/lufa/LUFA/Drivers/USB/Core/DeviceStandardReq.o
__flp               0x2               /usr/lib/gcc/avr/5.4.0/../../../avr/lib/avr5/libc.a(malloc.o)
timer_count         0x4               .build/obj_Dactylv2_rev2_Noah/common/avr/timer.o

Discarded input sections

 .data          0x0000000000000000        0x0 /usr/lib/gcc/avr/5.4.0/../../../avr/lib/avr5/crtatmega32u4.o
 .bss           0x0000000000000000        0x0 /usr/lib/gcc/avr/5.4.0/../../../avr/lib/avr5/crtatmega32u4.o
 .text          0x0000000000000000        0x0 .build/obj_Dactylv2_rev2_Noah/matrix.o
 .data          0x0000000000000000        0x0 .build/obj_Dactylv2_rev2_Noah/matrix.o
 .bss           0x0000000000000000        0x0 .build/obj_Dactylv2_rev2_Noah/matrix.o
 .text.matrix_init_kb
                0x0000000000000000        0x4 .build/obj_Dactylv2_rev2_Noah/matrix.o
 .text.matrix_init_quantum
                0x0000000000000000        0x4 .build/obj_Dactylv2_rev2_Noah/matrix.o
 .text.matrix_scan_quantum
                0x0000000000000000        0x4 .build/obj_Dactylv2_rev2_Noah/matrix.o
 .text.matrix_rows
                0x0000000000000000        0x4 .build/obj_Dactylv2_rev2_Noah/matrix.o
 .text.matrix_cols
                0x0000000000000000        0x4 .build/obj_Dactylv2_rev2_Noah/matrix.o
 .text.matrix_is_modified
                0x0000000000000000        0xa .build/obj_Dactylv2_rev2_Noah/matrix.o
 .text.matrix_is_on
                0x0000000000000000       0x2a .build/obj_Dactylv2_rev2_Noah/matrix.o
 .text.matrix_key_count
[...]
Memory Configuration

Name             Origin             Length             Attributes
text             0x0000000000000000 0x0000000000020000 xr
data             0x0000000000800060 0x000000000000ffa0 rw !x
eeprom           0x0000000000810000 0x0000000000010000 rw !x
fuse             0x0000000000820000 0x0000000000000003 rw !x
lock             0x0000000000830000 0x0000000000000400 rw !x
signature        0x0000000000840000 0x0000000000000400 rw !x
user_signatures  0x0000000000850000 0x0000000000000400 rw !x
*default*        0x0000000000000000 0xffffffffffffffff

Linker script and memory map

Address of section .data set to 0x800100
LOAD /usr/lib/gcc/avr/5.4.0/../../../avr/lib/avr5/crtatmega32u4.o
LOAD .build/obj_Dactylv2_rev2_Noah/matrix.o
LOAD .build/obj_Dactylv2_rev2_Noah/i2c.o
LOAD .build/obj_Dactylv2_rev2_Noah/split_util.o
LOAD .build/obj_Dactylv2_rev2_Noah/serial.o
LOAD .build/obj_Dactylv2_rev2_Noah/ssd1306.o
LOAD .build/obj_Dactylv2_rev2_Noah/keyboards/Dactylv2/rev2/rev2.o
LOAD .build/obj_Dactylv2_rev2_Noah/keyboards/Dactylv2/keymaps/Noah/keymap.o
LOAD .build/obj_Dactylv2_rev2_Noah/quantum/quantum.o
LOAD .build/obj_Dactylv2_rev2_Noah/quantum/keymap_common.o
LOAD .build/obj_Dactylv2_rev2_Noah/quantum/keycode_config.o
LOAD .build/obj_Dactylv2_rev2_Noah/quantum/process_keycode/process_leader.o
LOAD .build/obj_Dactylv2_rev2_Noah/quantum/process_keycode/process_tap_dance.o
LOAD .build/obj_Dactylv2_rev2_Noah/common/host.o
LOAD .build/obj_Dactylv2_rev2_Noah/common/keyboard.o
LOAD .build/obj_Dactylv2_rev2_Noah/common/action.o
LOAD .build/obj_Dactylv2_rev2_Noah/common/action_tapping.o
LOAD .build/obj_Dactylv2_rev2_Noah/common/action_macro.o
LOAD .build/obj_Dactylv2_rev2_Noah/common/action_layer.o
LOAD .build/obj_Dactylv2_rev2_Noah/common/action_util.o
LOAD .build/obj_Dactylv2_rev2_Noah/common/print.o
LOAD .build/obj_Dactylv2_rev2_Noah/common/debug.o
LOAD .build/obj_Dactylv2_rev2_Noah/common/util.o
LOAD .build/obj_Dactylv2_rev2_Noah/common/eeconfig.o
LOAD .build/obj_Dactylv2_rev2_Noah/common/report.o
LOAD .build/obj_Dactylv2_rev2_Noah/common/avr/suspend.o
LOAD .build/obj_Dactylv2_rev2_Noah/common/avr/timer.o
LOAD .build/obj_Dactylv2_rev2_Noah/common/avr/bootloader.o
LOAD .build/obj_Dactylv2_rev2_Noah/common/avr/xprintf.o
LOAD .build/obj_Dactylv2_rev2_Noah/common/magic.o
LOAD .build/obj_Dactylv2_rev2_Noah/common/mousekey.o
LOAD .build/obj_Dactylv2_rev2_Noah/common/command.o
LOAD .build/obj_Dactylv2_rev2_Noah/lufa.o
LOAD .build/obj_Dactylv2_rev2_Noah/usb_descriptor.o
LOAD .build/obj_Dactylv2_rev2_Noah/outputselect.o
LOAD .build/obj_Dactylv2_rev2_Noah/./lib/lufa/LUFA/Drivers/USB/Class/Common/HIDParser.o
LOAD .build/obj_Dactylv2_rev2_Noah/./lib/lufa/LUFA/Drivers/USB/Core/AVR8/Device_AVR8.o
LOAD .build/obj_Dactylv2_rev2_Noah/./lib/lufa/LUFA/Drivers/USB/Core/AVR8/EndpointStream_AVR8.o
LOAD .build/obj_Dactylv2_rev2_Noah/./lib/lufa/LUFA/Drivers/USB/Core/AVR8/Endpoint_AVR8.o
LOAD .build/obj_Dactylv2_rev2_Noah/./lib/lufa/LUFA/Drivers/USB/Core/AVR8/Host_AVR8.o
LOAD .build/obj_Dactylv2_rev2_Noah/./lib/lufa/LUFA/Drivers/USB/Core/AVR8/PipeStream_AVR8.o
LOAD .build/obj_Dactylv2_rev2_Noah/./lib/lufa/LUFA/Drivers/USB/Core/AVR8/Pipe_AVR8.o
LOAD .build/obj_Dactylv2_rev2_Noah/./lib/lufa/LUFA/Drivers/USB/Core/AVR8/USBController_AVR8.o
LOAD .build/obj_Dactylv2_rev2_Noah/./lib/lufa/LUFA/Drivers/USB/Core/AVR8/USBInterrupt_AVR8.o
LOAD .build/obj_Dactylv2_rev2_Noah/./lib/lufa/LUFA/Drivers/USB/Core/ConfigDescriptors.o
LOAD .build/obj_Dactylv2_rev2_Noah/./lib/lufa/LUFA/Drivers/USB/Core/DeviceStandardReq.o
LOAD .build/obj_Dactylv2_rev2_Noah/./lib/lufa/LUFA/Drivers/USB/Core/Events.o
LOAD .build/obj_Dactylv2_rev2_Noah/./lib/lufa/LUFA/Drivers/USB/Core/HostStandardReq.o
LOAD .build/obj_Dactylv2_rev2_Noah/./lib/lufa/LUFA/Drivers/USB/Core/USBTask.o
LOAD /usr/lib/gcc/avr/5.4.0/../../../avr/lib/avr5/libm.a
START GROUP
LOAD /usr/lib/gcc/avr/5.4.0/avr5/libgcc.a
LOAD /usr/lib/gcc/avr/5.4.0/../../../avr/lib/avr5/libm.a
LOAD /usr/lib/gcc/avr/5.4.0/../../../avr/lib/avr5/libc.a
LOAD /usr/lib/gcc/avr/5.4.0/../../../avr/lib/avr5/libatmega32u4.a
END GROUP
                0x0000000000020000                __TEXT_REGION_LENGTH__ = DEFINED (__TEXT_REGION_LENGTH__)?__TEXT_REGION_LENGTH__:0x20000
                0x000000000000ffa0                __DATA_REGION_LENGTH__ = DEFINED (__DATA_REGION_LENGTH__)?__DATA_REGION_LENGTH__:0xffa0
                0x0000000000010000                __EEPROM_REGION_LENGTH__ = DEFINED (__EEPROM_REGION_LENGTH__)?__EEPROM_REGION_LENGTH__:0x10000
                [0x0000000000000003]                __FUSE_REGION_LENGTH__ = DEFINED (__FUSE_REGION_LENGTH__)?__FUSE_REGION_LENGTH__:0x400
                0x0000000000000400                __LOCK_REGION_LENGTH__ = DEFINED (__LOCK_REGION_LENGTH__)?__LOCK_REGION_LENGTH__:0x400
                0x0000000000000400                __SIGNATURE_REGION_LENGTH__ = DEFINED (__SIGNATURE_REGION_LENGTH__)?__SIGNATURE_REGION_LENGTH__:0x400
                0x0000000000000400                __USER_SIGNATURE_REGION_LENGTH__ = DEFINED (__USER_SIGNATURE_REGION_LENGTH__)?__USER_SIGNATURE_REGION_LENGTH__:0x400

.hash
 *(.hash)

.dynsym
 *(.dynsym)

.dynstr
 *(.dynstr)

.gnu.version
 *(.gnu.version)

.gnu.version_d
 *(.gnu.version_d)

.gnu.version_r
 *(.gnu.version_r)

.rel.init
 *(.rel.init)

.rela.init
 *(.rela.init)

.rel.text
 *(.rel.text)
 *(.rel.text.*)
 *(.rel.gnu.linkonce.t*)

.rela.text
 *(.rela.text)
 *(.rela.text.*)
 *(.rela.gnu.linkonce.t*)

.rel.fini
 *(.rel.fini)

.rela.fini
 *(.rela.fini)

.rel.rodata
 *(.rel.rodata)
 *(.rel.rodata.*)
 *(.rel.gnu.linkonce.r*)

.rela.rodata
 *(.rela.rodata)
 *(.rela.rodata.*)
 *(.rela.gnu.linkonce.r*)

.rel.data
 *(.rel.data)
 *(.rel.data.*)
 *(.rel.gnu.linkonce.d*)

.rela.data
 *(.rela.data)
 *(.rela.data.*)
 *(.rela.gnu.linkonce.d*)

.rel.ctors
 *(.rel.ctors)

.rela.ctors
 *(.rela.ctors)

.rel.dtors
 *(.rel.dtors)

.rela.dtors
 *(.rela.dtors)

.rel.got
 *(.rel.got)

.rela.got
 *(.rela.got)

.rel.bss
 *(.rel.bss)

.rela.bss
 *(.rela.bss)

.rel.plt
 *(.rel.plt)

.rela.plt
 *(.rela.plt)

.text           0x0000000000000000     0x55e6
 *(.vectors)
 .vectors       0x0000000000000000       0xac /usr/lib/gcc/avr/5.4.0/../../../avr/lib/avr5/crtatmega32u4.o
                0x0000000000000000                __vectors
                0x0000000000000000                __vector_default
 *(.vectors)
 *(.progmem.gcc*)
 .progmem.gcc_sw_table.action_get_macro
                0x00000000000000ac       0x34 .build/obj_Dactylv2_rev2_Noah/keyboards/Dactylv2/keymaps/Noah/keymap.o
 .progmem.gcc_sw_table.process_record_quantum
                0x00000000000000e0       0x24 .build/obj_Dactylv2_rev2_Noah/quantum/quantum.o
 .progmem.gcc_sw_table.process_action
                0x0000000000000104       0x4a .build/obj_Dactylv2_rev2_Noah/common/action.o
 .progmem.gcc_sw_table.is_tap_key
                0x000000000000014e       0x1c .build/obj_Dactylv2_rev2_Noah/common/action.o
 .progmem.gcc_sw_table.USB_Device_ProcessControlRequest
                0x000000000000016a       0x14 .build/obj_Dactylv2_rev2_Noah/./lib/lufa/LUFA/Drivers/USB/Core/DeviceStandardReq.o
                0x000000000000017e                . = ALIGN (0x2)
                0x000000000000017e                __trampolines_start = .
 *(.trampolines)
 .trampolines   0x000000000000017e        0x0 linker stubs
 *(.trampolines*)
                0x000000000000017e                __trampolines_end = .
 *libprintf_flt.a:*(.progmem.data)
 *libc.a:*(.progmem.data)
 *(.progmem*)
 .progmem.data.__c.3525
                0x000000000000017e        0x2 .build/obj_Dactylv2_rev2_Noah/keyboards/Dactylv2/keymaps/Noah/keymap.o
 .progmem.data.__c.3523
                0x0000000000000180        0x3 .build/obj_Dactylv2_rev2_Noah/keyboards/Dactylv2/keymaps/Noah/keymap.o
 .progmem.data.__c.3521
                0x0000000000000183        0x3 .build/obj_Dactylv2_rev2_Noah/keyboards/Dactylv2/keymaps/Noah/keymap.o
 .progmem.data.__c.3518
                0x0000000000000186        0xb .build/obj_Dactylv2_rev2_Noah/keyboards/Dactylv2/keymaps/Noah/keymap.o
 .progmem.data.__c.3514
                0x0000000000000191        0x3 .build/obj_Dactylv2_rev2_Noah/keyboards/Dactylv2/keymaps/Noah/keymap.o
 .progmem.data.__c.3512
                0x0000000000000194        0x3 .build/obj_Dactylv2_rev2_Noah/keyboards/Dactylv2/keymaps/Noah/keymap.o
 .progmem.data.__c.3509
                0x0000000000000197        0x3 .build/obj_Dactylv2_rev2_Noah/keyboards/Dactylv2/keymaps/Noah/keymap.o
 .progmem.data.__c.3507
                0x000000000000019a        0x3 .build/obj_Dactylv2_rev2_Noah/keyboards/Dactylv2/keymaps/Noah/keymap.o
 .progmem.data.__c.3504
                0x000000000000019d        0x3 .build/obj_Dactylv2_rev2_Noah/keyboards/Dactylv2/keymaps/Noah/keymap.o
 .progmem.data.__c.3502
                0x00000000000001a0        0x3 .build/obj_Dactylv2_rev2_Noah/keyboards/Dactylv2/keymaps/Noah/keymap.o
 .progmem.data.__c.3499
                0x00000000000001a3        0x7 .build/obj_Dactylv2_rev2_Noah/keyboards/Dactylv2/keymaps/Noah/keymap.o
 .progmem.data.__c.3497
                0x00000000000001aa        0x7 .build/obj_Dactylv2_rev2_Noah/keyboards/Dactylv2/keymaps/Noah/keymap.o
 .progmem.data.__c.3494
                0x00000000000001b1        0x7 .build/obj_Dactylv2_rev2_Noah/keyboards/Dactylv2/keymaps/Noah/keymap.o
 .progmem.data.__c.3492
                0x00000000000001b8        0x7 .build/obj_Dactylv2_rev2_Noah/keyboards/Dactylv2/keymaps/Noah/keymap.o
 .progmem.data.__c.3489
                0x00000000000001bf        0x7 .build/obj_Dactylv2_rev2_Noah/keyboards/Dactylv2/keymaps/Noah/keymap.o
 .progmem.data.__c.3487
                0x00000000000001c6        0x7 .build/obj_Dactylv2_rev2_Noah/keyboards/Dactylv2/keymaps/Noah/keymap.o
 .progmem.data.__c.3484
                0x00000000000001cd        0x7 .build/obj_Dactylv2_rev2_Noah/keyboards/Dactylv2/keymaps/Noah/keymap.o
 .progmem.data.__c.3482
                0x00000000000001d4        0x5 .build/obj_Dactylv2_rev2_Noah/keyboards/Dactylv2/keymaps/Noah/keymap.o
 .progmem.data.__c.3479
                0x00000000000001d9        0x7 .build/obj_Dactylv2_rev2_Noah/keyboards/Dactylv2/keymaps/Noah/keymap.o
 .progmem.data.__c.3477
                0x00000000000001e0        0x5 .build/obj_Dactylv2_rev2_Noah/keyboards/Dactylv2/keymaps/Noah/keymap.o
 .progmem.data.__c.3474
                0x00000000000001e5        0x7 .build/obj_Dactylv2_rev2_Noah/keyboards/Dactylv2/keymaps/Noah/keymap.o
 .progmem.data.__c.3472
                0x00000000000001ec        0x7 .build/obj_Dactylv2_rev2_Noah/keyboards/Dactylv2/keymaps/Noah/keymap.o
 .progmem.data.__c.3469
                0x00000000000001f3        0x7 .build/obj_Dactylv2_rev2_Noah/keyboards/Dactylv2/keymaps/Noah/keymap.o
 .progmem.data.__c.3467
                0x00000000000001fa        0x7 .build/obj_Dactylv2_rev2_Noah/keyboards/Dactylv2/keymaps/Noah/keymap.o
 .progmem.data.__c.3464
                0x0000000000000201        0x5 .build/obj_Dactylv2_rev2_Noah/keyboards/Dactylv2/keymaps/Noah/keymap.o
 .progmem.data.__c.3462
                0x0000000000000206        0x5 .build/obj_Dactylv2_rev2_Noah/keyboards/Dactylv2/keymaps/Noah/keymap.o
 .progmem.data.__c.3459
                0x000000000000020b        0x5 .build/obj_Dactylv2_rev2_Noah/keyboards/Dactylv2/keymaps/Noah/keymap.o
 .progmem.data.__c.3457
                0x0000000000000210        0x5 .build/obj_Dactylv2_rev2_Noah/keyboards/Dactylv2/keymaps/Noah/keymap.o
 .progmem.data.__c.3454
                0x0000000000000215        0x5 .build/obj_Dactylv2_rev2_Noah/keyboards/Dactylv2/keymaps/Noah/keymap.o
 .progmem.data.__c.3452
                0x000000000000021a        0x5 .build/obj_Dactylv2_rev2_Noah/keyboards/Dactylv2/keymaps/Noah/keymap.o
 .progmem.data.__c.3449
                0x000000000000021f        0x5 .build/obj_Dactylv2_rev2_Noah/keyboards/Dactylv2/keymaps/Noah/keymap.o
 .progmem.data.__c.3447
                0x0000000000000224        0x5 .build/obj_Dactylv2_rev2_Noah/keyboards/Dactylv2/keymaps/Noah/keymap.o
 .progmem.data.__c.3444
                0x0000000000000229        0x5 .build/obj_Dactylv2_rev2_Noah/keyboards/Dactylv2/keymaps/Noah/keymap.o
 .progmem.data.__c.3442
                0x000000000000022e        0x5 .build/obj_Dactylv2_rev2_Noah/keyboards/Dactylv2/keymaps/Noah/keymap.o
 .progmem.data.__c.3439
                0x0000000000000233        0x5 .build/obj_Dactylv2_rev2_Noah/keyboards/Dactylv2/keymaps/Noah/keymap.o
 .progmem.data.__c.3437
                0x0000000000000238        0x5 .build/obj_Dactylv2_rev2_Noah/keyboards/Dactylv2/keymaps/Noah/keymap.o
 .progmem.data.__c.3434
                0x000000000000023d        0x5 .build/obj_Dactylv2_rev2_Noah/keyboards/Dactylv2/keymaps/Noah/keymap.o
 .progmem.data.__c.3432
                0x0000000000000242        0x5 .build/obj_Dactylv2_rev2_Noah/keyboards/Dactylv2/keymaps/Noah/keymap.o
 .progmem.data.__c.3429
                0x0000000000000247        0x7 .build/obj_Dactylv2_rev2_Noah/keyboards/Dactylv2/keymaps/Noah/keymap.o
 .progmem.data.__c.3427
                0x000000000000024e        0x7 .build/obj_Dactylv2_rev2_Noah/keyboards/Dactylv2/keymaps/Noah/keymap.o
 .progmem.data.__c.3424
                0x0000000000000255        0x7 .build/obj_Dactylv2_rev2_Noah/keyboards/Dactylv2/keymaps/Noah/keymap.o
 .progmem.data.__c.3422
                0x000000000000025c        0x7 .build/obj_Dactylv2_rev2_Noah/keyboards/Dactylv2/keymaps/Noah/keymap.o
 .progmem.data.__c.3419
                0x0000000000000263        0x5 .build/obj_Dactylv2_rev2_Noah/keyboards/Dactylv2/keymaps/Noah/keymap.o
 .progmem.data.__c.3417
                0x0000000000000268        0x5 .build/obj_Dactylv2_rev2_Noah/keyboards/Dactylv2/keymaps/Noah/keymap.o
 .progmem.data.__c.3414
                0x000000000000026d        0x5 .build/obj_Dactylv2_rev2_Noah/keyboards/Dactylv2/keymaps/Noah/keymap.o
 .progmem.data.__c.3412
                0x0000000000000272        0x5 .build/obj_Dactylv2_rev2_Noah/keyboards/Dactylv2/keymaps/Noah/keymap.o
 .progmem.data.__c.3409
                0x0000000000000277        0x5 .build/obj_Dactylv2_rev2_Noah/keyboards/Dactylv2/keymaps/Noah/keymap.o
 .progmem.data.__c.3407
                0x000000000000027c        0x5 .build/obj_Dactylv2_rev2_Noah/keyboards/Dactylv2/keymaps/Noah/keymap.o
 .progmem.data.__c.3404
                0x0000000000000281        0x5 .build/obj_Dactylv2_rev2_Noah/keyboards/Dactylv2/keymaps/Noah/keymap.o
 .progmem.data.__c.3402
                0x0000000000000286        0x7 .build/obj_Dactylv2_rev2_Noah/keyboards/Dactylv2/keymaps/Noah/keymap.o
 .progmem.data.__c.3389
                0x000000000000028d        0x3 .build/obj_Dactylv2_rev2_Noah/keyboards/Dactylv2/keymaps/Noah/keymap.o
 .progmem.data.__c.3387
                0x0000000000000290        0x3 .build/obj_Dactylv2_rev2_Noah/keyboards/Dactylv2/keymaps/Noah/keymap.o
 .progmem.data.__c.3385
                0x0000000000000293        0x3 .build/obj_Dactylv2_rev2_Noah/keyboards/Dactylv2/keymaps/Noah/keymap.o
 .progmem.data.__c.3383
                0x0000000000000296        0x3 .build/obj_Dactylv2_rev2_Noah/keyboards/Dactylv2/keymaps/Noah/keymap.o
 .progmem.data.__c.3381
                0x0000000000000299        0x2 .build/obj_Dactylv2_rev2_Noah/keyboards/Dactylv2/keymaps/Noah/keymap.o
 .progmem.data.__c.3379
                0x000000000000029b        0x3 .build/obj_Dactylv2_rev2_Noah/keyboards/Dactylv2/keymaps/Noah/keymap.o
 .progmem.data.keymaps
                0x000000000000029e      0x540 .build/obj_Dactylv2_rev2_Noah/keyboards/Dactylv2/keymaps/Noah/keymap.o
                0x000000000000029e                keymaps
 .progmem.data.ascii_to_keycode_lut
                0x00000000000007de       0x80 .build/obj_Dactylv2_rev2_Noah/quantum/quantum.o
                0x00000000000007de                ascii_to_keycode_lut
 .progmem.data.ascii_to_shift_lut
                0x000000000000085e       0x80 .build/obj_Dactylv2_rev2_Noah/quantum/quantum.o
                0x000000000000085e                ascii_to_shift_lut
 .progmem.data.fn_actions
                0x00000000000008de        0x0 .build/obj_Dactylv2_rev2_Noah/quantum/keymap_common.o
                0x00000000000008de                fn_actions
 .progmem.data.SerialNumberString
                0x00000000000008de        0x6 .build/obj_Dactylv2_rev2_Noah/usb_descriptor.o
                0x00000000000008de                SerialNumberString
 .progmem.data.ProductString
                0x00000000000008e4       0x10 .build/obj_Dactylv2_rev2_Noah/usb_descriptor.o
                0x00000000000008e4                ProductString
 .progmem.data.ManufacturerString
                0x00000000000008f4       0x18 .build/obj_Dactylv2_rev2_Noah/usb_descriptor.o
                0x00000000000008f4                ManufacturerString
 .progmem.data.LanguageString
                0x000000000000090c        0x4 .build/obj_Dactylv2_rev2_Noah/usb_descriptor.o
                0x000000000000090c                LanguageString
 .progmem.data.ConfigurationDescriptor
                0x0000000000000910       0x54 .build/obj_Dactylv2_rev2_Noah/usb_descriptor.o
                0x0000000000000910                ConfigurationDescriptor
 .progmem.data.DeviceDescriptor
                0x0000000000000964       0x12 .build/obj_Dactylv2_rev2_Noah/usb_descriptor.o
                0x0000000000000964                DeviceDescriptor
 .progmem.data.ExtrakeyReport
                0x0000000000000976       0x36 .build/obj_Dactylv2_rev2_Noah/usb_descriptor.o
                0x0000000000000976                ExtrakeyReport
 .progmem.data.MouseReport
                0x00000000000009ac       0x4d .build/obj_Dactylv2_rev2_Noah/usb_descriptor.o
                0x00000000000009ac                MouseReport
 .progmem.data.KeyboardReport
                0x00000000000009f9       0x40 .build/obj_Dactylv2_rev2_Noah/usb_descriptor.o
                0x00000000000009f9                KeyboardReport
                0x0000000000000a3a                . = ALIGN (0x2)
 *fill*         0x0000000000000a39        0x1 
 *(.jumptables)
 *(.jumptables*)
 *(.lowtext)
 *(.lowtext*)
                0x0000000000000a3a                __ctors_start = .
 *(.ctors)
                0x0000000000000a3a                __ctors_end = .
                0x0000000000000a3a                __dtors_start = .
 *(.dtors)
                0x0000000000000a3a                __dtors_end = .
 SORT(*)(.ctors)
 SORT(*)(.dtors)
 *(.init0)
 .init0         0x0000000000000a3a        0x0 /usr/lib/gcc/avr/5.4.0/../../../avr/lib/avr5/crtatmega32u4.o
                0x0000000000000a3a                __init
 *(.init0)
 *(.init1)
 *(.init1)
 *(.init2)
 .init2         0x0000000000000a3a        0xc /usr/lib/gcc/avr/5.4.0/../../../avr/lib/avr5/crtatmega32u4.o
 *(.init2)
 *(.init3)
 .init3         0x0000000000000a46       0x54 .build/obj_Dactylv2_rev2_Noah/common/avr/bootloader.o
                0x0000000000000a46                bootloader_jump_after_watchdog_reset
 *(.init3)
 *(.init4)
 .init4         0x0000000000000a9a       0x16 /usr/lib/gcc/avr/5.4.0/avr5/libgcc.a(_copy_data.o)
                0x0000000000000a9a                __do_copy_data
 .init4         0x0000000000000ab0       0x10 /usr/lib/gcc/avr/5.4.0/avr5/libgcc.a(_clear_bss.o)
                0x0000000000000ab0                __do_clear_bss
 *(.init4)
 *(.init5)
 *(.init5)
 *(.init6)
 *(.init6)
 *(.init7)
 *(.init7)
 *(.init8)
 *(.init8)
 *(.init9)
 .init9         0x0000000000000ac0        0x8 /usr/lib/gcc/avr/5.4.0/../../../avr/lib/avr5/crtatmega32u4.o
 *(.init9)
 *(.text)
 .text          0x0000000000000ac8        0x4 /usr/lib/gcc/avr/5.4.0/../../../avr/lib/avr5/crtatmega32u4.o
                0x0000000000000ac8                __vector_38
                0x0000000000000ac8                __vector_22
                0x0000000000000ac8                __vector_28
                0x0000000000000ac8                __vector_32
                0x0000000000000ac8                __vector_34
                0x0000000000000ac8                __vector_24
                0x0000000000000ac8                __bad_interrupt
                0x0000000000000ac8                __vector_6
                0x0000000000000ac8                __vector_31
                0x0000000000000ac8                __vector_35
                0x0000000000000ac8                __vector_39
                0x0000000000000ac8                __vector_3
                0x0000000000000ac8                __vector_23
                0x0000000000000ac8                __vector_30
                0x0000000000000ac8                __vector_25
                0x0000000000000ac8                __vector_13
                0x0000000000000ac8                __vector_17
                0x0000000000000ac8                __vector_19
                0x0000000000000ac8                __vector_7
                0x0000000000000ac8                __vector_41
                0x0000000000000ac8                __vector_27
                0x0000000000000ac8                __vector_5
                0x0000000000000ac8                __vector_33
                0x0000000000000ac8                __vector_37
                0x0000000000000ac8                __vector_4
                0x0000000000000ac8                __vector_9
                0x0000000000000ac8                __vector_2
                0x0000000000000ac8                __vector_15
                0x0000000000000ac8                __vector_36
                0x0000000000000ac8                __vector_29
                0x0000000000000ac8                __vector_40
                0x0000000000000ac8                __vector_8
                0x0000000000000ac8                __vector_26
                0x0000000000000ac8                __vector_14
                0x0000000000000ac8                __vector_16
                0x0000000000000ac8                __vector_18
                0x0000000000000ac8                __vector_20
                0x0000000000000ac8                __vector_42
                0x0000000000000acc                . = ALIGN (0x2)
 *(.text.*)
 .text.matrix_scan_user
                0x0000000000000acc        0x2 .build/obj_Dactylv2_rev2_Noah/matrix.o
                0x0000000000000acc                matrix_scan_user
 .text.matrix_init_user
                0x0000000000000ace        0x4 .build/obj_Dactylv2_rev2_Noah/matrix.o
                0x0000000000000ace                matrix_init_user
 .text.matrix_scan_kb
                0x0000000000000ad2        0x4 .build/obj_Dactylv2_rev2_Noah/matrix.o
                0x0000000000000ad2                matrix_scan_kb
 .text.matrix_init
                0x0000000000000ad6       0xaa .build/obj_Dactylv2_rev2_Noah/matrix.o
                0x0000000000000ad6                matrix_init
 .text._matrix_scan
                0x0000000000000b80      0x1a0 .build/obj_Dactylv2_rev2_Noah/matrix.o
                0x0000000000000b80                _matrix_scan
 .text.serial_transaction
                0x0000000000000d20       0x46 .build/obj_Dactylv2_rev2_Noah/matrix.o
                0x0000000000000d20                serial_transaction
 .text.matrix_scan
                0x0000000000000d66       0x56 .build/obj_Dactylv2_rev2_Noah/matrix.o
                0x0000000000000d66                matrix_scan
 .text.matrix_slave_scan
                0x0000000000000dbc       0x32 .build/obj_Dactylv2_rev2_Noah/matrix.o
                0x0000000000000dbc                matrix_slave_scan
 .text.matrix_get_row
                0x0000000000000dee        0xc .build/obj_Dactylv2_rev2_Noah/matrix.o
                0x0000000000000dee                matrix_get_row
 .text.matrix_print
                0x0000000000000dfa        0x2 .build/obj_Dactylv2_rev2_Noah/matrix.o
                0x0000000000000dfa                matrix_print
 .text.has_usb  0x0000000000000dfc       0x1a .build/obj_Dactylv2_rev2_Noah/split_util.o
                0x0000000000000dfc                has_usb
 .text.split_keyboard_setup
                0x0000000000000e16       0x1a .build/obj_Dactylv2_rev2_Noah/split_util.o
                0x0000000000000e16                split_keyboard_setup
 .text.keyboard_slave_loop
                0x0000000000000e30        0xa .build/obj_Dactylv2_rev2_Noah/split_util.o
                0x0000000000000e30                keyboard_slave_loop
 .text.matrix_setup
                0x0000000000000e3a       0x12 .build/obj_Dactylv2_rev2_Noah/split_util.o
                0x0000000000000e3a                matrix_setup
 .text.serial_output
                0x0000000000000e4c        0x4 .build/obj_Dactylv2_rev2_Noah/serial.o
 .text.serial_input
                0x0000000000000e50        0x6 .build/obj_Dactylv2_rev2_Noah/serial.o
 .text.serial_high
                0x0000000000000e56        0x4 .build/obj_Dactylv2_rev2_Noah/serial.o
 .text.sync_recv
                0x0000000000000e5a       0x10 .build/obj_Dactylv2_rev2_Noah/serial.o
 .text.serial_read_byte
                0x0000000000000e6a       0x24 .build/obj_Dactylv2_rev2_Noah/serial.o
 .text.serial_write_byte
                0x0000000000000e8e       0x3e .build/obj_Dactylv2_rev2_Noah/serial.o
 .text.sync_send
                0x0000000000000ecc       0x10 .build/obj_Dactylv2_rev2_Noah/serial.o
 .text.serial_master_init
                0x0000000000000edc        0x8 .build/obj_Dactylv2_rev2_Noah/serial.o
                0x0000000000000edc                serial_master_init
 .text.serial_slave_init
                0x0000000000000ee4       0x12 .build/obj_Dactylv2_rev2_Noah/serial.o
                0x0000000000000ee4                serial_slave_init
 .text.__vector_1
                0x0000000000000ef6       0xca .build/obj_Dactylv2_rev2_Noah/serial.o
                0x0000000000000ef6                __vector_1
 .text.serial_update_buffers
                0x0000000000000fc0       0x9e .build/obj_Dactylv2_rev2_Noah/serial.o
                0x0000000000000fc0                serial_update_buffers
 .text.matrix_init_kb
                0x000000000000105e        0x4 .build/obj_Dactylv2_rev2_Noah/keyboards/Dactylv2/rev2/rev2.o
                0x000000000000105e                matrix_init_kb
 .text.enqueue  0x0000000000001062       0x34 .build/obj_Dactylv2_rev2_Noah/keyboards/Dactylv2/keymaps/Noah/keymap.o
                0x0000000000001062                enqueue
 .text.dequeue  0x0000000000001096       0x60 .build/obj_Dactylv2_rev2_Noah/keyboards/Dactylv2/keymaps/Noah/keymap.o
                0x0000000000001096                dequeue
 .text.remove   0x00000000000010f6       0x6e .build/obj_Dactylv2_rev2_Noah/keyboards/Dactylv2/keymaps/Noah/keymap.o
                0x00000000000010f6                remove
 .text.process_record_user
                0x0000000000001164      0x172 .build/obj_Dactylv2_rev2_Noah/keyboards/Dactylv2/keymaps/Noah/keymap.o
                0x0000000000001164                process_record_user
 .text.action_get_macro
                0x00000000000012d6      0x2ca .build/obj_Dactylv2_rev2_Noah/keyboards/Dactylv2/keymaps/Noah/keymap.o
                0x00000000000012d6                action_get_macro
 .text.process_action_kb
                0x00000000000015a0        0x4 .build/obj_Dactylv2_rev2_Noah/quantum/quantum.o
                0x00000000000015a0                process_action_kb
 .text.process_record_kb
                0x00000000000015a4        0x4 .build/obj_Dactylv2_rev2_Noah/quantum/quantum.o
                0x00000000000015a4                process_record_kb
 .text.reset_keyboard
                0x00000000000015a8       0x26 .build/obj_Dactylv2_rev2_Noah/quantum/quantum.o
                0x00000000000015a8                reset_keyboard
 .text.process_record_quantum
                0x00000000000015ce      0x302 .build/obj_Dactylv2_rev2_Noah/quantum/quantum.o
                0x00000000000015ce                process_record_quantum
 .text.send_char
                0x00000000000018d0       0x3c .build/obj_Dactylv2_rev2_Noah/quantum/quantum.o
                0x00000000000018d0                send_char
 .text.send_string_with_delay_P
                0x000000000000190c       0x74 .build/obj_Dactylv2_rev2_Noah/quantum/quantum.o
                0x000000000000190c                send_string_with_delay_P
 .text.send_string_P
                0x0000000000001980        0x6 .build/obj_Dactylv2_rev2_Noah/quantum/quantum.o
                0x0000000000001980                send_string_P
 .text.matrix_init_quantum
                0x0000000000001986        0x4 .build/obj_Dactylv2_rev2_Noah/quantum/quantum.o
                0x0000000000001986                matrix_init_quantum
 .text.matrix_scan_quantum
                0x000000000000198a        0x8 .build/obj_Dactylv2_rev2_Noah/quantum/quantum.o
                0x000000000000198a                matrix_scan_quantum
 .text.led_set_user
                0x0000000000001992        0x2 .build/obj_Dactylv2_rev2_Noah/quantum/quantum.o
                0x0000000000001992                led_set_user
 .text.led_set_kb
                0x0000000000001994        0x4 .build/obj_Dactylv2_rev2_Noah/quantum/quantum.o
                0x0000000000001994                led_set_kb
 .text.led_set  0x0000000000001998        0x4 .build/obj_Dactylv2_rev2_Noah/quantum/quantum.o
                0x0000000000001998                led_set
 .text.action_function
                0x000000000000199c        0x2 .build/obj_Dactylv2_rev2_Noah/quantum/keymap_common.o
                0x000000000000199c                action_function
 .text.keymap_key_to_keycode
                0x000000000000199e       0x26 .build/obj_Dactylv2_rev2_Noah/quantum/keymap_common.o
                0x000000000000199e                keymap_key_to_keycode
 .text.keymap_function_id_to_action
                0x00000000000019c4       0x10 .build/obj_Dactylv2_rev2_Noah/quantum/keymap_common.o
                0x00000000000019c4                keymap_function_id_to_action
 .text.action_for_key
                0x00000000000019d4      0x348 .build/obj_Dactylv2_rev2_Noah/quantum/keymap_common.o
                0x00000000000019d4                action_for_key
 .text.keycode_config
                0x0000000000001d1c       0xf8 .build/obj_Dactylv2_rev2_Noah/quantum/keycode_config.o
                0x0000000000001d1c                keycode_config
 .text.mod_config
                0x0000000000001e14       0x46 .build/obj_Dactylv2_rev2_Noah/quantum/keycode_config.o
                0x0000000000001e14                mod_config
 .text.leader_start
                0x0000000000001e5a        0x2 .build/obj_Dactylv2_rev2_Noah/quantum/process_keycode/process_leader.o
                0x0000000000001e5a                leader_start
 .text.process_leader
                0x0000000000001e5c       0x9e .build/obj_Dactylv2_rev2_Noah/quantum/process_keycode/process_leader.o
                0x0000000000001e5c                process_leader
 .text.process_tap_dance_action_on_dance_finished.part.0
                0x0000000000001efa       0x36 .build/obj_Dactylv2_rev2_Noah/quantum/process_keycode/process_tap_dance.o
 .text.reset_tap_dance
                0x0000000000001f30       0x8a .build/obj_Dactylv2_rev2_Noah/quantum/process_keycode/process_tap_dance.o
                0x0000000000001f30                reset_tap_dance
 .text.preprocess_tap_dance
                0x0000000000001fba       0x8a .build/obj_Dactylv2_rev2_Noah/quantum/process_keycode/process_tap_dance.o
                0x0000000000001fba                preprocess_tap_dance
 .text.process_tap_dance
                0x0000000000002044       0xb8 .build/obj_Dactylv2_rev2_Noah/quantum/process_keycode/process_tap_dance.o
                0x0000000000002044                process_tap_dance
 .text.matrix_scan_tap_dance
                0x00000000000020fc       0xa6 .build/obj_Dactylv2_rev2_Noah/quantum/process_keycode/process_tap_dance.o
                0x00000000000020fc                matrix_scan_tap_dance
 .text.host_set_driver
                0x00000000000021a2        0xa .build/obj_Dactylv2_rev2_Noah/common/host.o
                0x00000000000021a2                host_set_driver
 .text.host_keyboard_leds
                0x00000000000021ac       0x18 .build/obj_Dactylv2_rev2_Noah/common/host.o
                0x00000000000021ac                host_keyboard_leds
 .text.host_keyboard_send
                0x00000000000021c4       0x16 .build/obj_Dactylv2_rev2_Noah/common/host.o
                0x00000000000021c4                host_keyboard_send
 .text.host_mouse_send
                0x00000000000021da       0x16 .build/obj_Dactylv2_rev2_Noah/common/host.o
                0x00000000000021da                host_mouse_send
 .text.host_system_send
                0x00000000000021f0       0x2c .build/obj_Dactylv2_rev2_Noah/common/host.o
                0x00000000000021f0                host_system_send
 .text.host_consumer_send
                0x000000000000221c       0x2c .build/obj_Dactylv2_rev2_Noah/common/host.o
                0x000000000000221c                host_consumer_send
 .text.keyboard_setup
                0x0000000000002248        0x4 .build/obj_Dactylv2_rev2_Noah/common/keyboard.o
                0x0000000000002248                keyboard_setup
 .text.is_keyboard_master
                0x000000000000224c        0x4 .build/obj_Dactylv2_rev2_Noah/common/keyboard.o
                0x000000000000224c                is_keyboard_master
 .text.keyboard_init
                0x0000000000002250        0xc .build/obj_Dactylv2_rev2_Noah/common/keyboard.o
                0x0000000000002250                keyboard_init
 .text.keyboard_task
                0x000000000000225c      0x152 .build/obj_Dactylv2_rev2_Noah/common/keyboard.o
                0x000000000000225c                keyboard_task
 .text.action_exec
                0x00000000000023ae       0x5c .build/obj_Dactylv2_rev2_Noah/common/action.o
                0x00000000000023ae                action_exec
 .text.process_record_tap_hint
                0x000000000000240a        0xc .build/obj_Dactylv2_rev2_Noah/common/action.o
                0x000000000000240a                process_record_tap_hint
 .text.register_code
                0x0000000000002416      0x204 .build/obj_Dactylv2_rev2_Noah/common/action.o
                0x0000000000002416                register_code
 .text.unregister_code
                0x000000000000261a       0xbe .build/obj_Dactylv2_rev2_Noah/common/action.o
                0x000000000000261a                unregister_code
 .text.register_mods
                0x00000000000026d8        0xe .build/obj_Dactylv2_rev2_Noah/common/action.o
                0x00000000000026d8                register_mods
 .text.unregister_mods
                0x00000000000026e6        0xe .build/obj_Dactylv2_rev2_Noah/common/action.o
                0x00000000000026e6                unregister_mods
 .text.process_action
                0x00000000000026f4      0x4c0 .build/obj_Dactylv2_rev2_Noah/common/action.o
                0x00000000000026f4                process_action
 .text.process_record
                0x0000000000002bb4       0x5c .build/obj_Dactylv2_rev2_Noah/common/action.o
                0x0000000000002bb4                process_record
 .text.clear_keyboard_but_mods
                0x0000000000002c10       0x30 .build/obj_Dactylv2_rev2_Noah/common/action.o
                0x0000000000002c10                clear_keyboard_but_mods
 .text.clear_keyboard
                0x0000000000002c40        0x8 .build/obj_Dactylv2_rev2_Noah/common/action.o
                0x0000000000002c40                clear_keyboard
 .text.is_tap_key
                0x0000000000002c48       0x4c .build/obj_Dactylv2_rev2_Noah/common/action.o
                0x0000000000002c48                is_tap_key
 .text.debug_event
                0x0000000000002c94       0x1e .build/obj_Dactylv2_rev2_Noah/common/action.o
                0x0000000000002c94                debug_event
 .text.debug_record
                0x0000000000002cb2       0x20 .build/obj_Dactylv2_rev2_Noah/common/action.o
                0x0000000000002cb2                debug_record
 .text.debug_waiting_buffer
                0x0000000000002cd2       0x42 .build/obj_Dactylv2_rev2_Noah/common/action_tapping.o
 .text.debug_tapping_key
                0x0000000000002d14       0x1c .build/obj_Dactylv2_rev2_Noah/common/action_tapping.o
 .text.waiting_buffer_typed.isra.1
                0x0000000000002d30       0x40 .build/obj_Dactylv2_rev2_Noah/common/action_tapping.o
 .text.waiting_buffer_scan_tap
                0x0000000000002d70       0xd0 .build/obj_Dactylv2_rev2_Noah/common/action_tapping.o
 .text.process_tapping
                0x0000000000002e40      0x40e .build/obj_Dactylv2_rev2_Noah/common/action_tapping.o
 .text.action_tapping_process
                0x000000000000324e      0x15c .build/obj_Dactylv2_rev2_Noah/common/action_tapping.o
                0x000000000000324e                action_tapping_process
 .text.action_macro_play
                0x00000000000033aa       0xfa .build/obj_Dactylv2_rev2_Noah/common/action_macro.o
                0x00000000000033aa                action_macro_play
 .text.default_layer_debug
                0x00000000000034a4        0x2 .build/obj_Dactylv2_rev2_Noah/common/action_layer.o
                0x00000000000034a4                default_layer_debug
 .text.layer_state_set_user
                0x00000000000034a6        0x2 .build/obj_Dactylv2_rev2_Noah/common/action_layer.o
                0x00000000000034a6                layer_state_set_user
 .text.default_layer_state_set_kb
                0x00000000000034a8        0x4 .build/obj_Dactylv2_rev2_Noah/common/action_layer.o
                0x00000000000034a8                default_layer_state_set_kb
 .text.default_layer_state_set
                0x00000000000034ac       0x18 .build/obj_Dactylv2_rev2_Noah/common/action_layer.o
 .text.default_layer_set
                0x00000000000034c4        0x4 .build/obj_Dactylv2_rev2_Noah/common/action_layer.o
                0x00000000000034c4                default_layer_set
 .text.default_layer_or
                0x00000000000034c8       0x24 .build/obj_Dactylv2_rev2_Noah/common/action_layer.o
                0x00000000000034c8                default_layer_or
 .text.default_layer_and
                0x00000000000034ec       0x24 .build/obj_Dactylv2_rev2_Noah/common/action_layer.o
                0x00000000000034ec                default_layer_and
 .text.default_layer_xor
                0x0000000000003510       0x24 .build/obj_Dactylv2_rev2_Noah/common/action_layer.o
                0x0000000000003510                default_layer_xor
 .text.layer_state_set_kb
                0x0000000000003534        0x4 .build/obj_Dactylv2_rev2_Noah/common/action_layer.o
                0x0000000000003534                layer_state_set_kb
 .text.layer_state_set
                0x0000000000003538       0x18 .build/obj_Dactylv2_rev2_Noah/common/action_layer.o
                0x0000000000003538                layer_state_set
 .text.layer_clear
                0x0000000000003550        0xa .build/obj_Dactylv2_rev2_Noah/common/action_layer.o
                0x0000000000003550                layer_clear
 .text.layer_move
                0x000000000000355a       0x2a .build/obj_Dactylv2_rev2_Noah/common/action_layer.o
                0x000000000000355a                layer_move
 .text.layer_on
                0x0000000000003584       0x42 .build/obj_Dactylv2_rev2_Noah/common/action_layer.o
                0x0000000000003584                layer_on
 .text.layer_off
                0x00000000000035c6       0x4a .build/obj_Dactylv2_rev2_Noah/common/action_layer.o
                0x00000000000035c6                layer_off
 .text.layer_invert
                0x0000000000003610       0x42 .build/obj_Dactylv2_rev2_Noah/common/action_layer.o
                0x0000000000003610                layer_invert
 .text.layer_or
                0x0000000000003652       0x24 .build/obj_Dactylv2_rev2_Noah/common/action_layer.o
                0x0000000000003652                layer_or
 .text.layer_and
                0x0000000000003676       0x24 .build/obj_Dactylv2_rev2_Noah/common/action_layer.o
                0x0000000000003676                layer_and
 .text.layer_xor
                0x000000000000369a       0x24 .build/obj_Dactylv2_rev2_Noah/common/action_layer.o
                0x000000000000369a                layer_xor
 .text.layer_debug
                0x00000000000036be        0x2 .build/obj_Dactylv2_rev2_Noah/common/action_layer.o
                0x00000000000036be                layer_debug
 .text.update_source_layers_cache
                0x00000000000036c0       0x58 .build/obj_Dactylv2_rev2_Noah/common/action_layer.o
                0x00000000000036c0                update_source_layers_cache
 .text.read_source_layers_cache
                0x0000000000003718       0x5a .build/obj_Dactylv2_rev2_Noah/common/action_layer.o
                0x0000000000003718                read_source_layers_cache
 .text.layer_switch_get_layer
                0x0000000000003772       0x7e .build/obj_Dactylv2_rev2_Noah/common/action_layer.o
                0x0000000000003772                layer_switch_get_layer
 .text.layer_switch_get_action
                0x00000000000037f0       0x16 .build/obj_Dactylv2_rev2_Noah/common/action_layer.o
                0x00000000000037f0                layer_switch_get_action
 .text.store_or_get_action
                0x0000000000003806       0x46 .build/obj_Dactylv2_rev2_Noah/common/action_layer.o
                0x0000000000003806                store_or_get_action
 .text.get_oneshot_layer
                0x000000000000384c        0xc .build/obj_Dactylv2_rev2_Noah/common/action_util.o
                0x000000000000384c                get_oneshot_layer
 .text.get_oneshot_layer_state
                0x0000000000003858        0x8 .build/obj_Dactylv2_rev2_Noah/common/action_util.o
                0x0000000000003858                get_oneshot_layer_state
 .text.set_oneshot_layer
                0x0000000000003860       0x12 .build/obj_Dactylv2_rev2_Noah/common/action_util.o
                0x0000000000003860                set_oneshot_layer
 .text.clear_oneshot_layer_state
                0x0000000000003872       0x2e .build/obj_Dactylv2_rev2_Noah/common/action_util.o
                0x0000000000003872                clear_oneshot_layer_state
 .text.is_oneshot_layer_active
                0x00000000000038a0        0xe .build/obj_Dactylv2_rev2_Noah/common/action_util.o
                0x00000000000038a0                is_oneshot_layer_active
 .text.send_keyboard_report
                0x00000000000038ae       0x66 .build/obj_Dactylv2_rev2_Noah/common/action_util.o
                0x00000000000038ae                send_keyboard_report
 .text.get_mods
                0x0000000000003914        0x6 .build/obj_Dactylv2_rev2_Noah/common/action_util.o
                0x0000000000003914                get_mods
 .text.add_mods
                0x000000000000391a        0xc .build/obj_Dactylv2_rev2_Noah/common/action_util.o
                0x000000000000391a                add_mods
 .text.del_mods
                0x0000000000003926        0xe .build/obj_Dactylv2_rev2_Noah/common/action_util.o
                0x0000000000003926                del_mods
 .text.clear_mods
                0x0000000000003934        0x6 .build/obj_Dactylv2_rev2_Noah/common/action_util.o
                0x0000000000003934                clear_mods
 .text.get_weak_mods
                0x000000000000393a        0x6 .build/obj_Dactylv2_rev2_Noah/common/action_util.o
                0x000000000000393a                get_weak_mods
 .text.add_weak_mods
                0x0000000000003940        0xc .build/obj_Dactylv2_rev2_Noah/common/action_util.o
                0x0000000000003940                add_weak_mods
 .text.del_weak_mods
                0x000000000000394c        0xe .build/obj_Dactylv2_rev2_Noah/common/action_util.o
                0x000000000000394c                del_weak_mods
 .text.clear_weak_mods
                0x000000000000395a        0x6 .build/obj_Dactylv2_rev2_Noah/common/action_util.o
                0x000000000000395a                clear_weak_mods
 .text.add_macro_mods
                0x0000000000003960        0xc .build/obj_Dactylv2_rev2_Noah/common/action_util.o
                0x0000000000003960                add_macro_mods
 .text.del_macro_mods
                0x000000000000396c        0xe .build/obj_Dactylv2_rev2_Noah/common/action_util.o
                0x000000000000396c                del_macro_mods
 .text.clear_macro_mods
                0x000000000000397a        0x6 .build/obj_Dactylv2_rev2_Noah/common/action_util.o
                0x000000000000397a                clear_macro_mods
 .text.set_oneshot_mods
                0x0000000000003980        0x6 .build/obj_Dactylv2_rev2_Noah/common/action_util.o
                0x0000000000003980                set_oneshot_mods
 .text.clear_oneshot_mods
                0x0000000000003986        0x6 .build/obj_Dactylv2_rev2_Noah/common/action_util.o
                0x0000000000003986                clear_oneshot_mods
 .text.get_oneshot_mods
                0x000000000000398c        0x6 .build/obj_Dactylv2_rev2_Noah/common/action_util.o
                0x000000000000398c                get_oneshot_mods
 .text.eeconfig_init
                0x0000000000003992       0x34 .build/obj_Dactylv2_rev2_Noah/common/eeconfig.o
                0x0000000000003992                eeconfig_init
 .text.eeconfig_is_enabled
                0x00000000000039c6       0x16 .build/obj_Dactylv2_rev2_Noah/common/eeconfig.o
                0x00000000000039c6                eeconfig_is_enabled
 .text.eeconfig_read_debug
                0x00000000000039dc        0x8 .build/obj_Dactylv2_rev2_Noah/common/eeconfig.o
                0x00000000000039dc                eeconfig_read_debug
 .text.eeconfig_read_default_layer
                0x00000000000039e4        0x8 .build/obj_Dactylv2_rev2_Noah/common/eeconfig.o
                0x00000000000039e4                eeconfig_read_default_layer
 .text.eeconfig_read_keymap
                0x00000000000039ec        0x8 .build/obj_Dactylv2_rev2_Noah/common/eeconfig.o
                0x00000000000039ec                eeconfig_read_keymap
 .text.eeconfig_update_keymap
                0x00000000000039f4        0xa .build/obj_Dactylv2_rev2_Noah/common/eeconfig.o
                0x00000000000039f4                eeconfig_update_keymap
 .text.has_anykey
                0x00000000000039fe       0x1a .build/obj_Dactylv2_rev2_Noah/common/report.o
                0x00000000000039fe                has_anykey
 .text.add_key_byte
                0x0000000000003a18       0x34 .build/obj_Dactylv2_rev2_Noah/common/report.o
                0x0000000000003a18                add_key_byte
 .text.del_key_byte
                0x0000000000003a4c       0x1a .build/obj_Dactylv2_rev2_Noah/common/report.o
                0x0000000000003a4c                del_key_byte
 .text.add_key_to_report
                0x0000000000003a66        0x4 .build/obj_Dactylv2_rev2_Noah/common/report.o
                0x0000000000003a66                add_key_to_report
 .text.del_key_from_report
                0x0000000000003a6a        0x4 .build/obj_Dactylv2_rev2_Noah/common/report.o
                0x0000000000003a6a                del_key_from_report
 .text.clear_keys_from_report
                0x0000000000003a6e       0x10 .build/obj_Dactylv2_rev2_Noah/common/report.o
                0x0000000000003a6e                clear_keys_from_report
 .text.suspend_power_down
                0x0000000000003a7e       0x58 .build/obj_Dactylv2_rev2_Noah/common/avr/suspend.o
                0x0000000000003a7e                suspend_power_down
 .text.matrix_power_down
                0x0000000000003ad6        0x2 .build/obj_Dactylv2_rev2_Noah/common/avr/suspend.o
                0x0000000000003ad6                matrix_power_down
 .text.matrix_power_up
                0x0000000000003ad8        0x4 .build/obj_Dactylv2_rev2_Noah/common/avr/suspend.o
                0x0000000000003ad8                matrix_power_up
 .text.suspend_wakeup_condition
                0x0000000000003adc       0x28 .build/obj_Dactylv2_rev2_Noah/common/avr/suspend.o
                0x0000000000003adc                suspend_wakeup_condition
 .text.suspend_wakeup_init
                0x0000000000003b04        0xc .build/obj_Dactylv2_rev2_Noah/common/avr/suspend.o
                0x0000000000003b04                suspend_wakeup_init
 .text.__vector_12
                0x0000000000003b10       0x52 .build/obj_Dactylv2_rev2_Noah/common/avr/suspend.o
                0x0000000000003b10                __vector_12
 .text.timer_init
                0x0000000000003b62       0x12 .build/obj_Dactylv2_rev2_Noah/common/avr/timer.o
                0x0000000000003b62                timer_init
 .text.timer_read
                0x0000000000003b74       0x18 .build/obj_Dactylv2_rev2_Noah/common/avr/timer.o
                0x0000000000003b74                timer_read
 .text.timer_elapsed
                0x0000000000003b8c       0x54 .build/obj_Dactylv2_rev2_Noah/common/avr/timer.o
                0x0000000000003b8c                timer_elapsed
 .text.__vector_21
                0x0000000000003be0       0x4c .build/obj_Dactylv2_rev2_Noah/common/avr/timer.o
                0x0000000000003be0                __vector_21
 .text.bootloader_jump
                0x0000000000003c2c       0x22 .build/obj_Dactylv2_rev2_Noah/common/avr/bootloader.o
                0x0000000000003c2c                bootloader_jump
 .text.magic    0x0000000000003c4e       0x32 .build/obj_Dactylv2_rev2_Noah/common/magic.o
                0x0000000000003c4e                magic
 .text.move_unit
                0x0000000000003c80       0x92 .build/obj_Dactylv2_rev2_Noah/common/mousekey.o
 .text.wheel_unit
                0x0000000000003d12       0x72 .build/obj_Dactylv2_rev2_Noah/common/mousekey.o
 .text.mousekey_on
                0x0000000000003d84       0xd0 .build/obj_Dactylv2_rev2_Noah/common/mousekey.o
                0x0000000000003d84                mousekey_on
 .text.mousekey_off
                0x0000000000003e54      0x10a .build/obj_Dactylv2_rev2_Noah/common/mousekey.o
                0x0000000000003e54                mousekey_off
 .text.mousekey_send
                0x0000000000003f5e       0x16 .build/obj_Dactylv2_rev2_Noah/common/mousekey.o
                0x0000000000003f5e                mousekey_send
 .text.mousekey_task
                0x0000000000003f74      0x11c .build/obj_Dactylv2_rev2_Noah/common/mousekey.o
                0x0000000000003f74                mousekey_task
 .text.mousekey_clear
                0x0000000000004090       0x18 .build/obj_Dactylv2_rev2_Noah/common/mousekey.o
                0x0000000000004090                mousekey_clear
 .text.mousekey_param_inc
                0x00000000000040a8       0xec .build/obj_Dactylv2_rev2_Noah/common/command.o
 .text.mousekey_param_dec
                0x0000000000004194       0xa0 .build/obj_Dactylv2_rev2_Noah/common/command.o
 .text.switch_default_layer
                0x0000000000004234       0x2e .build/obj_Dactylv2_rev2_Noah/common/command.o
 .text.command_common
                0x0000000000004262      0x116 .build/obj_Dactylv2_rev2_Noah/common/command.o
 .text.command_console_extra
                0x0000000000004378        0x4 .build/obj_Dactylv2_rev2_Noah/common/command.o
                0x0000000000004378                command_console_extra
 .text.command_extra
                0x000000000000437c        0x4 .build/obj_Dactylv2_rev2_Noah/common/command.o
                0x000000000000437c                command_extra
 .text.numkey2num
                0x0000000000004380       0x16 .build/obj_Dactylv2_rev2_Noah/common/command.o
                0x0000000000004380                numkey2num
 .text.command_proc
                0x0000000000004396      0x12e .build/obj_Dactylv2_rev2_Noah/common/command.o
                0x0000000000004396                command_proc
 .text.keyboard_leds
                0x00000000000044c4        0x6 .build/obj_Dactylv2_rev2_Noah/lufa.o
 .text.send_consumer
                0x00000000000044ca       0x74 .build/obj_Dactylv2_rev2_Noah/lufa.o
 .text.send_system
                0x000000000000453e       0x6c .build/obj_Dactylv2_rev2_Noah/lufa.o
 .text.send_mouse
                0x00000000000045aa       0x56 .build/obj_Dactylv2_rev2_Noah/lufa.o
 .text.send_keyboard
                0x0000000000004600       0x66 .build/obj_Dactylv2_rev2_Noah/lufa.o
 .text.EVENT_USB_Device_Connect
                0x0000000000004666       0x1c .build/obj_Dactylv2_rev2_Noah/lufa.o
                0x0000000000004666                EVENT_USB_Device_Connect
 .text.EVENT_USB_Device_Disconnect
                0x0000000000004682        0x6 .build/obj_Dactylv2_rev2_Noah/lufa.o
                0x0000000000004682                EVENT_USB_Device_Disconnect
 .text.EVENT_USB_Device_Reset
                0x0000000000004688        0x2 .build/obj_Dactylv2_rev2_Noah/lufa.o
                0x0000000000004688                EVENT_USB_Device_Reset
 .text.EVENT_USB_Device_Suspend
                0x000000000000468a        0x2 .build/obj_Dactylv2_rev2_Noah/lufa.o
                0x000000000000468a                EVENT_USB_Device_Suspend
 .text.EVENT_USB_Device_WakeUp
                0x000000000000468c        0x4 .build/obj_Dactylv2_rev2_Noah/lufa.o
                0x000000000000468c                EVENT_USB_Device_WakeUp
 .text.EVENT_USB_Device_ConfigurationChanged
                0x0000000000004690       0x1e .build/obj_Dactylv2_rev2_Noah/lufa.o
                0x0000000000004690                EVENT_USB_Device_ConfigurationChanged
 .text.EVENT_USB_Device_ControlRequest
                0x00000000000046ae      0x160 .build/obj_Dactylv2_rev2_Noah/lufa.o
                0x00000000000046ae                EVENT_USB_Device_ControlRequest
 .text.startup.main
                0x000000000000480e       0x76 .build/obj_Dactylv2_rev2_Noah/lufa.o
                0x000000000000480e                main
 .text.CALLBACK_USB_GetDescriptor
                0x0000000000004884        0x4 .build/obj_Dactylv2_rev2_Noah/lufa.o
                0x0000000000004884                CALLBACK_USB_GetDescriptor
 .text.get_usb_descriptor
                0x0000000000004888       0xb8 .build/obj_Dactylv2_rev2_Noah/usb_descriptor.o
                0x0000000000004888                get_usb_descriptor
 .text.set_output_user
                0x0000000000004940        0x2 .build/obj_Dactylv2_rev2_Noah/outputselect.o
                0x0000000000004940                set_output_user
 .text.set_output
                0x0000000000004942       0x10 .build/obj_Dactylv2_rev2_Noah/outputselect.o
                0x0000000000004942                set_output
 .text.auto_detect_output
                0x0000000000004952       0x10 .build/obj_Dactylv2_rev2_Noah/outputselect.o
                0x0000000000004952                auto_detect_output
 .text.where_to_send
                0x0000000000004962        0xe .build/obj_Dactylv2_rev2_Noah/outputselect.o
                0x0000000000004962                where_to_send
 .text.USB_Device_SendRemoteWakeup
                0x0000000000004970       0x2c .build/obj_Dactylv2_rev2_Noah/./lib/lufa/LUFA/Drivers/USB/Core/AVR8/Device_AVR8.o
                0x0000000000004970                USB_Device_SendRemoteWakeup
 .text.Endpoint_Write_Stream_LE
                0x000000000000499c       0x96 .build/obj_Dactylv2_rev2_Noah/./lib/lufa/LUFA/Drivers/USB/Core/AVR8/EndpointStream_AVR8.o
                0x000000000000499c                Endpoint_Write_Stream_LE
 .text.Endpoint_Write_Control_Stream_LE
                0x0000000000004a32       0xbc .build/obj_Dactylv2_rev2_Noah/./lib/lufa/LUFA/Drivers/USB/Core/AVR8/EndpointStream_AVR8.o
                0x0000000000004a32                Endpoint_Write_Control_Stream_LE
 .text.Endpoint_Write_Control_PStream_LE
                0x0000000000004aee       0xc2 .build/obj_Dactylv2_rev2_Noah/./lib/lufa/LUFA/Drivers/USB/Core/AVR8/EndpointStream_AVR8.o
                0x0000000000004aee                Endpoint_Write_Control_PStream_LE
 .text.Endpoint_ConfigureEndpoint_Prv
                0x0000000000004bb0       0x6a .build/obj_Dactylv2_rev2_Noah/./lib/lufa/LUFA/Drivers/USB/Core/AVR8/Endpoint_AVR8.o
                0x0000000000004bb0                Endpoint_ConfigureEndpoint_Prv
 .text.Endpoint_ClearStatusStage
                0x0000000000004c1a       0x3e .build/obj_Dactylv2_rev2_Noah/./lib/lufa/LUFA/Drivers/USB/Core/AVR8/Endpoint_AVR8.o
                0x0000000000004c1a                Endpoint_ClearStatusStage
 .text.Endpoint_WaitUntilReady
                0x0000000000004c58       0x66 .build/obj_Dactylv2_rev2_Noah/./lib/lufa/LUFA/Drivers/USB/Core/AVR8/Endpoint_AVR8.o
                0x0000000000004c58                Endpoint_WaitUntilReady
 .text.USB_Disable
                0x0000000000004cbe       0x34 .build/obj_Dactylv2_rev2_Noah/./lib/lufa/LUFA/Drivers/USB/Core/AVR8/USBController_AVR8.o
                0x0000000000004cbe                USB_Disable
 .text.USB_ResetInterface
                0x0000000000004cf2       0x86 .build/obj_Dactylv2_rev2_Noah/./lib/lufa/LUFA/Drivers/USB/Core/AVR8/USBController_AVR8.o
                0x0000000000004cf2                USB_ResetInterface
 .text.USB_Init
                0x0000000000004d78       0x22 .build/obj_Dactylv2_rev2_Noah/./lib/lufa/LUFA/Drivers/USB/Core/AVR8/USBController_AVR8.o
                0x0000000000004d78                USB_Init
 .text.USB_INT_DisableAllInterrupts
                0x0000000000004d9a       0x10 .build/obj_Dactylv2_rev2_Noah/./lib/lufa/LUFA/Drivers/USB/Core/AVR8/USBInterrupt_AVR8.o
                0x0000000000004d9a                USB_INT_DisableAllInterrupts
 .text.USB_INT_ClearAllInterrupts
                0x0000000000004daa        0xa .build/obj_Dactylv2_rev2_Noah/./lib/lufa/LUFA/Drivers/USB/Core/AVR8/USBInterrupt_AVR8.o
                0x0000000000004daa                USB_INT_ClearAllInterrupts
 .text.__vector_10
                0x0000000000004db4      0x1a4 .build/obj_Dactylv2_rev2_Noah/./lib/lufa/LUFA/Drivers/USB/Core/AVR8/USBInterrupt_AVR8.o
                0x0000000000004db4                __vector_10
 .text.__vector_11
                0x0000000000004f58       0x88 .build/obj_Dactylv2_rev2_Noah/./lib/lufa/LUFA/Drivers/USB/Core/AVR8/USBInterrupt_AVR8.o
                0x0000000000004f58                __vector_11
 .text.USB_Device_ProcessControlRequest
                0x0000000000004fe0      0x2c0 .build/obj_Dactylv2_rev2_Noah/./lib/lufa/LUFA/Drivers/USB/Core/DeviceStandardReq.o
                0x0000000000004fe0                USB_Device_ProcessControlRequest
 .text.USB_Event_Stub
                0x00000000000052a0        0x2 .build/obj_Dactylv2_rev2_Noah/./lib/lufa/LUFA/Drivers/USB/Core/Events.o
                0x00000000000052a0                USB_Event_Stub
                0x00000000000052a0                EVENT_USB_Device_StartOfFrame
 .text.USB_USBTask
                0x00000000000052a2       0x36 .build/obj_Dactylv2_rev2_Noah/./lib/lufa/LUFA/Drivers/USB/Core/USBTask.o
                0x00000000000052a2                USB_USBTask
 .text.libgcc.div
                0x00000000000052d8       0x28 /usr/lib/gcc/avr/5.4.0/avr5/libgcc.a(_divmodhi4.o)
                0x00000000000052d8                __divmodhi4
                0x00000000000052d8                _div
 .text.libgcc   0x0000000000005300        0xc /usr/lib/gcc/avr/5.4.0/avr5/libgcc.a(_tablejump2.o)
                0x0000000000005300                __tablejump2__
 .text.libgcc.div
                0x000000000000530c       0x28 /usr/lib/gcc/avr/5.4.0/avr5/libgcc.a(_udivmodhi4.o)
                0x000000000000530c                __udivmodhi4
 .text.avr-libc
                0x0000000000005334      0x242 /usr/lib/gcc/avr/5.4.0/../../../avr/lib/avr5/libc.a(malloc.o)
                0x0000000000005334                malloc
                0x0000000000005464                free
 .text.avr-libc
                0x0000000000005576       0x10 /usr/lib/gcc/avr/5.4.0/../../../avr/lib/avr5/libatmega32u4.a(eerd_byte.o)
                0x0000000000005576                eeprom_read_byte
 .text.avr-libc
                0x0000000000005586        0xc /usr/lib/gcc/avr/5.4.0/../../../avr/lib/avr5/libatmega32u4.a(eerd_word.o)
                0x0000000000005586                eeprom_read_word
 .text.avr-libc
                0x0000000000005592       0x24 /usr/lib/gcc/avr/5.4.0/../../../avr/lib/avr5/libatmega32u4.a(eeupd_byte.o)
                0x0000000000005592                eeprom_update_byte
                0x0000000000005594                eeprom_update_r18
 .text.avr-libc
                0x00000000000055b6        0xc /usr/lib/gcc/avr/5.4.0/../../../avr/lib/avr5/libatmega32u4.a(eeupd_word.o)
                0x00000000000055b6                eeprom_update_word
 .text.avr-libc
                0x00000000000055c2       0x20 /usr/lib/gcc/avr/5.4.0/../../../avr/lib/avr5/libatmega32u4.a(eerd_block.o)
                0x00000000000055c2                eeprom_read_block
                0x00000000000055c6                eeprom_read_blraw
                0x00000000000055e2                . = ALIGN (0x2)
 *(.fini9)
 .fini9         0x00000000000055e2        0x0 /usr/lib/gcc/avr/5.4.0/avr5/libgcc.a(_exit.o)
                0x00000000000055e2                exit
                0x00000000000055e2                _exit
 *(.fini9)
 *(.fini8)
 *(.fini8)
 *(.fini7)
 *(.fini7)
 *(.fini6)
 *(.fini6)
 *(.fini5)
 *(.fini5)
 *(.fini4)
 *(.fini4)
 *(.fini3)
 *(.fini3)
 *(.fini2)
 *(.fini2)
 *(.fini1)
 *(.fini1)
 *(.fini0)
 .fini0         0x00000000000055e2        0x4 /usr/lib/gcc/avr/5.4.0/avr5/libgcc.a(_exit.o)
 *(.fini0)
                0x00000000000055e6                _etext = .

.data           0x0000000000800100       0x48 load address 0x00000000000055e6
                0x0000000000800100                PROVIDE (__data_start, .)
 *(.data)
 .data          0x0000000000800100        0x6 /usr/lib/gcc/avr/5.4.0/../../../avr/lib/avr5/libc.a(malloc.o)
                0x0000000000800100                __malloc_heap_end
                0x0000000000800102                __malloc_heap_start
                0x0000000000800104                __malloc_margin
 *(.data*)
 .data.isLeftHand
                0x0000000000800106        0x1 .build/obj_Dactylv2_rev2_Noah/split_util.o
                0x0000000000800106                isLeftHand
 .data.highest_td
                0x0000000000800107        0x1 .build/obj_Dactylv2_rev2_Noah/quantum/process_keycode/process_tap_dance.o
 .data.keyboard_report
                0x0000000000800108        0x2 .build/obj_Dactylv2_rev2_Noah/common/action_util.o
                0x0000000000800108                keyboard_report
 .data.mk_wheel_time_to_max
                0x000000000080010a        0x1 .build/obj_Dactylv2_rev2_Noah/common/mousekey.o
                0x000000000080010a                mk_wheel_time_to_max
 .data.mk_wheel_max_speed
                0x000000000080010b        0x1 .build/obj_Dactylv2_rev2_Noah/common/mousekey.o
                0x000000000080010b                mk_wheel_max_speed
 .data.mk_time_to_max
                0x000000000080010c        0x1 .build/obj_Dactylv2_rev2_Noah/common/mousekey.o
                0x000000000080010c                mk_time_to_max
 .data.mk_max_speed
                0x000000000080010d        0x1 .build/obj_Dactylv2_rev2_Noah/common/mousekey.o
                0x000000000080010d                mk_max_speed
 .data.mk_interval
                0x000000000080010e        0x1 .build/obj_Dactylv2_rev2_Noah/common/mousekey.o
                0x000000000080010e                mk_interval
 .data.mk_delay
                0x000000000080010f        0x1 .build/obj_Dactylv2_rev2_Noah/common/mousekey.o
                0x000000000080010f                mk_delay
 .data.lufa_driver
                0x0000000000800110        0xa .build/obj_Dactylv2_rev2_Noah/lufa.o
                0x0000000000800110                lufa_driver
 .data.keyboard_protocol
                0x000000000080011a        0x1 .build/obj_Dactylv2_rev2_Noah/lufa.o
                0x000000000080011a                keyboard_protocol
 *(.rodata)
 *(.rodata*)
 .rodata.col_pins
                0x000000000080011b        0x6 .build/obj_Dactylv2_rev2_Noah/matrix.o
 .rodata.row_pins
                0x0000000000800121        0xe .build/obj_Dactylv2_rev2_Noah/matrix.o
 .rodata.CSWTCH.57
                0x000000000080012f        0xa .build/obj_Dactylv2_rev2_Noah/common/command.o
 .rodata.CSWTCH.3
                0x0000000000800139        0x3 .build/obj_Dactylv2_rev2_Noah/usb_descriptor.o
 .rodata.CSWTCH.2
                0x000000000080013c        0x6 .build/obj_Dactylv2_rev2_Noah/usb_descriptor.o
 .rodata.CSWTCH.1
                0x0000000000800142        0x6 .build/obj_Dactylv2_rev2_Noah/usb_descriptor.o
 *(.gnu.linkonce.d*)
                0x0000000000800148                . = ALIGN (0x2)
                0x0000000000800148                _edata = .
                0x0000000000800148                PROVIDE (__data_end, .)

.bss            0x0000000000800148      0x116
                0x0000000000800148                PROVIDE (__bss_start, .)
 *(.bss)
 *(.bss*)
 .bss.matrix    0x0000000000800148        0xe .build/obj_Dactylv2_rev2_Noah/matrix.o
 .bss.error_count
                0x0000000000800156        0x1 .build/obj_Dactylv2_rev2_Noah/matrix.o
 .bss.matrix_debouncing
                0x0000000000800157        0xe .build/obj_Dactylv2_rev2_Noah/matrix.o
 .bss.debouncing
                0x0000000000800165        0x1 .build/obj_Dactylv2_rev2_Noah/matrix.o
 .bss.debouncing_time
                0x0000000000800166        0x2 .build/obj_Dactylv2_rev2_Noah/matrix.o
 .bss.status    0x0000000000800168        0x1 .build/obj_Dactylv2_rev2_Noah/serial.o
                0x0000000000800168                status
 .bss.serial_master_buffer
                0x0000000000800169        0x1 .build/obj_Dactylv2_rev2_Noah/serial.o
                0x0000000000800169                serial_master_buffer
 .bss.serial_slave_buffer
                0x000000000080016a        0x7 .build/obj_Dactylv2_rev2_Noah/serial.o
                0x000000000080016a                serial_slave_buffer
 .bss.last_key.3375
                0x0000000000800171        0x2 .build/obj_Dactylv2_rev2_Noah/keyboards/Dactylv2/keymaps/Noah/keymap.o
 .bss.space_held_timer.3374
                0x0000000000800173        0x2 .build/obj_Dactylv2_rev2_Noah/keyboards/Dactylv2/keymaps/Noah/keymap.o
 .bss.tap_dance_actions
                0x0000000000800175        0x0 .build/obj_Dactylv2_rev2_Noah/keyboards/Dactylv2/keymaps/Noah/keymap.o
                0x0000000000800175                tap_dance_actions
 .bss.pressed_something_else_gui
                0x0000000000800175        0x1 .build/obj_Dactylv2_rev2_Noah/keyboards/Dactylv2/keymaps/Noah/keymap.o
                0x0000000000800175                pressed_something_else_gui
 .bss.pressed_something_else
                0x0000000000800176        0x1 .build/obj_Dactylv2_rev2_Noah/keyboards/Dactylv2/keymaps/Noah/keymap.o
                0x0000000000800176                pressed_something_else
 .bss.select_active
                0x0000000000800177        0x1 .build/obj_Dactylv2_rev2_Noah/keyboards/Dactylv2/keymaps/Noah/keymap.o
                0x0000000000800177                select_active
 .bss.alt_down  0x0000000000800178        0x1 .build/obj_Dactylv2_rev2_Noah/keyboards/Dactylv2/keymaps/Noah/keymap.o
                0x0000000000800178                alt_down
 .bss.gui_down  0x0000000000800179        0x1 .build/obj_Dactylv2_rev2_Noah/keyboards/Dactylv2/keymaps/Noah/keymap.o
                0x0000000000800179                gui_down
 .bss.space_shift_down
                0x000000000080017a        0x1 .build/obj_Dactylv2_rev2_Noah/keyboards/Dactylv2/keymaps/Noah/keymap.o
                0x000000000080017a                space_shift_down
 .bss.shift_down
                0x000000000080017b        0x1 .build/obj_Dactylv2_rev2_Noah/keyboards/Dactylv2/keymaps/Noah/keymap.o
                0x000000000080017b                shift_down
 .bss.grave_esc_was_shifted
                0x000000000080017c        0x1 .build/obj_Dactylv2_rev2_Noah/quantum/quantum.o
 .bss.scs_timer
                0x000000000080017d        0x4 .build/obj_Dactylv2_rev2_Noah/quantum/quantum.o
 .bss.shift_interrupted
                0x0000000000800181        0x2 .build/obj_Dactylv2_rev2_Noah/quantum/quantum.o
 .bss.leader_sequence_size
                0x0000000000800183        0x1 .build/obj_Dactylv2_rev2_Noah/quantum/process_keycode/process_leader.o
                0x0000000000800183                leader_sequence_size
 .bss.leader_sequence
                0x0000000000800184        0xa .build/obj_Dactylv2_rev2_Noah/quantum/process_keycode/process_leader.o
                0x0000000000800184                leader_sequence
 .bss.leader_time
                0x000000000080018e        0x2 .build/obj_Dactylv2_rev2_Noah/quantum/process_keycode/process_leader.o
                0x000000000080018e                leader_time
 .bss.leading   0x0000000000800190        0x1 .build/obj_Dactylv2_rev2_Noah/quantum/process_keycode/process_leader.o
                0x0000000000800190                leading
 .bss.last_td   0x0000000000800191        0x2 .build/obj_Dactylv2_rev2_Noah/quantum/process_keycode/process_tap_dance.o
 .bss.last_consumer_report
                0x0000000000800193        0x2 .build/obj_Dactylv2_rev2_Noah/common/host.o
 .bss.last_system_report
                0x0000000000800195        0x2 .build/obj_Dactylv2_rev2_Noah/common/host.o
 .bss.driver    0x0000000000800197        0x2 .build/obj_Dactylv2_rev2_Noah/common/host.o
 .bss.led_status.2843
                0x0000000000800199        0x1 .build/obj_Dactylv2_rev2_Noah/common/keyboard.o
 .bss.matrix_prev.2842
                0x000000000080019a        0xe .build/obj_Dactylv2_rev2_Noah/common/keyboard.o
 .bss.disable_action_cache
                0x00000000008001a8        0x1 .build/obj_Dactylv2_rev2_Noah/common/action.o
                0x00000000008001a8                disable_action_cache
 .bss.waiting_buffer_tail
                0x00000000008001a9        0x1 .build/obj_Dactylv2_rev2_Noah/common/action_tapping.o
 .bss.waiting_buffer_head
                0x00000000008001aa        0x1 .build/obj_Dactylv2_rev2_Noah/common/action_tapping.o
 .bss.waiting_buffer
                0x00000000008001ab       0x30 .build/obj_Dactylv2_rev2_Noah/common/action_tapping.o
 .bss.tapping_key
                0x00000000008001db        0x6 .build/obj_Dactylv2_rev2_Noah/common/action_tapping.o
 .bss.source_layers_cache
                0x00000000008001e1       0x37 .build/obj_Dactylv2_rev2_Noah/common/action_layer.o
                0x00000000008001e1                source_layers_cache
 .bss.layer_state
                0x0000000000800218        0x4 .build/obj_Dactylv2_rev2_Noah/common/action_layer.o
                0x0000000000800218                layer_state
 .bss.default_layer_state
                0x000000000080021c        0x4 .build/obj_Dactylv2_rev2_Noah/common/action_layer.o
                0x000000000080021c                default_layer_state
 .bss.oneshot_layer_data
                0x0000000000800220        0x1 .build/obj_Dactylv2_rev2_Noah/common/action_util.o
 .bss.oneshot_mods
                0x0000000000800221        0x1 .build/obj_Dactylv2_rev2_Noah/common/action_util.o
 .bss.__compound_literal.0
                0x0000000000800222        0x8 .build/obj_Dactylv2_rev2_Noah/common/action_util.o
 .bss.macro_mods
                0x000000000080022a        0x1 .build/obj_Dactylv2_rev2_Noah/common/action_util.o
 .bss.weak_mods
                0x000000000080022b        0x1 .build/obj_Dactylv2_rev2_Noah/common/action_util.o
 .bss.real_mods
                0x000000000080022c        0x1 .build/obj_Dactylv2_rev2_Noah/common/action_util.o
 .bss.debug_config
                0x000000000080022d        0x1 .build/obj_Dactylv2_rev2_Noah/common/debug.o
                0x000000000080022d                debug_config
 .bss.wdt_timeout
                0x000000000080022e        0x1 .build/obj_Dactylv2_rev2_Noah/common/avr/suspend.o
 .bss.last_timer
                0x000000000080022f        0x2 .build/obj_Dactylv2_rev2_Noah/common/mousekey.o
 .bss.mousekey_accel
                0x0000000000800231        0x1 .build/obj_Dactylv2_rev2_Noah/common/mousekey.o
 .bss.mousekey_repeat
                0x0000000000800232        0x1 .build/obj_Dactylv2_rev2_Noah/common/mousekey.o
 .bss.mouse_report
                0x0000000000800233        0x5 .build/obj_Dactylv2_rev2_Noah/common/mousekey.o
 .bss.mousekey_param
                0x0000000000800238        0x1 .build/obj_Dactylv2_rev2_Noah/common/command.o
 .bss.command_state
                0x0000000000800239        0x1 .build/obj_Dactylv2_rev2_Noah/common/command.o
                0x0000000000800239                command_state
 .bss.keyboard_report_sent
                0x000000000080023a        0x8 .build/obj_Dactylv2_rev2_Noah/lufa.o
 .bss.keyboard_led_stats
                0x0000000000800242        0x1 .build/obj_Dactylv2_rev2_Noah/lufa.o
 .bss.keyboard_idle
                0x0000000000800243        0x1 .build/obj_Dactylv2_rev2_Noah/lufa.o
                0x0000000000800243                keyboard_idle
 .bss.desired_output
                0x0000000000800244        0x1 .build/obj_Dactylv2_rev2_Noah/outputselect.o
                0x0000000000800244                desired_output
 *(COMMON)
 COMMON         0x0000000000800245        0x2 .build/obj_Dactylv2_rev2_Noah/common/action.o
                0x0000000000800245                tp_buttons
 COMMON         0x0000000000800247        0x4 .build/obj_Dactylv2_rev2_Noah/common/avr/timer.o
                0x0000000000800247                timer_count
 COMMON         0x000000000080024b        0x2 .build/obj_Dactylv2_rev2_Noah/common/magic.o
                0x000000000080024b                keymap_config
 COMMON         0x000000000080024d        0x3 .build/obj_Dactylv2_rev2_Noah/./lib/lufa/LUFA/Drivers/USB/Core/DeviceStandardReq.o
                0x000000000080024d                USB_Device_ConfigurationNumber
                0x000000000080024e                USB_Device_CurrentlySelfPowered
                0x000000000080024f                USB_Device_RemoteWakeupEnabled
 COMMON         0x0000000000800250        0xa .build/obj_Dactylv2_rev2_Noah/./lib/lufa/LUFA/Drivers/USB/Core/USBTask.o
                0x0000000000800250                USB_IsInitialized
                0x0000000000800251                USB_DeviceState
                0x0000000000800252                USB_ControlRequest
 COMMON         0x000000000080025a        0x4 /usr/lib/gcc/avr/5.4.0/../../../avr/lib/avr5/libc.a(malloc.o)
                0x000000000080025a                __brkval
                0x000000000080025c                __flp
                0x000000000080025e                PROVIDE (__bss_end, .)
                0x00000000000055e6                __data_load_start = LOADADDR (.data)
                0x000000000000562e                __data_load_end = (__data_load_start + SIZEOF (.data))

.noinit         0x000000000080025e        0x4
                [!provide]                        PROVIDE (__noinit_start, .)
 *(.noinit*)
 .noinit        0x000000000080025e        0x4 .build/obj_Dactylv2_rev2_Noah/common/avr/bootloader.o
                0x000000000080025e                reset_key
                [!provide]                        PROVIDE (__noinit_end, .)
                0x0000000000800262                _end = .
                0x0000000000800262                PROVIDE (__heap_start, .)

.eeprom         0x0000000000810000        0x0
 *(.eeprom*)
                0x0000000000810000                __eeprom_end = .

.fuse
 *(.fuse)
 *(.lfuse)
 *(.hfuse)
 *(.efuse)

.lock
 *(.lock*)

.signature
 *(.signature*)

.user_signatures
 *(.user_signatures*)

.stab
 *(.stab)

.stabstr        0x0000000000000000       0x6f
 *(.stabstr)
 .stabstr       0x0000000000000000       0x6f .build/obj_Dactylv2_rev2_Noah/common/avr/xprintf.o

.stab.excl
 *(.stab.excl)

.stab.exclstr
 *(.stab.exclstr)

.stab.index
 *(.stab.index)

.stab.indexstr
 *(.stab.indexstr)

.comment        0x0000000000000000       0x11
 *(.comment)
 .comment       0x0000000000000000       0x11 .build/obj_Dactylv2_rev2_Noah/matrix.o
                                         0x12 (size before relaxing)
 .comment       0x0000000000000011       0x12 .build/obj_Dactylv2_rev2_Noah/split_util.o
 .comment       0x0000000000000011       0x12 .build/obj_Dactylv2_rev2_Noah/serial.o
 .comment       0x0000000000000011       0x12 .build/obj_Dactylv2_rev2_Noah/keyboards/Dactylv2/rev2/rev2.o
 .comment       0x0000000000000011       0x12 .build/obj_Dactylv2_rev2_Noah/keyboards/Dactylv2/keymaps/Noah/keymap.o
 .comment       0x0000000000000011       0x12 .build/obj_Dactylv2_rev2_Noah/quantum/quantum.o
 .comment       0x0000000000000011       0x12 .build/obj_Dactylv2_rev2_Noah/quantum/keymap_common.o
 .comment       0x0000000000000011       0x12 .build/obj_Dactylv2_rev2_Noah/quantum/keycode_config.o
 .comment       0x0000000000000011       0x12 .build/obj_Dactylv2_rev2_Noah/quantum/process_keycode/process_leader.o
 .comment       0x0000000000000011       0x12 .build/obj_Dactylv2_rev2_Noah/quantum/process_keycode/process_tap_dance.o
 .comment       0x0000000000000011       0x12 .build/obj_Dactylv2_rev2_Noah/common/host.o
 .comment       0x0000000000000011       0x12 .build/obj_Dactylv2_rev2_Noah/common/keyboard.o
 .comment       0x0000000000000011       0x12 .build/obj_Dactylv2_rev2_Noah/common/action.o
 .comment       0x0000000000000011       0x12 .build/obj_Dactylv2_rev2_Noah/common/action_tapping.o
 .comment       0x0000000000000011       0x12 .build/obj_Dactylv2_rev2_Noah/common/action_macro.o
 .comment       0x0000000000000011       0x12 .build/obj_Dactylv2_rev2_Noah/common/action_layer.o
 .comment       0x0000000000000011       0x12 .build/obj_Dactylv2_rev2_Noah/common/action_util.o
 .comment       0x0000000000000011       0x12 .build/obj_Dactylv2_rev2_Noah/common/debug.o
 .comment       0x0000000000000011       0x12 .build/obj_Dactylv2_rev2_Noah/common/eeconfig.o
 .comment       0x0000000000000011       0x12 .build/obj_Dactylv2_rev2_Noah/common/report.o
 .comment       0x0000000000000011       0x12 .build/obj_Dactylv2_rev2_Noah/common/avr/suspend.o
 .comment       0x0000000000000011       0x12 .build/obj_Dactylv2_rev2_Noah/common/avr/timer.o
 .comment       0x0000000000000011       0x12 .build/obj_Dactylv2_rev2_Noah/common/avr/bootloader.o
 .comment       0x0000000000000011       0x12 .build/obj_Dactylv2_rev2_Noah/common/magic.o
 .comment       0x0000000000000011       0x12 .build/obj_Dactylv2_rev2_Noah/common/mousekey.o
 .comment       0x0000000000000011       0x12 .build/obj_Dactylv2_rev2_Noah/common/command.o
 .comment       0x0000000000000011       0x12 .build/obj_Dactylv2_rev2_Noah/lufa.o
 .comment       0x0000000000000011       0x12 .build/obj_Dactylv2_rev2_Noah/usb_descriptor.o
 .comment       0x0000000000000011       0x12 .build/obj_Dactylv2_rev2_Noah/outputselect.o
 .comment       0x0000000000000011       0x12 .build/obj_Dactylv2_rev2_Noah/./lib/lufa/LUFA/Drivers/USB/Core/AVR8/Device_AVR8.o
 .comment       0x0000000000000011       0x12 .build/obj_Dactylv2_rev2_Noah/./lib/lufa/LUFA/Drivers/USB/Core/AVR8/EndpointStream_AVR8.o
 .comment       0x0000000000000011       0x12 .build/obj_Dactylv2_rev2_Noah/./lib/lufa/LUFA/Drivers/USB/Core/AVR8/Endpoint_AVR8.o
 .comment       0x0000000000000011       0x12 .build/obj_Dactylv2_rev2_Noah/./lib/lufa/LUFA/Drivers/USB/Core/AVR8/USBController_AVR8.o
 .comment       0x0000000000000011       0x12 .build/obj_Dactylv2_rev2_Noah/./lib/lufa/LUFA/Drivers/USB/Core/AVR8/USBInterrupt_AVR8.o
 .comment       0x0000000000000011       0x12 .build/obj_Dactylv2_rev2_Noah/./lib/lufa/LUFA/Drivers/USB/Core/DeviceStandardReq.o
 .comment       0x0000000000000011       0x12 .build/obj_Dactylv2_rev2_Noah/./lib/lufa/LUFA/Drivers/USB/Core/Events.o
 .comment       0x0000000000000011       0x12 .build/obj_Dactylv2_rev2_Noah/./lib/lufa/LUFA/Drivers/USB/Core/USBTask.o
 .comment       0x0000000000000011       0x12 /usr/lib/gcc/avr/5.4.0/../../../avr/lib/avr5/libc.a(malloc.o)

.note.gnu.avr.deviceinfo
                0x0000000000000000       0x40
 .note.gnu.avr.deviceinfo
                0x0000000000000000       0x40 /usr/lib/gcc/avr/5.4.0/../../../avr/lib/avr5/crtatmega32u4.o

.note.gnu.build-id
 *(.note.gnu.build-id)

.debug
 *(.debug)

.line
 *(.line)

.debug_srcinfo
 *(.debug_srcinfo)

.debug_sfnames
 *(.debug_sfnames)

.debug_aranges  0x0000000000000000      0xcd0
 *(.debug_aranges)
 .debug_aranges
                0x0000000000000000       0xa0 .build/obj_Dactylv2_rev2_Noah/matrix.o
 .debug_aranges
                0x00000000000000a0       0x38 .build/obj_Dactylv2_rev2_Noah/split_util.o
 .debug_aranges
                0x00000000000000d8       0x70 .build/obj_Dactylv2_rev2_Noah/serial.o
 .debug_aranges
                0x0000000000000148       0x30 .build/obj_Dactylv2_rev2_Noah/keyboards/Dactylv2/rev2/rev2.o
 .debug_aranges
                0x0000000000000178       0x58 .build/obj_Dactylv2_rev2_Noah/keyboards/Dactylv2/keymaps/Noah/keymap.o
 .debug_aranges
                0x00000000000001d0      0x110 .build/obj_Dactylv2_rev2_Noah/quantum/quantum.o
 .debug_aranges
                0x00000000000002e0       0x48 .build/obj_Dactylv2_rev2_Noah/quantum/keymap_common.o
 .debug_aranges
                0x0000000000000328       0x28 .build/obj_Dactylv2_rev2_Noah/quantum/keycode_config.o
 .debug_aranges
                0x0000000000000350       0x28 .build/obj_Dactylv2_rev2_Noah/quantum/process_keycode/process_leader.o
 .debug_aranges
                0x0000000000000378       0x78 .build/obj_Dactylv2_rev2_Noah/quantum/process_keycode/process_tap_dance.o
 .debug_aranges
                0x00000000000003f0       0x60 .build/obj_Dactylv2_rev2_Noah/common/host.o
 .debug_aranges
                0x0000000000000450       0x48 .build/obj_Dactylv2_rev2_Noah/common/keyboard.o
 .debug_aranges
                0x0000000000000498       0x98 .build/obj_Dactylv2_rev2_Noah/common/action.o
 .debug_aranges
                0x0000000000000530       0x48 .build/obj_Dactylv2_rev2_Noah/common/action_tapping.o
 .debug_aranges
                0x0000000000000578       0x20 .build/obj_Dactylv2_rev2_Noah/common/action_macro.o
 .debug_aranges
                0x0000000000000598       0xd8 .build/obj_Dactylv2_rev2_Noah/common/action_layer.o
 .debug_aranges
                0x0000000000000670      0x120 .build/obj_Dactylv2_rev2_Noah/common/action_util.o
 .debug_aranges
                0x0000000000000790       0x18 .build/obj_Dactylv2_rev2_Noah/common/debug.o
 .debug_aranges
                0x00000000000007a8       0x68 .build/obj_Dactylv2_rev2_Noah/common/eeconfig.o
 .debug_aranges
                0x0000000000000810       0x50 .build/obj_Dactylv2_rev2_Noah/common/report.o
 .debug_aranges
                0x0000000000000860       0x48 .build/obj_Dactylv2_rev2_Noah/common/avr/suspend.o
 .debug_aranges
                0x00000000000008a8       0x50 .build/obj_Dactylv2_rev2_Noah/common/avr/timer.o
 .debug_aranges
                0x00000000000008f8       0x28 .build/obj_Dactylv2_rev2_Noah/common/avr/bootloader.o
 .debug_aranges
                0x0000000000000920       0x20 .build/obj_Dactylv2_rev2_Noah/common/magic.o
 .debug_aranges
                0x0000000000000940       0x50 .build/obj_Dactylv2_rev2_Noah/common/mousekey.o
 .debug_aranges
                0x0000000000000990       0x58 .build/obj_Dactylv2_rev2_Noah/common/command.o
 .debug_aranges
                0x00000000000009e8       0x90 .build/obj_Dactylv2_rev2_Noah/lufa.o
 .debug_aranges
                0x0000000000000a78       0x20 .build/obj_Dactylv2_rev2_Noah/usb_descriptor.o
 .debug_aranges
                0x0000000000000a98       0x38 .build/obj_Dactylv2_rev2_Noah/outputselect.o
 .debug_aranges
                0x0000000000000ad0       0x20 .build/obj_Dactylv2_rev2_Noah/./lib/lufa/LUFA/Drivers/USB/Core/AVR8/Device_AVR8.o
 .debug_aranges
                0x0000000000000af0       0xc8 .build/obj_Dactylv2_rev2_Noah/./lib/lufa/LUFA/Drivers/USB/Core/AVR8/EndpointStream_AVR8.o
 .debug_aranges
                0x0000000000000bb8       0x40 .build/obj_Dactylv2_rev2_Noah/./lib/lufa/LUFA/Drivers/USB/Core/AVR8/Endpoint_AVR8.o
 .debug_aranges
                0x0000000000000bf8       0x30 .build/obj_Dactylv2_rev2_Noah/./lib/lufa/LUFA/Drivers/USB/Core/AVR8/USBController_AVR8.o
 .debug_aranges
                0x0000000000000c28       0x38 .build/obj_Dactylv2_rev2_Noah/./lib/lufa/LUFA/Drivers/USB/Core/AVR8/USBInterrupt_AVR8.o
 .debug_aranges
                0x0000000000000c60       0x20 .build/obj_Dactylv2_rev2_Noah/./lib/lufa/LUFA/Drivers/USB/Core/DeviceStandardReq.o
 .debug_aranges
                0x0000000000000c80       0x30 .build/obj_Dactylv2_rev2_Noah/./lib/lufa/LUFA/Drivers/USB/Core/Events.o
 .debug_aranges
                0x0000000000000cb0       0x20 .build/obj_Dactylv2_rev2_Noah/./lib/lufa/LUFA/Drivers/USB/Core/USBTask.o

.debug_pubnames
 *(.debug_pubnames)

.debug_info     0x0000000000000000    0x1558f
 *(.debug_info .gnu.linkonce.wi.*)
 .debug_info    0x0000000000000000      0x9f4 /usr/lib/gcc/avr/5.4.0/../../../avr/lib/avr5/crtatmega32u4.o
 .debug_info    0x00000000000009f4      0x983 .build/obj_Dactylv2_rev2_Noah/matrix.o
 .debug_info    0x0000000000001377      0x24b .build/obj_Dactylv2_rev2_Noah/split_util.o
 .debug_info    0x00000000000015c2      0x724 .build/obj_Dactylv2_rev2_Noah/serial.o
 .debug_info    0x0000000000001ce6      0x169 .build/obj_Dactylv2_rev2_Noah/keyboards/Dactylv2/rev2/rev2.o
 .debug_info    0x0000000000001e4f     0x181f .build/obj_Dactylv2_rev2_Noah/keyboards/Dactylv2/keymaps/Noah/keymap.o
 .debug_info    0x000000000000366e     0x2300 .build/obj_Dactylv2_rev2_Noah/quantum/quantum.o
 .debug_info    0x000000000000596e     0x1724 .build/obj_Dactylv2_rev2_Noah/quantum/keymap_common.o
 .debug_info    0x0000000000007092      0x5fd .build/obj_Dactylv2_rev2_Noah/quantum/keycode_config.o
 .debug_info    0x000000000000768f      0xb42 .build/obj_Dactylv2_rev2_Noah/quantum/process_keycode/process_leader.o
 .debug_info    0x00000000000081d1     0x1282 .build/obj_Dactylv2_rev2_Noah/quantum/process_keycode/process_tap_dance.o
 .debug_info    0x0000000000009453      0x450 .build/obj_Dactylv2_rev2_Noah/common/host.o
 .debug_info    0x00000000000098a3      0x436 .build/obj_Dactylv2_rev2_Noah/common/keyboard.o
 .debug_info    0x0000000000009cd9     0x1bc5 .build/obj_Dactylv2_rev2_Noah/common/action.o
 .debug_info    0x000000000000b89e      0xea6 .build/obj_Dactylv2_rev2_Noah/common/action_tapping.o
 .debug_info    0x000000000000c744      0x7fd .build/obj_Dactylv2_rev2_Noah/common/action_macro.o
 .debug_info    0x000000000000cf41      0xb35 .build/obj_Dactylv2_rev2_Noah/common/action_layer.o
 .debug_info    0x000000000000da76      0x6eb .build/obj_Dactylv2_rev2_Noah/common/action_util.o
 .debug_info    0x000000000000e161       0xfc .build/obj_Dactylv2_rev2_Noah/common/debug.o
 .debug_info    0x000000000000e25d      0x37b .build/obj_Dactylv2_rev2_Noah/common/eeconfig.o
 .debug_info    0x000000000000e5d8      0x311 .build/obj_Dactylv2_rev2_Noah/common/report.o
 .debug_info    0x000000000000e8e9      0x2cd .build/obj_Dactylv2_rev2_Noah/common/avr/suspend.o
 .debug_info    0x000000000000ebb6      0x3a2 .build/obj_Dactylv2_rev2_Noah/common/avr/timer.o
 .debug_info    0x000000000000ef58      0x197 .build/obj_Dactylv2_rev2_Noah/common/avr/bootloader.o
 .debug_info    0x000000000000f0ef      0x296 .build/obj_Dactylv2_rev2_Noah/common/magic.o
 .debug_info    0x000000000000f385      0x5e9 .build/obj_Dactylv2_rev2_Noah/common/mousekey.o
 .debug_info    0x000000000000f96e      0x987 .build/obj_Dactylv2_rev2_Noah/common/command.o
 .debug_info    0x00000000000102f5     0x1017 .build/obj_Dactylv2_rev2_Noah/lufa.o
 .debug_info    0x000000000001130c      0x7b0 .build/obj_Dactylv2_rev2_Noah/usb_descriptor.o
 .debug_info    0x0000000000011abc      0x1af .build/obj_Dactylv2_rev2_Noah/outputselect.o
 .debug_info    0x0000000000011c6b       0xd2 .build/obj_Dactylv2_rev2_Noah/./lib/lufa/LUFA/Drivers/USB/Core/AVR8/Device_AVR8.o
 .debug_info    0x0000000000011d3d     0x17c8 .build/obj_Dactylv2_rev2_Noah/./lib/lufa/LUFA/Drivers/USB/Core/AVR8/EndpointStream_AVR8.o
 .debug_info    0x0000000000013505      0x620 .build/obj_Dactylv2_rev2_Noah/./lib/lufa/LUFA/Drivers/USB/Core/AVR8/Endpoint_AVR8.o
 .debug_info    0x0000000000013b25      0x4e7 .build/obj_Dactylv2_rev2_Noah/./lib/lufa/LUFA/Drivers/USB/Core/AVR8/USBController_AVR8.o
 .debug_info    0x000000000001400c      0x7e7 .build/obj_Dactylv2_rev2_Noah/./lib/lufa/LUFA/Drivers/USB/Core/AVR8/USBInterrupt_AVR8.o
 .debug_info    0x00000000000147f3      0xa4c .build/obj_Dactylv2_rev2_Noah/./lib/lufa/LUFA/Drivers/USB/Core/DeviceStandardReq.o
 .debug_info    0x000000000001523f       0xde .build/obj_Dactylv2_rev2_Noah/./lib/lufa/LUFA/Drivers/USB/Core/Events.o
 .debug_info    0x000000000001531d      0x272 .build/obj_Dactylv2_rev2_Noah/./lib/lufa/LUFA/Drivers/USB/Core/USBTask.o

.debug_abbrev   0x0000000000000000     0x4fb1
 *(.debug_abbrev)
 .debug_abbrev  0x0000000000000000      0x96a /usr/lib/gcc/avr/5.4.0/../../../avr/lib/avr5/crtatmega32u4.o
 .debug_abbrev  0x000000000000096a      0x3a1 .build/obj_Dactylv2_rev2_Noah/matrix.o
 .debug_abbrev  0x0000000000000d0b      0x147 .build/obj_Dactylv2_rev2_Noah/split_util.o
 .debug_abbrev  0x0000000000000e52      0x22c .build/obj_Dactylv2_rev2_Noah/serial.o
 .debug_abbrev  0x000000000000107e      0x115 .build/obj_Dactylv2_rev2_Noah/keyboards/Dactylv2/rev2/rev2.o
 .debug_abbrev  0x0000000000001193      0x2b6 .build/obj_Dactylv2_rev2_Noah/keyboards/Dactylv2/keymaps/Noah/keymap.o
 .debug_abbrev  0x0000000000001449      0x42b .build/obj_Dactylv2_rev2_Noah/quantum/quantum.o
 .debug_abbrev  0x0000000000001874      0x26c .build/obj_Dactylv2_rev2_Noah/quantum/keymap_common.o
 .debug_abbrev  0x0000000000001ae0       0xe1 .build/obj_Dactylv2_rev2_Noah/quantum/keycode_config.o
 .debug_abbrev  0x0000000000001bc1      0x16c .build/obj_Dactylv2_rev2_Noah/quantum/process_keycode/process_leader.o
 .debug_abbrev  0x0000000000001d2d      0x2b5 .build/obj_Dactylv2_rev2_Noah/quantum/process_keycode/process_tap_dance.o
 .debug_abbrev  0x0000000000001fe2      0x16f .build/obj_Dactylv2_rev2_Noah/common/host.o
 .debug_abbrev  0x0000000000002151      0x20f .build/obj_Dactylv2_rev2_Noah/common/keyboard.o
 .debug_abbrev  0x0000000000002360      0x37a .build/obj_Dactylv2_rev2_Noah/common/action.o
 .debug_abbrev  0x00000000000026da      0x2d5 .build/obj_Dactylv2_rev2_Noah/common/action_tapping.o
 .debug_abbrev  0x00000000000029af      0x1aa .build/obj_Dactylv2_rev2_Noah/common/action_macro.o
 .debug_abbrev  0x0000000000002b59      0x289 .build/obj_Dactylv2_rev2_Noah/common/action_layer.o
 .debug_abbrev  0x0000000000002de2      0x20f .build/obj_Dactylv2_rev2_Noah/common/action_util.o
 .debug_abbrev  0x0000000000002ff1       0x87 .build/obj_Dactylv2_rev2_Noah/common/debug.o
 .debug_abbrev  0x0000000000003078       0xc2 .build/obj_Dactylv2_rev2_Noah/common/eeconfig.o
 .debug_abbrev  0x000000000000313a      0x14d .build/obj_Dactylv2_rev2_Noah/common/report.o
 .debug_abbrev  0x0000000000003287      0x1ce .build/obj_Dactylv2_rev2_Noah/common/avr/suspend.o
 .debug_abbrev  0x0000000000003455      0x175 .build/obj_Dactylv2_rev2_Noah/common/avr/timer.o
 .debug_abbrev  0x00000000000035ca      0x12d .build/obj_Dactylv2_rev2_Noah/common/avr/bootloader.o
 .debug_abbrev  0x00000000000036f7       0xf2 .build/obj_Dactylv2_rev2_Noah/common/magic.o
 .debug_abbrev  0x00000000000037e9      0x1cf .build/obj_Dactylv2_rev2_Noah/common/mousekey.o
 .debug_abbrev  0x00000000000039b8      0x2dd .build/obj_Dactylv2_rev2_Noah/common/command.o
 .debug_abbrev  0x0000000000003c95      0x39b .build/obj_Dactylv2_rev2_Noah/lufa.o
 .debug_abbrev  0x0000000000004030      0x184 .build/obj_Dactylv2_rev2_Noah/usb_descriptor.o
 .debug_abbrev  0x00000000000041b4      0x129 .build/obj_Dactylv2_rev2_Noah/outputselect.o
 .debug_abbrev  0x00000000000042dd       0x80 .build/obj_Dactylv2_rev2_Noah/./lib/lufa/LUFA/Drivers/USB/Core/AVR8/Device_AVR8.o
 .debug_abbrev  0x000000000000435d      0x1ea .build/obj_Dactylv2_rev2_Noah/./lib/lufa/LUFA/Drivers/USB/Core/AVR8/EndpointStream_AVR8.o
 .debug_abbrev  0x0000000000004547      0x226 .build/obj_Dactylv2_rev2_Noah/./lib/lufa/LUFA/Drivers/USB/Core/AVR8/Endpoint_AVR8.o
 .debug_abbrev  0x000000000000476d      0x191 .build/obj_Dactylv2_rev2_Noah/./lib/lufa/LUFA/Drivers/USB/Core/AVR8/USBController_AVR8.o
 .debug_abbrev  0x00000000000048fe      0x213 .build/obj_Dactylv2_rev2_Noah/./lib/lufa/LUFA/Drivers/USB/Core/AVR8/USBInterrupt_AVR8.o
 .debug_abbrev  0x0000000000004b11      0x29c .build/obj_Dactylv2_rev2_Noah/./lib/lufa/LUFA/Drivers/USB/Core/DeviceStandardReq.o
 .debug_abbrev  0x0000000000004dad       0x99 .build/obj_Dactylv2_rev2_Noah/./lib/lufa/LUFA/Drivers/USB/Core/Events.o
 .debug_abbrev  0x0000000000004e46      0x16b .build/obj_Dactylv2_rev2_Noah/./lib/lufa/LUFA/Drivers/USB/Core/USBTask.o

.debug_line     0x0000000000000000     0x8925
 *(.debug_line .debug_line.* .debug_line_end)
 .debug_line    0x0000000000000000       0x1a /usr/lib/gcc/avr/5.4.0/../../../avr/lib/avr5/crtatmega32u4.o
 .debug_line    0x000000000000001a      0x48d .build/obj_Dactylv2_rev2_Noah/matrix.o
 .debug_line    0x00000000000004a7      0x168 .build/obj_Dactylv2_rev2_Noah/split_util.o
 .debug_line    0x000000000000060f      0x3a7 .build/obj_Dactylv2_rev2_Noah/serial.o
 .debug_line    0x00000000000009b6       0xe6 .build/obj_Dactylv2_rev2_Noah/keyboards/Dactylv2/rev2/rev2.o
 .debug_line    0x0000000000000a9c      0x6bc .build/obj_Dactylv2_rev2_Noah/keyboards/Dactylv2/keymaps/Noah/keymap.o
 .debug_line    0x0000000000001158      0xa56 .build/obj_Dactylv2_rev2_Noah/quantum/quantum.o
 .debug_line    0x0000000000001bae      0x39c .build/obj_Dactylv2_rev2_Noah/quantum/keymap_common.o
 .debug_line    0x0000000000001f4a      0x1c4 .build/obj_Dactylv2_rev2_Noah/quantum/keycode_config.o
 .debug_line    0x000000000000210e      0x17d .build/obj_Dactylv2_rev2_Noah/quantum/process_keycode/process_leader.o
 .debug_line    0x000000000000228b      0x43a .build/obj_Dactylv2_rev2_Noah/quantum/process_keycode/process_tap_dance.o
 .debug_line    0x00000000000026c5      0x185 .build/obj_Dactylv2_rev2_Noah/common/host.o
 .debug_line    0x000000000000284a      0x1f3 .build/obj_Dactylv2_rev2_Noah/common/keyboard.o
 .debug_line    0x0000000000002a3d      0x992 .build/obj_Dactylv2_rev2_Noah/common/action.o
 .debug_line    0x00000000000033cf      0x575 .build/obj_Dactylv2_rev2_Noah/common/action_tapping.o
 .debug_line    0x0000000000003944      0x182 .build/obj_Dactylv2_rev2_Noah/common/action_macro.o
 .debug_line    0x0000000000003ac6      0x406 .build/obj_Dactylv2_rev2_Noah/common/action_layer.o