Archive member included to satisfy reference by file (symbol)

/usr/lib/gcc/avr/5.4.0/avr5/libgcc.a(_divmodhi4.o)
                              .build/obj_Dactylv2_rev2_Noah/common/mousekey.o (__divmodhi4)
/usr/lib/gcc/avr/5.4.0/avr5/libgcc.a(_exit.o)
                              /usr/lib/gcc/avr/5.4.0/../../../avr/lib/avr5/crtatmega32u4.o (exit)
/usr/lib/gcc/avr/5.4.0/avr5/libgcc.a(_tablejump2.o)
                              .build/obj_Dactylv2_rev2_Noah/keyboards/Dactylv2/keymaps/Noah/keymap.o (__tablejump2__)
/usr/lib/gcc/avr/5.4.0/avr5/libgcc.a(_copy_data.o)
                              .build/obj_Dactylv2_rev2_Noah/matrix.o (__do_copy_data)
/usr/lib/gcc/avr/5.4.0/avr5/libgcc.a(_clear_bss.o)
                              .build/obj_Dactylv2_rev2_Noah/matrix.o (__do_clear_bss)
/usr/lib/gcc/avr/5.4.0/avr5/libgcc.a(_udivmodhi4.o)
                              /usr/lib/gcc/avr/5.4.0/avr5/libgcc.a(_divmodhi4.o) (__udivmodhi4)
/usr/lib/gcc/avr/5.4.0/../../../avr/lib/avr5/libc.a(memmove.o)
                              .build/obj_Dactylv2_rev2_Noah/./lib/lufa/LUFA/Drivers/USB/Class/Common/HIDParser.o (memmove)
/usr/lib/gcc/avr/5.4.0/../../../avr/lib/avr5/libc.a(memcpy.o)
                              /usr/lib/gcc/avr/5.4.0/../../../avr/lib/avr5/libc.a(memmove.o) (memcpy)
/usr/lib/gcc/avr/5.4.0/../../../avr/lib/avr5/libatmega32u4.a(eerd_byte.o)
                              .build/obj_Dactylv2_rev2_Noah/common/eeconfig.o (eeprom_read_byte)
/usr/lib/gcc/avr/5.4.0/../../../avr/lib/avr5/libatmega32u4.a(eerd_word.o)
                              .build/obj_Dactylv2_rev2_Noah/common/eeconfig.o (eeprom_read_word)
/usr/lib/gcc/avr/5.4.0/../../../avr/lib/avr5/libatmega32u4.a(eeupd_byte.o)
                              .build/obj_Dactylv2_rev2_Noah/common/eeconfig.o (eeprom_update_byte)
/usr/lib/gcc/avr/5.4.0/../../../avr/lib/avr5/libatmega32u4.a(eeupd_word.o)
                              .build/obj_Dactylv2_rev2_Noah/common/eeconfig.o (eeprom_update_word)
/usr/lib/gcc/avr/5.4.0/../../../avr/lib/avr5/libatmega32u4.a(eerd_block.o)
                              /usr/lib/gcc/avr/5.4.0/../../../avr/lib/avr5/libatmega32u4.a(eerd_word.o) (eeprom_read_blraw)

Allocating common symbols
Common symbol       size              file

USB_IsInitialized   0x1               .build/obj_Dactylv2_rev2_Noah/./lib/lufa/LUFA/Drivers/USB/Core/USBTask.o
keymap_config       0x2               .build/obj_Dactylv2_rev2_Noah/common/magic.o
USB_DeviceState     0x1               .build/obj_Dactylv2_rev2_Noah/./lib/lufa/LUFA/Drivers/USB/Core/USBTask.o
USB_Device_ConfigurationNumber
                    0x1               .build/obj_Dactylv2_rev2_Noah/./lib/lufa/LUFA/Drivers/USB/Core/DeviceStandardReq.o
USB_Device_CurrentlySelfPowered
                    0x1               .build/obj_Dactylv2_rev2_Noah/./lib/lufa/LUFA/Drivers/USB/Core/DeviceStandardReq.o
USB_ControlRequest  0x8               .build/obj_Dactylv2_rev2_Noah/./lib/lufa/LUFA/Drivers/USB/Core/USBTask.o
tp_buttons          0x2               .build/obj_Dactylv2_rev2_Noah/common/action.o
USB_Device_RemoteWakeupEnabled
                    0x1               .build/obj_Dactylv2_rev2_Noah/./lib/lufa/LUFA/Drivers/USB/Core/DeviceStandardReq.o
timer_count         0x4               .build/obj_Dactylv2_rev2_Noah/common/avr/timer.o

Discarded input sections

 .data          0x0000000000000000        0x0 /usr/lib/gcc/avr/5.4.0/../../../avr/lib/avr5/crtatmega32u4.o
 .bss           0x0000000000000000        0x0 /usr/lib/gcc/avr/5.4.0/../../../avr/lib/avr5/crtatmega32u4.o
 .text          0x0000000000000000        0x0 .build/obj_Dactylv2_rev2_Noah/matrix.o
 .data          0x0000000000000000        0x0 .build/obj_Dactylv2_rev2_Noah/matrix.o
 .bss           0x0000000000000000        0x0 .build/obj_Dactylv2_rev2_Noah/matrix.o
 .text.matrix_init_kb
                0x0000000000000000        0x4 .build/obj_Dactylv2_rev2_Noah/matrix.o
 .text.matrix_init_quantum
                0x0000000000000000        0x4 .build/obj_Dactylv2_rev2_Noah/matrix.o
 .text.matrix_scan_quantum
                0x0000000000000000        0x4 .build/obj_Dactylv2_rev2_Noah/matrix.o
 .text.matrix_rows
                0x0000000000000000        0x4 .build/obj_Dactylv2_rev2_Noah/matrix.o
 .text.matrix_cols
                0x0000000000000000        0x4 .build/obj_Dactylv2_rev2_Noah/matrix.o
 .text.matrix_is_modified
                0x0000000000000000        0xa .build/obj_Dactylv2_rev2_Noah/matrix.o
 .text.matrix_is_on
                0x0000000000000000       0x2a .build/obj_Dactylv2_rev2_Noah/matrix.o
 .text.matrix_key_count
                0x0000000000000000       0x2c .build/obj_Dactylv2_rev2_Noah/matrix.o
 .text          0x0000000000000000        0x0 .build/obj_Dactylv2_rev2_Noah/i2c.o
 .data          0x0000000000000000        0x0 .build/obj_Dactylv2_rev2_Noah/i2c.o
 .bss           0x0000000000000000        0x0 .build/obj_Dactylv2_rev2_Noah/i2c.o
 .debug_info    0x0000000000000000       0x56 .build/obj_Dactylv2_rev2_Noah/i2c.o
[...]
Memory Configuration

Name             Origin             Length             Attributes
text             0x0000000000000000 0x0000000000020000 xr
data             0x0000000000800060 0x000000000000ffa0 rw !x
eeprom           0x0000000000810000 0x0000000000010000 rw !x
fuse             0x0000000000820000 0x0000000000000003 rw !x
lock             0x0000000000830000 0x0000000000000400 rw !x
signature        0x0000000000840000 0x0000000000000400 rw !x
user_signatures  0x0000000000850000 0x0000000000000400 rw !x
*default*        0x0000000000000000 0xffffffffffffffff

Linker script and memory map

Address of section .data set to 0x800100
LOAD /usr/lib/gcc/avr/5.4.0/../../../avr/lib/avr5/crtatmega32u4.o
LOAD .build/obj_Dactylv2_rev2_Noah/matrix.o
LOAD .build/obj_Dactylv2_rev2_Noah/i2c.o
LOAD .build/obj_Dactylv2_rev2_Noah/split_util.o
LOAD .build/obj_Dactylv2_rev2_Noah/serial.o
LOAD .build/obj_Dactylv2_rev2_Noah/ssd1306.o
LOAD .build/obj_Dactylv2_rev2_Noah/keyboards/Dactylv2/rev2/rev2.o
LOAD .build/obj_Dactylv2_rev2_Noah/keyboards/Dactylv2/keymaps/Noah/keymap.o
LOAD .build/obj_Dactylv2_rev2_Noah/quantum/quantum.o
LOAD .build/obj_Dactylv2_rev2_Noah/quantum/keymap_common.o
LOAD .build/obj_Dactylv2_rev2_Noah/quantum/keycode_config.o
LOAD .build/obj_Dactylv2_rev2_Noah/quantum/process_keycode/process_leader.o
LOAD .build/obj_Dactylv2_rev2_Noah/quantum/process_keycode/process_tap_dance.o
LOAD .build/obj_Dactylv2_rev2_Noah/common/host.o
LOAD .build/obj_Dactylv2_rev2_Noah/common/keyboard.o
LOAD .build/obj_Dactylv2_rev2_Noah/common/action.o
LOAD .build/obj_Dactylv2_rev2_Noah/common/action_tapping.o
LOAD .build/obj_Dactylv2_rev2_Noah/common/action_macro.o
LOAD .build/obj_Dactylv2_rev2_Noah/common/action_layer.o
LOAD .build/obj_Dactylv2_rev2_Noah/common/action_util.o
LOAD .build/obj_Dactylv2_rev2_Noah/common/print.o
LOAD .build/obj_Dactylv2_rev2_Noah/common/debug.o
LOAD .build/obj_Dactylv2_rev2_Noah/common/util.o
LOAD .build/obj_Dactylv2_rev2_Noah/common/eeconfig.o
LOAD .build/obj_Dactylv2_rev2_Noah/common/report.o
LOAD .build/obj_Dactylv2_rev2_Noah/common/avr/suspend.o
LOAD .build/obj_Dactylv2_rev2_Noah/common/avr/timer.o
LOAD .build/obj_Dactylv2_rev2_Noah/common/avr/bootloader.o
LOAD .build/obj_Dactylv2_rev2_Noah/common/avr/xprintf.o
LOAD .build/obj_Dactylv2_rev2_Noah/common/magic.o
LOAD .build/obj_Dactylv2_rev2_Noah/common/mousekey.o
LOAD .build/obj_Dactylv2_rev2_Noah/common/command.o
LOAD .build/obj_Dactylv2_rev2_Noah/lufa.o
LOAD .build/obj_Dactylv2_rev2_Noah/usb_descriptor.o
LOAD .build/obj_Dactylv2_rev2_Noah/outputselect.o
LOAD .build/obj_Dactylv2_rev2_Noah/./lib/lufa/LUFA/Drivers/USB/Class/Common/HIDParser.o
LOAD .build/obj_Dactylv2_rev2_Noah/./lib/lufa/LUFA/Drivers/USB/Core/AVR8/Device_AVR8.o
LOAD .build/obj_Dactylv2_rev2_Noah/./lib/lufa/LUFA/Drivers/USB/Core/AVR8/EndpointStream_AVR8.o
LOAD .build/obj_Dactylv2_rev2_Noah/./lib/lufa/LUFA/Drivers/USB/Core/AVR8/Endpoint_AVR8.o
LOAD .build/obj_Dactylv2_rev2_Noah/./lib/lufa/LUFA/Drivers/USB/Core/AVR8/Host_AVR8.o
LOAD .build/obj_Dactylv2_rev2_Noah/./lib/lufa/LUFA/Drivers/USB/Core/AVR8/PipeStream_AVR8.o
LOAD .build/obj_Dactylv2_rev2_Noah/./lib/lufa/LUFA/Drivers/USB/Core/AVR8/Pipe_AVR8.o
LOAD .build/obj_Dactylv2_rev2_Noah/./lib/lufa/LUFA/Drivers/USB/Core/AVR8/USBController_AVR8.o
LOAD .build/obj_Dactylv2_rev2_Noah/./lib/lufa/LUFA/Drivers/USB/Core/AVR8/USBInterrupt_AVR8.o
LOAD .build/obj_Dactylv2_rev2_Noah/./lib/lufa/LUFA/Drivers/USB/Core/ConfigDescriptors.o
LOAD .build/obj_Dactylv2_rev2_Noah/./lib/lufa/LUFA/Drivers/USB/Core/DeviceStandardReq.o
LOAD .build/obj_Dactylv2_rev2_Noah/./lib/lufa/LUFA/Drivers/USB/Core/Events.o
LOAD .build/obj_Dactylv2_rev2_Noah/./lib/lufa/LUFA/Drivers/USB/Core/HostStandardReq.o
LOAD .build/obj_Dactylv2_rev2_Noah/./lib/lufa/LUFA/Drivers/USB/Core/USBTask.o
LOAD /usr/lib/gcc/avr/5.4.0/../../../avr/lib/avr5/libm.a
START GROUP
LOAD /usr/lib/gcc/avr/5.4.0/avr5/libgcc.a
LOAD /usr/lib/gcc/avr/5.4.0/../../../avr/lib/avr5/libm.a
LOAD /usr/lib/gcc/avr/5.4.0/../../../avr/lib/avr5/libc.a
LOAD /usr/lib/gcc/avr/5.4.0/../../../avr/lib/avr5/libatmega32u4.a
END GROUP
                0x0000000000020000                __TEXT_REGION_LENGTH__ = DEFINED (__TEXT_REGION_LENGTH__)?__TEXT_REGION_LENGTH__:0x20000
                0x000000000000ffa0                __DATA_REGION_LENGTH__ = DEFINED (__DATA_REGION_LENGTH__)?__DATA_REGION_LENGTH__:0xffa0
                0x0000000000010000                __EEPROM_REGION_LENGTH__ = DEFINED (__EEPROM_REGION_LENGTH__)?__EEPROM_REGION_LENGTH__:0x10000
                [0x0000000000000003]                __FUSE_REGION_LENGTH__ = DEFINED (__FUSE_REGION_LENGTH__)?__FUSE_REGION_LENGTH__:0x400
                0x0000000000000400                __LOCK_REGION_LENGTH__ = DEFINED (__LOCK_REGION_LENGTH__)?__LOCK_REGION_LENGTH__:0x400
                0x0000000000000400                __SIGNATURE_REGION_LENGTH__ = DEFINED (__SIGNATURE_REGION_LENGTH__)?__SIGNATURE_REGION_LENGTH__:0x400
                0x0000000000000400                __USER_SIGNATURE_REGION_LENGTH__ = DEFINED (__USER_SIGNATURE_REGION_LENGTH__)?__USER_SIGNATURE_REGION_LENGTH__:0x400

.hash
 *(.hash)

.dynsym
 *(.dynsym)

.dynstr
 *(.dynstr)

.gnu.version
 *(.gnu.version)

.gnu.version_d
 *(.gnu.version_d)

.gnu.version_r
 *(.gnu.version_r)

.rel.init
 *(.rel.init)

.rela.init
 *(.rela.init)

.rel.text
 *(.rel.text)
 *(.rel.text.*)
 *(.rel.gnu.linkonce.t*)

.rela.text
 *(.rela.text)
 *(.rela.text.*)
 *(.rela.gnu.linkonce.t*)

.rel.fini
 *(.rel.fini)

.rela.fini
 *(.rela.fini)

.rel.rodata
 *(.rel.rodata)
 *(.rel.rodata.*)
 *(.rel.gnu.linkonce.r*)

.rela.rodata
 *(.rela.rodata)
 *(.rela.rodata.*)
 *(.rela.gnu.linkonce.r*)

.rel.data
 *(.rel.data)
 *(.rel.data.*)
 *(.rel.gnu.linkonce.d*)

.rela.data
 *(.rela.data)
 *(.rela.data.*)
 *(.rela.gnu.linkonce.d*)

.rel.ctors
 *(.rel.ctors)

.rela.ctors
 *(.rela.ctors)

.rel.dtors
 *(.rel.dtors)

.rela.dtors
 *(.rela.dtors)

.rel.got
 *(.rel.got)

.rela.got
 *(.rela.got)

.rel.bss
 *(.rel.bss)

.rela.bss
 *(.rela.bss)

.rel.plt
 *(.rel.plt)

.rela.plt
 *(.rela.plt)

.text           0x0000000000000000     0x51da
 *(.vectors)
 .vectors       0x0000000000000000       0xac /usr/lib/gcc/avr/5.4.0/../../../avr/lib/avr5/crtatmega32u4.o
                0x0000000000000000                __vectors
                0x0000000000000000                __vector_default
 *(.vectors)
 *(.progmem.gcc*)
 .progmem.gcc_sw_table.action_get_macro
                0x00000000000000ac       0x34 .build/obj_Dactylv2_rev2_Noah/keyboards/Dactylv2/keymaps/Noah/keymap.o
 .progmem.gcc_sw_table.process_record_quantum
                0x00000000000000e0       0x24 .build/obj_Dactylv2_rev2_Noah/quantum/quantum.o
 .progmem.gcc_sw_table.process_action
                0x0000000000000104       0x4a .build/obj_Dactylv2_rev2_Noah/common/action.o
 .progmem.gcc_sw_table.is_tap_key
                0x000000000000014e       0x1c .build/obj_Dactylv2_rev2_Noah/common/action.o
 .progmem.gcc_sw_table.USB_Device_ProcessControlRequest
                0x000000000000016a       0x14 .build/obj_Dactylv2_rev2_Noah/./lib/lufa/LUFA/Drivers/USB/Core/DeviceStandardReq.o
                0x000000000000017e                . = ALIGN (0x2)
                0x000000000000017e                __trampolines_start = .
 *(.trampolines)
 .trampolines   0x000000000000017e        0x0 linker stubs
 *(.trampolines*)
                0x000000000000017e                __trampolines_end = .
 *libprintf_flt.a:*(.progmem.data)
 *libc.a:*(.progmem.data)
 *(.progmem*)
 .progmem.data.__c.3488
                0x000000000000017e        0x2 .build/obj_Dactylv2_rev2_Noah/keyboards/Dactylv2/keymaps/Noah/keymap.o
 .progmem.data.__c.3486
                0x0000000000000180        0x3 .build/obj_Dactylv2_rev2_Noah/keyboards/Dactylv2/keymaps/Noah/keymap.o
 .progmem.data.__c.3484
                0x0000000000000183        0x3 .build/obj_Dactylv2_rev2_Noah/keyboards/Dactylv2/keymaps/Noah/keymap.o
 .progmem.data.__c.3481
                0x0000000000000186        0xb .build/obj_Dactylv2_rev2_Noah/keyboards/Dactylv2/keymaps/Noah/keymap.o
 .progmem.data.__c.3477
                0x0000000000000191        0x3 .build/obj_Dactylv2_rev2_Noah/keyboards/Dactylv2/keymaps/Noah/keymap.o
 .progmem.data.__c.3475
                0x0000000000000194        0x3 .build/obj_Dactylv2_rev2_Noah/keyboards/Dactylv2/keymaps/Noah/keymap.o
 .progmem.data.__c.3472
                0x0000000000000197        0x3 .build/obj_Dactylv2_rev2_Noah/keyboards/Dactylv2/keymaps/Noah/keymap.o
 .progmem.data.__c.3470
                0x000000000000019a        0x3 .build/obj_Dactylv2_rev2_Noah/keyboards/Dactylv2/keymaps/Noah/keymap.o
 .progmem.data.__c.3467
                0x000000000000019d        0x3 .build/obj_Dactylv2_rev2_Noah/keyboards/Dactylv2/keymaps/Noah/keymap.o
 .progmem.data.__c.3465
                0x00000000000001a0        0x3 .build/obj_Dactylv2_rev2_Noah/keyboards/Dactylv2/keymaps/Noah/keymap.o
 .progmem.data.__c.3462
                0x00000000000001a3        0x7 .build/obj_Dactylv2_rev2_Noah/keyboards/Dactylv2/keymaps/Noah/keymap.o
 .progmem.data.__c.3460
                0x00000000000001aa        0x7 .build/obj_Dactylv2_rev2_Noah/keyboards/Dactylv2/keymaps/Noah/keymap.o
 .progmem.data.__c.3457
                0x00000000000001b1        0x7 .build/obj_Dactylv2_rev2_Noah/keyboards/Dactylv2/keymaps/Noah/keymap.o
 .progmem.data.__c.3455
                0x00000000000001b8        0x7 .build/obj_Dactylv2_rev2_Noah/keyboards/Dactylv2/keymaps/Noah/keymap.o
 .progmem.data.__c.3452
                0x00000000000001bf        0x7 .build/obj_Dactylv2_rev2_Noah/keyboards/Dactylv2/keymaps/Noah/keymap.o
 .progmem.data.__c.3450
                0x00000000000001c6        0x7 .build/obj_Dactylv2_rev2_Noah/keyboards/Dactylv2/keymaps/Noah/keymap.o
 .progmem.data.__c.3447
                0x00000000000001cd        0x7 .build/obj_Dactylv2_rev2_Noah/keyboards/Dactylv2/keymaps/Noah/keymap.o
 .progmem.data.__c.3445
                0x00000000000001d4        0x5 .build/obj_Dactylv2_rev2_Noah/keyboards/Dactylv2/keymaps/Noah/keymap.o
 .progmem.data.__c.3442
                0x00000000000001d9        0x7 .build/obj_Dactylv2_rev2_Noah/keyboards/Dactylv2/keymaps/Noah/keymap.o
 .progmem.data.__c.3440
                0x00000000000001e0        0x5 .build/obj_Dactylv2_rev2_Noah/keyboards/Dactylv2/keymaps/Noah/keymap.o
 .progmem.data.__c.3437
                0x00000000000001e5        0x7 .build/obj_Dactylv2_rev2_Noah/keyboards/Dactylv2/keymaps/Noah/keymap.o
 .progmem.data.__c.3435
                0x00000000000001ec        0x7 .build/obj_Dactylv2_rev2_Noah/keyboards/Dactylv2/keymaps/Noah/keymap.o
 .progmem.data.__c.3432
                0x00000000000001f3        0x7 .build/obj_Dactylv2_rev2_Noah/keyboards/Dactylv2/keymaps/Noah/keymap.o
 .progmem.data.__c.3430
                0x00000000000001fa        0x7 .build/obj_Dactylv2_rev2_Noah/keyboards/Dactylv2/keymaps/Noah/keymap.o
 .progmem.data.__c.3427
                0x0000000000000201        0x5 .build/obj_Dactylv2_rev2_Noah/keyboards/Dactylv2/keymaps/Noah/keymap.o
 .progmem.data.__c.3425
                0x0000000000000206        0x5 .build/obj_Dactylv2_rev2_Noah/keyboards/Dactylv2/keymaps/Noah/keymap.o
 .progmem.data.__c.3422
                0x000000000000020b        0x5 .build/obj_Dactylv2_rev2_Noah/keyboards/Dactylv2/keymaps/Noah/keymap.o
 .progmem.data.__c.3420
                0x0000000000000210        0x5 .build/obj_Dactylv2_rev2_Noah/keyboards/Dactylv2/keymaps/Noah/keymap.o
 .progmem.data.__c.3417
                0x0000000000000215        0x5 .build/obj_Dactylv2_rev2_Noah/keyboards/Dactylv2/keymaps/Noah/keymap.o
 .progmem.data.__c.3415
                0x000000000000021a        0x5 .build/obj_Dactylv2_rev2_Noah/keyboards/Dactylv2/keymaps/Noah/keymap.o
 .progmem.data.__c.3412
                0x000000000000021f        0x5 .build/obj_Dactylv2_rev2_Noah/keyboards/Dactylv2/keymaps/Noah/keymap.o
 .progmem.data.__c.3410
                0x0000000000000224        0x5 .build/obj_Dactylv2_rev2_Noah/keyboards/Dactylv2/keymaps/Noah/keymap.o
 .progmem.data.__c.3407
                0x0000000000000229        0x5 .build/obj_Dactylv2_rev2_Noah/keyboards/Dactylv2/keymaps/Noah/keymap.o
 .progmem.data.__c.3405
                0x000000000000022e        0x5 .build/obj_Dactylv2_rev2_Noah/keyboards/Dactylv2/keymaps/Noah/keymap.o
 .progmem.data.__c.3402
                0x0000000000000233        0x5 .build/obj_Dactylv2_rev2_Noah/keyboards/Dactylv2/keymaps/Noah/keymap.o
 .progmem.data.__c.3400
                0x0000000000000238        0x5 .build/obj_Dactylv2_rev2_Noah/keyboards/Dactylv2/keymaps/Noah/keymap.o
 .progmem.data.__c.3397
                0x000000000000023d        0x5 .build/obj_Dactylv2_rev2_Noah/keyboards/Dactylv2/keymaps/Noah/keymap.o
 .progmem.data.__c.3395
                0x0000000000000242        0x5 .build/obj_Dactylv2_rev2_Noah/keyboards/Dactylv2/keymaps/Noah/keymap.o
 .progmem.data.__c.3392
                0x0000000000000247        0x7 .build/obj_Dactylv2_rev2_Noah/keyboards/Dactylv2/keymaps/Noah/keymap.o
 .progmem.data.__c.3390
                0x000000000000024e        0x7 .build/obj_Dactylv2_rev2_Noah/keyboards/Dactylv2/keymaps/Noah/keymap.o
 .progmem.data.__c.3387
                0x0000000000000255        0x7 .build/obj_Dactylv2_rev2_Noah/keyboards/Dactylv2/keymaps/Noah/keymap.o
 .progmem.data.__c.3385
                0x000000000000025c        0x7 .build/obj_Dactylv2_rev2_Noah/keyboards/Dactylv2/keymaps/Noah/keymap.o
 .progmem.data.__c.3382
                0x0000000000000263        0x5 .build/obj_Dactylv2_rev2_Noah/keyboards/Dactylv2/keymaps/Noah/keymap.o
 .progmem.data.__c.3380
                0x0000000000000268        0x5 .build/obj_Dactylv2_rev2_Noah/keyboards/Dactylv2/keymaps/Noah/keymap.o
 .progmem.data.__c.3377
                0x000000000000026d        0x5 .build/obj_Dactylv2_rev2_Noah/keyboards/Dactylv2/keymaps/Noah/keymap.o
 .progmem.data.__c.3375
                0x0000000000000272        0x5 .build/obj_Dactylv2_rev2_Noah/keyboards/Dactylv2/keymaps/Noah/keymap.o
 .progmem.data.__c.3372
                0x0000000000000277        0x5 .build/obj_Dactylv2_rev2_Noah/keyboards/Dactylv2/keymaps/Noah/keymap.o
 .progmem.data.__c.3370
                0x000000000000027c        0x5 .build/obj_Dactylv2_rev2_Noah/keyboards/Dactylv2/keymaps/Noah/keymap.o
 .progmem.data.__c.3367
                0x0000000000000281        0x5 .build/obj_Dactylv2_rev2_Noah/keyboards/Dactylv2/keymaps/Noah/keymap.o
 .progmem.data.__c.3365
                0x0000000000000286        0x7 .build/obj_Dactylv2_rev2_Noah/keyboards/Dactylv2/keymaps/Noah/keymap.o
 .progmem.data.__c.3356
                0x000000000000028d        0x3 .build/obj_Dactylv2_rev2_Noah/keyboards/Dactylv2/keymaps/Noah/keymap.o
 .progmem.data.__c.3354
                0x0000000000000290        0x3 .build/obj_Dactylv2_rev2_Noah/keyboards/Dactylv2/keymaps/Noah/keymap.o
 .progmem.data.__c.3352
                0x0000000000000293        0x3 .build/obj_Dactylv2_rev2_Noah/keyboards/Dactylv2/keymaps/Noah/keymap.o
 .progmem.data.__c.3350
                0x0000000000000296        0x2 .build/obj_Dactylv2_rev2_Noah/keyboards/Dactylv2/keymaps/Noah/keymap.o
 .progmem.data.__c.3348
                0x0000000000000298        0x3 .build/obj_Dactylv2_rev2_Noah/keyboards/Dactylv2/keymaps/Noah/keymap.o
 .progmem.data.__c.3346
                0x000000000000029b        0x3 .build/obj_Dactylv2_rev2_Noah/keyboards/Dactylv2/keymaps/Noah/keymap.o
 .progmem.data.keymaps
                0x000000000000029e      0x540 .build/obj_Dactylv2_rev2_Noah/keyboards/Dactylv2/keymaps/Noah/keymap.o
                0x000000000000029e                keymaps
 .progmem.data.ascii_to_keycode_lut
                0x00000000000007de       0x80 .build/obj_Dactylv2_rev2_Noah/quantum/quantum.o
                0x00000000000007de                ascii_to_keycode_lut
 .progmem.data.ascii_to_shift_lut
                0x000000000000085e       0x80 .build/obj_Dactylv2_rev2_Noah/quantum/quantum.o
                0x000000000000085e                ascii_to_shift_lut
 .progmem.data.fn_actions
                0x00000000000008de        0x0 .build/obj_Dactylv2_rev2_Noah/quantum/keymap_common.o
                0x00000000000008de                fn_actions
 .progmem.data.SerialNumberString
                0x00000000000008de        0x6 .build/obj_Dactylv2_rev2_Noah/usb_descriptor.o
                0x00000000000008de                SerialNumberString
 .progmem.data.ProductString
                0x00000000000008e4       0x10 .build/obj_Dactylv2_rev2_Noah/usb_descriptor.o
                0x00000000000008e4                ProductString
 .progmem.data.ManufacturerString
                0x00000000000008f4       0x18 .build/obj_Dactylv2_rev2_Noah/usb_descriptor.o
                0x00000000000008f4                ManufacturerString
 .progmem.data.LanguageString
                0x000000000000090c        0x4 .build/obj_Dactylv2_rev2_Noah/usb_descriptor.o
                0x000000000000090c                LanguageString
 .progmem.data.ConfigurationDescriptor
                0x0000000000000910       0x54 .build/obj_Dactylv2_rev2_Noah/usb_descriptor.o
                0x0000000000000910                ConfigurationDescriptor
 .progmem.data.DeviceDescriptor
                0x0000000000000964       0x12 .build/obj_Dactylv2_rev2_Noah/usb_descriptor.o
                0x0000000000000964                DeviceDescriptor
 .progmem.data.ExtrakeyReport
                0x0000000000000976       0x36 .build/obj_Dactylv2_rev2_Noah/usb_descriptor.o
                0x0000000000000976                ExtrakeyReport
 .progmem.data.MouseReport
                0x00000000000009ac       0x4d .build/obj_Dactylv2_rev2_Noah/usb_descriptor.o
                0x00000000000009ac                MouseReport
 .progmem.data.KeyboardReport
                0x00000000000009f9       0x40 .build/obj_Dactylv2_rev2_Noah/usb_descriptor.o
                0x00000000000009f9                KeyboardReport
                0x0000000000000a3a                . = ALIGN (0x2)
 *fill*         0x0000000000000a39        0x1 
 *(.jumptables)
 *(.jumptables*)
 *(.lowtext)
 *(.lowtext*)
                0x0000000000000a3a                __ctors_start = .
 *(.ctors)
                0x0000000000000a3a                __ctors_end = .
                0x0000000000000a3a                __dtors_start = .
 *(.dtors)
                0x0000000000000a3a                __dtors_end = .
 SORT(*)(.ctors)
 SORT(*)(.dtors)
 *(.init0)
 .init0         0x0000000000000a3a        0x0 /usr/lib/gcc/avr/5.4.0/../../../avr/lib/avr5/crtatmega32u4.o
                0x0000000000000a3a                __init
 *(.init0)
 *(.init1)
 *(.init1)
 *(.init2)
 .init2         0x0000000000000a3a        0xc /usr/lib/gcc/avr/5.4.0/../../../avr/lib/avr5/crtatmega32u4.o
 *(.init2)
 *(.init3)
 .init3         0x0000000000000a46       0x54 .build/obj_Dactylv2_rev2_Noah/common/avr/bootloader.o
                0x0000000000000a46                bootloader_jump_after_watchdog_reset
 *(.init3)
 *(.init4)
 .init4         0x0000000000000a9a       0x16 /usr/lib/gcc/avr/5.4.0/avr5/libgcc.a(_copy_data.o)
                0x0000000000000a9a                __do_copy_data
 .init4         0x0000000000000ab0       0x10 /usr/lib/gcc/avr/5.4.0/avr5/libgcc.a(_clear_bss.o)
                0x0000000000000ab0                __do_clear_bss
 *(.init4)
 *(.init5)
 *(.init5)
 *(.init6)
 *(.init6)
 *(.init7)
 *(.init7)
 *(.init8)
 *(.init8)
 *(.init9)
 .init9         0x0000000000000ac0        0x8 /usr/lib/gcc/avr/5.4.0/../../../avr/lib/avr5/crtatmega32u4.o
 *(.init9)
 *(.text)
 .text          0x0000000000000ac8        0x4 /usr/lib/gcc/avr/5.4.0/../../../avr/lib/avr5/crtatmega32u4.o
                0x0000000000000ac8                __vector_38
                0x0000000000000ac8                __vector_22
                0x0000000000000ac8                __vector_28
                0x0000000000000ac8                __vector_32
                0x0000000000000ac8                __vector_34
                0x0000000000000ac8                __vector_24
                0x0000000000000ac8                __bad_interrupt
                0x0000000000000ac8                __vector_6
                0x0000000000000ac8                __vector_31
                0x0000000000000ac8                __vector_35
                0x0000000000000ac8                __vector_39
                0x0000000000000ac8                __vector_3
                0x0000000000000ac8                __vector_23
                0x0000000000000ac8                __vector_30
                0x0000000000000ac8                __vector_25
                0x0000000000000ac8                __vector_13
                0x0000000000000ac8                __vector_17
                0x0000000000000ac8                __vector_19
                0x0000000000000ac8                __vector_7
                0x0000000000000ac8                __vector_41
                0x0000000000000ac8                __vector_27
                0x0000000000000ac8                __vector_5
                0x0000000000000ac8                __vector_33
                0x0000000000000ac8                __vector_37
                0x0000000000000ac8                __vector_4
                0x0000000000000ac8                __vector_9
                0x0000000000000ac8                __vector_2
                0x0000000000000ac8                __vector_15
                0x0000000000000ac8                __vector_36
                0x0000000000000ac8                __vector_29
                0x0000000000000ac8                __vector_40
                0x0000000000000ac8                __vector_8
                0x0000000000000ac8                __vector_26
                0x0000000000000ac8                __vector_14
                0x0000000000000ac8                __vector_16
                0x0000000000000ac8                __vector_18
                0x0000000000000ac8                __vector_20
                0x0000000000000ac8                __vector_42
                0x0000000000000acc                . = ALIGN (0x2)
 *(.text.*)
 .text.matrix_scan_user
                0x0000000000000acc        0x2 .build/obj_Dactylv2_rev2_Noah/matrix.o
                0x0000000000000acc                matrix_scan_user
 .text.matrix_init_user
                0x0000000000000ace        0x4 .build/obj_Dactylv2_rev2_Noah/matrix.o
                0x0000000000000ace                matrix_init_user
 .text.matrix_scan_kb
                0x0000000000000ad2        0x4 .build/obj_Dactylv2_rev2_Noah/matrix.o
                0x0000000000000ad2                matrix_scan_kb
 .text.matrix_init
                0x0000000000000ad6       0xaa .build/obj_Dactylv2_rev2_Noah/matrix.o
                0x0000000000000ad6                matrix_init
 .text._matrix_scan
                0x0000000000000b80      0x1a0 .build/obj_Dactylv2_rev2_Noah/matrix.o
                0x0000000000000b80                _matrix_scan
 .text.serial_transaction
                0x0000000000000d20       0x46 .build/obj_Dactylv2_rev2_Noah/matrix.o
                0x0000000000000d20                serial_transaction
 .text.matrix_scan
                0x0000000000000d66       0x56 .build/obj_Dactylv2_rev2_Noah/matrix.o
                0x0000000000000d66                matrix_scan
 .text.matrix_slave_scan
                0x0000000000000dbc       0x32 .build/obj_Dactylv2_rev2_Noah/matrix.o
                0x0000000000000dbc                matrix_slave_scan
 .text.matrix_get_row
                0x0000000000000dee        0xc .build/obj_Dactylv2_rev2_Noah/matrix.o
                0x0000000000000dee                matrix_get_row
 .text.matrix_print
                0x0000000000000dfa        0x2 .build/obj_Dactylv2_rev2_Noah/matrix.o
                0x0000000000000dfa                matrix_print
 .text.has_usb  0x0000000000000dfc       0x1a .build/obj_Dactylv2_rev2_Noah/split_util.o
                0x0000000000000dfc                has_usb
 .text.split_keyboard_setup
                0x0000000000000e16       0x1a .build/obj_Dactylv2_rev2_Noah/split_util.o
                0x0000000000000e16                split_keyboard_setup
 .text.keyboard_slave_loop
                0x0000000000000e30        0xa .build/obj_Dactylv2_rev2_Noah/split_util.o
                0x0000000000000e30                keyboard_slave_loop
 .text.matrix_setup
                0x0000000000000e3a       0x12 .build/obj_Dactylv2_rev2_Noah/split_util.o
                0x0000000000000e3a                matrix_setup
 .text.serial_output
                0x0000000000000e4c        0x4 .build/obj_Dactylv2_rev2_Noah/serial.o
 .text.serial_input
                0x0000000000000e50        0x6 .build/obj_Dactylv2_rev2_Noah/serial.o
 .text.serial_high
                0x0000000000000e56        0x4 .build/obj_Dactylv2_rev2_Noah/serial.o
 .text.sync_recv
                0x0000000000000e5a       0x10 .build/obj_Dactylv2_rev2_Noah/serial.o
 .text.serial_read_byte
                0x0000000000000e6a       0x24 .build/obj_Dactylv2_rev2_Noah/serial.o
 .text.serial_write_byte
                0x0000000000000e8e       0x3e .build/obj_Dactylv2_rev2_Noah/serial.o
 .text.sync_send
                0x0000000000000ecc       0x10 .build/obj_Dactylv2_rev2_Noah/serial.o
 .text.serial_master_init
                0x0000000000000edc        0x8 .build/obj_Dactylv2_rev2_Noah/serial.o
                0x0000000000000edc                serial_master_init
 .text.serial_slave_init
                0x0000000000000ee4       0x12 .build/obj_Dactylv2_rev2_Noah/serial.o
                0x0000000000000ee4                serial_slave_init
 .text.__vector_1
                0x0000000000000ef6       0xca .build/obj_Dactylv2_rev2_Noah/serial.o
                0x0000000000000ef6                __vector_1
 .text.serial_update_buffers
                0x0000000000000fc0       0x9e .build/obj_Dactylv2_rev2_Noah/serial.o
                0x0000000000000fc0                serial_update_buffers
 .text.matrix_init_kb
                0x000000000000105e        0x4 .build/obj_Dactylv2_rev2_Noah/keyboards/Dactylv2/rev2/rev2.o
                0x000000000000105e                matrix_init_kb
 .text.process_record_user
                0x0000000000001062       0xaa .build/obj_Dactylv2_rev2_Noah/keyboards/Dactylv2/keymaps/Noah/keymap.o
                0x0000000000001062                process_record_user
 .text.action_get_macro
                0x000000000000110c      0x2ca .build/obj_Dactylv2_rev2_Noah/keyboards/Dactylv2/keymaps/Noah/keymap.o
                0x000000000000110c                action_get_macro
 .text.process_action_kb
                0x00000000000013d6        0x4 .build/obj_Dactylv2_rev2_Noah/quantum/quantum.o
                0x00000000000013d6                process_action_kb
 .text.process_record_kb
                0x00000000000013da        0x4 .build/obj_Dactylv2_rev2_Noah/quantum/quantum.o
                0x00000000000013da                process_record_kb
 .text.reset_keyboard
                0x00000000000013de       0x26 .build/obj_Dactylv2_rev2_Noah/quantum/quantum.o
                0x00000000000013de                reset_keyboard
 .text.process_record_quantum
                0x0000000000001404      0x302 .build/obj_Dactylv2_rev2_Noah/quantum/quantum.o
                0x0000000000001404                process_record_quantum
 .text.send_char
                0x0000000000001706       0x3c .build/obj_Dactylv2_rev2_Noah/quantum/quantum.o
                0x0000000000001706                send_char
 .text.send_string_with_delay_P
                0x0000000000001742       0x74 .build/obj_Dactylv2_rev2_Noah/quantum/quantum.o
                0x0000000000001742                send_string_with_delay_P
 .text.send_string_P
                0x00000000000017b6        0x6 .build/obj_Dactylv2_rev2_Noah/quantum/quantum.o
                0x00000000000017b6                send_string_P
 .text.matrix_init_quantum
                0x00000000000017bc        0x4 .build/obj_Dactylv2_rev2_Noah/quantum/quantum.o
                0x00000000000017bc                matrix_init_quantum
 .text.matrix_scan_quantum
                0x00000000000017c0        0x8 .build/obj_Dactylv2_rev2_Noah/quantum/quantum.o
                0x00000000000017c0                matrix_scan_quantum
 .text.led_set_user
                0x00000000000017c8        0x2 .build/obj_Dactylv2_rev2_Noah/quantum/quantum.o
                0x00000000000017c8                led_set_user
 .text.led_set_kb
                0x00000000000017ca        0x4 .build/obj_Dactylv2_rev2_Noah/quantum/quantum.o
                0x00000000000017ca                led_set_kb
 .text.led_set  0x00000000000017ce        0x4 .build/obj_Dactylv2_rev2_Noah/quantum/quantum.o
                0x00000000000017ce                led_set
 .text.action_function
                0x00000000000017d2        0x2 .build/obj_Dactylv2_rev2_Noah/quantum/keymap_common.o
                0x00000000000017d2                action_function
 .text.keymap_key_to_keycode
                0x00000000000017d4       0x26 .build/obj_Dactylv2_rev2_Noah/quantum/keymap_common.o
                0x00000000000017d4                keymap_key_to_keycode
 .text.keymap_function_id_to_action
                0x00000000000017fa       0x10 .build/obj_Dactylv2_rev2_Noah/quantum/keymap_common.o
                0x00000000000017fa                keymap_function_id_to_action
 .text.action_for_key
                0x000000000000180a      0x348 .build/obj_Dactylv2_rev2_Noah/quantum/keymap_common.o
                0x000000000000180a                action_for_key
 .text.keycode_config
                0x0000000000001b52       0xf8 .build/obj_Dactylv2_rev2_Noah/quantum/keycode_config.o
                0x0000000000001b52                keycode_config
 .text.mod_config
                0x0000000000001c4a       0x46 .build/obj_Dactylv2_rev2_Noah/quantum/keycode_config.o
                0x0000000000001c4a                mod_config
 .text.leader_start
                0x0000000000001c90        0x2 .build/obj_Dactylv2_rev2_Noah/quantum/process_keycode/process_leader.o
                0x0000000000001c90                leader_start
 .text.process_leader
                0x0000000000001c92       0x9e .build/obj_Dactylv2_rev2_Noah/quantum/process_keycode/process_leader.o
                0x0000000000001c92                process_leader
 .text.process_tap_dance_action_on_dance_finished.part.0
                0x0000000000001d30       0x36 .build/obj_Dactylv2_rev2_Noah/quantum/process_keycode/process_tap_dance.o
 .text.reset_tap_dance
                0x0000000000001d66       0x8a .build/obj_Dactylv2_rev2_Noah/quantum/process_keycode/process_tap_dance.o
                0x0000000000001d66                reset_tap_dance
 .text.preprocess_tap_dance
                0x0000000000001df0       0x8a .build/obj_Dactylv2_rev2_Noah/quantum/process_keycode/process_tap_dance.o
                0x0000000000001df0                preprocess_tap_dance
 .text.process_tap_dance
                0x0000000000001e7a       0xb8 .build/obj_Dactylv2_rev2_Noah/quantum/process_keycode/process_tap_dance.o
                0x0000000000001e7a                process_tap_dance
 .text.matrix_scan_tap_dance
                0x0000000000001f32       0xa6 .build/obj_Dactylv2_rev2_Noah/quantum/process_keycode/process_tap_dance.o
                0x0000000000001f32                matrix_scan_tap_dance
 .text.host_set_driver
                0x0000000000001fd8        0xa .build/obj_Dactylv2_rev2_Noah/common/host.o
                0x0000000000001fd8                host_set_driver
 .text.host_keyboard_leds
                0x0000000000001fe2       0x18 .build/obj_Dactylv2_rev2_Noah/common/host.o
                0x0000000000001fe2                host_keyboard_leds
 .text.host_keyboard_send
                0x0000000000001ffa       0x16 .build/obj_Dactylv2_rev2_Noah/common/host.o
                0x0000000000001ffa                host_keyboard_send
 .text.host_mouse_send
                0x0000000000002010       0x16 .build/obj_Dactylv2_rev2_Noah/common/host.o
                0x0000000000002010                host_mouse_send
 .text.host_system_send
                0x0000000000002026       0x2c .build/obj_Dactylv2_rev2_Noah/common/host.o
                0x0000000000002026                host_system_send
 .text.host_consumer_send
                0x0000000000002052       0x2c .build/obj_Dactylv2_rev2_Noah/common/host.o
                0x0000000000002052                host_consumer_send
 .text.keyboard_setup
                0x000000000000207e        0x4 .build/obj_Dactylv2_rev2_Noah/common/keyboard.o
                0x000000000000207e                keyboard_setup
 .text.is_keyboard_master
                0x0000000000002082        0x4 .build/obj_Dactylv2_rev2_Noah/common/keyboard.o
                0x0000000000002082                is_keyboard_master
 .text.keyboard_init
                0x0000000000002086        0xc .build/obj_Dactylv2_rev2_Noah/common/keyboard.o
                0x0000000000002086                keyboard_init
 .text.keyboard_task
                0x0000000000002092      0x152 .build/obj_Dactylv2_rev2_Noah/common/keyboard.o
                0x0000000000002092                keyboard_task
 .text.action_exec
                0x00000000000021e4       0x5c .build/obj_Dactylv2_rev2_Noah/common/action.o
                0x00000000000021e4                action_exec
 .text.process_record_tap_hint
                0x0000000000002240        0xc .build/obj_Dactylv2_rev2_Noah/common/action.o
                0x0000000000002240                process_record_tap_hint
 .text.register_code
                0x000000000000224c      0x204 .build/obj_Dactylv2_rev2_Noah/common/action.o
                0x000000000000224c                register_code
 .text.unregister_code
                0x0000000000002450       0xbe .build/obj_Dactylv2_rev2_Noah/common/action.o
                0x0000000000002450                unregister_code
 .text.register_mods
                0x000000000000250e        0xe .build/obj_Dactylv2_rev2_Noah/common/action.o
                0x000000000000250e                register_mods
 .text.unregister_mods
                0x000000000000251c        0xe .build/obj_Dactylv2_rev2_Noah/common/action.o
                0x000000000000251c                unregister_mods
 .text.process_action
                0x000000000000252a      0x4c0 .build/obj_Dactylv2_rev2_Noah/common/action.o
                0x000000000000252a                process_action
 .text.process_record
                0x00000000000029ea       0x5c .build/obj_Dactylv2_rev2_Noah/common/action.o
                0x00000000000029ea                process_record
 .text.clear_keyboard_but_mods
                0x0000000000002a46       0x30 .build/obj_Dactylv2_rev2_Noah/common/action.o
                0x0000000000002a46                clear_keyboard_but_mods
 .text.clear_keyboard
                0x0000000000002a76        0x8 .build/obj_Dactylv2_rev2_Noah/common/action.o
                0x0000000000002a76                clear_keyboard
 .text.is_tap_key
                0x0000000000002a7e       0x4c .build/obj_Dactylv2_rev2_Noah/common/action.o
                0x0000000000002a7e                is_tap_key
 .text.debug_event
                0x0000000000002aca       0x1e .build/obj_Dactylv2_rev2_Noah/common/action.o
                0x0000000000002aca                debug_event
 .text.debug_record
                0x0000000000002ae8       0x20 .build/obj_Dactylv2_rev2_Noah/common/action.o
                0x0000000000002ae8                debug_record
 .text.debug_waiting_buffer
                0x0000000000002b08       0x42 .build/obj_Dactylv2_rev2_Noah/common/action_tapping.o
 .text.debug_tapping_key
                0x0000000000002b4a       0x1c .build/obj_Dactylv2_rev2_Noah/common/action_tapping.o
 .text.waiting_buffer_typed.isra.1
                0x0000000000002b66       0x40 .build/obj_Dactylv2_rev2_Noah/common/action_tapping.o
 .text.waiting_buffer_scan_tap
                0x0000000000002ba6       0xd0 .build/obj_Dactylv2_rev2_Noah/common/action_tapping.o
 .text.process_tapping
                0x0000000000002c76      0x40e .build/obj_Dactylv2_rev2_Noah/common/action_tapping.o
 .text.action_tapping_process
                0x0000000000003084      0x15c .build/obj_Dactylv2_rev2_Noah/common/action_tapping.o
                0x0000000000003084                action_tapping_process
 .text.action_macro_play
                0x00000000000031e0       0xfa .build/obj_Dactylv2_rev2_Noah/common/action_macro.o
                0x00000000000031e0                action_macro_play
 .text.default_layer_debug
                0x00000000000032da        0x2 .build/obj_Dactylv2_rev2_Noah/common/action_layer.o
                0x00000000000032da                default_layer_debug
 .text.layer_state_set_user
                0x00000000000032dc        0x2 .build/obj_Dactylv2_rev2_Noah/common/action_layer.o
                0x00000000000032dc                layer_state_set_user
 .text.default_layer_state_set_kb
                0x00000000000032de        0x4 .build/obj_Dactylv2_rev2_Noah/common/action_layer.o
                0x00000000000032de                default_layer_state_set_kb
 .text.default_layer_state_set
                0x00000000000032e2       0x18 .build/obj_Dactylv2_rev2_Noah/common/action_layer.o
 .text.default_layer_set
                0x00000000000032fa        0x4 .build/obj_Dactylv2_rev2_Noah/common/action_layer.o
                0x00000000000032fa                default_layer_set
 .text.default_layer_or
                0x00000000000032fe       0x24 .build/obj_Dactylv2_rev2_Noah/common/action_layer.o
                0x00000000000032fe                default_layer_or
 .text.default_layer_and
                0x0000000000003322       0x24 .build/obj_Dactylv2_rev2_Noah/common/action_layer.o
                0x0000000000003322                default_layer_and
 .text.default_layer_xor
                0x0000000000003346       0x24 .build/obj_Dactylv2_rev2_Noah/common/action_layer.o
                0x0000000000003346                default_layer_xor
 .text.layer_state_set_kb
                0x000000000000336a        0x4 .build/obj_Dactylv2_rev2_Noah/common/action_layer.o
                0x000000000000336a                layer_state_set_kb
 .text.layer_state_set
                0x000000000000336e       0x18 .build/obj_Dactylv2_rev2_Noah/common/action_layer.o
                0x000000000000336e                layer_state_set
 .text.layer_clear
                0x0000000000003386        0xa .build/obj_Dactylv2_rev2_Noah/common/action_layer.o
                0x0000000000003386                layer_clear
 .text.layer_move
                0x0000000000003390       0x2a .build/obj_Dactylv2_rev2_Noah/common/action_layer.o
                0x0000000000003390                layer_move
 .text.layer_on
                0x00000000000033ba       0x42 .build/obj_Dactylv2_rev2_Noah/common/action_layer.o
                0x00000000000033ba                layer_on
 .text.layer_off
                0x00000000000033fc       0x4a .build/obj_Dactylv2_rev2_Noah/common/action_layer.o
                0x00000000000033fc                layer_off
 .text.layer_invert
                0x0000000000003446       0x42 .build/obj_Dactylv2_rev2_Noah/common/action_layer.o
                0x0000000000003446                layer_invert
 .text.layer_or
                0x0000000000003488       0x24 .build/obj_Dactylv2_rev2_Noah/common/action_layer.o
                0x0000000000003488                layer_or
 .text.layer_and
                0x00000000000034ac       0x24 .build/obj_Dactylv2_rev2_Noah/common/action_layer.o
                0x00000000000034ac                layer_and
 .text.layer_xor
                0x00000000000034d0       0x24 .build/obj_Dactylv2_rev2_Noah/common/action_layer.o
                0x00000000000034d0                layer_xor
 .text.layer_debug
                0x00000000000034f4        0x2 .build/obj_Dactylv2_rev2_Noah/common/action_layer.o
                0x00000000000034f4                layer_debug
 .text.update_source_layers_cache
                0x00000000000034f6       0x58 .build/obj_Dactylv2_rev2_Noah/common/action_layer.o
                0x00000000000034f6                update_source_layers_cache
 .text.read_source_layers_cache
                0x000000000000354e       0x5a .build/obj_Dactylv2_rev2_Noah/common/action_layer.o
                0x000000000000354e                read_source_layers_cache
 .text.layer_switch_get_layer
                0x00000000000035a8       0x7e .build/obj_Dactylv2_rev2_Noah/common/action_layer.o
                0x00000000000035a8                layer_switch_get_layer
 .text.layer_switch_get_action
                0x0000000000003626       0x16 .build/obj_Dactylv2_rev2_Noah/common/action_layer.o
                0x0000000000003626                layer_switch_get_action
 .text.store_or_get_action
                0x000000000000363c       0x46 .build/obj_Dactylv2_rev2_Noah/common/action_layer.o
                0x000000000000363c                store_or_get_action
 .text.get_oneshot_layer
                0x0000000000003682        0xc .build/obj_Dactylv2_rev2_Noah/common/action_util.o
                0x0000000000003682                get_oneshot_layer
 .text.get_oneshot_layer_state
                0x000000000000368e        0x8 .build/obj_Dactylv2_rev2_Noah/common/action_util.o
                0x000000000000368e                get_oneshot_layer_state
 .text.set_oneshot_layer
                0x0000000000003696       0x12 .build/obj_Dactylv2_rev2_Noah/common/action_util.o
                0x0000000000003696                set_oneshot_layer
 .text.clear_oneshot_layer_state
                0x00000000000036a8       0x2e .build/obj_Dactylv2_rev2_Noah/common/action_util.o
                0x00000000000036a8                clear_oneshot_layer_state
 .text.is_oneshot_layer_active
                0x00000000000036d6        0xe .build/obj_Dactylv2_rev2_Noah/common/action_util.o
                0x00000000000036d6                is_oneshot_layer_active
 .text.send_keyboard_report
                0x00000000000036e4       0x66 .build/obj_Dactylv2_rev2_Noah/common/action_util.o
                0x00000000000036e4                send_keyboard_report
 .text.get_mods
                0x000000000000374a        0x6 .build/obj_Dactylv2_rev2_Noah/common/action_util.o
                0x000000000000374a                get_mods
 .text.add_mods
                0x0000000000003750        0xc .build/obj_Dactylv2_rev2_Noah/common/action_util.o
                0x0000000000003750                add_mods
 .text.del_mods
                0x000000000000375c        0xe .build/obj_Dactylv2_rev2_Noah/common/action_util.o
                0x000000000000375c                del_mods
 .text.clear_mods
                0x000000000000376a        0x6 .build/obj_Dactylv2_rev2_Noah/common/action_util.o
                0x000000000000376a                clear_mods
 .text.get_weak_mods
                0x0000000000003770        0x6 .build/obj_Dactylv2_rev2_Noah/common/action_util.o
                0x0000000000003770                get_weak_mods
 .text.add_weak_mods
                0x0000000000003776        0xc .build/obj_Dactylv2_rev2_Noah/common/action_util.o
                0x0000000000003776                add_weak_mods
 .text.del_weak_mods
                0x0000000000003782        0xe .build/obj_Dactylv2_rev2_Noah/common/action_util.o
                0x0000000000003782                del_weak_mods
 .text.clear_weak_mods
                0x0000000000003790        0x6 .build/obj_Dactylv2_rev2_Noah/common/action_util.o
                0x0000000000003790                clear_weak_mods
 .text.add_macro_mods
                0x0000000000003796        0xc .build/obj_Dactylv2_rev2_Noah/common/action_util.o
                0x0000000000003796                add_macro_mods
 .text.del_macro_mods
                0x00000000000037a2        0xe .build/obj_Dactylv2_rev2_Noah/common/action_util.o
                0x00000000000037a2                del_macro_mods
 .text.clear_macro_mods
                0x00000000000037b0        0x6 .build/obj_Dactylv2_rev2_Noah/common/action_util.o
                0x00000000000037b0                clear_macro_mods
 .text.set_oneshot_mods
                0x00000000000037b6        0x6 .build/obj_Dactylv2_rev2_Noah/common/action_util.o
                0x00000000000037b6                set_oneshot_mods
 .text.clear_oneshot_mods
                0x00000000000037bc        0x6 .build/obj_Dactylv2_rev2_Noah/common/action_util.o
                0x00000000000037bc                clear_oneshot_mods
 .text.get_oneshot_mods
                0x00000000000037c2        0x6 .build/obj_Dactylv2_rev2_Noah/common/action_util.o
                0x00000000000037c2                get_oneshot_mods
 .text.eeconfig_init
                0x00000000000037c8       0x34 .build/obj_Dactylv2_rev2_Noah/common/eeconfig.o
                0x00000000000037c8                eeconfig_init
 .text.eeconfig_is_enabled
                0x00000000000037fc       0x16 .build/obj_Dactylv2_rev2_Noah/common/eeconfig.o
                0x00000000000037fc                eeconfig_is_enabled
 .text.eeconfig_read_debug
                0x0000000000003812        0x8 .build/obj_Dactylv2_rev2_Noah/common/eeconfig.o
                0x0000000000003812                eeconfig_read_debug
 .text.eeconfig_read_default_layer
                0x000000000000381a        0x8 .build/obj_Dactylv2_rev2_Noah/common/eeconfig.o
                0x000000000000381a                eeconfig_read_default_layer
 .text.eeconfig_read_keymap
                0x0000000000003822        0x8 .build/obj_Dactylv2_rev2_Noah/common/eeconfig.o
                0x0000000000003822                eeconfig_read_keymap
 .text.eeconfig_update_keymap
                0x000000000000382a        0xa .build/obj_Dactylv2_rev2_Noah/common/eeconfig.o
                0x000000000000382a                eeconfig_update_keymap
 .text.has_anykey
                0x0000000000003834       0x1a .build/obj_Dactylv2_rev2_Noah/common/report.o
                0x0000000000003834                has_anykey
 .text.add_key_byte
                0x000000000000384e       0x34 .build/obj_Dactylv2_rev2_Noah/common/report.o
                0x000000000000384e                add_key_byte
 .text.del_key_byte
                0x0000000000003882       0x1a .build/obj_Dactylv2_rev2_Noah/common/report.o
                0x0000000000003882                del_key_byte
 .text.add_key_to_report
                0x000000000000389c        0x4 .build/obj_Dactylv2_rev2_Noah/common/report.o
                0x000000000000389c                add_key_to_report
 .text.del_key_from_report
                0x00000000000038a0        0x4 .build/obj_Dactylv2_rev2_Noah/common/report.o
                0x00000000000038a0                del_key_from_report
 .text.clear_keys_from_report
                0x00000000000038a4       0x10 .build/obj_Dactylv2_rev2_Noah/common/report.o
                0x00000000000038a4                clear_keys_from_report
 .text.suspend_power_down
                0x00000000000038b4       0x58 .build/obj_Dactylv2_rev2_Noah/common/avr/suspend.o
                0x00000000000038b4                suspend_power_down
 .text.matrix_power_down
                0x000000000000390c        0x2 .build/obj_Dactylv2_rev2_Noah/common/avr/suspend.o
                0x000000000000390c                matrix_power_down
 .text.matrix_power_up
                0x000000000000390e        0x4 .build/obj_Dactylv2_rev2_Noah/common/avr/suspend.o
                0x000000000000390e                matrix_power_up
 .text.suspend_wakeup_condition
                0x0000000000003912       0x28 .build/obj_Dactylv2_rev2_Noah/common/avr/suspend.o
                0x0000000000003912                suspend_wakeup_condition
 .text.suspend_wakeup_init
                0x000000000000393a        0xc .build/obj_Dactylv2_rev2_Noah/common/avr/suspend.o
                0x000000000000393a                suspend_wakeup_init
 .text.__vector_12
                0x0000000000003946       0x52 .build/obj_Dactylv2_rev2_Noah/common/avr/suspend.o
                0x0000000000003946                __vector_12
 .text.timer_init
                0x0000000000003998       0x12 .build/obj_Dactylv2_rev2_Noah/common/avr/timer.o
                0x0000000000003998                timer_init
 .text.timer_read
                0x00000000000039aa       0x18 .build/obj_Dactylv2_rev2_Noah/common/avr/timer.o
                0x00000000000039aa                timer_read
 .text.timer_elapsed
                0x00000000000039c2       0x54 .build/obj_Dactylv2_rev2_Noah/common/avr/timer.o
                0x00000000000039c2                timer_elapsed
 .text.__vector_21
                0x0000000000003a16       0x4c .build/obj_Dactylv2_rev2_Noah/common/avr/timer.o
                0x0000000000003a16                __vector_21
 .text.bootloader_jump
                0x0000000000003a62       0x22 .build/obj_Dactylv2_rev2_Noah/common/avr/bootloader.o
                0x0000000000003a62                bootloader_jump
 .text.magic    0x0000000000003a84       0x32 .build/obj_Dactylv2_rev2_Noah/common/magic.o
                0x0000000000003a84                magic
 .text.move_unit
                0x0000000000003ab6       0x92 .build/obj_Dactylv2_rev2_Noah/common/mousekey.o
 .text.wheel_unit
                0x0000000000003b48       0x72 .build/obj_Dactylv2_rev2_Noah/common/mousekey.o
 .text.mousekey_on
                0x0000000000003bba       0xd0 .build/obj_Dactylv2_rev2_Noah/common/mousekey.o
                0x0000000000003bba                mousekey_on
 .text.mousekey_off
                0x0000000000003c8a      0x10a .build/obj_Dactylv2_rev2_Noah/common/mousekey.o
                0x0000000000003c8a                mousekey_off
 .text.mousekey_send
                0x0000000000003d94       0x16 .build/obj_Dactylv2_rev2_Noah/common/mousekey.o
                0x0000000000003d94                mousekey_send
 .text.mousekey_task
                0x0000000000003daa      0x11c .build/obj_Dactylv2_rev2_Noah/common/mousekey.o
                0x0000000000003daa                mousekey_task
 .text.mousekey_clear
                0x0000000000003ec6       0x18 .build/obj_Dactylv2_rev2_Noah/common/mousekey.o
                0x0000000000003ec6                mousekey_clear
 .text.mousekey_param_inc
                0x0000000000003ede       0xec .build/obj_Dactylv2_rev2_Noah/common/command.o
 .text.mousekey_param_dec
                0x0000000000003fca       0xa0 .build/obj_Dactylv2_rev2_Noah/common/command.o
 .text.switch_default_layer
                0x000000000000406a       0x2e .build/obj_Dactylv2_rev2_Noah/common/command.o
 .text.command_common
                0x0000000000004098      0x116 .build/obj_Dactylv2_rev2_Noah/common/command.o
 .text.command_console_extra
                0x00000000000041ae        0x4 .build/obj_Dactylv2_rev2_Noah/common/command.o
                0x00000000000041ae                command_console_extra
 .text.command_extra
                0x00000000000041b2        0x4 .build/obj_Dactylv2_rev2_Noah/common/command.o
                0x00000000000041b2                command_extra
 .text.numkey2num
                0x00000000000041b6       0x16 .build/obj_Dactylv2_rev2_Noah/common/command.o
                0x00000000000041b6                numkey2num
 .text.command_proc
                0x00000000000041cc      0x12e .build/obj_Dactylv2_rev2_Noah/common/command.o
                0x00000000000041cc                command_proc
 .text.keyboard_leds
                0x00000000000042fa        0x6 .build/obj_Dactylv2_rev2_Noah/lufa.o
 .text.send_consumer
                0x0000000000004300       0x74 .build/obj_Dactylv2_rev2_Noah/lufa.o
 .text.send_system
                0x0000000000004374       0x6c .build/obj_Dactylv2_rev2_Noah/lufa.o
 .text.send_mouse
                0x00000000000043e0       0x56 .build/obj_Dactylv2_rev2_Noah/lufa.o
 .text.send_keyboard
                0x0000000000004436       0x66 .build/obj_Dactylv2_rev2_Noah/lufa.o
 .text.EVENT_USB_Device_Connect
                0x000000000000449c       0x1c .build/obj_Dactylv2_rev2_Noah/lufa.o
                0x000000000000449c                EVENT_USB_Device_Connect
 .text.EVENT_USB_Device_Disconnect
                0x00000000000044b8        0x6 .build/obj_Dactylv2_rev2_Noah/lufa.o
                0x00000000000044b8                EVENT_USB_Device_Disconnect
 .text.EVENT_USB_Device_Reset
                0x00000000000044be        0x2 .build/obj_Dactylv2_rev2_Noah/lufa.o
                0x00000000000044be                EVENT_USB_Device_Reset
 .text.EVENT_USB_Device_Suspend
                0x00000000000044c0        0x2 .build/obj_Dactylv2_rev2_Noah/lufa.o
                0x00000000000044c0                EVENT_USB_Device_Suspend
 .text.EVENT_USB_Device_WakeUp
                0x00000000000044c2        0x4 .build/obj_Dactylv2_rev2_Noah/lufa.o
                0x00000000000044c2                EVENT_USB_Device_WakeUp
 .text.EVENT_USB_Device_ConfigurationChanged
                0x00000000000044c6       0x1e .build/obj_Dactylv2_rev2_Noah/lufa.o
                0x00000000000044c6                EVENT_USB_Device_ConfigurationChanged
 .text.EVENT_USB_Device_ControlRequest
                0x00000000000044e4      0x160 .build/obj_Dactylv2_rev2_Noah/lufa.o
                0x00000000000044e4                EVENT_USB_Device_ControlRequest
 .text.startup.main
                0x0000000000004644       0x76 .build/obj_Dactylv2_rev2_Noah/lufa.o
                0x0000000000004644                main
 .text.CALLBACK_USB_GetDescriptor
                0x00000000000046ba        0x4 .build/obj_Dactylv2_rev2_Noah/lufa.o
                0x00000000000046ba                CALLBACK_USB_GetDescriptor
 .text.get_usb_descriptor
                0x00000000000046be       0xb8 .build/obj_Dactylv2_rev2_Noah/usb_descriptor.o
                0x00000000000046be                get_usb_descriptor
 .text.set_output_user
                0x0000000000004776        0x2 .build/obj_Dactylv2_rev2_Noah/outputselect.o
                0x0000000000004776                set_output_user
 .text.set_output
                0x0000000000004778       0x10 .build/obj_Dactylv2_rev2_Noah/outputselect.o
                0x0000000000004778                set_output
 .text.auto_detect_output
                0x0000000000004788       0x10 .build/obj_Dactylv2_rev2_Noah/outputselect.o
                0x0000000000004788                auto_detect_output
 .text.where_to_send
                0x0000000000004798        0xe .build/obj_Dactylv2_rev2_Noah/outputselect.o
                0x0000000000004798                where_to_send
 .text.USB_Device_SendRemoteWakeup
                0x00000000000047a6       0x2c .build/obj_Dactylv2_rev2_Noah/./lib/lufa/LUFA/Drivers/USB/Core/AVR8/Device_AVR8.o
                0x00000000000047a6                USB_Device_SendRemoteWakeup
 .text.Endpoint_Write_Stream_LE
                0x00000000000047d2       0x96 .build/obj_Dactylv2_rev2_Noah/./lib/lufa/LUFA/Drivers/USB/Core/AVR8/EndpointStream_AVR8.o
                0x00000000000047d2                Endpoint_Write_Stream_LE
 .text.Endpoint_Write_Control_Stream_LE
                0x0000000000004868       0xbc .build/obj_Dactylv2_rev2_Noah/./lib/lufa/LUFA/Drivers/USB/Core/AVR8/EndpointStream_AVR8.o
                0x0000000000004868                Endpoint_Write_Control_Stream_LE
 .text.Endpoint_Write_Control_PStream_LE
                0x0000000000004924       0xc2 .build/obj_Dactylv2_rev2_Noah/./lib/lufa/LUFA/Drivers/USB/Core/AVR8/EndpointStream_AVR8.o
                0x0000000000004924                Endpoint_Write_Control_PStream_LE
 .text.Endpoint_ConfigureEndpoint_Prv
                0x00000000000049e6       0x6a .build/obj_Dactylv2_rev2_Noah/./lib/lufa/LUFA/Drivers/USB/Core/AVR8/Endpoint_AVR8.o
                0x00000000000049e6                Endpoint_ConfigureEndpoint_Prv
 .text.Endpoint_ClearStatusStage
                0x0000000000004a50       0x3e .build/obj_Dactylv2_rev2_Noah/./lib/lufa/LUFA/Drivers/USB/Core/AVR8/Endpoint_AVR8.o
                0x0000000000004a50                Endpoint_ClearStatusStage
 .text.Endpoint_WaitUntilReady
                0x0000000000004a8e       0x66 .build/obj_Dactylv2_rev2_Noah/./lib/lufa/LUFA/Drivers/USB/Core/AVR8/Endpoint_AVR8.o
                0x0000000000004a8e                Endpoint_WaitUntilReady
 .text.USB_Disable
                0x0000000000004af4       0x34 .build/obj_Dactylv2_rev2_Noah/./lib/lufa/LUFA/Drivers/USB/Core/AVR8/USBController_AVR8.o
                0x0000000000004af4                USB_Disable
 .text.USB_ResetInterface
                0x0000000000004b28       0x86 .build/obj_Dactylv2_rev2_Noah/./lib/lufa/LUFA/Drivers/USB/Core/AVR8/USBController_AVR8.o
                0x0000000000004b28                USB_ResetInterface
 .text.USB_Init
                0x0000000000004bae       0x22 .build/obj_Dactylv2_rev2_Noah/./lib/lufa/LUFA/Drivers/USB/Core/AVR8/USBController_AVR8.o
                0x0000000000004bae                USB_Init
 .text.USB_INT_DisableAllInterrupts
                0x0000000000004bd0       0x10 .build/obj_Dactylv2_rev2_Noah/./lib/lufa/LUFA/Drivers/USB/Core/AVR8/USBInterrupt_AVR8.o
                0x0000000000004bd0                USB_INT_DisableAllInterrupts
 .text.USB_INT_ClearAllInterrupts
                0x0000000000004be0        0xa .build/obj_Dactylv2_rev2_Noah/./lib/lufa/LUFA/Drivers/USB/Core/AVR8/USBInterrupt_AVR8.o
                0x0000000000004be0                USB_INT_ClearAllInterrupts
 .text.__vector_10
                0x0000000000004bea      0x1a4 .build/obj_Dactylv2_rev2_Noah/./lib/lufa/LUFA/Drivers/USB/Core/AVR8/USBInterrupt_AVR8.o
                0x0000000000004bea                __vector_10
 .text.__vector_11
                0x0000000000004d8e       0x88 .build/obj_Dactylv2_rev2_Noah/./lib/lufa/LUFA/Drivers/USB/Core/AVR8/USBInterrupt_AVR8.o
                0x0000000000004d8e                __vector_11
 .text.USB_Device_ProcessControlRequest
                0x0000000000004e16      0x2c0 .build/obj_Dactylv2_rev2_Noah/./lib/lufa/LUFA/Drivers/USB/Core/DeviceStandardReq.o
                0x0000000000004e16                USB_Device_ProcessControlRequest
 .text.USB_Event_Stub
                0x00000000000050d6        0x2 .build/obj_Dactylv2_rev2_Noah/./lib/lufa/LUFA/Drivers/USB/Core/Events.o
                0x00000000000050d6                USB_Event_Stub
                0x00000000000050d6                EVENT_USB_Device_StartOfFrame
 .text.USB_USBTask
                0x00000000000050d8       0x36 .build/obj_Dactylv2_rev2_Noah/./lib/lufa/LUFA/Drivers/USB/Core/USBTask.o
                0x00000000000050d8                USB_USBTask
 .text.libgcc.div
                0x000000000000510e       0x28 /usr/lib/gcc/avr/5.4.0/avr5/libgcc.a(_divmodhi4.o)
                0x000000000000510e                __divmodhi4
                0x000000000000510e                _div
 .text.libgcc   0x0000000000005136        0xc /usr/lib/gcc/avr/5.4.0/avr5/libgcc.a(_tablejump2.o)
                0x0000000000005136                __tablejump2__
 .text.libgcc.div
                0x0000000000005142       0x28 /usr/lib/gcc/avr/5.4.0/avr5/libgcc.a(_udivmodhi4.o)
                0x0000000000005142                __udivmodhi4
 .text.avr-libc
                0x000000000000516a       0x10 /usr/lib/gcc/avr/5.4.0/../../../avr/lib/avr5/libatmega32u4.a(eerd_byte.o)
                0x000000000000516a                eeprom_read_byte
 .text.avr-libc
                0x000000000000517a        0xc /usr/lib/gcc/avr/5.4.0/../../../avr/lib/avr5/libatmega32u4.a(eerd_word.o)
                0x000000000000517a                eeprom_read_word
 .text.avr-libc
                0x0000000000005186       0x24 /usr/lib/gcc/avr/5.4.0/../../../avr/lib/avr5/libatmega32u4.a(eeupd_byte.o)
                0x0000000000005186                eeprom_update_byte
                0x0000000000005188                eeprom_update_r18
 .text.avr-libc
                0x00000000000051aa        0xc /usr/lib/gcc/avr/5.4.0/../../../avr/lib/avr5/libatmega32u4.a(eeupd_word.o)
                0x00000000000051aa                eeprom_update_word
 .text.avr-libc
                0x00000000000051b6       0x20 /usr/lib/gcc/avr/5.4.0/../../../avr/lib/avr5/libatmega32u4.a(eerd_block.o)
                0x00000000000051b6                eeprom_read_block
                0x00000000000051ba                eeprom_read_blraw
                0x00000000000051d6                . = ALIGN (0x2)
 *(.fini9)
 .fini9         0x00000000000051d6        0x0 /usr/lib/gcc/avr/5.4.0/avr5/libgcc.a(_exit.o)
                0x00000000000051d6                exit
                0x00000000000051d6                _exit
 *(.fini9)
 *(.fini8)
 *(.fini8)
 *(.fini7)
 *(.fini7)
 *(.fini6)
 *(.fini6)
 *(.fini5)
 *(.fini5)
 *(.fini4)
 *(.fini4)
 *(.fini3)
 *(.fini3)
 *(.fini2)
 *(.fini2)
 *(.fini1)
 *(.fini1)
 *(.fini0)
 .fini0         0x00000000000051d6        0x4 /usr/lib/gcc/avr/5.4.0/avr5/libgcc.a(_exit.o)
 *(.fini0)
                0x00000000000051da                _etext = .

.data           0x0000000000800100       0x42 load address 0x00000000000051da
                0x0000000000800100                PROVIDE (__data_start, .)
 *(.data)
 *(.data*)
 .data.isLeftHand
                0x0000000000800100        0x1 .build/obj_Dactylv2_rev2_Noah/split_util.o
                0x0000000000800100                isLeftHand
 .data.highest_td
                0x0000000000800101        0x1 .build/obj_Dactylv2_rev2_Noah/quantum/process_keycode/process_tap_dance.o
 .data.keyboard_report
                0x0000000000800102        0x2 .build/obj_Dactylv2_rev2_Noah/common/action_util.o
                0x0000000000800102                keyboard_report
 .data.mk_wheel_time_to_max
                0x0000000000800104        0x1 .build/obj_Dactylv2_rev2_Noah/common/mousekey.o
                0x0000000000800104                mk_wheel_time_to_max
 .data.mk_wheel_max_speed
                0x0000000000800105        0x1 .build/obj_Dactylv2_rev2_Noah/common/mousekey.o
                0x0000000000800105                mk_wheel_max_speed
 .data.mk_time_to_max
                0x0000000000800106        0x1 .build/obj_Dactylv2_rev2_Noah/common/mousekey.o
                0x0000000000800106                mk_time_to_max
 .data.mk_max_speed
                0x0000000000800107        0x1 .build/obj_Dactylv2_rev2_Noah/common/mousekey.o
                0x0000000000800107                mk_max_speed
 .data.mk_interval
                0x0000000000800108        0x1 .build/obj_Dactylv2_rev2_Noah/common/mousekey.o
                0x0000000000800108                mk_interval
 .data.mk_delay
                0x0000000000800109        0x1 .build/obj_Dactylv2_rev2_Noah/common/mousekey.o
                0x0000000000800109                mk_delay
 .data.lufa_driver
                0x000000000080010a        0xa .build/obj_Dactylv2_rev2_Noah/lufa.o
                0x000000000080010a                lufa_driver
 .data.keyboard_protocol
                0x0000000000800114        0x1 .build/obj_Dactylv2_rev2_Noah/lufa.o
                0x0000000000800114                keyboard_protocol
 *(.rodata)
 *(.rodata*)
 .rodata.col_pins
                0x0000000000800115        0x6 .build/obj_Dactylv2_rev2_Noah/matrix.o
 .rodata.row_pins
                0x000000000080011b        0xe .build/obj_Dactylv2_rev2_Noah/matrix.o
 .rodata.CSWTCH.57
                0x0000000000800129        0xa .build/obj_Dactylv2_rev2_Noah/common/command.o
 .rodata.CSWTCH.3
                0x0000000000800133        0x3 .build/obj_Dactylv2_rev2_Noah/usb_descriptor.o
 .rodata.CSWTCH.2
                0x0000000000800136        0x6 .build/obj_Dactylv2_rev2_Noah/usb_descriptor.o
 .rodata.CSWTCH.1
                0x000000000080013c        0x6 .build/obj_Dactylv2_rev2_Noah/usb_descriptor.o
 *(.gnu.linkonce.d*)
                0x0000000000800142                . = ALIGN (0x2)
                0x0000000000800142                _edata = .
                0x0000000000800142                PROVIDE (__data_end, .)

.bss            0x0000000000800142      0x10e
                0x0000000000800142                PROVIDE (__bss_start, .)
 *(.bss)
 *(.bss*)
 .bss.matrix    0x0000000000800142        0xe .build/obj_Dactylv2_rev2_Noah/matrix.o
 .bss.error_count
                0x0000000000800150        0x1 .build/obj_Dactylv2_rev2_Noah/matrix.o
 .bss.matrix_debouncing
                0x0000000000800151        0xe .build/obj_Dactylv2_rev2_Noah/matrix.o
 .bss.debouncing
                0x000000000080015f        0x1 .build/obj_Dactylv2_rev2_Noah/matrix.o
 .bss.debouncing_time
                0x0000000000800160        0x2 .build/obj_Dactylv2_rev2_Noah/matrix.o
 .bss.status    0x0000000000800162        0x1 .build/obj_Dactylv2_rev2_Noah/serial.o
                0x0000000000800162                status
 .bss.serial_master_buffer
                0x0000000000800163        0x1 .build/obj_Dactylv2_rev2_Noah/serial.o
                0x0000000000800163                serial_master_buffer
 .bss.serial_slave_buffer
                0x0000000000800164        0x7 .build/obj_Dactylv2_rev2_Noah/serial.o
                0x0000000000800164                serial_slave_buffer
 .bss.tap_dance_actions
                0x000000000080016b        0x0 .build/obj_Dactylv2_rev2_Noah/keyboards/Dactylv2/keymaps/Noah/keymap.o
                0x000000000080016b                tap_dance_actions
 .bss.pressed_something_else_gui
                0x000000000080016b        0x1 .build/obj_Dactylv2_rev2_Noah/keyboards/Dactylv2/keymaps/Noah/keymap.o
                0x000000000080016b                pressed_something_else_gui
 .bss.pressed_something_else
                0x000000000080016c        0x1 .build/obj_Dactylv2_rev2_Noah/keyboards/Dactylv2/keymaps/Noah/keymap.o
                0x000000000080016c                pressed_something_else
 .bss.select_active
                0x000000000080016d        0x1 .build/obj_Dactylv2_rev2_Noah/keyboards/Dactylv2/keymaps/Noah/keymap.o
                0x000000000080016d                select_active
 .bss.alt_down  0x000000000080016e        0x1 .build/obj_Dactylv2_rev2_Noah/keyboards/Dactylv2/keymaps/Noah/keymap.o
                0x000000000080016e                alt_down
 .bss.gui_down  0x000000000080016f        0x1 .build/obj_Dactylv2_rev2_Noah/keyboards/Dactylv2/keymaps/Noah/keymap.o
                0x000000000080016f                gui_down
 .bss.space_shift_down
                0x0000000000800170        0x1 .build/obj_Dactylv2_rev2_Noah/keyboards/Dactylv2/keymaps/Noah/keymap.o
                0x0000000000800170                space_shift_down
 .bss.shift_down
                0x0000000000800171        0x1 .build/obj_Dactylv2_rev2_Noah/keyboards/Dactylv2/keymaps/Noah/keymap.o
                0x0000000000800171                shift_down
 .bss.grave_esc_was_shifted
                0x0000000000800172        0x1 .build/obj_Dactylv2_rev2_Noah/quantum/quantum.o
 .bss.scs_timer
                0x0000000000800173        0x4 .build/obj_Dactylv2_rev2_Noah/quantum/quantum.o
 .bss.shift_interrupted
                0x0000000000800177        0x2 .build/obj_Dactylv2_rev2_Noah/quantum/quantum.o
 .bss.leader_sequence_size
                0x0000000000800179        0x1 .build/obj_Dactylv2_rev2_Noah/quantum/process_keycode/process_leader.o
                0x0000000000800179                leader_sequence_size
 .bss.leader_sequence
                0x000000000080017a        0xa .build/obj_Dactylv2_rev2_Noah/quantum/process_keycode/process_leader.o
                0x000000000080017a                leader_sequence
 .bss.leader_time
                0x0000000000800184        0x2 .build/obj_Dactylv2_rev2_Noah/quantum/process_keycode/process_leader.o
                0x0000000000800184                leader_time
 .bss.leading   0x0000000000800186        0x1 .build/obj_Dactylv2_rev2_Noah/quantum/process_keycode/process_leader.o
                0x0000000000800186                leading
 .bss.last_td   0x0000000000800187        0x2 .build/obj_Dactylv2_rev2_Noah/quantum/process_keycode/process_tap_dance.o
 .bss.last_consumer_report
                0x0000000000800189        0x2 .build/obj_Dactylv2_rev2_Noah/common/host.o
 .bss.last_system_report
                0x000000000080018b        0x2 .build/obj_Dactylv2_rev2_Noah/common/host.o
 .bss.driver    0x000000000080018d        0x2 .build/obj_Dactylv2_rev2_Noah/common/host.o
 .bss.led_status.2843
                0x000000000080018f        0x1 .build/obj_Dactylv2_rev2_Noah/common/keyboard.o
 .bss.matrix_prev.2842
                0x0000000000800190        0xe .build/obj_Dactylv2_rev2_Noah/common/keyboard.o
 .bss.disable_action_cache
                0x000000000080019e        0x1 .build/obj_Dactylv2_rev2_Noah/common/action.o
                0x000000000080019e                disable_action_cache
 .bss.waiting_buffer_tail
                0x000000000080019f        0x1 .build/obj_Dactylv2_rev2_Noah/common/action_tapping.o
 .bss.waiting_buffer_head
                0x00000000008001a0        0x1 .build/obj_Dactylv2_rev2_Noah/common/action_tapping.o
 .bss.waiting_buffer
                0x00000000008001a1       0x30 .build/obj_Dactylv2_rev2_Noah/common/action_tapping.o
 .bss.tapping_key
                0x00000000008001d1        0x6 .build/obj_Dactylv2_rev2_Noah/common/action_tapping.o
 .bss.source_layers_cache
                0x00000000008001d7       0x37 .build/obj_Dactylv2_rev2_Noah/common/action_layer.o
                0x00000000008001d7                source_layers_cache
 .bss.layer_state
                0x000000000080020e        0x4 .build/obj_Dactylv2_rev2_Noah/common/action_layer.o
                0x000000000080020e                layer_state
 .bss.default_layer_state
                0x0000000000800212        0x4 .build/obj_Dactylv2_rev2_Noah/common/action_layer.o
                0x0000000000800212                default_layer_state
 .bss.oneshot_layer_data
                0x0000000000800216        0x1 .build/obj_Dactylv2_rev2_Noah/common/action_util.o
 .bss.oneshot_mods
                0x0000000000800217        0x1 .build/obj_Dactylv2_rev2_Noah/common/action_util.o
 .bss.__compound_literal.0
                0x0000000000800218        0x8 .build/obj_Dactylv2_rev2_Noah/common/action_util.o
 .bss.macro_mods
                0x0000000000800220        0x1 .build/obj_Dactylv2_rev2_Noah/common/action_util.o
 .bss.weak_mods
                0x0000000000800221        0x1 .build/obj_Dactylv2_rev2_Noah/common/action_util.o
 .bss.real_mods
                0x0000000000800222        0x1 .build/obj_Dactylv2_rev2_Noah/common/action_util.o
 .bss.debug_config
                0x0000000000800223        0x1 .build/obj_Dactylv2_rev2_Noah/common/debug.o
                0x0000000000800223                debug_config
 .bss.wdt_timeout
                0x0000000000800224        0x1 .build/obj_Dactylv2_rev2_Noah/common/avr/suspend.o
 .bss.last_timer
                0x0000000000800225        0x2 .build/obj_Dactylv2_rev2_Noah/common/mousekey.o
 .bss.mousekey_accel
                0x0000000000800227        0x1 .build/obj_Dactylv2_rev2_Noah/common/mousekey.o
 .bss.mousekey_repeat
                0x0000000000800228        0x1 .build/obj_Dactylv2_rev2_Noah/common/mousekey.o
 .bss.mouse_report
                0x0000000000800229        0x5 .build/obj_Dactylv2_rev2_Noah/common/mousekey.o
 .bss.mousekey_param
                0x000000000080022e        0x1 .build/obj_Dactylv2_rev2_Noah/common/command.o
 .bss.command_state
                0x000000000080022f        0x1 .build/obj_Dactylv2_rev2_Noah/common/command.o
                0x000000000080022f                command_state
 .bss.keyboard_report_sent
                0x0000000000800230        0x8 .build/obj_Dactylv2_rev2_Noah/lufa.o
 .bss.keyboard_led_stats
                0x0000000000800238        0x1 .build/obj_Dactylv2_rev2_Noah/lufa.o
 .bss.keyboard_idle
                0x0000000000800239        0x1 .build/obj_Dactylv2_rev2_Noah/lufa.o
                0x0000000000800239                keyboard_idle
 .bss.desired_output
                0x000000000080023a        0x1 .build/obj_Dactylv2_rev2_Noah/outputselect.o
                0x000000000080023a                desired_output
 *(COMMON)
 COMMON         0x000000000080023b        0x2 .build/obj_Dactylv2_rev2_Noah/common/action.o
                0x000000000080023b                tp_buttons
 COMMON         0x000000000080023d        0x4 .build/obj_Dactylv2_rev2_Noah/common/avr/timer.o
                0x000000000080023d                timer_count
 COMMON         0x0000000000800241        0x2 .build/obj_Dactylv2_rev2_Noah/common/magic.o
                0x0000000000800241                keymap_config
 COMMON         0x0000000000800243        0x3 .build/obj_Dactylv2_rev2_Noah/./lib/lufa/LUFA/Drivers/USB/Core/DeviceStandardReq.o
                0x0000000000800243                USB_Device_ConfigurationNumber
                0x0000000000800244                USB_Device_CurrentlySelfPowered
                0x0000000000800245                USB_Device_RemoteWakeupEnabled
 COMMON         0x0000000000800246        0xa .build/obj_Dactylv2_rev2_Noah/./lib/lufa/LUFA/Drivers/USB/Core/USBTask.o
                0x0000000000800246                USB_IsInitialized
                0x0000000000800247                USB_DeviceState
                0x0000000000800248                USB_ControlRequest
                0x0000000000800250                PROVIDE (__bss_end, .)
                0x00000000000051da                __data_load_start = LOADADDR (.data)
                0x000000000000521c                __data_load_end = (__data_load_start + SIZEOF (.data))

.noinit         0x0000000000800250        0x4
                [!provide]                        PROVIDE (__noinit_start, .)
 *(.noinit*)
 .noinit        0x0000000000800250        0x4 .build/obj_Dactylv2_rev2_Noah/common/avr/bootloader.o
                0x0000000000800250                reset_key
                [!provide]                        PROVIDE (__noinit_end, .)
                0x0000000000800254                _end = .
                [!provide]                        PROVIDE (__heap_start, .)

.eeprom         0x0000000000810000        0x0
 *(.eeprom*)
                0x0000000000810000                __eeprom_end = .

.fuse
 *(.fuse)
 *(.lfuse)
 *(.hfuse)
 *(.efuse)

.lock
 *(.lock*)

.signature
 *(.signature*)

.user_signatures
 *(.user_signatures*)

.stab
 *(.stab)

.stabstr        0x0000000000000000       0x6f
 *(.stabstr)
 .stabstr       0x0000000000000000       0x6f .build/obj_Dactylv2_rev2_Noah/common/avr/xprintf.o

.stab.excl
 *(.stab.excl)

.stab.exclstr
 *(.stab.exclstr)

.stab.index
 *(.stab.index)

.stab.indexstr
 *(.stab.indexstr)

.comment        0x0000000000000000       0x11
 *(.comment)
 .comment       0x0000000000000000       0x11 .build/obj_Dactylv2_rev2_Noah/matrix.o
                                         0x12 (size before relaxing)
 .comment       0x0000000000000011       0x12 .build/obj_Dactylv2_rev2_Noah/split_util.o
 .comment       0x0000000000000011       0x12 .build/obj_Dactylv2_rev2_Noah/serial.o
 .comment       0x0000000000000011       0x12 .build/obj_Dactylv2_rev2_Noah/keyboards/Dactylv2/rev2/rev2.o
 .comment       0x0000000000000011       0x12 .build/obj_Dactylv2_rev2_Noah/keyboards/Dactylv2/keymaps/Noah/keymap.o
 .comment       0x0000000000000011       0x12 .build/obj_Dactylv2_rev2_Noah/quantum/quantum.o
 .comment       0x0000000000000011       0x12 .build/obj_Dactylv2_rev2_Noah/quantum/keymap_common.o
 .comment       0x0000000000000011       0x12 .build/obj_Dactylv2_rev2_Noah/quantum/keycode_config.o
 .comment       0x0000000000000011       0x12 .build/obj_Dactylv2_rev2_Noah/quantum/process_keycode/process_leader.o
 .comment       0x0000000000000011       0x12 .build/obj_Dactylv2_rev2_Noah/quantum/process_keycode/process_tap_dance.o
 .comment       0x0000000000000011       0x12 .build/obj_Dactylv2_rev2_Noah/common/host.o
 .comment       0x0000000000000011       0x12 .build/obj_Dactylv2_rev2_Noah/common/keyboard.o
 .comment       0x0000000000000011       0x12 .build/obj_Dactylv2_rev2_Noah/common/action.o
 .comment       0x0000000000000011       0x12 .build/obj_Dactylv2_rev2_Noah/common/action_tapping.o
 .comment       0x0000000000000011       0x12 .build/obj_Dactylv2_rev2_Noah/common/action_macro.o
 .comment       0x0000000000000011       0x12 .build/obj_Dactylv2_rev2_Noah/common/action_layer.o
 .comment       0x0000000000000011       0x12 .build/obj_Dactylv2_rev2_Noah/common/action_util.o
 .comment       0x0000000000000011       0x12 .build/obj_Dactylv2_rev2_Noah/common/debug.o
 .comment       0x0000000000000011       0x12 .build/obj_Dactylv2_rev2_Noah/common/eeconfig.o
 .comment       0x0000000000000011       0x12 .build/obj_Dactylv2_rev2_Noah/common/report.o
 .comment       0x0000000000000011       0x12 .build/obj_Dactylv2_rev2_Noah/common/avr/suspend.o
 .comment       0x0000000000000011       0x12 .build/obj_Dactylv2_rev2_Noah/common/avr/timer.o
 .comment       0x0000000000000011       0x12 .build/obj_Dactylv2_rev2_Noah/common/avr/bootloader.o
 .comment       0x0000000000000011       0x12 .build/obj_Dactylv2_rev2_Noah/common/magic.o
 .comment       0x0000000000000011       0x12 .build/obj_Dactylv2_rev2_Noah/common/mousekey.o
 .comment       0x0000000000000011       0x12 .build/obj_Dactylv2_rev2_Noah/common/command.o
 .comment       0x0000000000000011       0x12 .build/obj_Dactylv2_rev2_Noah/lufa.o
 .comment       0x0000000000000011       0x12 .build/obj_Dactylv2_rev2_Noah/usb_descriptor.o
 .comment       0x0000000000000011       0x12 .build/obj_Dactylv2_rev2_Noah/outputselect.o
 .comment       0x0000000000000011       0x12 .build/obj_Dactylv2_rev2_Noah/./lib/lufa/LUFA/Drivers/USB/Core/AVR8/Device_AVR8.o
 .comment       0x0000000000000011       0x12 .build/obj_Dactylv2_rev2_Noah/./lib/lufa/LUFA/Drivers/USB/Core/AVR8/EndpointStream_AVR8.o
 .comment       0x0000000000000011       0x12 .build/obj_Dactylv2_rev2_Noah/./lib/lufa/LUFA/Drivers/USB/Core/AVR8/Endpoint_AVR8.o
 .comment       0x0000000000000011       0x12 .build/obj_Dactylv2_rev2_Noah/./lib/lufa/LUFA/Drivers/USB/Core/AVR8/USBController_AVR8.o
 .comment       0x0000000000000011       0x12 .build/obj_Dactylv2_rev2_Noah/./lib/lufa/LUFA/Drivers/USB/Core/AVR8/USBInterrupt_AVR8.o
 .comment       0x0000000000000011       0x12 .build/obj_Dactylv2_rev2_Noah/./lib/lufa/LUFA/Drivers/USB/Core/DeviceStandardReq.o
 .comment       0x0000000000000011       0x12 .build/obj_Dactylv2_rev2_Noah/./lib/lufa/LUFA/Drivers/USB/Core/Events.o
 .comment       0x0000000000000011       0x12 .build/obj_Dactylv2_rev2_Noah/./lib/lufa/LUFA/Drivers/USB/Core/USBTask.o

.note.gnu.avr.deviceinfo
                0x0000000000000000       0x40
 .note.gnu.avr.deviceinfo
                0x0000000000000000       0x40 /usr/lib/gcc/avr/5.4.0/../../../avr/lib/avr5/crtatmega32u4.o

.note.gnu.build-id
 *(.note.gnu.build-id)

.debug
 *(.debug)

.line
 *(.line)

.debug_srcinfo
 *(.debug_srcinfo)

.debug_sfnames
 *(.debug_sfnames)

.debug_aranges  0x0000000000000000      0xcb8
 *(.debug_aranges)
 .debug_aranges
                0x0000000000000000       0xa0 .build/obj_Dactylv2_rev2_Noah/matrix.o
 .debug_aranges
                0x00000000000000a0       0x38 .build/obj_Dactylv2_rev2_Noah/split_util.o
 .debug_aranges
                0x00000000000000d8       0x70 .build/obj_Dactylv2_rev2_Noah/serial.o
 .debug_aranges
                0x0000000000000148       0x30 .build/obj_Dactylv2_rev2_Noah/keyboards/Dactylv2/rev2/rev2.o
 .debug_aranges
                0x0000000000000178       0x40 .build/obj_Dactylv2_rev2_Noah/keyboards/Dactylv2/keymaps/Noah/keymap.o
 .debug_aranges
                0x00000000000001b8      0x110 .build/obj_Dactylv2_rev2_Noah/quantum/quantum.o
 .debug_aranges
                0x00000000000002c8       0x48 .build/obj_Dactylv2_rev2_Noah/quantum/keymap_common.o
 .debug_aranges
                0x0000000000000310       0x28 .build/obj_Dactylv2_rev2_Noah/quantum/keycode_config.o
 .debug_aranges
                0x0000000000000338       0x28 .build/obj_Dactylv2_rev2_Noah/quantum/process_keycode/process_leader.o
 .debug_aranges
                0x0000000000000360       0x78 .build/obj_Dactylv2_rev2_Noah/quantum/process_keycode/process_tap_dance.o
 .debug_aranges
                0x00000000000003d8       0x60 .build/obj_Dactylv2_rev2_Noah/common/host.o
 .debug_aranges
                0x0000000000000438       0x48 .build/obj_Dactylv2_rev2_Noah/common/keyboard.o
 .debug_aranges
                0x0000000000000480       0x98 .build/obj_Dactylv2_rev2_Noah/common/action.o
 .debug_aranges
                0x0000000000000518       0x48 .build/obj_Dactylv2_rev2_Noah/common/action_tapping.o
 .debug_aranges
                0x0000000000000560       0x20 .build/obj_Dactylv2_rev2_Noah/common/action_macro.o
 .debug_aranges
                0x0000000000000580       0xd8 .build/obj_Dactylv2_rev2_Noah/common/action_layer.o
 .debug_aranges
                0x0000000000000658      0x120 .build/obj_Dactylv2_rev2_Noah/common/action_util.o
 .debug_aranges
                0x0000000000000778       0x18 .build/obj_Dactylv2_rev2_Noah/common/debug.o
 .debug_aranges
                0x0000000000000790       0x68 .build/obj_Dactylv2_rev2_Noah/common/eeconfig.o
 .debug_aranges
                0x00000000000007f8       0x50 .build/obj_Dactylv2_rev2_Noah/common/report.o
 .debug_aranges
                0x0000000000000848       0x48 .build/obj_Dactylv2_rev2_Noah/common/avr/suspend.o
 .debug_aranges
                0x0000000000000890       0x50 .build/obj_Dactylv2_rev2_Noah/common/avr/timer.o
 .debug_aranges
                0x00000000000008e0       0x28 .build/obj_Dactylv2_rev2_Noah/common/avr/bootloader.o
 .debug_aranges
                0x0000000000000908       0x20 .build/obj_Dactylv2_rev2_Noah/common/magic.o
 .debug_aranges
                0x0000000000000928       0x50 .build/obj_Dactylv2_rev2_Noah/common/mousekey.o
 .debug_aranges
                0x0000000000000978       0x58 .build/obj_Dactylv2_rev2_Noah/common/command.o
 .debug_aranges
                0x00000000000009d0       0x90 .build/obj_Dactylv2_rev2_Noah/lufa.o
 .debug_aranges
                0x0000000000000a60       0x20 .build/obj_Dactylv2_rev2_Noah/usb_descriptor.o
 .debug_aranges
                0x0000000000000a80       0x38 .build/obj_Dactylv2_rev2_Noah/outputselect.o
 .debug_aranges
                0x0000000000000ab8       0x20 .build/obj_Dactylv2_rev2_Noah/./lib/lufa/LUFA/Drivers/USB/Core/AVR8/Device_AVR8.o
 .debug_aranges
                0x0000000000000ad8       0xc8 .build/obj_Dactylv2_rev2_Noah/./lib/lufa/LUFA/Drivers/USB/Core/AVR8/EndpointStream_AVR8.o
 .debug_aranges
                0x0000000000000ba0       0x40 .build/obj_Dactylv2_rev2_Noah/./lib/lufa/LUFA/Drivers/USB/Core/AVR8/Endpoint_AVR8.o
 .debug_aranges
                0x0000000000000be0       0x30 .build/obj_Dactylv2_rev2_Noah/./lib/lufa/LUFA/Drivers/USB/Core/AVR8/USBController_AVR8.o
 .debug_aranges
                0x0000000000000c10       0x38 .build/obj_Dactylv2_rev2_Noah/./lib/lufa/LUFA/Drivers/USB/Core/AVR8/USBInterrupt_AVR8.o
 .debug_aranges
                0x0000000000000c48       0x20 .build/obj_Dactylv2_rev2_Noah/./lib/lufa/LUFA/Drivers/USB/Core/DeviceStandardReq.o
 .debug_aranges
                0x0000000000000c68       0x30 .build/obj_Dactylv2_rev2_Noah/./lib/lufa/LUFA/Drivers/USB/Core/Events.o
 .debug_aranges
                0x0000000000000c98       0x20 .build/obj_Dactylv2_rev2_Noah/./lib/lufa/LUFA/Drivers/USB/Core/USBTask.o

.debug_pubnames
 *(.debug_pubnames)

.debug_info     0x0000000000000000    0x1525c
 *(.debug_info .gnu.linkonce.wi.*)
 .debug_info    0x0000000000000000      0x9f4 /usr/lib/gcc/avr/5.4.0/../../../avr/lib/avr5/crtatmega32u4.o
 .debug_info    0x00000000000009f4      0x983 .build/obj_Dactylv2_rev2_Noah/matrix.o
 .debug_info    0x0000000000001377      0x24b .build/obj_Dactylv2_rev2_Noah/split_util.o
 .debug_info    0x00000000000015c2      0x724 .build/obj_Dactylv2_rev2_Noah/serial.o
 .debug_info    0x0000000000001ce6      0x169 .build/obj_Dactylv2_rev2_Noah/keyboards/Dactylv2/rev2/rev2.o
 .debug_info    0x0000000000001e4f     0x14ec .build/obj_Dactylv2_rev2_Noah/keyboards/Dactylv2/keymaps/Noah/keymap.o
 .debug_info    0x000000000000333b     0x2300 .build/obj_Dactylv2_rev2_Noah/quantum/quantum.o
 .debug_info    0x000000000000563b     0x1724 .build/obj_Dactylv2_rev2_Noah/quantum/keymap_common.o
 .debug_info    0x0000000000006d5f      0x5fd .build/obj_Dactylv2_rev2_Noah/quantum/keycode_config.o
 .debug_info    0x000000000000735c      0xb42 .build/obj_Dactylv2_rev2_Noah/quantum/process_keycode/process_leader.o
 .debug_info    0x0000000000007e9e     0x1282 .build/obj_Dactylv2_rev2_Noah/quantum/process_keycode/process_tap_dance.o
 .debug_info    0x0000000000009120      0x450 .build/obj_Dactylv2_rev2_Noah/common/host.o
 .debug_info    0x0000000000009570      0x436 .build/obj_Dactylv2_rev2_Noah/common/keyboard.o
 .debug_info    0x00000000000099a6     0x1bc5 .build/obj_Dactylv2_rev2_Noah/common/action.o
 .debug_info    0x000000000000b56b      0xea6 .build/obj_Dactylv2_rev2_Noah/common/action_tapping.o
 .debug_info    0x000000000000c411      0x7fd .build/obj_Dactylv2_rev2_Noah/common/action_macro.o
 .debug_info    0x000000000000cc0e      0xb35 .build/obj_Dactylv2_rev2_Noah/common/action_layer.o
 .debug_info    0x000000000000d743      0x6eb .build/obj_Dactylv2_rev2_Noah/common/action_util.o
 .debug_info    0x000000000000de2e       0xfc .build/obj_Dactylv2_rev2_Noah/common/debug.o
 .debug_info    0x000000000000df2a      0x37b .build/obj_Dactylv2_rev2_Noah/common/eeconfig.o
 .debug_info    0x000000000000e2a5      0x311 .build/obj_Dactylv2_rev2_Noah/common/report.o
 .debug_info    0x000000000000e5b6      0x2cd .build/obj_Dactylv2_rev2_Noah/common/avr/suspend.o
 .debug_info    0x000000000000e883      0x3a2 .build/obj_Dactylv2_rev2_Noah/common/avr/timer.o
 .debug_info    0x000000000000ec25      0x197 .build/obj_Dactylv2_rev2_Noah/common/avr/bootloader.o
 .debug_info    0x000000000000edbc      0x296 .build/obj_Dactylv2_rev2_Noah/common/magic.o
 .debug_info    0x000000000000f052      0x5e9 .build/obj_Dactylv2_rev2_Noah/common/mousekey.o
 .debug_info    0x000000000000f63b      0x987 .build/obj_Dactylv2_rev2_Noah/common/command.o
 .debug_info    0x000000000000ffc2     0x1017 .build/obj_Dactylv2_rev2_Noah/lufa.o
 .debug_info    0x0000000000010fd9      0x7b0 .build/obj_Dactylv2_rev2_Noah/usb_descriptor.o
 .debug_info    0x0000000000011789      0x1af .build/obj_Dactylv2_rev2_Noah/outputselect.o
 .debug_info    0x0000000000011938       0xd2 .build/obj_Dactylv2_rev2_Noah/./lib/lufa/LUFA/Drivers/USB/Core/AVR8/Device_AVR8.o
 .debug_info    0x0000000000011a0a     0x17c8 .build/obj_Dactylv2_rev2_Noah/./lib/lufa/LUFA/Drivers/USB/Core/AVR8/EndpointStream_AVR8.o
 .debug_info    0x00000000000131d2      0x620 .build/obj_Dactylv2_rev2_Noah/./lib/lufa/LUFA/Drivers/USB/Core/AVR8/Endpoint_AVR8.o
 .debug_info    0x00000000000137f2      0x4e7 .build/obj_Dactylv2_rev2_Noah/./lib/lufa/LUFA/Drivers/USB/Core/AVR8/USBController_AVR8.o
 .debug_info    0x0000000000013cd9      0x7e7 .build/obj_Dactylv2_rev2_Noah/./lib/lufa/LUFA/Drivers/USB/Core/AVR8/USBInterrupt_AVR8.o
 .debug_info    0x00000000000144c0      0xa4c .build/obj_Dactylv2_rev2_Noah/./lib/lufa/LUFA/Drivers/USB/Core/DeviceStandardReq.o
 .debug_info    0x0000000000014f0c       0xde .build/obj_Dactylv2_rev2_Noah/./lib/lufa/LUFA/Drivers/USB/Core/Events.o
 .debug_info    0x0000000000014fea      0x272 .build/obj_Dactylv2_rev2_Noah/./lib/lufa/LUFA/Drivers/USB/Core/USBTask.o

.debug_abbrev   0x0000000000000000     0x4f67
 *(.debug_abbrev)
 .debug_abbrev  0x0000000000000000      0x96a /usr/lib/gcc/avr/5.4.0/../../../avr/lib/avr5/crtatmega32u4.o
 .debug_abbrev  0x000000000000096a      0x3a1 .build/obj_Dactylv2_rev2_Noah/matrix.o
 .debug_abbrev  0x0000000000000d0b      0x147 .build/obj_Dactylv2_rev2_Noah/split_util.o
 .debug_abbrev  0x0000000000000e52      0x22c .build/obj_Dactylv2_rev2_Noah/serial.o
 .debug_abbrev  0x000000000000107e      0x115 .build/obj_Dactylv2_rev2_Noah/keyboards/Dactylv2/rev2/rev2.o
 .debug_abbrev  0x0000000000001193      0x26c .build/obj_Dactylv2_rev2_Noah/keyboards/Dactylv2/keymaps/Noah/keymap.o
 .debug_abbrev  0x00000000000013ff      0x42b .build/obj_Dactylv2_rev2_Noah/quantum/quantum.o
 .debug_abbrev  0x000000000000182a      0x26c .build/obj_Dactylv2_rev2_Noah/quantum/keymap_common.o
 .debug_abbrev  0x0000000000001a96       0xe1 .build/obj_Dactylv2_rev2_Noah/quantum/keycode_config.o
 .debug_abbrev  0x0000000000001b77      0x16c .build/obj_Dactylv2_rev2_Noah/quantum/process_keycode/process_leader.o
 .debug_abbrev  0x0000000000001ce3      0x2b5 .build/obj_Dactylv2_rev2_Noah/quantum/process_keycode/process_tap_dance.o
 .debug_abbrev  0x0000000000001f98      0x16f .build/obj_Dactylv2_rev2_Noah/common/host.o
 .debug_abbrev  0x0000000000002107      0x20f .build/obj_Dactylv2_rev2_Noah/common/keyboard.o
 .debug_abbrev  0x0000000000002316      0x37a .build/obj_Dactylv2_rev2_Noah/common/action.o
 .debug_abbrev  0x0000000000002690      0x2d5 .build/obj_Dactylv2_rev2_Noah/common/action_tapping.o
 .debug_abbrev  0x0000000000002965      0x1aa .build/obj_Dactylv2_rev2_Noah/common/action_macro.o
 .debug_abbrev  0x0000000000002b0f      0x289 .build/obj_Dactylv2_rev2_Noah/common/action_layer.o
 .debug_abbrev  0x0000000000002d98      0x20f .build/obj_Dactylv2_rev2_Noah/common/action_util.o
 .debug_abbrev  0x0000000000002fa7       0x87 .build/obj_Dactylv2_rev2_Noah/common/debug.o
 .debug_abbrev  0x000000000000302e       0xc2 .build/obj_Dactylv2_rev2_Noah/common/eeconfig.o
 .debug_abbrev  0x00000000000030f0      0x14d .build/obj_Dactylv2_rev2_Noah/common/report.o
 .debug_abbrev  0x000000000000323d      0x1ce .build/obj_Dactylv2_rev2_Noah/common/avr/suspend.o
 .debug_abbrev  0x000000000000340b      0x175 .build/obj_Dactylv2_rev2_Noah/common/avr/timer.o
 .debug_abbrev  0x0000000000003580      0x12d .build/obj_Dactylv2_rev2_Noah/common/avr/bootloader.o
 .debug_abbrev  0x00000000000036ad       0xf2 .build/obj_Dactylv2_rev2_Noah/common/magic.o
 .debug_abbrev  0x000000000000379f      0x1cf .build/obj_Dactylv2_rev2_Noah/common/mousekey.o
 .debug_abbrev  0x000000000000396e      0x2dd .build/obj_Dactylv2_rev2_Noah/common/command.o
 .debug_abbrev  0x0000000000003c4b      0x39b .build/obj_Dactylv2_rev2_Noah/lufa.o
 .debug_abbrev  0x0000000000003fe6      0x184 .build/obj_Dactylv2_rev2_Noah/usb_descriptor.o
 .debug_abbrev  0x000000000000416a      0x129 .build/obj_Dactylv2_rev2_Noah/outputselect.o
 .debug_abbrev  0x0000000000004293       0x80 .build/obj_Dactylv2_rev2_Noah/./lib/lufa/LUFA/Drivers/USB/Core/AVR8/Device_AVR8.o
 .debug_abbrev  0x0000000000004313      0x1ea .build/obj_Dactylv2_rev2_Noah/./lib/lufa/LUFA/Drivers/USB/Core/AVR8/EndpointStream_AVR8.o
 .debug_abbrev  0x00000000000044fd      0x226 .build/obj_Dactylv2_rev2_Noah/./lib/lufa/LUFA/Drivers/USB/Core/AVR8/Endpoint_AVR8.o
 .debug_abbrev  0x0000000000004723      0x191 .build/obj_Dactylv2_rev2_Noah/./lib/lufa/LUFA/Drivers/USB/Core/AVR8/USBController_AVR8.o
 .debug_abbrev  0x00000000000048b4      0x213 .build/obj_Dactylv2_rev2_Noah/./lib/lufa/LUFA/Drivers/USB/Core/AVR8/USBInterrupt_AVR8.o
 .debug_abbrev  0x0000000000004ac7      0x29c .build/obj_Dactylv2_rev2_Noah/./lib/lufa/LUFA/Drivers/USB/Core/DeviceStandardReq.o
 .debug_abbrev  0x0000000000004d63       0x99 .build/obj_Dactylv2_rev2_Noah/./lib/lufa/LUFA/Drivers/USB/Core/Events.o
 .debug_abbrev  0x0000000000004dfc      0x16b .build/obj_Dactylv2_rev2_Noah/./lib/lufa/LUFA/Drivers/USB/Core/USBTask.o

.debug_line     0x0000000000000000     0x87b5
 *(.debug_line .debug_line.* .debug_line_end)
 .debug_line    0x0000000000000000       0x1a /usr/lib/gcc/avr/5.4.0/../../../avr/lib/avr5/crtatmega32u4.o
 .debug_line    0x000000000000001a      0x48d .build/obj_Dactylv2_rev2_Noah/matrix.o
 .debug_line    0x00000000000004a7      0x168 .build/obj_Dactylv2_rev2_Noah/split_util.o
 .debug_line    0x000000000000060f      0x3a7 .build/obj_Dactylv2_rev2_Noah/serial.o
 .debug_line    0x00000000000009b6       0xe6 .build/obj_Dactylv2_rev2_Noah/keyboards/Dactylv2/rev2/rev2.o
 .debug_line    0x0000000000000a9c      0x54c .build/obj_Dactylv2_rev2_Noah/keyboards/Dactylv2/keymaps/Noah/keymap.o
 .debug_line    0x0000000000000fe8      0xa56 .build/obj_Dactylv2_rev2_Noah/quantum/quantum.o
 .debug_line    0x0000000000001a3e      0x39c .build/obj_Dactylv2_rev2_Noah/quantum/keymap_common.o
 .debug_line    0x0000000000001dda      0x1c4 .build/obj_Dactylv2_rev2_Noah/quantum/keycode_config.o
 .debug_line    0x0000000000001f9e      0x17d .build/obj_Dactylv2_rev2_Noah/quantum/process_keycode/process_leader.o
 .debug_line    0x000000000000211b      0x43a .build/obj_Dactylv2_rev2_Noah/quantum/process_keycode/process_tap_dance.o
 .debug_line    0x0000000000002555      0x185 .build/obj_Dactylv2_rev2_Noah/common/host.o
 .debug_line    0x00000000000026da      0x1f3 .build/obj_Dactylv2_rev2_Noah/common/keyboard.o
 .debug_line    0x00000000000028cd      0x992 .build/obj_Dactylv2_rev2_Noah/common/action.o
 .debug_line    0x000000000000325f      0x575 .build/obj_Dactylv2_rev2_Noah/common/action_tapping.o
 .debug_line    0x00000000000037d4      0x182 .build/obj_Dactylv2_rev2_Noah/common/action_macro.o
 .debug_line    0x0000000000003956      0x406 .build/obj_Dactylv2_rev2_Noah/common/action_layer.o
 .debug_line    0x0000000000003d5c      0x423 .build/obj_Dactylv2_rev2_Noah/common/action_util.o
 .debug_line    0x000000000000417f       0x63 .build/obj_Dactylv2_rev2_Noah/common/debug.o
 .debug_line    0x00000000000041e2      0x17f .build/obj_Dactylv2_rev2_Noah/common/eeconfig.o
 .debug_line    0x0000000000004361      0x186 .build/obj_Dactylv2_rev2_Noah/common/report.o
 .debug_line    0x00000000000044e7      0x24b .build/obj_Dactylv2_rev2_Noah/common/avr/suspend.o
 .debug_line    0x0000000000004732      0x22c .build/obj_Dactylv2_rev2_Noah/common/avr/timer.o
 .debug_line    0x000000000000495e      0x119 .build/obj_Dactylv2_rev2_Noah/common/avr/bootloader.o
 .debug_line    0x0000000000004a77       0xd5 .build/obj_Dactylv2_rev2_Noah/common/magic.o
 .debug_line    0x0000000000004b4c      0x5a6 .build/obj_Dactylv2_rev2_Noah/common/mousekey.o
 .debug_line    0x00000000000050f2      0x444 .build/obj_Dactylv2_rev2_Noah/common/command.o
 .debug_line    0x0000000000005536      0x7c1 .build/obj_Dactylv2_rev2_Noah/lufa.o
 .debug_line    0x0000000000005cf7      0x1ca .build/obj_Dactylv2_rev2_Noah/usb_descriptor.o
 .debug_line    0x0000000000005ec1      0x15e .build/obj_Dactylv2_rev2_Noah/outputselect.o
 .debug_line    0x000000000000601f      0x10a .build/obj_Dactylv2_rev2_Noah/./lib/lufa/LUFA/Drivers/USB/Core/AVR8/Device_AVR8.o
 .debug_line    0x0000000000006129     0x13d7 .build/obj_Dactylv2_rev2_Noah/./lib/lufa/LUFA/Drivers/USB/Core/AVR8/EndpointStream_AVR8.o
 .debug_line    0x0000000000007500      0x475 .build/obj_Dactylv2_rev2_Noah/./lib/lufa/LUFA/Drivers/USB/Core/AVR8/Endpoint_AVR8.o
 .debug_line    0x0000000000007975      0x2da .build/obj_Dactylv2_rev2_Noah/./lib/lufa/LUFA/Drivers/USB/Core/AVR8/USBController_AVR8.o